c[?7l[2J[0mSeaBIOS (version 1.16.3-debian-1.16.3-2)


iPXE (https://ipxe.org) 00:03.0 CA00 PCI2.10 PnP PMM+BEFCAE40+BEF0AE40 CA00
Press Ctrl-B to configure iPXE (PCI 00:03.0)...                                                                               


Booting from Hard Disk...

SYSLINUX 6.04 EDD 6.04-pre1 Copyright (C) 1994-2015 H. Peter Anvin et a
SYSLINUX 6.04 6.04-pre1 Copyright (C) 1994-2015 H. Peter Anvin et al
l
[2Je%@)0(B[0;37;40m[?25l[2J[23;16HAlpine will be booted automatically in [0;1m1[0m seconds[23;16H[0;37;40mAlpine will be booted automatically in [0;1;37;40m1[0;37;40m seconds..[23;16H                                                 [23;16H[0;37;40m                                                  [?25h[24;1H[0m 
Loading vmlinuz-virt...Loading vmlinuz-virt...  ook
k
Loading initramfs-virt..Loading initramfs-virt....ookk

c[?7l[2J[    0.000000] Linux version 6.6.4-1-virt (buildozer@build-3-19-x86_64) (gcc (Alpine 13.2.1_git20231014) 13.2.1 20231014, GNU ld (GNU Binutils) 2.41) #2-Alpine SMP PREEMPT_DYNAMIC Tue, 05 Dec 2023 20:25:50 +0000
[    0.000000] Command line: BOOT_IMAGE=vmlinuz-virt root=LABEL=/ modules=sd-mod,usb-storage,ext4 console=ttyS0,115200n8 initrd=initramfs-virt
[    0.000000] BIOS-provided physical RAM map:
[    0.000000] BIOS-e820: [mem 0x0000000000000000-0x000000000009fbff] usable
[    0.000000] BIOS-e820: [mem 0x000000000009fc00-0x000000000009ffff] reserved
[    0.000000] BIOS-e820: [mem 0x00000000000f0000-0x00000000000fffff] reserved
[    0.000000] BIOS-e820: [mem 0x0000000000100000-0x00000000bffd9fff] usable
[    0.000000] BIOS-e820: [mem 0x00000000bffda000-0x00000000bfffffff] reserved
[    0.000000] BIOS-e820: [mem 0x00000000feffc000-0x00000000feffffff] reserved
[    0.000000] BIOS-e820: [mem 0x00000000fffc0000-0x00000000ffffffff] reserved
[    0.000000] BIOS-e820: [mem 0x0000000100000000-0x000000013fffffff] usable
[    0.000000] NX (Execute Disable) protection: active
[    0.000000] APIC: Static calls initialized
[    0.000000] SMBIOS 3.0.0 present.
[    0.000000] DMI: QEMU Ubuntu 24.04 PC v2 (i440FX + PIIX, arch_caps fix, 1996), BIOS 1.16.3-debian-1.16.3-2 04/01/2014
[    0.000000] Hypervisor detected: KVM
[    0.000000] kvm-clock: Using msrs 4b564d01 and 4b564d00
[    0.000000] kvm-clock: using sched offset of 1353808765 cycles
[    0.000001] clocksource: kvm-clock: mask: 0xffffffffffffffff max_cycles: 0x1cd42e4dffb, max_idle_ns: 881590591483 ns
[    0.000003] tsc: Detected 2200.000 MHz processor
[    0.000399] last_pfn = 0x140000 max_arch_pfn = 0x400000000
[    0.000427] MTRR map: 4 entries (3 fixed + 1 variable; max 19), built from 8 variable MTRRs
[    0.000430] x86/PAT: Configuration [0-7]: WB  WC  UC- UC  WB  WP  UC- WT  
[    0.000466] last_pfn = 0xbffda max_arch_pfn = 0x400000000
[    0.000561] RAMDISK: [mem 0x7f71e000-0x7fffffff]
[    0.000562] ACPI: Early table checksum verification disabled
[    0.000564] ACPI: RSDP 0x00000000000F5250 000014 (v00 BOCHS )
[    0.000567] ACPI: RSDT 0x00000000BFFE1CBF 000034 (v01 BOCHS  BXPC     00000001 BXPC 00000001)
[    0.000570] ACPI: FACP 0x00000000BFFE1B6B 000074 (v01 BOCHS  BXPC     00000001 BXPC 00000001)
[    0.000576] ACPI: DSDT 0x00000000BFFE0040 001B2B (v01 BOCHS  BXPC     00000001 BXPC 00000001)
[    0.000579] ACPI: FACS 0x00000000BFFE0000 000040
[    0.000581] ACPI: APIC 0x00000000BFFE1BDF 000080 (v03 BOCHS  BXPC     00000001 BXPC 00000001)
[    0.000583] ACPI: HPET 0x00000000BFFE1C5F 000038 (v01 BOCHS  BXPC     00000001 BXPC 00000001)
[    0.000585] ACPI: WAET 0x00000000BFFE1C97 000028 (v01 BOCHS  BXPC     00000001 BXPC 00000001)
[    0.000587] ACPI: Reserving FACP table memory at [mem 0xbffe1b6b-0xbffe1bde]
[    0.000588] ACPI: Reserving DSDT table memory at [mem 0xbffe0040-0xbffe1b6a]
[    0.000588] ACPI: Reserving FACS table memory at [mem 0xbffe0000-0xbffe003f]
[    0.000589] ACPI: Reserving APIC table memory at [mem 0xbffe1bdf-0xbffe1c5e]
[    0.000589] ACPI: Reserving HPET table memory at [mem 0xbffe1c5f-0xbffe1c96]
[    0.000590] ACPI: Reserving WAET table memory at [mem 0xbffe1c97-0xbffe1cbe]
[    0.000634] Zone ranges:
[    0.000635]   DMA      [mem 0x0000000000001000-0x0000000000ffffff]
[    0.000636]   DMA32    [mem 0x0000000001000000-0x00000000ffffffff]
[    0.000637]   Normal   [mem 0x0000000100000000-0x000000013fffffff]
[    0.000638] Movable zone start for each node
[    0.000638] Early memory node ranges
[    0.000639]   node   0: [mem 0x0000000000001000-0x000000000009efff]
[    0.000640]   node   0: [mem 0x0000000000100000-0x00000000bffd9fff]
[    0.000640]   node   0: [mem 0x0000000100000000-0x000000013fffffff]
[    0.000641] Initmem setup node 0 [mem 0x0000000000001000-0x000000013fffffff]
[    0.000651] On node 0, zone DMA: 1 pages in unavailable ranges
[    0.000796] On node 0, zone DMA: 97 pages in unavailable ranges
[    0.039414] On node 0, zone Normal: 38 pages in unavailable ranges
[    0.039698] ACPI: PM-Timer IO Port: 0x608
[    0.039707] ACPI: LAPIC_NMI (acpi_id[0xff] dfl dfl lint[0x1])
[    0.039731] IOAPIC[0]: apic_id 0, version 17, address 0xfec00000, GSI 0-23
[    0.039733] ACPI: INT_SRC_OVR (bus 0 bus_irq 0 global_irq 2 dfl dfl)
[    0.039734] ACPI: INT_SRC_OVR (bus 0 bus_irq 5 global_irq 5 high level)
[    0.039735] ACPI: INT_SRC_OVR (bus 0 bus_irq 9 global_irq 9 high level)
[    0.039736] ACPI: INT_SRC_OVR (bus 0 bus_irq 10 global_irq 10 high level)
[    0.039736] ACPI: INT_SRC_OVR (bus 0 bus_irq 11 global_irq 11 high level)
[    0.039739] ACPI: Using ACPI (MADT) for SMP configuration information
[    0.039740] ACPI: HPET id: 0x8086a201 base: 0xfed00000
[    0.039746] smpboot: Allowing 2 CPUs, 0 hotplug CPUs
[    0.039757] kvm-guest: APIC: eoi() replaced with kvm_guest_apic_eoi_write()
[    0.039767] [mem 0xc0000000-0xfeffbfff] available for PCI devices
[    0.039768] Booting paravirtualized kernel on KVM
[    0.039769] clocksource: refined-jiffies: mask: 0xffffffff max_cycles: 0xffffffff, max_idle_ns: 19112604462750000 ns
[    0.042664] setup_percpu: NR_CPUS:256 nr_cpumask_bits:2 nr_cpu_ids:2 nr_node_ids:1
[    0.043950] percpu: Embedded 57 pages/cpu s195048 r8192 d30232 u1048576
[    0.043972] kvm-guest: PV spinlocks disabled, no host support
[    0.043972] Kernel command line: BOOT_IMAGE=vmlinuz-virt root=LABEL=/ modules=sd-mod,usb-storage,ext4 console=ttyS0,115200n8 initrd=initramfs-virt
[    0.044003] Unknown kernel command line parameters "BOOT_IMAGE=vmlinuz-virt modules=sd-mod,usb-storage,ext4", will be passed to user space.
[    0.046311] Dentry cache hash table entries: 524288 (order: 10, 4194304 bytes, linear)
[    0.047462] Inode-cache hash table entries: 262144 (order: 9, 2097152 bytes, linear)
[    0.047512] Built 1 zonelists, mobility grouping on.  Total pages: 1031898
[    0.048939] mem auto-init: stack:all(zero), heap alloc:on, heap free:off
[    0.048941] software IO TLB: area num 2.
[    0.100228] Memory: 4012148K/4193760K available (12288K kernel code, 1744K rwdata, 8008K rodata, 2640K init, 2300K bss, 181352K reserved, 0K cma-reserved)
[    0.104032] SLUB: HWalign=64, Order=0-3, MinObjects=0, CPUs=2, Nodes=1
[    0.104099] Kernel/User page tables isolation: enabled
[    0.104814] Dynamic Preempt: none
[    0.104877] rcu: Preemptible hierarchical RCU implementation.
[    0.104877] rcu: 	RCU restricting CPUs from NR_CPUS=256 to nr_cpu_ids=2.
[    0.104878] 	Trampoline variant of Tasks RCU enabled.
[    0.104878] 	Tracing variant of Tasks RCU enabled.
[    0.104879] rcu: RCU calculated value of scheduler-enlistment delay is 10 jiffies.
[    0.104879] rcu: Adjusting geometry for rcu_fanout_leaf=16, nr_cpu_ids=2
[    0.106842] NR_IRQS: 16640, nr_irqs: 440, preallocated irqs: 16
[    0.107038] rcu: srcu_init: Setting srcu_struct sizes based on contention.
[    0.107144] kfence: initialized - using 2097152 bytes for 255 objects at 0x(____ptrval____)-0x(____ptrval____)
[    0.110277] Console: colour VGA+ 80x25
[    0.110302] printk: console [ttyS0] enabled
[    0.157735] ACPI: Core revision 20230628
[    0.158236] clocksource: hpet: mask: 0xffffffff max_cycles: 0xffffffff, max_idle_ns: 19112604467 ns
[    0.158989] APIC: Switch to symmetric I/O mode setup
[    0.159569] x2apic enabled
[    0.159985] APIC: Switched APIC routing to: physical x2apic
[    0.161189] ..TIMER: vector=0x30 apic1=0 pin1=2 apic2=-1 pin2=-1
[    0.161663] clocksource: tsc-early: mask: 0xffffffffffffffff max_cycles: 0x1fb633008a4, max_idle_ns: 440795292230 ns
[    0.162462] Calibrating delay loop (skipped) preset value.. 4400.00 BogoMIPS (lpj=22000000)
[    0.163174] Last level iTLB entries: 4KB 0, 2MB 0, 4MB 0
[    0.163577] Last level dTLB entries: 4KB 0, 2MB 0, 4MB 0, 1GB 0
[    0.164026] Spectre V1 : Mitigation: usercopy/swapgs barriers and __user pointer sanitization
[    0.164672] Spectre V2 : Mitigation: Retpolines
[    0.165017] Spectre V2 : Spectre v2 / SpectreRSB mitigation: Filling RSB on context switch
[    0.165646] Spectre V2 : Spectre v2 / SpectreRSB : Filling RSB on VMEXIT
[    0.166157] Speculative Store Bypass: Vulnerable
[    0.166509] MDS: Vulnerable: Clear CPU buffers attempted, no microcode
[    0.167003] MMIO Stale Data: Unknown: No mitigations
[    0.167384] x86/fpu: x87 FPU will use FXSAVE
[    0.180862] Freeing SMP alternatives memory: 32K
[    0.181229] pid_max: default: 32768 minimum: 301
[    0.181915] LSM: initializing lsm=capability,landlock,lockdown,integrity
[    0.183000] landlock: Up and running.
[    0.183421] Mount-cache hash table entries: 8192 (order: 4, 65536 bytes, linear)
[    0.184018] Mountpoint-cache hash table entries: 8192 (order: 4, 65536 bytes, linear)
[    0.305235] smpboot: CPU0: Intel QEMU Virtual CPU version 2.5+ (family: 0xf, model: 0x6b, stepping: 0x1)
[    0.306271] RCU Tasks: Setting shift to 1 and lim to 1 rcu_task_cb_adjust=1.
[    0.306862] RCU Tasks Trace: Setting shift to 1 and lim to 1 rcu_task_cb_adjust=1.
[    0.307503] Performance Events: unsupported Netburst CPU model 107 no PMU driver, software events only.
[    0.308282] signal: max sigframe size: 1440
[    0.308678] rcu: Hierarchical SRCU implementation.
[    0.309066] rcu: 	Max phase no-delay instances is 1000.
[    0.309684] NMI watchdog: Perf NMI watchdog permanently disabled
[    0.310209] smp: Bringing up secondary CPUs ...
[    0.310745] smpboot: x86: Booting SMP configuration:
[    0.311148] .... node  #0, CPUs:      #1
[    0.319408] smp: Brought up 1 node, 2 CPUs
[    0.322463] smpboot: Max logical packages: 1
[    0.322814] ----------------
[    0.323050] | NMI testsuite:
[    0.323286] --------------------
[    0.323553]   remote IPI:  ok  |
[    0.323850]    local IPI:  ok  |
[    0.324120] --------------------
[    0.324384] Good, all   2 testcases passed! |
[    0.324741] ---------------------------------
[    0.325094] smpboot: Total of 2 processors activated (8800.00 BogoMIPS)
[    0.326055] devtmpfs: initialized
[    0.326055] x86/mm: Memory block size: 128MB
[    0.326055] clocksource: jiffies: mask: 0xffffffff max_cycles: 0xffffffff, max_idle_ns: 19112604462750000 ns
[    0.326055] futex hash table entries: 512 (order: 3, 32768 bytes, linear)
[    0.326055] NET: Registered PF_NETLINK/PF_ROUTE protocol family
[    0.326272] audit: initializing netlink subsys (disabled)
[    0.326739] audit: type=2000 audit(1772762753.622:1): state=initialized audit_enabled=0 res=1
[    0.326739] thermal_sys: Registered thermal governor 'step_wise'
[    0.332470] cpuidle: using governor ladder
[    0.333294] cpuidle: using governor menu
[    0.333784] acpiphp: ACPI Hot Plug PCI Controller Driver version: 0.5
[    0.334570] PCI: Using configuration type 1 for base access
[    0.335104] kprobes: kprobe jump-optimization is enabled. All kprobes are optimized if possible.
[    0.338072] HugeTLB: registered 2.00 MiB page size, pre-allocated 0 pages
[    0.338072] HugeTLB: 28 KiB vmemmap can be freed for a 2.00 MiB page
[    0.342473] ACPI: Added _OSI(Module Device)
[    0.342846] ACPI: Added _OSI(Processor Device)
[    0.343232] ACPI: Added _OSI(3.0 _SCP Extensions)
[    0.343638] ACPI: Added _OSI(Processor Aggregator Device)
[    0.344401] ACPI: 1 ACPI AML tables successfully acquired and loaded
[    0.345469] ACPI: _OSC evaluation for CPUs failed, trying _PDC
[    0.345469] ACPI: Interpreter enabled
[    0.345469] ACPI: PM: (supports S0 S3 S5)
[    0.345469] ACPI: Using IOAPIC for interrupt routing
[    0.345469] PCI: Using host bridge windows from ACPI; if necessary, use "pci=nocrs" and report a bug
[    0.345469] PCI: Using E820 reservations for host bridge windows
[    0.345469] ACPI: Enabled 2 GPEs in block 00 to 0F
[    0.346615] ACPI: PCI Root Bridge [PCI0] (domain 0000 [bus 00-ff])
[    0.347091] acpi PNP0A03:00: _OSC: OS supports [ASPM ClockPM Segments MSI HPX-Type3]
[    0.347684] acpi PNP0A03:00: _OSC: not requesting OS control; OS requires [ExtendedConfig ASPM ClockPM MSI]
[    0.348427] acpi PNP0A03:00: fail to add MMCONFIG information, can't access extended configuration space under this bridge
[    0.352673] acpiphp: Slot [3] registered
[    0.352984] acpiphp: Slot [4] registered
[    0.353298] acpiphp: Slot [5] registered
[    0.353613] acpiphp: Slot [6] registered
[    0.353922] acpiphp: Slot [7] registered
[    0.354232] acpiphp: Slot [8] registered
[    0.354546] acpiphp: Slot [9] registered
[    0.354861] acpiphp: Slot [10] registered
[    0.355178] acpiphp: Slot [11] registered
[    0.355494] acpiphp: Slot [12] registered
[    0.355819] acpiphp: Slot [13] registered
[    0.356135] acpiphp: Slot [14] registered
[    0.356451] acpiphp: Slot [15] registered
[    0.356772] acpiphp: Slot [16] registered
[    0.357087] acpiphp: Slot [17] registered
[    0.357402] acpiphp: Slot [18] registered
[    0.357723] acpiphp: Slot [19] registered
[    0.358038] acpiphp: Slot [20] registered
[    0.358357] acpiphp: Slot [21] registered
[    0.358678] acpiphp: Slot [22] registered
[    0.358993] acpiphp: Slot [23] registered
[    0.359309] acpiphp: Slot [24] registered
[    0.359631] acpiphp: Slot [25] registered
[    0.359947] acpiphp: Slot [26] registered
[    0.360263] acpiphp: Slot [27] registered
[    0.360579] acpiphp: Slot [28] registered
[    0.360905] acpiphp: Slot [29] registered
[    0.361220] acpiphp: Slot [30] registered
[    0.361536] acpiphp: Slot [31] registered
[    0.361855] PCI host bridge to bus 0000:00
[    0.362169] pci_bus 0000:00: root bus resource [io  0x0000-0x0cf7 window]
[    0.362463] pci_bus 0000:00: root bus resource [io  0x0d00-0xffff window]
[    0.362978] pci_bus 0000:00: root bus resource [mem 0x000a0000-0x000bffff window]
[    0.363553] pci_bus 0000:00: root bus resource [mem 0xc0000000-0xfebfffff window]
[    0.364119] pci_bus 0000:00: root bus resource [mem 0x140000000-0x1bfffffff window]
[    0.364705] pci_bus 0000:00: root bus resource [bus 00-ff]
[    0.365150] pci 0000:00:00.0: [8086:1237] type 00 class 0x060000
[    0.365895] pci 0000:00:01.0: [8086:7000] type 00 class 0x060100
[    0.366717] pci 0000:00:01.1: [8086:7010] type 00 class 0x010180
[    0.368855] pci 0000:00:01.1: reg 0x20: [io  0xc160-0xc16f]
[    0.369988] pci 0000:00:01.1: legacy IDE quirk: reg 0x10: [io  0x01f0-0x01f7]
[    0.370540] pci 0000:00:01.1: legacy IDE quirk: reg 0x14: [io  0x03f6]
[    0.371037] pci 0000:00:01.1: legacy IDE quirk: reg 0x18: [io  0x0170-0x0177]
[    0.371584] pci 0000:00:01.1: legacy IDE quirk: reg 0x1c: [io  0x0376]
[    0.372550] pci 0000:00:01.3: [8086:7113] type 00 class 0x068000
[    0.373301] pci 0000:00:01.3: quirk: [io  0x0600-0x063f] claimed by PIIX4 ACPI
[    0.373860] pci 0000:00:01.3: quirk: [io  0x0700-0x070f] claimed by PIIX4 SMB
[    0.374536] pci 0000:00:02.0: [1234:1111] type 00 class 0x030000
[    0.381604] pci 0000:00:02.0: reg 0x10: [mem 0xfd000000-0xfdffffff pref]
[    0.383671] pci 0000:00:02.0: reg 0x18: [mem 0xfeb90000-0xfeb90fff]
[    0.387327] pci 0000:00:02.0: reg 0x30: [mem 0xfeb80000-0xfeb8ffff pref]
[    0.388027] pci 0000:00:02.0: Video device with shadowed ROM at [mem 0x000c0000-0x000dffff]
[    0.389151] pci 0000:00:03.0: [1af4:1000] type 00 class 0x020000
[    0.390652] pci 0000:00:03.0: reg 0x10: [io  0xc140-0xc15f]
[    0.392468] pci 0000:00:03.0: reg 0x14: [mem 0xfeb91000-0xfeb91fff]
[    0.397023] pci 0000:00:03.0: reg 0x20: [mem 0xfe000000-0xfe003fff 64bit pref]
[    0.398124] pci 0000:00:03.0: reg 0x30: [mem 0xfeb00000-0xfeb7ffff pref]
[    0.399337] pci 0000:00:04.0: [1af4:1009] type 00 class 0x000200
[    0.400400] pci 0000:00:04.0: reg 0x10: [io  0xc100-0xc13f]
[    0.401365] pci 0000:00:04.0: reg 0x14: [mem 0xfeb92000-0xfeb92fff]
[    0.404223] pci 0000:00:04.0: reg 0x20: [mem 0xfe004000-0xfe007fff 64bit pref]
[    0.409393] pci 0000:00:05.0: [1af4:1001] type 00 class 0x010000
[    0.410458] pci 0000:00:05.0: reg 0x10: [io  0xc000-0xc07f]
[    0.411428] pci 0000:00:05.0: reg 0x14: [mem 0xfeb93000-0xfeb93fff]
[    0.413571] pci 0000:00:05.0: reg 0x20: [mem 0xfe008000-0xfe00bfff 64bit pref]
[    0.415222] pci 0000:00:06.0: [1af4:1001] type 00 class 0x010000
[    0.416217] pci 0000:00:06.0: reg 0x10: [io  0xc080-0xc0ff]
[    0.417224] pci 0000:00:06.0: reg 0x14: [mem 0xfeb94000-0xfeb94fff]
[    0.420153] pci 0000:00:06.0: reg 0x20: [mem 0xfe00c000-0xfe00ffff 64bit pref]
[    0.424105] ACPI: PCI: Interrupt link LNKA configured for IRQ 10
[    0.424625] ACPI: PCI: Interrupt link LNKB configured for IRQ 10
[    0.425124] ACPI: PCI: Interrupt link LNKC configured for IRQ 11
[    0.425636] ACPI: PCI: Interrupt link LNKD configured for IRQ 11
[    0.426120] ACPI: PCI: Interrupt link LNKS configured for IRQ 9
[    0.426884] iommu: Default domain type: Translated
[    0.427259] iommu: DMA domain TLB invalidation policy: lazy mode
[    0.427948] SCSI subsystem initialized
[    0.428281] pps_core: LinuxPPS API ver. 1 registered
[    0.428281] pps_core: Software ver. 5.3.6 - Copyright 2005-2007 Rodolfo Giometti <giometti@linux.it>
[    0.428281] PTP clock support registered
[    0.432794] PCI: Using ACPI for IRQ routing
[    0.433241] hpet: 3 channels of 0 reserved for per-cpu timers
[    0.433497] clocksource: Switched to clocksource kvm-clock
[    0.434416] VFS: Disk quotas dquot_6.6.0
[    0.434754] VFS: Dquot-cache hash table entries: 512 (order 0, 4096 bytes)
[    0.435374] pnp: PnP ACPI init
[    0.435838] pnp: PnP ACPI: found 6 devices
[    0.441498] clocksource: acpi_pm: mask: 0xffffff max_cycles: 0xffffff, max_idle_ns: 2085701024 ns
[    0.441498] NET: Registered PF_INET protocol family
[    0.442188] IP idents hash table entries: 65536 (order: 7, 524288 bytes, linear)
[    0.443494] tcp_listen_portaddr_hash hash table entries: 2048 (order: 3, 32768 bytes, linear)
[    0.444292] Table-perturb hash table entries: 65536 (order: 6, 262144 bytes, linear)
[    0.445026] TCP established hash table entries: 32768 (order: 6, 262144 bytes, linear)
[    0.446231] TCP bind hash table entries: 32768 (order: 8, 1048576 bytes, linear)
[    0.446855] TCP: Hash tables configured (established 32768 bind 32768)
[    0.447497] UDP hash table entries: 2048 (order: 4, 65536 bytes, linear)
[    0.448052] UDP-Lite hash table entries: 2048 (order: 4, 65536 bytes, linear)
[    0.448651] NET: Registered PF_UNIX/PF_LOCAL protocol family
[    0.449115] NET: Registered PF_XDP protocol family
[    0.449495] pci_bus 0000:00: resource 4 [io  0x0000-0x0cf7 window]
[    0.449970] pci_bus 0000:00: resource 5 [io  0x0d00-0xffff window]
[    0.450440] pci_bus 0000:00: resource 6 [mem 0x000a0000-0x000bffff window]
[    0.450967] pci_bus 0000:00: resource 7 [mem 0xc0000000-0xfebfffff window]
[    0.451489] pci_bus 0000:00: resource 8 [mem 0x140000000-0x1bfffffff window]
[    0.452049] pci 0000:00:01.0: PIIX3: Enabling Passive Release
[    0.452497] pci 0000:00:00.0: Limiting direct PCI/PCI transfers
[    0.453005] PCI: CLS 0 bytes, default 64
[    0.453316] PCI-DMA: Using software bounce buffering for IO (SWIOTLB)
[    0.453814] software IO TLB: mapped [mem 0x00000000bbfda000-0x00000000bffda000] (64MB)
[    0.453938] Unpacking initramfs...
[    0.454447] clocksource: tsc: mask: 0xffffffffffffffff max_cycles: 0x1fb633008a4, max_idle_ns: 440795292230 ns
[    0.456218] Initialise system trusted keyrings
[    0.457045] workingset: timestamp_bits=46 max_order=20 bucket_order=0
[    0.457546] zbud: loaded
[    0.457846] Key type asymmetric registered
[    0.458163] Asymmetric key parser 'x509' registered
[    0.458569] Block layer SCSI generic (bsg) driver version 0.4 loaded (major 247)
[    0.459213] io scheduler mq-deadline registered
[    0.459561] io scheduler kyber registered
[    0.459908] io scheduler bfq registered
[    0.465614] ERST DBG: ERST support is disabled.
[    0.474200] ACPI: \_SB_.LNKC: Enabled at IRQ 11
[    0.483241] ACPI: \_SB_.LNKD: Enabled at IRQ 10
[    0.492254] ACPI: \_SB_.LNKA: Enabled at IRQ 10
[    0.501220] ACPI: \_SB_.LNKB: Enabled at IRQ 11
[    0.502102] Serial: 8250/16550 driver, 4 ports, IRQ sharing enabled
[    0.502802] 00:04: ttyS0 at I/O 0x3f8 (irq = 4, base_baud = 115200) is a 16550A
[    0.504188] VMware PVSCSI driver - version 1.0.7.0-k
[    0.506484] scsi host0: ata_piix
[    0.507348] scsi host1: ata_piix
[    0.507905] ata1: PATA max MWDMA2 cmd 0x1f0 ctl 0x3f6 bmdma 0xc160 irq 14
[    0.508837] ata2: PATA max MWDMA2 cmd 0x170 ctl 0x376 bmdma 0xc168 irq 15
[    0.509905] i8042: PNP: PS/2 Controller [PNP0303:KBD,PNP0f13:MOU] at 0x60,0x64 irq 1,12
[    0.512798] serio: i8042 KBD port at 0x60,0x64 irq 1
[    0.513486] serio: i8042 AUX port at 0x60,0x64 irq 12
[    0.514220] rtc_cmos 00:05: RTC can wake from S4
[    0.515699] rtc_cmos 00:05: registered as rtc0
[    0.515709] input: AT Translated Set 2 keyboard as /devices/platform/i8042/serio0/input/input0
[    0.516117] rtc_cmos 00:05: setting system clock to 2026-03-06T02:05:52 UTC (1772762752)
[    0.517953] rtc_cmos 00:05: alarms up to one day, y3k, 242 bytes nvram, hpet irqs
[    0.518530] intel_pstate: CPU model not supported
[    0.518982] gre: GRE over IPv4 demultiplexor driver
[    0.528445] Key type dns_resolver registered
[    0.528832] IPI shorthand broadcast: enabled
[    0.530029] sched_clock: Marking stable (480004048, 45418063)->(526799882, -1377771)
[    0.534618] registered taskstats version 1
[    0.535005] Loading compiled-in X.509 certificates
[    0.583896] Freeing initrd memory: 9096K
[    0.593039] Loaded X.509 cert 'alpinelinux.org: Alpine Linux kernel key: d76a695f66ad9cd28f5c22a8508f36e91f521f7a'
[    0.594800] Key type .fscrypt registered
[    0.595132] Key type fscrypt-provisioning registered
[    0.676417] ata2: found unknown device (class 0)
[    0.678593] ata2.00: ATAPI: QEMU DVD-ROM, 2.5+, max UDMA/100
[    0.680354] scsi 1:0:0:0: CD-ROM            QEMU     QEMU DVD-ROM     2.5+ PQ: 0 ANSI: 5
[    0.719861] Freeing unused kernel image (initmem) memory: 2640K
[    0.755687] Write protecting the kernel read-only data: 20480k
[    0.758182] Freeing unused kernel image (rodata/data gap) memory: 184K
[    0.759616] rodata_test: all tests were successful
[    0.760110] Run /init as init process
[    0.772315] Alpine Init 3.9.0-r0
Alpine Init 3.9.0-r0
[    0.773196] Loading boot drivers...
 * Loading boot drivers: [    0.802638] ACPI: bus type USB registered
[    0.803092] usbcore: registered new interface driver usbfs
[    0.803612] usbcore: registered new interface driver hub
[    0.804133] usbcore: registered new device driver usb
[    0.808581] usbcore: registered new interface driver usb-storage
[    0.985028] loop: module loaded
[    1.021161] ACPI: bus type drm_connector registered
[    1.049405] Loading boot drivers: ok.
ok.
[    1.052093] Mounting root...
 * Mounting root: [    1.068603] piix4_smbus 0000:00:01.3: SMBus Host Controller at 0x700, revision 0
[    1.082327] [drm] Found bochs VGA, ID 0xb0c5.
[    1.082583] [drm] Framebuffer size 16384 kB @ 0xfd000000, mmio @ 0xfeb90000.
[    1.083958] [drm] Found EDID data blob.
[    1.084265] [drm] Initialized bochs-drm 1.0.0 20130925 for 0000:00:02.0 on minor 0
[    1.093845] Console: switching to colour frame buffer device 160x50
[    1.094595] bochs-drm 0000:00:02.0: [drm] fb0: bochs-drmdrmfb frame buffer device
[    1.187729] sr 1:0:0:0: [sr0] scsi3-mmc drive: 4x/4x cd/rw xa/form2 tray
[    1.188618] cdrom: Uniform CD-ROM driver Revision: 3.20
[    1.273361] virtio_blk virtio2: 2/0/0 default/read/poll queues
[    1.275035] virtio_blk virtio2: [vda] 8388608 512-byte logical blocks (4.29 GB/4.00 GiB)
[    1.277286] virtio_blk virtio3: 2/0/0 default/read/poll queues
[    1.278834] virtio_blk virtio3: [vdb] 736 512-byte logical blocks (377 kB/368 KiB)
[    1.363127] block sr0: the capability attribute has been deprecated.
[    4.446176] EXT4-fs (vda): mounted filesystem 367ceb5a-a72a-4cc6-9140-e18812d3c81b ro with ordered data mode. Quota mode: none.
[    4.447159] Mounting root: ok.
ok.

   OpenRC 0.52.1 is starting up Linux 6.6.4-1-virt (x86_64)

 * /proc is already mounted
 * Mounting /run ... [ ok ]
 * /run/openrc: creating directory
 * /run/lock: creating directory
 * /run/lock: correcting owner
 * Caching service dependencies ... [ ok ]
 * Remounting devtmpfs on /dev ... [ ok ]
 * Mounting /dev/mqueue ... [ ok ]
 * Mounting security filesystem ... [ ok ]
 * Mounting debug filesystem ... [ ok ]
 * Mounting persistent storage (pstore) filesystem ... [ ok ]
 * Starting busybox mdev ... [ ok ]
 * Scanning hardware for mdev ... [ ok ]
 * Loading hardware drivers ... [ ok ]
 * Loading modules ... [ ok ]
 * Setting system clock using the hardware clock [UTC] ... [ ok ]
 * Checking local filesystems  .../: clean, 8762/65536 files, 137714/262144 blocks
 [ ok ]
 * Remounting root filesystem read/write ... [ ok ]
 * Remounting filesystems ... [ ok ]
 * Activating swap devices ... [ ok ]
 * Mounting local filesystems ... [ ok ]
 * Starting busybox acpid ... [ ok ]
 * Configuring kernel parameters ... [ ok ]
 * Creating user login records ... [ ok ]
 * Cleaning /tmp directory ... [ ok ]
Cloud-init v. 23.4 running 'init-local' at Fri, 06 Mar 2026 02:06:01 +0000. Up 9.29 seconds.
 [ ok ]
 * Setting hostname ... [ ok ]
 * Starting busybox syslog ... [ ok ]
 * Mounting cgroup filesystem ... [ ok ]
 * Starting networking ... *   lo ... [ ok ]
 *   eth0 ... [ ok ]
 * /var/log/docker.log: creating file
 * /var/log/docker.log: correcting owner
 * Starting Docker Daemon ... [ ok ]
 * Starting benchmark agent ...
[1A[2Ka257f20c716c: Loading layer  327.7kB/29.78MB[1B[1A[2Ka257f20c716c: Loading layer  2.949MB/29.78MB[1B[1A[2Ka257f20c716c: Loading layer  5.243MB/29.78MB[1B[1A[2Ka257f20c716c: Loading layer  7.537MB/29.78MB[1B[1A[2Ka257f20c716c: Loading layer   9.83MB/29.78MB[1B[1A[2Ka257f20c716c: Loading layer  12.12MB/29.78MB[1B[1A[2Ka257f20c716c: Loading layer  14.75MB/29.78MB[1B[1A[2Ka257f20c716c: Loading layer  17.04MB/29.78MB[1B[1A[2Ka257f20c716c: Loading layer  19.33MB/29.78MB[1B[1A[2Ka257f20c716c: Loading layer  21.95MB/29.78MB[1B[1A[2Ka257f20c716c: Loading layer  24.25MB/29.78MB[1B[1A[2Ka257f20c716c: Loading layer  26.21MB/29.78MB[1B[1A[2Ka257f20c716c: Loading layer  28.51MB/29.78MB[1B[1A[2Ka257f20c716c: Loading layer  28.84MB/29.78MB[1B[1A[2Ka257f20c716c: Loading layer  29.78MB/29.78MB[1B
[1A[2Kb0c20bcd44fe: Loading layer  32.77kB/1.293MB[1B[1A[2Kb0c20bcd44fe: Loading layer  1.293MB/1.293MB[1B[1A[2Kb0c20bcd44fe: Loading layer  1.293MB/1.293MB[1B
[1A[2K5184c31ad48f: Loading layer  163.8kB/14.37MB[1B[1A[2K5184c31ad48f: Loading layer  2.621MB/14.37MB[1B[1A[2K5184c31ad48f: Loading layer  4.915MB/14.37MB[1B[1A[2K5184c31ad48f: Loading layer   8.52MB/14.37MB[1B[1A[2K5184c31ad48f: Loading layer  10.49MB/14.37MB[1B[1A[2K5184c31ad48f: Loading layer  11.96MB/14.37MB[1B[1A[2K5184c31ad48f: Loading layer  12.94MB/14.37MB[1B[1A[2K5184c31ad48f: Loading layer  14.37MB/14.37MB[1B
[1A[2Kfa1d322086e6: Loading layer     250B/250B[1B[1A[2Kfa1d322086e6: Loading layer     250B/250B[1B
[1A[2Ke26a999c9556: Loading layer  3.313kB/3.313kB[1B[1A[2Ke26a999c9556: Loading layer  3.313kB/3.313kB[1B
[1A[2Kce0f827f6dcb: Loading layer  2.501kB/2.501kB[1B[1A[2Kce0f827f6dcb: Loading layer  2.501kB/2.501kB[1BLoaded image: bench-worker:latest
 [ ok ]
 * Starting chronyd ... [ ok ]
 * Starting cloud-init-hotplugd ... [ ok ]
Cloud-init v. 23.4 running 'init' at Fri, 06 Mar 2026 02:06:18 +0000. Up 25.92 seconds.
ci-info: +++++++++++++++++++++++++++++++++++++++Net device info+++++++++++++++++++++++++++++++++++++++
ci-info: +---------+-------+----------------------------+---------------+--------+-------------------+
ci-info: |  Device |   Up  |          Address           |      Mask     | Scope  |     Hw-Address    |
ci-info: +---------+-------+----------------------------+---------------+--------+-------------------+
ci-info: | docker0 | False |         172.17.0.1         |  255.255.0.0  | global | 02:42:3a:28:a3:bd |
ci-info: |   eth0  |  True |         10.0.2.15          | 255.255.255.0 | global | 52:54:00:12:34:56 |
ci-info: |   eth0  |  True | fec0::5054:ff:fe12:3456/64 |       .       |  site  | 52:54:00:12:34:56 |
ci-info: |   eth0  |  True | fe80::5054:ff:fe12:3456/64 |       .       |  link  | 52:54:00:12:34:56 |
ci-info: |    lo   |  True |         127.0.0.1          |   255.0.0.0   |  host  |         .         |
ci-info: |    lo   |  True |          ::1/128           |       .       |  host  |         .         |
ci-info: +---------+-------+----------------------------+---------------+--------+-------------------+
ci-info: +++++++++++++++++++++++++++Route IPv4 info++++++++++++++++++++++++++++
ci-info: +-------+-------------+----------+---------------+-----------+-------+
ci-info: | Route | Destination | Gateway  |    Genmask    | Interface | Flags |
ci-info: +-------+-------------+----------+---------------+-----------+-------+
ci-info: |   0   |   0.0.0.0   | 10.0.2.2 |    0.0.0.0    |    eth0   |   UG  |
ci-info: |   1   |   10.0.2.0  | 0.0.0.0  | 255.255.255.0 |    eth0   |   U   |
ci-info: |   2   |  172.17.0.0 | 0.0.0.0  |  255.255.0.0  |  docker0  |   U   |
ci-info: +-------+-------------+----------+---------------+-----------+-------+
ci-info: +++++++++++++++++++Route IPv6 info+++++++++++++++++++
ci-info: +-------+-------------+---------+-----------+-------+
ci-info: | Route | Destination | Gateway | Interface | Flags |
ci-info: +-------+-------------+---------+-----------+-------+
ci-info: |   0   |  fe80::/64  |    ::   |    eth0   |   U   |
ci-info: |   1   |  fec0::/64  |    ::   |    eth0   |   Ue  |
ci-info: |   2   |     ::/0    | fe80::2 |    eth0   |  UGe  |
ci-info: |   4   |    local    |    ::   |    eth0   |   U   |
ci-info: |   5   |    local    |    ::   |    eth0   |   U   |
ci-info: |   6   |  multicast  |    ::   |    eth0   |   U   |
ci-info: +-------+-------------+---------+-----------+-------+
2026-03-06 02:06:18,164 - cloud_config.py[WARNING]: Failed at merging in cloud config part from part-001: empty cloud config
Generating public/private rsa key pair.
Your identification has been saved in /etc/ssh/ssh_host_rsa_key
Your public key has been saved in /etc/ssh/ssh_host_rsa_key.pub
The key fingerprint is:
SHA256:9fetmqufYJl4uHPZP+XTjaogZZ/GlQFl+L0KA98XDU0 root@agent-0
The key's randomart image is:
+---[RSA 3072]----+
|          .oo  oE|
|          .o  . .|
|          .... o |
|        .. ..oo .|
|        So .+ .o |
|       o =+=..o.o|
|      . + @= o +=|
|       ..*o.oooo+|
|        .oo+B=o..|
+----[SHA256]-----+
Generating public/private dsa key pair.
Your identification has been saved in /etc/ssh/ssh_host_dsa_key
Your public key has been saved in /etc/ssh/ssh_host_dsa_key.pub
The key fingerprint is:
SHA256:yM+DdZiW5c117nKeHjUrNvQXry1DZLRqK2XVFjRw4Eg root@agent-0
The key's randomart image is:
+---[DSA 1024]----+
|           E o++ |
|          . o o..|
|          .. o.oo|
|     . . * o .=oo|
|      o S o o* +o|
|       * .  * o.*|
|      . +  + *.+=|
|         .. o =*+|
|           .  o=o|
+----[SHA256]-----+
Generating public/private ecdsa key pair.
Your identification has been saved in /etc/ssh/ssh_host_ecdsa_key
Your public key has been saved in /etc/ssh/ssh_host_ecdsa_key.pub
The key fingerprint is:
SHA256:sNymdQDpqYKjBwYhclnhOylfpS+Z+MPbb4sF5uHtPSY root@agent-0
The key's randomart image is:
+---[ECDSA 256]---+
|   oo...         |
|+ o.  ..         |
|oo  ....o        |
|.    +o* .       |
|... +.= S .      |
|+..o.+ @ =       |
|oo .o.= + o      |
|. .  .oo +E.o    |
| .    oooo++..   |
+----[SHA256]-----+
Generating public/private ed25519 key pair.
Your identification has been saved in /etc/ssh/ssh_host_ed25519_key
Your public key has been saved in /etc/ssh/ssh_host_ed25519_key.pub
The key fingerprint is:
SHA256:4Qp82cSu6BPdbYdbTyb5ewCPxzRWpX2lkB5Ku8GzPv8 root@agent-0
The key's randomart image is:
+--[ED25519 256]--+
|            ..  +|
|       .  . o. +o|
|        +o + .o.o|
|   .   * .* o + .|
|    o.o.S. * O . |
|    .+.o. * * B  |
|    ..o  o + B . |
|   ..     +   o .|
|    ..     o..Eo |
+----[SHA256]-----+
 [ ok ]
Cloud-init v. 23.4 running 'modules:config' at Fri, 06 Mar 2026 02:06:19 +0000. Up 26.82 seconds.
 [ ok ]
Cloud-init v. 23.4 running 'modules:final' at Fri, 06 Mar 2026 02:06:19 +0000. Up 27.38 seconds.
ci-info: no authorized SSH keys fingerprints found for user alpine.
cloud-init: #############################################################
cloud-init: -----BEGIN SSH HOST KEY FINGERPRINTS-----
cloud-init: 1024 SHA256:yM+DdZiW5c117nKeHjUrNvQXry1DZLRqK2XVFjRw4Eg root@agent-0 (DSA)
cloud-init: 256 SHA256:sNymdQDpqYKjBwYhclnhOylfpS+Z+MPbb4sF5uHtPSY root@agent-0 (ECDSA)
cloud-init: 256 SHA256:4Qp82cSu6BPdbYdbTyb5ewCPxzRWpX2lkB5Ku8GzPv8 root@agent-0 (ED25519)
cloud-init: 3072 SHA256:9fetmqufYJl4uHPZP+XTjaogZZ/GlQFl+L0KA98XDU0 root@agent-0 (RSA)
cloud-init: -----END SSH HOST KEY FINGERPRINTS-----
cloud-init: #############################################################
-----BEGIN SSH HOST KEY KEYS-----
ecdsa-sha2-nistp256 AAAAE2VjZHNhLXNoYTItbmlzdHAyNTYAAAAIbmlzdHAyNTYAAABBBMBjcQYuRxBllHNazsi0SXh5+rH1qAXRg3rGw8HzNI4JEafbZqkeSVBnK3s7sOU4MJRpTIlP49fDCCEQpD8ieHc= root@agent-0
ssh-ed25519 AAAAC3NzaC1lZDI1NTE5AAAAIF/brA88Ui4TQTUwmLxsp9b2a6wKetkE6H5mXlcWvriZ root@agent-0
ssh-rsa AAAAB3NzaC1yc2EAAAADAQABAAABgQDlwqmSveofi4X+8Uc4QAUJtjkYUeU2OI4Y7gVC0qBm7a5Lg18Ybxm3VyTmNxirtyjOFEyKLvJDJ9P2pEX0rxNviLhnWyXqOIuGyBivwbegwG6SI45dVUmTHmOqQT91QkLydgi7Pw6pxGl1bL4A4qwnFuM4aMZxlowj51vg7ThaiGxQRXiTzYGXHoUrO4YL5aXjP1CUnioLDPz4c0dcjXRrdlcgo4ROEs3oB4goNvIKbK6UAZKJxrYK68GQN5f3+2/1wrn+XCTaYAwxRTaW9ivFjQP5IYZ5f695AaGbB5YRtpwg1M26YJG/hn+O8tBwIAd20YQCkB7EzdDEJgyhImFO+8ZGrpSPz02PkmEmipD/QlCBIKfI2VjwNrySfmMRjNs3s2J/ddPQndQD2xLXYegLfdROWavVXEL+n5K/b5jttyDVH8NhXeHI9vOI9n8SEEMISAmQbaa+E62AlNxtd6bqE6YJF+YYb6xd8OZyahA6WBtSgq5pt7BtzLm70vB4ppc= root@agent-0
-----END SSH HOST KEY KEYS-----
Cloud-init v. 23.4 finished at Fri, 06 Mar 2026 02:06:19 +0000. Datasource DataSourceNoCloud [seed=/dev/vdb][dsmode=net].  Up 27.58 seconds
 [ ok ]

Welcome to Alpine Linux 3.19
Kernel 6.6.4-1-virt on an x86_64 (/dev/ttyS0)

agent-0 login: 