c[?7l[2J[0mSeaBIOS (version 1.16.3-debian-1.16.3-2)


iPXE (https://ipxe.org) 00:03.0 CA00 PCI2.10 PnP PMM+BEFCAE40+BEF0AE40 CA00
Press Ctrl-B to configure iPXE (PCI 00:03.0)...                                                                               


Booting from Hard Disk...

SYSLINUX 6.04 EDD 6.04-pre1 Copyright (C) 1994-2015 H. Peter Anvin et a
SYSLINUX 6.04 6.04-pre1 Copyright (C) 1994-2015 H. Peter Anvin et al
l
[2Je%@)0(B[0;37;40m[?25l[2J[23;16HAlpine will be booted automatically in [0;1m1[0m seconds[23;16H[0;37;40mAlpine will be booted automatically in [0;1;37;40m1[0;37;40m seconds..[23;16H                                                 [23;16H[0;37;40m                                                  [?25h[24;1H[0m 
Loading vmlinuz-virt...Loading vmlinuz-virt...  ook
k
Loading initramfs-virt..Loading initramfs-virt....ookk

c[?7l[2J[    0.000000] Linux version 6.6.4-1-virt (buildozer@build-3-19-x86_64) (gcc (Alpine 13.2.1_git20231014) 13.2.1 20231014, GNU ld (GNU Binutils) 2.41) #2-Alpine SMP PREEMPT_DYNAMIC Tue, 05 Dec 2023 20:25:50 +0000
[    0.000000] Command line: BOOT_IMAGE=vmlinuz-virt root=LABEL=/ modules=sd-mod,usb-storage,ext4 console=ttyS0,115200n8 initrd=initramfs-virt
[    0.000000] BIOS-provided physical RAM map:
[    0.000000] BIOS-e820: [mem 0x0000000000000000-0x000000000009fbff] usable
[    0.000000] BIOS-e820: [mem 0x000000000009fc00-0x000000000009ffff] reserved
[    0.000000] BIOS-e820: [mem 0x00000000000f0000-0x00000000000fffff] reserved
[    0.000000] BIOS-e820: [mem 0x0000000000100000-0x00000000bffd9fff] usable
[    0.000000] BIOS-e820: [mem 0x00000000bffda000-0x00000000bfffffff] reserved
[    0.000000] BIOS-e820: [mem 0x00000000feffc000-0x00000000feffffff] reserved
[    0.000000] BIOS-e820: [mem 0x00000000fffc0000-0x00000000ffffffff] reserved
[    0.000000] BIOS-e820: [mem 0x0000000100000000-0x000000013fffffff] usable
[    0.000000] NX (Execute Disable) protection: active
[    0.000000] APIC: Static calls initialized
[    0.000000] SMBIOS 3.0.0 present.
[    0.000000] DMI: QEMU Ubuntu 24.04 PC v2 (i440FX + PIIX, arch_caps fix, 1996), BIOS 1.16.3-debian-1.16.3-2 04/01/2014
[    0.000000] Hypervisor detected: KVM
[    0.000000] kvm-clock: Using msrs 4b564d01 and 4b564d00
[    0.000000] kvm-clock: using sched offset of 1472921752 cycles
[    0.000002] clocksource: kvm-clock: mask: 0xffffffffffffffff max_cycles: 0x1cd42e4dffb, max_idle_ns: 881590591483 ns
[    0.000005] tsc: Detected 2200.000 MHz processor
[    0.000697] last_pfn = 0x140000 max_arch_pfn = 0x400000000
[    0.000748] MTRR map: 4 entries (3 fixed + 1 variable; max 19), built from 8 variable MTRRs
[    0.000752] x86/PAT: Configuration [0-7]: WB  WC  UC- UC  WB  WP  UC- WT  
[    0.000818] last_pfn = 0xbffda max_arch_pfn = 0x400000000
[    0.000937] RAMDISK: [mem 0x7f71e000-0x7fffffff]
[    0.000939] ACPI: Early table checksum verification disabled
[    0.000942] ACPI: RSDP 0x00000000000F5250 000014 (v00 BOCHS )
[    0.000947] ACPI: RSDT 0x00000000BFFE1CBF 000034 (v01 BOCHS  BXPC     00000001 BXPC 00000001)
[    0.000953] ACPI: FACP 0x00000000BFFE1B6B 000074 (v01 BOCHS  BXPC     00000001 BXPC 00000001)
[    0.000964] ACPI: DSDT 0x00000000BFFE0040 001B2B (v01 BOCHS  BXPC     00000001 BXPC 00000001)
[    0.000968] ACPI: FACS 0x00000000BFFE0000 000040
[    0.000972] ACPI: APIC 0x00000000BFFE1BDF 000080 (v03 BOCHS  BXPC     00000001 BXPC 00000001)
[    0.000976] ACPI: HPET 0x00000000BFFE1C5F 000038 (v01 BOCHS  BXPC     00000001 BXPC 00000001)
[    0.000980] ACPI: WAET 0x00000000BFFE1C97 000028 (v01 BOCHS  BXPC     00000001 BXPC 00000001)
[    0.000983] ACPI: Reserving FACP table memory at [mem 0xbffe1b6b-0xbffe1bde]
[    0.000985] ACPI: Reserving DSDT table memory at [mem 0xbffe0040-0xbffe1b6a]
[    0.000986] ACPI: Reserving FACS table memory at [mem 0xbffe0000-0xbffe003f]
[    0.000987] ACPI: Reserving APIC table memory at [mem 0xbffe1bdf-0xbffe1c5e]
[    0.000987] ACPI: Reserving HPET table memory at [mem 0xbffe1c5f-0xbffe1c96]
[    0.000988] ACPI: Reserving WAET table memory at [mem 0xbffe1c97-0xbffe1cbe]
[    0.001062] Zone ranges:
[    0.001063]   DMA      [mem 0x0000000000001000-0x0000000000ffffff]
[    0.001066]   DMA32    [mem 0x0000000001000000-0x00000000ffffffff]
[    0.001067]   Normal   [mem 0x0000000100000000-0x000000013fffffff]
[    0.001069] Movable zone start for each node
[    0.001070] Early memory node ranges
[    0.001070]   node   0: [mem 0x0000000000001000-0x000000000009efff]
[    0.001072]   node   0: [mem 0x0000000000100000-0x00000000bffd9fff]
[    0.001073]   node   0: [mem 0x0000000100000000-0x000000013fffffff]
[    0.001074] Initmem setup node 0 [mem 0x0000000000001000-0x000000013fffffff]
[    0.001091] On node 0, zone DMA: 1 pages in unavailable ranges
[    0.001323] On node 0, zone DMA: 97 pages in unavailable ranges
[    0.063690] On node 0, zone Normal: 38 pages in unavailable ranges
[    0.064200] ACPI: PM-Timer IO Port: 0x608
[    0.064213] ACPI: LAPIC_NMI (acpi_id[0xff] dfl dfl lint[0x1])
[    0.064255] IOAPIC[0]: apic_id 0, version 17, address 0xfec00000, GSI 0-23
[    0.064259] ACPI: INT_SRC_OVR (bus 0 bus_irq 0 global_irq 2 dfl dfl)
[    0.064261] ACPI: INT_SRC_OVR (bus 0 bus_irq 5 global_irq 5 high level)
[    0.064262] ACPI: INT_SRC_OVR (bus 0 bus_irq 9 global_irq 9 high level)
[    0.064264] ACPI: INT_SRC_OVR (bus 0 bus_irq 10 global_irq 10 high level)
[    0.064265] ACPI: INT_SRC_OVR (bus 0 bus_irq 11 global_irq 11 high level)
[    0.064270] ACPI: Using ACPI (MADT) for SMP configuration information
[    0.064272] ACPI: HPET id: 0x8086a201 base: 0xfed00000
[    0.064283] smpboot: Allowing 2 CPUs, 0 hotplug CPUs
[    0.064302] kvm-guest: APIC: eoi() replaced with kvm_guest_apic_eoi_write()
[    0.064319] [mem 0xc0000000-0xfeffbfff] available for PCI devices
[    0.064320] Booting paravirtualized kernel on KVM
[    0.064321] clocksource: refined-jiffies: mask: 0xffffffff max_cycles: 0xffffffff, max_idle_ns: 19112604462750000 ns
[    0.069510] setup_percpu: NR_CPUS:256 nr_cpumask_bits:2 nr_cpu_ids:2 nr_node_ids:1
[    0.071530] percpu: Embedded 57 pages/cpu s195048 r8192 d30232 u1048576
[    0.071569] kvm-guest: PV spinlocks disabled, no host support
[    0.071570] Kernel command line: BOOT_IMAGE=vmlinuz-virt root=LABEL=/ modules=sd-mod,usb-storage,ext4 console=ttyS0,115200n8 initrd=initramfs-virt
[    0.071625] Unknown kernel command line parameters "BOOT_IMAGE=vmlinuz-virt modules=sd-mod,usb-storage,ext4", will be passed to user space.
[    0.075353] Dentry cache hash table entries: 524288 (order: 10, 4194304 bytes, linear)
[    0.077225] Inode-cache hash table entries: 262144 (order: 9, 2097152 bytes, linear)
[    0.077308] Built 1 zonelists, mobility grouping on.  Total pages: 1031898
[    0.079562] mem auto-init: stack:all(zero), heap alloc:on, heap free:off
[    0.079565] software IO TLB: area num 2.
[    0.156470] Memory: 4012160K/4193760K available (12288K kernel code, 1744K rwdata, 8008K rodata, 2640K init, 2300K bss, 181340K reserved, 0K cma-reserved)
[    0.163375] SLUB: HWalign=64, Order=0-3, MinObjects=0, CPUs=2, Nodes=1
[    0.163483] Kernel/User page tables isolation: enabled
[    0.164684] Dynamic Preempt: none
[    0.164792] rcu: Preemptible hierarchical RCU implementation.
[    0.164793] rcu: 	RCU restricting CPUs from NR_CPUS=256 to nr_cpu_ids=2.
[    0.164794] 	Trampoline variant of Tasks RCU enabled.
[    0.164795] 	Tracing variant of Tasks RCU enabled.
[    0.164795] rcu: RCU calculated value of scheduler-enlistment delay is 10 jiffies.
[    0.164796] rcu: Adjusting geometry for rcu_fanout_leaf=16, nr_cpu_ids=2
[    0.168297] NR_IRQS: 16640, nr_irqs: 440, preallocated irqs: 16
[    0.168547] rcu: srcu_init: Setting srcu_struct sizes based on contention.
[    0.168703] kfence: initialized - using 2097152 bytes for 255 objects at 0x(____ptrval____)-0x(____ptrval____)
[    0.174378] Console: colour VGA+ 80x25
[    0.174421] printk: console [ttyS0] enabled
[    0.262466] ACPI: Core revision 20230628
[    0.263375] clocksource: hpet: mask: 0xffffffff max_cycles: 0xffffffff, max_idle_ns: 19112604467 ns
[    0.264730] APIC: Switch to symmetric I/O mode setup
[    0.265732] x2apic enabled
[    0.266486] APIC: Switched APIC routing to: physical x2apic
[    0.268547] ..TIMER: vector=0x30 apic1=0 pin1=2 apic2=-1 pin2=-1
[    0.269404] clocksource: tsc-early: mask: 0xffffffffffffffff max_cycles: 0x1fb633008a4, max_idle_ns: 440795292230 ns
[    0.270846] Calibrating delay loop (skipped) preset value.. 4400.00 BogoMIPS (lpj=22000000)
[    0.272130] Last level iTLB entries: 4KB 0, 2MB 0, 4MB 0
[    0.272869] Last level dTLB entries: 4KB 0, 2MB 0, 4MB 0, 1GB 0
[    0.273686] Spectre V1 : Mitigation: usercopy/swapgs barriers and __user pointer sanitization
[    0.280848] Spectre V2 : Mitigation: Retpolines
[    0.281469] Spectre V2 : Spectre v2 / SpectreRSB mitigation: Filling RSB on context switch
[    0.282606] Spectre V2 : Spectre v2 / SpectreRSB : Filling RSB on VMEXIT
[    0.283523] Speculative Store Bypass: Vulnerable
[    0.284182] MDS: Vulnerable: Clear CPU buffers attempted, no microcode
[    0.285086] MMIO Stale Data: Unknown: No mitigations
[    0.285772] x86/fpu: x87 FPU will use FXSAVE
[    0.303063] Freeing SMP alternatives memory: 32K
[    0.303720] pid_max: default: 32768 minimum: 301
[    0.304947] LSM: initializing lsm=capability,landlock,lockdown,integrity
[    0.306854] landlock: Up and running.
[    0.307589] Mount-cache hash table entries: 8192 (order: 4, 65536 bytes, linear)
[    0.308667] Mountpoint-cache hash table entries: 8192 (order: 4, 65536 bytes, linear)
[    0.430761] smpboot: CPU0: Intel QEMU Virtual CPU version 2.5+ (family: 0xf, model: 0x6b, stepping: 0x1)
[    0.430843] RCU Tasks: Setting shift to 1 and lim to 1 rcu_task_cb_adjust=1.
[    0.430843] RCU Tasks Trace: Setting shift to 1 and lim to 1 rcu_task_cb_adjust=1.
[    0.430843] Performance Events: unsupported Netburst CPU model 107 no PMU driver, software events only.
[    0.430843] signal: max sigframe size: 1440
[    0.430843] rcu: Hierarchical SRCU implementation.
[    0.430843] rcu: 	Max phase no-delay instances is 1000.
[    0.430843] NMI watchdog: Perf NMI watchdog permanently disabled
[    0.430843] smp: Bringing up secondary CPUs ...
[    0.430843] smpboot: x86: Booting SMP configuration:
[    0.430851] .... node  #0, CPUs:      #1
[    0.442847] smp: Brought up 1 node, 2 CPUs
[    0.442847] smpboot: Max logical packages: 1
[    0.442847] ----------------
[    0.443004] | NMI testsuite:
[    0.443406] --------------------
[    0.443868]   remote IPI:  ok  |
[    0.444373]    local IPI:  ok  |
[    0.444831] --------------------
[    0.445284] Good, all   2 testcases passed! |
[    0.445889] ---------------------------------
[    0.446488] smpboot: Total of 2 processors activated (8800.00 BogoMIPS)
[    0.451392] devtmpfs: initialized
[    0.451395] x86/mm: Memory block size: 128MB
[    0.452519] clocksource: jiffies: mask: 0xffffffff max_cycles: 0xffffffff, max_idle_ns: 19112604462750000 ns
[    0.452519] futex hash table entries: 512 (order: 3, 32768 bytes, linear)
[    0.456284] NET: Registered PF_NETLINK/PF_ROUTE protocol family
[    0.457247] audit: initializing netlink subsys (disabled)
[    0.460889] audit: type=2000 audit(1772762753.878:1): state=initialized audit_enabled=0 res=1
[    0.460916] thermal_sys: Registered thermal governor 'step_wise'
[    0.464254] cpuidle: using governor ladder
[    0.464254] cpuidle: using governor menu
[    0.464254] acpiphp: ACPI Hot Plug PCI Controller Driver version: 0.5
[    0.464254] PCI: Using configuration type 1 for base access
[    0.465149] kprobes: kprobe jump-optimization is enabled. All kprobes are optimized if possible.
[    0.471824] HugeTLB: registered 2.00 MiB page size, pre-allocated 0 pages
[    0.474674] HugeTLB: 28 KiB vmemmap can be freed for a 2.00 MiB page
[    0.474679] ACPI: Added _OSI(Module Device)
[    0.474679] ACPI: Added _OSI(Processor Device)
[    0.474679] ACPI: Added _OSI(3.0 _SCP Extensions)
[    0.474679] ACPI: Added _OSI(Processor Aggregator Device)
[    0.474679] ACPI: 1 ACPI AML tables successfully acquired and loaded
[    0.480941] ACPI: _OSC evaluation for CPUs failed, trying _PDC
[    0.482611] ACPI: Interpreter enabled
[    0.483758] ACPI: PM: (supports S0 S3 S5)
[    0.484479] ACPI: Using IOAPIC for interrupt routing
[    0.485179] PCI: Using host bridge windows from ACPI; if necessary, use "pci=nocrs" and report a bug
[    0.486424] PCI: Using E820 reservations for host bridge windows
[    0.487320] ACPI: Enabled 2 GPEs in block 00 to 0F
[    0.491624] ACPI: PCI Root Bridge [PCI0] (domain 0000 [bus 00-ff])
[    0.492496] acpi PNP0A03:00: _OSC: OS supports [ASPM ClockPM Segments MSI HPX-Type3]
[    0.493559] acpi PNP0A03:00: _OSC: not requesting OS control; OS requires [ExtendedConfig ASPM ClockPM MSI]
[    0.494925] acpi PNP0A03:00: fail to add MMCONFIG information, can't access extended configuration space under this bridge
[    0.496809] acpiphp: Slot [3] registered
[    0.497371] acpiphp: Slot [4] registered
[    0.497964] acpiphp: Slot [5] registered
[    0.498532] acpiphp: Slot [6] registered
[    0.499102] acpiphp: Slot [7] registered
[    0.499657] acpiphp: Slot [8] registered
[    0.500220] acpiphp: Slot [9] registered
[    0.500780] acpiphp: Slot [10] registered
[    0.500859] acpiphp: Slot [11] registered
[    0.501431] acpiphp: Slot [12] registered
[    0.501997] acpiphp: Slot [13] registered
[    0.502569] acpiphp: Slot [14] registered
[    0.503142] acpiphp: Slot [15] registered
[    0.503733] acpiphp: Slot [16] registered
[    0.504308] acpiphp: Slot [17] registered
[    0.504875] acpiphp: Slot [18] registered
[    0.505447] acpiphp: Slot [19] registered
[    0.506014] acpiphp: Slot [20] registered
[    0.506593] acpiphp: Slot [21] registered
[    0.507160] acpiphp: Slot [22] registered
[    0.507739] acpiphp: Slot [23] registered
[    0.508311] acpiphp: Slot [24] registered
[    0.508878] acpiphp: Slot [25] registered
[    0.509451] acpiphp: Slot [26] registered
[    0.510019] acpiphp: Slot [27] registered
[    0.510858] acpiphp: Slot [28] registered
[    0.511424] acpiphp: Slot [29] registered
[    0.511998] acpiphp: Slot [30] registered
[    0.512578] acpiphp: Slot [31] registered
[    0.513142] PCI host bridge to bus 0000:00
[    0.513725] pci_bus 0000:00: root bus resource [io  0x0000-0x0cf7 window]
[    0.514682] pci_bus 0000:00: root bus resource [io  0x0d00-0xffff window]
[    0.515614] pci_bus 0000:00: root bus resource [mem 0x000a0000-0x000bffff window]
[    0.516654] pci_bus 0000:00: root bus resource [mem 0xc0000000-0xfebfffff window]
[    0.517693] pci_bus 0000:00: root bus resource [mem 0x140000000-0x1bfffffff window]
[    0.518741] pci_bus 0000:00: root bus resource [bus 00-ff]
[    0.519550] pci 0000:00:00.0: [8086:1237] type 00 class 0x060000
[    0.521100] pci 0000:00:01.0: [8086:7000] type 00 class 0x060100
[    0.522597] pci 0000:00:01.1: [8086:7010] type 00 class 0x010180
[    0.526190] pci 0000:00:01.1: reg 0x20: [io  0xc160-0xc16f]
[    0.528150] pci 0000:00:01.1: legacy IDE quirk: reg 0x10: [io  0x01f0-0x01f7]
[    0.529134] pci 0000:00:01.1: legacy IDE quirk: reg 0x14: [io  0x03f6]
[    0.530736] pci 0000:00:01.1: legacy IDE quirk: reg 0x18: [io  0x0170-0x0177]
[    0.530852] pci 0000:00:01.1: legacy IDE quirk: reg 0x1c: [io  0x0376]
[    0.533001] pci 0000:00:01.3: [8086:7113] type 00 class 0x068000
[    0.534365] pci 0000:00:01.3: quirk: [io  0x0600-0x063f] claimed by PIIX4 ACPI
[    0.535366] pci 0000:00:01.3: quirk: [io  0x0700-0x070f] claimed by PIIX4 SMB
[    0.536633] pci 0000:00:02.0: [1234:1111] type 00 class 0x030000
[    0.541431] pci 0000:00:02.0: reg 0x10: [mem 0xfd000000-0xfdffffff pref]
[    0.544841] pci 0000:00:02.0: reg 0x18: [mem 0xfeb90000-0xfeb90fff]
[    0.555903] pci 0000:00:02.0: reg 0x30: [mem 0xfeb80000-0xfeb8ffff pref]
[    0.558668] pci 0000:00:02.0: Video device with shadowed ROM at [mem 0x000c0000-0x000dffff]
[    0.561103] pci 0000:00:03.0: [1af4:1000] type 00 class 0x020000
[    0.562889] pci 0000:00:03.0: reg 0x10: [io  0xc140-0xc15f]
[    0.564623] pci 0000:00:03.0: reg 0x14: [mem 0xfeb91000-0xfeb91fff]
[    0.568235] pci 0000:00:03.0: reg 0x20: [mem 0xfe000000-0xfe003fff 64bit pref]
[    0.571715] pci 0000:00:03.0: reg 0x30: [mem 0xfeb00000-0xfeb7ffff pref]
[    0.573924] pci 0000:00:04.0: [1af4:1009] type 00 class 0x000200
[    0.575630] pci 0000:00:04.0: reg 0x10: [io  0xc100-0xc13f]
[    0.577158] pci 0000:00:04.0: reg 0x14: [mem 0xfeb92000-0xfeb92fff]
[    0.580847] pci 0000:00:04.0: reg 0x20: [mem 0xfe004000-0xfe007fff 64bit pref]
[    0.586117] pci 0000:00:05.0: [1af4:1001] type 00 class 0x010000
[    0.587920] pci 0000:00:05.0: reg 0x10: [io  0xc000-0xc07f]
[    0.589573] pci 0000:00:05.0: reg 0x14: [mem 0xfeb93000-0xfeb93fff]
[    0.593717] pci 0000:00:05.0: reg 0x20: [mem 0xfe008000-0xfe00bfff 64bit pref]
[    0.598811] pci 0000:00:06.0: [1af4:1001] type 00 class 0x010000
[    0.600856] pci 0000:00:06.0: reg 0x10: [io  0xc080-0xc0ff]
[    0.602503] pci 0000:00:06.0: reg 0x14: [mem 0xfeb94000-0xfeb94fff]
[    0.605968] pci 0000:00:06.0: reg 0x20: [mem 0xfe00c000-0xfe00ffff 64bit pref]
[    0.612266] ACPI: PCI: Interrupt link LNKA configured for IRQ 10
[    0.613206] ACPI: PCI: Interrupt link LNKB configured for IRQ 10
[    0.614125] ACPI: PCI: Interrupt link LNKC configured for IRQ 11
[    0.615035] ACPI: PCI: Interrupt link LNKD configured for IRQ 11
[    0.615913] ACPI: PCI: Interrupt link LNKS configured for IRQ 9
[    0.617311] iommu: Default domain type: Translated
[    0.617991] iommu: DMA domain TLB invalidation policy: lazy mode
[    0.619275] SCSI subsystem initialized
[    0.620939] pps_core: LinuxPPS API ver. 1 registered
[    0.621643] pps_core: Software ver. 5.3.6 - Copyright 2005-2007 Rodolfo Giometti <giometti@linux.it>
[    0.622905] PTP clock support registered
[    0.623476] PCI: Using ACPI for IRQ routing
[    0.623476] hpet: 3 channels of 0 reserved for per-cpu timers
[    0.623476] clocksource: Switched to clocksource kvm-clock
[    0.624054] VFS: Disk quotas dquot_6.6.0
[    0.624750] VFS: Dquot-cache hash table entries: 512 (order 0, 4096 bytes)
[    0.625909] pnp: PnP ACPI init
[    0.626826] pnp: PnP ACPI: found 6 devices
[    0.633906] clocksource: acpi_pm: mask: 0xffffff max_cycles: 0xffffff, max_idle_ns: 2085701024 ns
[    0.635501] NET: Registered PF_INET protocol family
[    0.636792] IP idents hash table entries: 65536 (order: 7, 524288 bytes, linear)
[    0.639134] tcp_listen_portaddr_hash hash table entries: 2048 (order: 3, 32768 bytes, linear)
[    0.640595] Table-perturb hash table entries: 65536 (order: 6, 262144 bytes, linear)
[    0.641949] TCP established hash table entries: 32768 (order: 6, 262144 bytes, linear)
[    0.644128] TCP bind hash table entries: 32768 (order: 8, 1048576 bytes, linear)
[    0.645253] TCP: Hash tables configured (established 32768 bind 32768)
[    0.646434] UDP hash table entries: 2048 (order: 4, 65536 bytes, linear)
[    0.647437] UDP-Lite hash table entries: 2048 (order: 4, 65536 bytes, linear)
[    0.648530] NET: Registered PF_UNIX/PF_LOCAL protocol family
[    0.649363] NET: Registered PF_XDP protocol family
[    0.650050] pci_bus 0000:00: resource 4 [io  0x0000-0x0cf7 window]
[    0.650909] pci_bus 0000:00: resource 5 [io  0x0d00-0xffff window]
[    0.651767] pci_bus 0000:00: resource 6 [mem 0x000a0000-0x000bffff window]
[    0.652733] pci_bus 0000:00: resource 7 [mem 0xc0000000-0xfebfffff window]
[    0.653986] pci_bus 0000:00: resource 8 [mem 0x140000000-0x1bfffffff window]
[    0.655003] pci 0000:00:01.0: PIIX3: Enabling Passive Release
[    0.655826] pci 0000:00:00.0: Limiting direct PCI/PCI transfers
[    0.656744] PCI: CLS 0 bytes, default 64
[    0.657340] PCI-DMA: Using software bounce buffering for IO (SWIOTLB)
[    0.657972] Unpacking initramfs...
[    0.658235] software IO TLB: mapped [mem 0x00000000bbfda000-0x00000000bffda000] (64MB)
[    0.660824] clocksource: tsc: mask: 0xffffffffffffffff max_cycles: 0x1fb633008a4, max_idle_ns: 440795292230 ns
[    0.662602] Initialise system trusted keyrings
[    0.663563] workingset: timestamp_bits=46 max_order=20 bucket_order=0
[    0.664478] zbud: loaded
[    0.665083] Key type asymmetric registered
[    0.665673] Asymmetric key parser 'x509' registered
[    0.666429] Block layer SCSI generic (bsg) driver version 0.4 loaded (major 247)
[    0.668197] io scheduler mq-deadline registered
[    0.668839] io scheduler kyber registered
[    0.669452] io scheduler bfq registered
[    0.672686] ERST DBG: ERST support is disabled.
[    0.688402] ACPI: \_SB_.LNKC: Enabled at IRQ 11
[    0.705017] ACPI: \_SB_.LNKD: Enabled at IRQ 10
[    0.721534] ACPI: \_SB_.LNKA: Enabled at IRQ 10
[    0.738117] ACPI: \_SB_.LNKB: Enabled at IRQ 11
[    0.740853] Serial: 8250/16550 driver, 4 ports, IRQ sharing enabled
[    0.741999] 00:04: ttyS0 at I/O 0x3f8 (irq = 4, base_baud = 115200) is a 16550A
[    0.752461] VMware PVSCSI driver - version 1.0.7.0-k
[    0.754785] scsi host0: ata_piix
[    0.755662] scsi host1: ata_piix
[    0.756235] ata1: PATA max MWDMA2 cmd 0x1f0 ctl 0x3f6 bmdma 0xc160 irq 14
[    0.757189] ata2: PATA max MWDMA2 cmd 0x170 ctl 0x376 bmdma 0xc168 irq 15
[    0.758300] i8042: PNP: PS/2 Controller [PNP0303:KBD,PNP0f13:MOU] at 0x60,0x64 irq 1,12
[    0.760180] serio: i8042 KBD port at 0x60,0x64 irq 1
[    0.760893] serio: i8042 AUX port at 0x60,0x64 irq 12
[    0.761679] rtc_cmos 00:05: RTC can wake from S4
[    0.763844] rtc_cmos 00:05: registered as rtc0
[    0.764554] rtc_cmos 00:05: setting system clock to 2026-03-06T02:05:54 UTC (1772762754)
[    0.765760] rtc_cmos 00:05: alarms up to one day, y3k, 242 bytes nvram, hpet irqs
[    0.766822] intel_pstate: CPU model not supported
[    0.767655] gre: GRE over IPv4 demultiplexor driver
[    0.785623] input: AT Translated Set 2 keyboard as /devices/platform/i8042/serio0/input/input0
[    0.788171] Key type dns_resolver registered
[    0.788885] IPI shorthand broadcast: enabled
[    0.792232] sched_clock: Marking stable (690010291, 92289231)->(792596370, -10296848)
[    0.793786] registered taskstats version 1
[    0.794551] Loading compiled-in X.509 certificates
[    0.801319] Freeing initrd memory: 9096K
[    0.808243] Loaded X.509 cert 'alpinelinux.org: Alpine Linux kernel key: d76a695f66ad9cd28f5c22a8508f36e91f521f7a'
[    0.810141] Key type .fscrypt registered
[    0.810457] Key type fscrypt-provisioning registered
[    0.932874] ata2: found unknown device (class 0)
[    0.935222] ata2.00: ATAPI: QEMU DVD-ROM, 2.5+, max UDMA/100
[    0.937007] scsi 1:0:0:0: CD-ROM            QEMU     QEMU DVD-ROM     2.5+ PQ: 0 ANSI: 5
[    0.997235] Freeing unused kernel image (initmem) memory: 2640K
[    1.032723] Write protecting the kernel read-only data: 20480k
[    1.034999] Freeing unused kernel image (rodata/data gap) memory: 184K
[    1.036077] rodata_test: all tests were successful
[    1.036752] Run /init as init process
[    1.050661] Alpine Init 3.9.0-r0
Alpine Init 3.9.0-r0
[    1.051513] Loading boot drivers...
 * Loading boot drivers: [    1.081830] ACPI: bus type USB registered
[    1.082339] usbcore: registered new interface driver usbfs
[    1.082864] usbcore: registered new interface driver hub
[    1.083376] usbcore: registered new device driver usb
[    1.087811] usbcore: registered new interface driver usb-storage
[    1.241168] loop: module loaded
[    1.277839] ACPI: bus type drm_connector registered
[    1.305364] Loading boot drivers: ok.
ok.
[    1.308501] Mounting root...
 * Mounting root: [    1.326595] piix4_smbus 0000:00:01.3: SMBus Host Controller at 0x700, revision 0
[    1.343104] [drm] Found bochs VGA, ID 0xb0c5.
[    1.343549] [drm] Framebuffer size 16384 kB @ 0xfd000000, mmio @ 0xfeb90000.
[    1.345493] [drm] Found EDID data blob.
[    1.346207] [drm] Initialized bochs-drm 1.0.0 20130925 for 0000:00:02.0 on minor 0
[    1.356492] Console: switching to colour frame buffer device 160x50
[    1.357719] bochs-drm 0000:00:02.0: [drm] fb0: bochs-drmdrmfb frame buffer device
[    1.515274] sr 1:0:0:0: [sr0] scsi3-mmc drive: 4x/4x cd/rw xa/form2 tray
[    1.516455] cdrom: Uniform CD-ROM driver Revision: 3.20
[    1.609801] virtio_blk virtio2: 2/0/0 default/read/poll queues
[    1.611606] virtio_blk virtio2: [vda] 8388608 512-byte logical blocks (4.29 GB/4.00 GiB)
[    1.613952] virtio_blk virtio3: 2/0/0 default/read/poll queues
[    1.615492] virtio_blk virtio3: [vdb] 736 512-byte logical blocks (377 kB/368 KiB)
[    1.688820] block sr0: the capability attribute has been deprecated.
[    4.642147] EXT4-fs (vda): mounted filesystem 367ceb5a-a72a-4cc6-9140-e18812d3c81b ro with ordered data mode. Quota mode: none.
[    4.643133] Mounting root: ok.
ok.

   OpenRC 0.52.1 is starting up Linux 6.6.4-1-virt (x86_64)

 * /proc is already mounted
 * Mounting /run ... [ ok ]
 * /run/openrc: creating directory
 * /run/lock: creating directory
 * /run/lock: correcting owner
 * Caching service dependencies ... [ ok ]
 * Remounting devtmpfs on /dev ... [ ok ]
 * Mounting /dev/mqueue ... [ ok ]
 * Mounting security filesystem ... [ ok ]
 * Mounting debug filesystem ... [ ok ]
 * Mounting persistent storage (pstore) filesystem ... [ ok ]
 * Starting busybox mdev ... [ ok ]
 * Scanning hardware for mdev ... [ ok ]
 * Loading hardware drivers ... [ ok ]
 * Loading modules ... [ ok ]
 * Setting system clock using the hardware clock [UTC] ... [ ok ]
 * Checking local filesystems  .../: clean, 8762/65536 files, 137714/262144 blocks
 [ ok ]
 * Remounting root filesystem read/write ... [ ok ]
 * Remounting filesystems ... [ ok ]
 * Activating swap devices ... [ ok ]
 * Mounting local filesystems ... [ ok ]
 * Starting busybox acpid ... [ ok ]
 * Configuring kernel parameters ... [ ok ]
 * Creating user login records ... [ ok ]
 * Cleaning /tmp directory ... [ ok ]
Cloud-init v. 23.4 running 'init-local' at Fri, 06 Mar 2026 02:06:02 +0000. Up 9.09 seconds.
 [ ok ]
 * Setting hostname ... [ ok ]
 * Starting busybox syslog ... [ ok ]
 * Mounting cgroup filesystem ... [ ok ]
 * Starting networking ... *   lo ... [ ok ]
 *   eth0 ... [ ok ]
 * /var/log/docker.log: creating file
 * /var/log/docker.log: correcting owner
 * Starting Docker Daemon ... [ ok ]
 * Starting benchmark agent ...
[1A[2Ka257f20c716c: Loading layer  327.7kB/29.78MB[1B[1A[2Ka257f20c716c: Loading layer  3.604MB/29.78MB[1B[1A[2Ka257f20c716c: Loading layer  5.898MB/29.78MB[1B[1A[2Ka257f20c716c: Loading layer  8.192MB/29.78MB[1B[1A[2Ka257f20c716c: Loading layer  10.16MB/29.78MB[1B[1A[2Ka257f20c716c: Loading layer  12.45MB/29.78MB[1B[1A[2Ka257f20c716c: Loading layer  14.75MB/29.78MB[1B[1A[2Ka257f20c716c: Loading layer  17.04MB/29.78MB[1B[1A[2Ka257f20c716c: Loading layer  19.01MB/29.78MB[1B[1A[2Ka257f20c716c: Loading layer  21.63MB/29.78MB[1B[1A[2Ka257f20c716c: Loading layer  23.92MB/29.78MB[1B[1A[2Ka257f20c716c: Loading layer  25.89MB/29.78MB[1B[1A[2Ka257f20c716c: Loading layer  26.21MB/29.78MB[1B[1A[2Ka257f20c716c: Loading layer  28.51MB/29.78MB[1B[1A[2Ka257f20c716c: Loading layer  28.84MB/29.78MB[1B[1A[2Ka257f20c716c: Loading layer  29.78MB/29.78MB[1B
[1A[2Kb0c20bcd44fe: Loading layer  32.77kB/1.293MB[1B[1A[2Kb0c20bcd44fe: Loading layer  1.293MB/1.293MB[1B[1A[2Kb0c20bcd44fe: Loading layer  1.293MB/1.293MB[1B
[1A[2K5184c31ad48f: Loading layer  163.8kB/14.37MB[1B[1A[2K5184c31ad48f: Loading layer  2.621MB/14.37MB[1B[1A[2K5184c31ad48f: Loading layer  3.604MB/14.37MB[1B[1A[2K5184c31ad48f: Loading layer  8.028MB/14.37MB[1B[1A[2K5184c31ad48f: Loading layer   9.83MB/14.37MB[1B[1A[2K5184c31ad48f: Loading layer   11.3MB/14.37MB[1B[1A[2K5184c31ad48f: Loading layer  12.45MB/14.37MB[1B[1A[2K5184c31ad48f: Loading layer  13.43MB/14.37MB[1B[1A[2K5184c31ad48f: Loading layer  14.37MB/14.37MB[1B
[1A[2Kfa1d322086e6: Loading layer     250B/250B[1B[1A[2Kfa1d322086e6: Loading layer     250B/250B[1B
[1A[2Ke26a999c9556: Loading layer  3.313kB/3.313kB[1B[1A[2Ke26a999c9556: Loading layer  3.313kB/3.313kB[1B
[1A[2Kce0f827f6dcb: Loading layer  2.501kB/2.501kB[1B[1A[2Kce0f827f6dcb: Loading layer  2.501kB/2.501kB[1BLoaded image: bench-worker:latest
 [ ok ]
 * Starting chronyd ... [ ok ]
 * Starting cloud-init-hotplugd ... [ ok ]
Cloud-init v. 23.4 running 'init' at Fri, 06 Mar 2026 02:06:19 +0000. Up 26.06 seconds.
ci-info: +++++++++++++++++++++++++++++++++++++++Net device info+++++++++++++++++++++++++++++++++++++++
ci-info: +---------+-------+----------------------------+---------------+--------+-------------------+
ci-info: |  Device |   Up  |          Address           |      Mask     | Scope  |     Hw-Address    |
ci-info: +---------+-------+----------------------------+---------------+--------+-------------------+
ci-info: | docker0 | False |         172.17.0.1         |  255.255.0.0  | global | 02:42:57:5b:36:a0 |
ci-info: |   eth0  |  True |         10.0.2.15          | 255.255.255.0 | global | 52:54:00:12:34:56 |
ci-info: |   eth0  |  True | fec0::5054:ff:fe12:3456/64 |       .       |  site  | 52:54:00:12:34:56 |
ci-info: |   eth0  |  True | fe80::5054:ff:fe12:3456/64 |       .       |  link  | 52:54:00:12:34:56 |
ci-info: |    lo   |  True |         127.0.0.1          |   255.0.0.0   |  host  |         .         |
ci-info: |    lo   |  True |          ::1/128           |       .       |  host  |         .         |
ci-info: +---------+-------+----------------------------+---------------+--------+-------------------+
ci-info: +++++++++++++++++++++++++++Route IPv4 info++++++++++++++++++++++++++++
ci-info: +-------+-------------+----------+---------------+-----------+-------+
ci-info: | Route | Destination | Gateway  |    Genmask    | Interface | Flags |
ci-info: +-------+-------------+----------+---------------+-----------+-------+
ci-info: |   0   |   0.0.0.0   | 10.0.2.2 |    0.0.0.0    |    eth0   |   UG  |
ci-info: |   1   |   10.0.2.0  | 0.0.0.0  | 255.255.255.0 |    eth0   |   U   |
ci-info: |   2   |  172.17.0.0 | 0.0.0.0  |  255.255.0.0  |  docker0  |   U   |
ci-info: +-------+-------------+----------+---------------+-----------+-------+
ci-info: +++++++++++++++++++Route IPv6 info+++++++++++++++++++
ci-info: +-------+-------------+---------+-----------+-------+
ci-info: | Route | Destination | Gateway | Interface | Flags |
ci-info: +-------+-------------+---------+-----------+-------+
ci-info: |   0   |  fe80::/64  |    ::   |    eth0   |   U   |
ci-info: |   1   |  fec0::/64  |    ::   |    eth0   |   Ue  |
ci-info: |   2   |     ::/0    | fe80::2 |    eth0   |  UGe  |
ci-info: |   4   |    local    |    ::   |    eth0   |   U   |
ci-info: |   5   |    local    |    ::   |    eth0   |   U   |
ci-info: |   6   |  multicast  |    ::   |    eth0   |   U   |
ci-info: +-------+-------------+---------+-----------+-------+
2026-03-06 02:06:19,452 - cloud_config.py[WARNING]: Failed at merging in cloud config part from part-001: empty cloud config
Generating public/private rsa key pair.
Your identification has been saved in /etc/ssh/ssh_host_rsa_key
Your public key has been saved in /etc/ssh/ssh_host_rsa_key.pub
The key fingerprint is:
SHA256:vzq+yHR4yRalDrG5GOSDkCW86zire4+O5xvQsupl5+s root@agent-1
The key's randomart image is:
+---[RSA 3072]----+
|o .              |
| =               |
|o . . .   .      |
| + +   + o       |
|o + + + S        |
| =   + * +       |
|+ .o..+ B .      |
|+o=ooo =.  .     |
|OX=ooE+.++.      |
+----[SHA256]-----+
Generating public/private dsa key pair.
Your identification has been saved in /etc/ssh/ssh_host_dsa_key
Your public key has been saved in /etc/ssh/ssh_host_dsa_key.pub
The key fingerprint is:
SHA256:mj0yqz29TmtPon1RO6GjFrzvn0xJKUIzvuGcNJK/GPc root@agent-1
The key's randomart image is:
+---[DSA 1024]----+
|                 |
|                 |
|        +        |
|       + o  o.   |
|      o.S .ooo   |
|       Xo*+oo.   |
|      *.%+.oo.   |
|     ..@*B.o .   |
|    ..==**E.+    |
+----[SHA256]-----+
Generating public/private ecdsa key pair.
Your identification has been saved in /etc/ssh/ssh_host_ecdsa_key
Your public key has been saved in /etc/ssh/ssh_host_ecdsa_key.pub
The key fingerprint is:
SHA256:JvEBvbblWhm2faa+4bNjw62WmyXv3wJ6iJaFRpACabg root@agent-1
The key's randomart image is:
+---[ECDSA 256]---+
| ..o  .o         |
|. o . o..        |
| o   .....       |
|E      o+.+      |
|      .oS* =     |
|       o+ * o o  |
|       . * +oB.  |
|        = o.@*o .|
|       .   =OXooo|
+----[SHA256]-----+
Generating public/private ed25519 key pair.
Your identification has been saved in /etc/ssh/ssh_host_ed25519_key
Your public key has been saved in /etc/ssh/ssh_host_ed25519_key.pub
The key fingerprint is:
SHA256:1QgGOHgvdAcAF/od3K5lyVm/VqSuYTGllC5RBKQEBqs root@agent-1
The key's randomart image is:
+--[ED25519 256]--+
|  o+*=++=oo      |
|  .==o.+.o +     |
|  oo ++.o * o .  |
| . ....+ O + o   |
|E   ... S = o .  |
|       + . + o   |
|      .   o +    |
|         . +     |
|          .      |
+----[SHA256]-----+
 [ ok ]
Cloud-init v. 23.4 running 'modules:config' at Fri, 06 Mar 2026 02:06:20 +0000. Up 26.66 seconds.
 [ ok ]
Cloud-init v. 23.4 running 'modules:final' at Fri, 06 Mar 2026 02:06:20 +0000. Up 27.20 seconds.
ci-info: no authorized SSH keys fingerprints found for user alpine.
cloud-init: #############################################################
cloud-init: -----BEGIN SSH HOST KEY FINGERPRINTS-----
cloud-init: 1024 SHA256:mj0yqz29TmtPon1RO6GjFrzvn0xJKUIzvuGcNJK/GPc root@agent-1 (DSA)
cloud-init: 256 SHA256:JvEBvbblWhm2faa+4bNjw62WmyXv3wJ6iJaFRpACabg root@agent-1 (ECDSA)
cloud-init: 256 SHA256:1QgGOHgvdAcAF/od3K5lyVm/VqSuYTGllC5RBKQEBqs root@agent-1 (ED25519)
cloud-init: 3072 SHA256:vzq+yHR4yRalDrG5GOSDkCW86zire4+O5xvQsupl5+s root@agent-1 (RSA)
cloud-init: -----END SSH HOST KEY FINGERPRINTS-----
cloud-init: #############################################################
-----BEGIN SSH HOST KEY KEYS-----
ecdsa-sha2-nistp256 AAAAE2VjZHNhLXNoYTItbmlzdHAyNTYAAAAIbmlzdHAyNTYAAABBBOf+1SEUyIDeAKc6S7ufhtgMQhGaefD9D4pUgDeD7ClFGBLnTJUoNLAjw8HuPPUvRoXFnQLu0+gVYjc9gvyxPgQ= root@agent-1
ssh-ed25519 AAAAC3NzaC1lZDI1NTE5AAAAILU36MUNwaULJcgOlIENe2FmOlAbTKLWCl1zgKtNHWDD root@agent-1
ssh-rsa AAAAB3NzaC1yc2EAAAADAQABAAABgQDaXKZhupUXTF170ZxLE3R6k+mbuuOsl8u/GeKbDnIBeH/9o5X78cd2GbscdeTdOdOsvoHWWBSiZ5V5zzBiBRuU87TC6sStvvxvs3+OiLHLg0LrQZotXgSXQTG17awRXr9AY5h9kskF0Ek+uGJ/LCDXrlawh0WKmFRHxdizrwfURMZUQep1UhbjkhfwwE+Iq14tB9h6UpCY59Wr2SZd0rat0Ec9pC547yDHvIKt0uA8P+upB8Vv0kTMw3EiRyXXXfXZvP57xSz+u0FSP4pa/ksYN5Zr1GXkLBtNVlVMgutVrtIhLqUa1yEm3FmlPh8EgqTkHbxQuu5nwfbKh/oNFako5bXC9FCZN+juaLo6NykIJSsLKTRgcD6XM08ecJD/lYbSJu+f9bAo3kIkB0DGf+my5ZSa6+GsdnW41jnPYs7uxrOcfc6qadqkvSPlxa4FAb7HV5mx8NAFn/UmRdrlSSeqig+mc/EfjFoiBrn0t///oTME7hGgWJWvkWRXOwk0xLE= root@agent-1
-----END SSH HOST KEY KEYS-----
Cloud-init v. 23.4 finished at Fri, 06 Mar 2026 02:06:20 +0000. Datasource DataSourceNoCloud [seed=/dev/vdb][dsmode=net].  Up 27.42 seconds
 [ ok ]

Welcome to Alpine Linux 3.19
Kernel 6.6.4-1-virt on an x86_64 (/dev/ttyS0)

agent-1 login: 