c[?7l[2J[0mSeaBIOS (version 1.15.0-1)


iPXE (https://ipxe.org) 00:03.0 CA00 PCI2.10 PnP PMM+BFF8B380+BFECB380 CA00
Press Ctrl-B to configure iPXE (PCI 00:03.0)...                                                                               


Booting from Hard Disk...

SYSLINUX 6.04 EDD 6.04-pre1 Copyright (C) 1994-2015 H. Peter Anvin et al

SYSLINUX 6.04 6.04-pre1 Copyright (C) 1994-2015 H. Peter Anvin et al
[2Je%@)0(B[0;37;40m[?25l[2J[23;16HAlpine will be booted automatically in [0;1m1[0m seconds[23;16H[0;37;40mAlpine will be booted automatically in [0;1;37;40m1[.0;37;40m seconds.[23;16H                                                 [23;16H[0;37;40m                                                  [?25h[24;1H[0m 
Loading vmlinuz-virt...Loading vmlinuz-virt...  ook
k
Loading initramfs-virt..Loading initramfs-virt....ookk

c[?7l[2J[    0.000000] Linux version 6.6.4-1-virt (buildozer@build-3-19-x86_64) (gcc (Alpine 13.2.1_git20231014) 13.2.1 20231014, GNU ld (GNU Binutils) 2.41) #2-Alpine SMP PREEMPT_DYNAMIC Tue, 05 Dec 2023 20:25:50 +0000
[    0.000000] Command line: BOOT_IMAGE=vmlinuz-virt root=LABEL=/ modules=sd-mod,usb-storage,ext4 console=ttyS0,115200n8 initrd=initramfs-virt
[    0.000000] BIOS-provided physical RAM map:
[    0.000000] BIOS-e820: [mem 0x0000000000000000-0x000000000009fbff] usable
[    0.000000] BIOS-e820: [mem 0x000000000009fc00-0x000000000009ffff] reserved
[    0.000000] BIOS-e820: [mem 0x00000000000f0000-0x00000000000fffff] reserved
[    0.000000] BIOS-e820: [mem 0x0000000000100000-0x00000000bffd9fff] usable
[    0.000000] BIOS-e820: [mem 0x00000000bffda000-0x00000000bfffffff] reserved
[    0.000000] BIOS-e820: [mem 0x00000000feffc000-0x00000000feffffff] reserved
[    0.000000] BIOS-e820: [mem 0x00000000fffc0000-0x00000000ffffffff] reserved
[    0.000000] BIOS-e820: [mem 0x0000000100000000-0x000000013fffffff] usable
[    0.000000] NX (Execute Disable) protection: active
[    0.000000] APIC: Static calls initialized
[    0.000000] SMBIOS 2.8 present.
[    0.000000] DMI: QEMU Standard PC (i440FX + PIIX, 1996), BIOS 1.15.0-1 04/01/2014
[    0.000000] Hypervisor detected: KVM
[    0.000000] kvm-clock: Using msrs 4b564d01 and 4b564d00
[    0.000001] kvm-clock: using sched offset of 2399281411 cycles
[    0.000003] clocksource: kvm-clock: mask: 0xffffffffffffffff max_cycles: 0x1cd42e4dffb, max_idle_ns: 881590591483 ns
[    0.000006] tsc: Detected 2799.998 MHz processor
[    0.000895] last_pfn = 0x140000 max_arch_pfn = 0x400000000
[    0.001295] MTRR map: 4 entries (3 fixed + 1 variable; max 19), built from 8 variable MTRRs
[    0.001310] x86/PAT: Configuration [0-7]: WB  WC  UC- UC  WB  WP  UC- WT  
[    0.001778] last_pfn = 0xbffda max_arch_pfn = 0x400000000
[    0.001980] RAMDISK: [mem 0x7f71e000-0x7fffffff]
[    0.001983] ACPI: Early table checksum verification disabled
[    0.001989] ACPI: RSDP 0x00000000000F59A0 000014 (v00 BOCHS )
[    0.001993] ACPI: RSDT 0x00000000BFFE1975 000034 (v01 BOCHS  BXPC     00000001 BXPC 00000001)
[    0.002000] ACPI: FACP 0x00000000BFFE1821 000074 (v01 BOCHS  BXPC     00000001 BXPC 00000001)
[    0.002032] ACPI: DSDT 0x00000000BFFE0040 0017E1 (v01 BOCHS  BXPC     00000001 BXPC 00000001)
[    0.002036] ACPI: FACS 0x00000000BFFE0000 000040
[    0.002039] ACPI: APIC 0x00000000BFFE1895 000080 (v01 BOCHS  BXPC     00000001 BXPC 00000001)
[    0.002042] ACPI: HPET 0x00000000BFFE1915 000038 (v01 BOCHS  BXPC     00000001 BXPC 00000001)
[    0.002045] ACPI: WAET 0x00000000BFFE194D 000028 (v01 BOCHS  BXPC     00000001 BXPC 00000001)
[    0.002048] ACPI: Reserving FACP table memory at [mem 0xbffe1821-0xbffe1894]
[    0.002049] ACPI: Reserving DSDT table memory at [mem 0xbffe0040-0xbffe1820]
[    0.002050] ACPI: Reserving FACS table memory at [mem 0xbffe0000-0xbffe003f]
[    0.002050] ACPI: Reserving APIC table memory at [mem 0xbffe1895-0xbffe1914]
[    0.002051] ACPI: Reserving HPET table memory at [mem 0xbffe1915-0xbffe194c]
[    0.002052] ACPI: Reserving WAET table memory at [mem 0xbffe194d-0xbffe1974]
[    0.002461] Zone ranges:
[    0.002463]   DMA      [mem 0x0000000000001000-0x0000000000ffffff]
[    0.002465]   DMA32    [mem 0x0000000001000000-0x00000000ffffffff]
[    0.002466]   Normal   [mem 0x0000000100000000-0x000000013fffffff]
[    0.002467] Movable zone start for each node
[    0.002468] Early memory node ranges
[    0.002469]   node   0: [mem 0x0000000000001000-0x000000000009efff]
[    0.002470]   node   0: [mem 0x0000000000100000-0x00000000bffd9fff]
[    0.002471]   node   0: [mem 0x0000000100000000-0x000000013fffffff]
[    0.002472] Initmem setup node 0 [mem 0x0000000000001000-0x000000013fffffff]
[    0.002558] On node 0, zone DMA: 1 pages in unavailable ranges
[    0.003787] On node 0, zone DMA: 97 pages in unavailable ranges
[    0.344006] On node 0, zone Normal: 38 pages in unavailable ranges
[    0.347166] ACPI: PM-Timer IO Port: 0x608
[    0.347204] ACPI: LAPIC_NMI (acpi_id[0xff] dfl dfl lint[0x1])
[    0.347380] IOAPIC[0]: apic_id 0, version 17, address 0xfec00000, GSI 0-23
[    0.347385] ACPI: INT_SRC_OVR (bus 0 bus_irq 0 global_irq 2 dfl dfl)
[    0.347387] ACPI: INT_SRC_OVR (bus 0 bus_irq 5 global_irq 5 high level)
[    0.347388] ACPI: INT_SRC_OVR (bus 0 bus_irq 9 global_irq 9 high level)
[    0.347390] ACPI: INT_SRC_OVR (bus 0 bus_irq 10 global_irq 10 high level)
[    0.347391] ACPI: INT_SRC_OVR (bus 0 bus_irq 11 global_irq 11 high level)
[    0.347395] ACPI: Using ACPI (MADT) for SMP configuration information
[    0.347396] ACPI: HPET id: 0x8086a201 base: 0xfed00000
[    0.347425] smpboot: Allowing 2 CPUs, 0 hotplug CPUs
[    0.347479] kvm-guest: APIC: eoi() replaced with kvm_guest_apic_eoi_write()
[    0.347533] [mem 0xc0000000-0xfeffbfff] available for PCI devices
[    0.347535] Booting paravirtualized kernel on KVM
[    0.347536] clocksource: refined-jiffies: mask: 0xffffffff max_cycles: 0xffffffff, max_idle_ns: 19112604462750000 ns
[    0.351277] setup_percpu: NR_CPUS:256 nr_cpumask_bits:2 nr_cpu_ids:2 nr_node_ids:1
[    0.361721] percpu: Embedded 57 pages/cpu s195048 r8192 d30232 u1048576
[    0.361833] kvm-guest: PV spinlocks disabled, no host support
[    0.361835] Kernel command line: BOOT_IMAGE=vmlinuz-virt root=LABEL=/ modules=sd-mod,usb-storage,ext4 console=ttyS0,115200n8 initrd=initramfs-virt
[    0.361888] Unknown kernel command line parameters "BOOT_IMAGE=vmlinuz-virt modules=sd-mod,usb-storage,ext4", will be passed to user space.
[    0.382671] Dentry cache hash table entries: 524288 (order: 10, 4194304 bytes, linear)
[    0.392967] Inode-cache hash table entries: 262144 (order: 9, 2097152 bytes, linear)
[    0.393186] Built 1 zonelists, mobility grouping on.  Total pages: 1031898
[    0.405040] mem auto-init: stack:all(zero), heap alloc:on, heap free:off
[    0.405048] software IO TLB: area num 2.
[    0.784172] Memory: 4012160K/4193760K available (12288K kernel code, 1744K rwdata, 8008K rodata, 2640K init, 2300K bss, 181340K reserved, 0K cma-reserved)
[    0.790027] SLUB: HWalign=64, Order=0-3, MinObjects=0, CPUs=2, Nodes=1
[    0.790198] Kernel/User page tables isolation: enabled
[    0.792750] Dynamic Preempt: none
[    0.792936] rcu: Preemptible hierarchical RCU implementation.
[    0.792938] rcu: 	RCU restricting CPUs from NR_CPUS=256 to nr_cpu_ids=2.
[    0.792939] 	Trampoline variant of Tasks RCU enabled.
[    0.792940] 	Tracing variant of Tasks RCU enabled.
[    0.792941] rcu: RCU calculated value of scheduler-enlistment delay is 10 jiffies.
[    0.792941] rcu: Adjusting geometry for rcu_fanout_leaf=16, nr_cpu_ids=2
[    0.797408] NR_IRQS: 16640, nr_irqs: 440, preallocated irqs: 16
[    0.797934] rcu: srcu_init: Setting srcu_struct sizes based on contention.
[    0.798109] kfence: initialized - using 2097152 bytes for 255 objects at 0x(____ptrval____)-0x(____ptrval____)
[    0.822914] Console: colour VGA+ 80x25
[    0.823079] printk: console [ttyS0] enabled
[    1.145919] ACPI: Core revision 20230628
[    1.148725] clocksource: hpet: mask: 0xffffffff max_cycles: 0xffffffff, max_idle_ns: 19112604467 ns
[    1.153841] APIC: Switch to symmetric I/O mode setup
[    1.157932] x2apic enabled
[    1.160855] APIC: Switched APIC routing to: physical x2apic
[    1.170038] ..TIMER: vector=0x30 apic1=0 pin1=2 apic2=-1 pin2=-1
[    1.173277] clocksource: tsc-early: mask: 0xffffffffffffffff max_cycles: 0x285c3ee517e, max_idle_ns: 440795257231 ns
[    1.178701] Calibrating delay loop (skipped) preset value.. 5599.99 BogoMIPS (lpj=27999980)
[    1.188862] Last level iTLB entries: 4KB 0, 2MB 0, 4MB 0
[    1.191604] Last level dTLB entries: 4KB 0, 2MB 0, 4MB 0, 1GB 0
[    1.194650] Spectre V1 : Mitigation: usercopy/swapgs barriers and __user pointer sanitization
[    1.198700] Spectre V2 : Mitigation: Retpolines
[    1.201079] Spectre V2 : Spectre v2 / SpectreRSB mitigation: Filling RSB on context switch
[    1.205319] Spectre V2 : Spectre v2 / SpectreRSB : Filling RSB on VMEXIT
[    1.208699] Speculative Store Bypass: Vulnerable
[    1.211095] MDS: Vulnerable: Clear CPU buffers attempted, no microcode
[    1.214454] MMIO Stale Data: Unknown: No mitigations
[    1.217049] x86/fpu: x87 FPU will use FXSAVE
[    1.232933] Freeing SMP alternatives memory: 32K
[    1.235370] pid_max: default: 32768 minimum: 301
[    1.238286] LSM: initializing lsm=capability,landlock,lockdown,integrity
[    1.239481] landlock: Up and running.
[    1.241896] Mount-cache hash table entries: 8192 (order: 4, 65536 bytes, linear)
[    1.249019] Mountpoint-cache hash table entries: 8192 (order: 4, 65536 bytes, linear)
[    1.376078] smpboot: CPU0: Intel QEMU Virtual CPU version 2.5+ (family: 0xf, model: 0x6b, stepping: 0x1)
[    1.378696] RCU Tasks: Setting shift to 1 and lim to 1 rcu_task_cb_adjust=1.
[    1.378803] RCU Tasks Trace: Setting shift to 1 and lim to 1 rcu_task_cb_adjust=1.
[    1.382848] Performance Events: unsupported Netburst CPU model 107 no PMU driver, software events only.
[    1.387852] signal: max sigframe size: 1440
[    1.388989] rcu: Hierarchical SRCU implementation.
[    1.391551] rcu: 	Max phase no-delay instances is 1000.
[    1.395040] NMI watchdog: Perf NMI watchdog permanently disabled
[    1.398931] smp: Bringing up secondary CPUs ...
[    1.402395] smpboot: x86: Booting SMP configuration:
[    1.404985] .... node  #0, CPUs:      #1
[    1.420699] smp: Brought up 1 node, 2 CPUs
[    1.422951] smpboot: Max logical packages: 1
[    1.428701] ----------------
[    1.430200] | NMI testsuite:
[    1.431727] --------------------
[    1.433407]   remote IPI:  ok  |
[    1.435152]    local IPI:  ok  |
[    1.436906] --------------------
[    1.438704] Good, all   2 testcases passed! |
[    1.440999] ---------------------------------
[    1.443270] smpboot: Total of 2 processors activated (11199.99 BogoMIPS)
[    1.448700] devtmpfs: initialized
[    1.450559] x86/mm: Memory block size: 128MB
[    1.456430] clocksource: jiffies: mask: 0xffffffff max_cycles: 0xffffffff, max_idle_ns: 19112604462750000 ns
[    1.458867] futex hash table entries: 512 (order: 3, 32768 bytes, linear)
[    1.477077] NET: Registered PF_NETLINK/PF_ROUTE protocol family
[    1.478995] audit: initializing netlink subsys (disabled)
[    1.482297] audit: type=2000 audit(1772766725.872:1): state=initialized audit_enabled=0 res=1
[    1.482297] thermal_sys: Registered thermal governor 'step_wise'
[    1.483312] cpuidle: using governor ladder
[    1.490870] cpuidle: using governor menu
[    1.493172] acpiphp: ACPI Hot Plug PCI Controller Driver version: 0.5
[    1.499924] PCI: Using configuration type 1 for base access
[    1.503126] kprobes: kprobe jump-optimization is enabled. All kprobes are optimized if possible.
[    1.509483] HugeTLB: registered 2.00 MiB page size, pre-allocated 0 pages
[    1.513040] HugeTLB: 28 KiB vmemmap can be freed for a 2.00 MiB page
[    1.516441] ACPI: Added _OSI(Module Device)
[    1.518700] ACPI: Added _OSI(Processor Device)
[    1.521011] ACPI: Added _OSI(3.0 _SCP Extensions)
[    1.523436] ACPI: Added _OSI(Processor Aggregator Device)
[    1.528751] ACPI: 1 ACPI AML tables successfully acquired and loaded
[    1.533467] ACPI: _OSC evaluation for CPUs failed, trying _PDC
[    1.536565] ACPI: Interpreter enabled
[    1.538488] ACPI: PM: (supports S0 S3 S5)
[    1.538702] ACPI: Using IOAPIC for interrupt routing
[    1.541385] PCI: Using host bridge windows from ACPI; if necessary, use "pci=nocrs" and report a bug
[    1.546038] PCI: Using E820 reservations for host bridge windows
[    1.548841] ACPI: Enabled 2 GPEs in block 00 to 0F
[    1.554770] ACPI: PCI Root Bridge [PCI0] (domain 0000 [bus 00-ff])
[    1.558704] acpi PNP0A03:00: _OSC: OS supports [ASPM ClockPM Segments MSI HPX-Type3]
[    1.562657] acpi PNP0A03:00: _OSC: not requesting OS control; OS requires [ExtendedConfig ASPM ClockPM MSI]
[    1.568705] acpi PNP0A03:00: fail to add MMCONFIG information, can't access extended configuration space under this bridge
[    1.574901] acpiphp: Slot [3] registered
[    1.576999] acpiphp: Slot [4] registered
[    1.579350] acpiphp: Slot [5] registered
[    1.588746] acpiphp: Slot [6] registered
[    1.590883] acpiphp: Slot [7] registered
[    1.593079] acpiphp: Slot [8] registered
[    1.595200] acpiphp: Slot [9] registered
[    1.597349] acpiphp: Slot [10] registered
[    1.598809] acpiphp: Slot [11] registered
[    1.600981] acpiphp: Slot [12] registered
[    1.603136] acpiphp: Slot [13] registered
[    1.605290] acpiphp: Slot [14] registered
[    1.607487] acpiphp: Slot [15] registered
[    1.608777] acpiphp: Slot [16] registered
[    1.611016] acpiphp: Slot [17] registered
[    1.613167] acpiphp: Slot [18] registered
[    1.615314] acpiphp: Slot [19] registered
[    1.618747] acpiphp: Slot [20] registered
[    1.620907] acpiphp: Slot [21] registered
[    1.623048] acpiphp: Slot [22] registered
[    1.625214] acpiphp: Slot [23] registered
[    1.627339] acpiphp: Slot [24] registered
[    1.628750] acpiphp: Slot [25] registered
[    1.630909] acpiphp: Slot [26] registered
[    1.636337] acpiphp: Slot [27] registered
[    1.638772] acpiphp: Slot [28] registered
[    1.641003] acpiphp: Slot [29] registered
[    1.643138] acpiphp: Slot [30] registered
[    1.645416] acpiphp: Slot [31] registered
[    1.648702] PCI host bridge to bus 0000:00
[    1.650864] pci_bus 0000:00: root bus resource [io  0x0000-0x0cf7 window]
[    1.654370] pci_bus 0000:00: root bus resource [io  0x0d00-0xffff window]
[    1.657901] pci_bus 0000:00: root bus resource [mem 0x000a0000-0x000bffff window]
[    1.658704] pci_bus 0000:00: root bus resource [mem 0xc0000000-0xfebfffff window]
[    1.662553] pci_bus 0000:00: root bus resource [mem 0x140000000-0x1bfffffff window]
[    1.668700] pci_bus 0000:00: root bus resource [bus 00-ff]
[    1.671907] pci 0000:00:00.0: [8086:1237] type 00 class 0x060000
[    1.679358] pci 0000:00:01.0: [8086:7000] type 00 class 0x060100
[    1.685501] pci 0000:00:01.1: [8086:7010] type 00 class 0x010180
[    1.692294] pci 0000:00:01.1: reg 0x20: [io  0xc160-0xc16f]
[    1.697163] pci 0000:00:01.1: legacy IDE quirk: reg 0x10: [io  0x01f0-0x01f7]
[    1.698702] pci 0000:00:01.1: legacy IDE quirk: reg 0x14: [io  0x03f6]
[    1.702111] pci 0000:00:01.1: legacy IDE quirk: reg 0x18: [io  0x0170-0x0177]
[    1.705802] pci 0000:00:01.1: legacy IDE quirk: reg 0x1c: [io  0x0376]
[    1.709595] pci 0000:00:01.3: [8086:7113] type 00 class 0x068000
[    1.715110] pci 0000:00:01.3: quirk: [io  0x0600-0x063f] claimed by PIIX4 ACPI
[    1.718746] pci 0000:00:01.3: quirk: [io  0x0700-0x070f] claimed by PIIX4 SMB
[    1.723449] pci 0000:00:02.0: [1234:1111] type 00 class 0x030000
[    1.740117] pci 0000:00:02.0: reg 0x10: [mem 0xfd000000-0xfdffffff pref]
[    1.753903] pci 0000:00:02.0: reg 0x18: [mem 0xfeb90000-0xfeb90fff]
[    1.780377] pci 0000:00:02.0: reg 0x30: [mem 0xfeb80000-0xfeb8ffff pref]
[    1.790426] pci 0000:00:02.0: Video device with shadowed ROM at [mem 0x000c0000-0x000dffff]
[    1.803411] pci 0000:00:03.0: [1af4:1000] type 00 class 0x020000
[    1.808213] pci 0000:00:03.0: reg 0x10: [io  0xc140-0xc15f]
[    1.809926] pci 0000:00:03.0: reg 0x14: [mem 0xfeb91000-0xfeb91fff]
[    1.819704] pci 0000:00:03.0: reg 0x20: [mem 0xfe000000-0xfe003fff 64bit pref]
[    1.824990] pci 0000:00:03.0: reg 0x30: [mem 0xfeb00000-0xfeb7ffff pref]
[    1.834633] pci 0000:00:04.0: [1af4:1009] type 00 class 0x000200
[    1.839220] pci 0000:00:04.0: reg 0x10: [io  0xc100-0xc13f]
[    1.843424] pci 0000:00:04.0: reg 0x14: [mem 0xfeb92000-0xfeb92fff]
[    1.849874] pci 0000:00:04.0: reg 0x20: [mem 0xfe004000-0xfe007fff 64bit pref]
[    1.859499] pci 0000:00:05.0: [1af4:1001] type 00 class 0x010000
[    1.864832] pci 0000:00:05.0: reg 0x10: [io  0xc000-0xc07f]
[    1.868702] pci 0000:00:05.0: reg 0x14: [mem 0xfeb93000-0xfeb93fff]
[    1.877372] pci 0000:00:05.0: reg 0x20: [mem 0xfe008000-0xfe00bfff 64bit pref]
[    1.884451] pci 0000:00:06.0: [1af4:1001] type 00 class 0x010000
[    1.890260] pci 0000:00:06.0: reg 0x10: [io  0xc080-0xc0ff]
[    1.894726] pci 0000:00:06.0: reg 0x14: [mem 0xfeb94000-0xfeb94fff]
[    1.902858] pci 0000:00:06.0: reg 0x20: [mem 0xfe00c000-0xfe00ffff 64bit pref]
[    1.916478] ACPI: PCI: Interrupt link LNKA configured for IRQ 10
[    1.918960] ACPI: PCI: Interrupt link LNKB configured for IRQ 10
[    1.922400] ACPI: PCI: Interrupt link LNKC configured for IRQ 11
[    1.928840] ACPI: PCI: Interrupt link LNKD configured for IRQ 11
[    1.932226] ACPI: PCI: Interrupt link LNKS configured for IRQ 9
[    1.938314] iommu: Default domain type: Translated
[    1.938700] iommu: DMA domain TLB invalidation policy: lazy mode
[    1.944057] SCSI subsystem initialized
[    1.949441] pps_core: LinuxPPS API ver. 1 registered
[    1.952166] pps_core: Software ver. 5.3.6 - Copyright 2005-2007 Rodolfo Giometti <giometti@linux.it>
[    1.953444] PTP clock support registered
[    1.961623] PCI: Using ACPI for IRQ routing
[    1.970230] hpet: 3 channels of 0 reserved for per-cpu timers
[    1.973530] clocksource: Switched to clocksource kvm-clock
[    1.984770] VFS: Disk quotas dquot_6.6.0
[    1.987009] VFS: Dquot-cache hash table entries: 512 (order 0, 4096 bytes)
[    1.991164] pnp: PnP ACPI init
[    1.993894] pnp: PnP ACPI: found 6 devices
[    2.012663] clocksource: acpi_pm: mask: 0xffffff max_cycles: 0xffffff, max_idle_ns: 2085701024 ns
[    2.017686] NET: Registered PF_INET protocol family
[    2.023160] IP idents hash table entries: 65536 (order: 7, 524288 bytes, linear)
[    2.029470] tcp_listen_portaddr_hash hash table entries: 2048 (order: 3, 32768 bytes, linear)
[    2.035212] Table-perturb hash table entries: 65536 (order: 6, 262144 bytes, linear)
[    2.040468] TCP established hash table entries: 32768 (order: 6, 262144 bytes, linear)
[    2.049947] TCP bind hash table entries: 32768 (order: 8, 1048576 bytes, linear)
[    2.054030] TCP: Hash tables configured (established 32768 bind 32768)
[    2.058655] UDP hash table entries: 2048 (order: 4, 65536 bytes, linear)
[    2.062565] UDP-Lite hash table entries: 2048 (order: 4, 65536 bytes, linear)
[    2.066528] NET: Registered PF_UNIX/PF_LOCAL protocol family
[    2.069734] NET: Registered PF_XDP protocol family
[    2.072463] pci_bus 0000:00: resource 4 [io  0x0000-0x0cf7 window]
[    2.075706] pci_bus 0000:00: resource 5 [io  0x0d00-0xffff window]
[    2.078942] pci_bus 0000:00: resource 6 [mem 0x000a0000-0x000bffff window]
[    2.082604] pci_bus 0000:00: resource 7 [mem 0xc0000000-0xfebfffff window]
[    2.086170] pci_bus 0000:00: resource 8 [mem 0x140000000-0x1bfffffff window]
[    2.089937] pci 0000:00:01.0: PIIX3: Enabling Passive Release
[    2.093110] pci 0000:00:00.0: Limiting direct PCI/PCI transfers
[    2.096752] PCI: CLS 0 bytes, default 64
[    2.098996] PCI-DMA: Using software bounce buffering for IO (SWIOTLB)
[    2.099736] Unpacking initramfs...
[    2.102478] software IO TLB: mapped [mem 0x00000000bbfda000-0x00000000bffda000] (64MB)
[    2.102778] clocksource: tsc: mask: 0xffffffffffffffff max_cycles: 0x285c3ee517e, max_idle_ns: 440795257231 ns
[    2.114922] Initialise system trusted keyrings
[    2.118336] workingset: timestamp_bits=46 max_order=20 bucket_order=0
[    2.121849] zbud: loaded
[    2.123932] Key type asymmetric registered
[    2.126102] Asymmetric key parser 'x509' registered
[    2.129009] Block layer SCSI generic (bsg) driver version 0.4 loaded (major 247)
[    2.133382] io scheduler mq-deadline registered
[    2.135774] io scheduler kyber registered
[    2.138055] io scheduler bfq registered
[    2.141394] ERST DBG: ERST support is disabled.
[    2.156029] ACPI: \_SB_.LNKC: Enabled at IRQ 11
[    2.174515] ACPI: \_SB_.LNKD: Enabled at IRQ 10
[    2.192692] ACPI: \_SB_.LNKA: Enabled at IRQ 10
[    2.210909] ACPI: \_SB_.LNKB: Enabled at IRQ 11
[    2.218872] Serial: 8250/16550 driver, 4 ports, IRQ sharing enabled
[    2.223173] 00:04: ttyS0 at I/O 0x3f8 (irq = 4, base_baud = 115200) is a 16550A
[    2.240979] VMware PVSCSI driver - version 1.0.7.0-k
[    2.247845] scsi host0: ata_piix
[    2.250677] scsi host1: ata_piix
[    2.252659] ata1: PATA max MWDMA2 cmd 0x1f0 ctl 0x3f6 bmdma 0xc160 irq 14
[    2.256214] ata2: PATA max MWDMA2 cmd 0x170 ctl 0x376 bmdma 0xc168 irq 15
[    2.260270] i8042: PNP: PS/2 Controller [PNP0303:KBD,PNP0f13:MOU] at 0x60,0x64 irq 1,12
[    2.267539] serio: i8042 KBD port at 0x60,0x64 irq 1
[    2.270199] serio: i8042 AUX port at 0x60,0x64 irq 12
[    2.273208] rtc_cmos 00:05: RTC can wake from S4
[    2.279153] rtc_cmos 00:05: registered as rtc0
[    2.281991] rtc_cmos 00:05: setting system clock to 2026-03-06T03:12:06 UTC (1772766726)
[    2.286461] rtc_cmos 00:05: alarms up to one day, y3k, 242 bytes nvram, hpet irqs
[    2.290546] intel_pstate: CPU model not supported
[    2.293630] gre: GRE over IPv4 demultiplexor driver
[    2.315379] Freeing initrd memory: 9096K
[    2.338203] input: AT Translated Set 2 keyboard as /devices/platform/i8042/serio0/input/input0
[    2.338571] Key type dns_resolver registered
[    2.345232] IPI shorthand broadcast: enabled
[    2.351820] sched_clock: Marking stable (1990029925, 360742257)->(2358054037, -7281855)
[    2.366149] registered taskstats version 1
[    2.368620] Loading compiled-in X.509 certificates
[    2.378825] Loaded X.509 cert 'alpinelinux.org: Alpine Linux kernel key: d76a695f66ad9cd28f5c22a8508f36e91f521f7a'
[    2.385425] Key type .fscrypt registered
[    2.387516] Key type fscrypt-provisioning registered
[    2.451538] ata2: found unknown device (class 0)
[    2.455282] ata2.00: ATAPI: QEMU DVD-ROM, 2.5+, max UDMA/100
[    2.461153] scsi 1:0:0:0: CD-ROM            QEMU     QEMU DVD-ROM     2.5+ PQ: 0 ANSI: 5
[    2.521755] Freeing unused kernel image (initmem) memory: 2640K
[    2.560910] Write protecting the kernel read-only data: 20480k
[    2.563839] Freeing unused kernel image (rodata/data gap) memory: 184K
[    2.565905] rodata_test: all tests were successful
[    2.567417] Run /init as init process
[    2.582650] Alpine Init 3.9.0-r0
Alpine Init 3.9.0-r0
[    2.584863] Loading boot drivers...
 * Loading boot drivers: [    2.624416] ACPI: bus type USB registered
[    2.625763] usbcore: registered new interface driver usbfs
[    2.627485] usbcore: registered new interface driver hub
[    2.629162] usbcore: registered new device driver usb
[    2.633716] usbcore: registered new interface driver usb-storage
[    2.826548] loop: module loaded
[    2.878348] ACPI: bus type drm_connector registered
[    2.909961] Loading boot drivers: ok.
ok.
[    2.913189] Mounting root...
 * Mounting root: [    2.956454] piix4_smbus 0000:00:01.3: SMBus Host Controller at 0x700, revision 0
[    2.977700] [drm] Found bochs VGA, ID 0xb0c5.
[    2.979096] [drm] Framebuffer size 16384 kB @ 0xfd000000, mmio @ 0xfeb90000.
[    2.987603] [drm] Found EDID data blob.
[    2.989151] [drm] Initialized bochs-drm 1.0.0 20130925 for 0000:00:02.0 on minor 0
[    3.030937] Console: switching to colour frame buffer device 128x48
[    3.033814] bochs-drm 0000:00:02.0: [drm] fb0: bochs-drmdrmfb frame buffer device
[    3.183027] sr 1:0:0:0: [sr0] scsi3-mmc drive: 4x/4x cd/rw xa/form2 tray
[    3.185055] cdrom: Uniform CD-ROM driver Revision: 3.20
[    3.278200] virtio_blk virtio2: 2/0/0 default/read/poll queues
[    3.283218] virtio_blk virtio2: [vda] 8388608 512-byte logical blocks (4.29 GB/4.00 GiB)
[    3.287479] virtio_blk virtio3: 2/0/0 default/read/poll queues
[    3.292191] virtio_blk virtio3: [vdb] 736 512-byte logical blocks (377 kB/368 KiB)
[    3.374372] block sr0: the capability attribute has been deprecated.
[    6.328462] EXT4-fs (vda): mounted filesystem 367ceb5a-a72a-4cc6-9140-e18812d3c81b ro with ordered data mode. Quota mode: none.
[    6.332602] Mounting root: ok.
ok.

   OpenRC 0.52.1 is starting up Linux 6.6.4-1-virt (x86_64)

 * /proc is already mounted
 * Mounting /run ... [ ok ]
 * /run/openrc: creating directory
 * /run/lock: creating directory
 * /run/lock: correcting owner
 * Caching service dependencies ... [ ok ]
 * Remounting devtmpfs on /dev ... [ ok ]
 * Mounting /dev/mqueue ... [ ok ]
 * Mounting security filesystem ... [ ok ]
 * Mounting debug filesystem ... [ ok ]
 * Mounting persistent storage (pstore) filesystem ... [ ok ]
 * Starting busybox mdev ... [ ok ]
 * Scanning hardware for mdev ... [ ok ]
 * Loading hardware drivers ... [ ok ]
 * Loading modules ... [ ok ]
 * Setting system clock using the hardware clock [UTC] ... [ ok ]
 * Checking local filesystems  .../: clean, 8723/65536 files, 158031/262144 blocks
 [ ok ]
 * Remounting root filesystem read/write ... [ ok ]
 * Remounting filesystems ... [ ok ]
 * Activating swap devices ... [ ok ]
 * Mounting local filesystems ... [ ok ]
 * Starting busybox acpid ... [ ok ]
 * Configuring kernel parameters ... [ ok ]
 * Migrating /var/lock to /run/lock ... [ ok ]
 * Creating user login records ... [ ok ]
 * Cleaning /tmp directory ... [ ok ]
Cloud-init v. 23.4 running 'init-local' at Fri, 06 Mar 2026 03:12:14 +0000. Up 11.16 seconds.
 [ ok ]
 * Setting hostname ... [ ok ]
 * Starting busybox syslog ... [ ok ]
 * Mounting cgroup filesystem ... [ ok ]
 * Starting networking ... *   lo ... [ ok ]
 *   eth0 ... [ ok ]
 * /var/log/docker.log: creating file
 * /var/log/docker.log: correcting owner
 * Starting Docker Daemon ... [ ok ]
 * Starting benchmark agent ...
[1A[2Ka257f20c716c: Loading layer  557.1kB/81.04MB[1B[1A[2Ka257f20c716c: Loading layer  6.128MB/81.04MB[1B[1A[2Ka257f20c716c: Loading layer  10.58MB/81.04MB[1B[1A[2Ka257f20c716c: Loading layer  16.71MB/81.04MB[1B[1A[2Ka257f20c716c: Loading layer  21.73MB/81.04MB[1B[1A[2Ka257f20c716c: Loading layer  25.62MB/81.04MB[1B[1A[2Ka257f20c716c: Loading layer  28.97MB/81.04MB[1B[1A[2Ka257f20c716c: Loading layer  33.42MB/81.04MB[1B[1A[2Ka257f20c716c: Loading layer  40.11MB/81.04MB[1B[1A[2Ka257f20c716c: Loading layer  45.68MB/81.04MB[1B[1A[2Ka257f20c716c: Loading layer  50.69MB/81.04MB[1B[1A[2Ka257f20c716c: Loading layer  55.15MB/81.04MB[1B[1A[2Ka257f20c716c: Loading layer  61.28MB/81.04MB[1B[1A[2Ka257f20c716c: Loading layer  65.18MB/81.04MB[1B[1A[2Ka257f20c716c: Loading layer  66.85MB/81.04MB[1B[1A[2Ka257f20c716c: Loading layer  68.52MB/81.04MB[1B[1A[2Ka257f20c716c: Loading layer  72.42MB/81.04MB[1B[1A[2Ka257f20c716c: Loading layer  74.65MB/81.04MB[1B[1A[2Ka257f20c716c: Loading layer  75.76MB/81.04MB[1B[1A[2Ka257f20c716c: Loading layer  76.32MB/81.04MB[1B[1A[2Ka257f20c716c: Loading layer   79.1MB/81.04MB[1B[1A[2Ka257f20c716c: Loading layer  81.04MB/81.04MB[1B
[1A[2Kb0c20bcd44fe: Loading layer  65.54kB/4.123MB[1B[1A[2Kb0c20bcd44fe: Loading layer  1.769MB/4.123MB[1B[1A[2Kb0c20bcd44fe: Loading layer  4.123MB/4.123MB[1B[1A[2Kb0c20bcd44fe: Loading layer  4.123MB/4.123MB[1B
[1A[2K5184c31ad48f: Loading layer  458.8kB/43.85MB[1B[1A[2K5184c31ad48f: Loading layer  2.753MB/43.85MB[1B[1A[2K5184c31ad48f: Loading layer  8.258MB/43.85MB[1B[1A[2K5184c31ad48f: Loading layer  11.01MB/43.85MB[1B[1A[2K5184c31ad48f: Loading layer  15.14MB/43.85MB[1B[1A[2K5184c31ad48f: Loading layer  17.89MB/43.85MB[1B[1A[2K5184c31ad48f: Loading layer   23.4MB/43.85MB[1B[1A[2K5184c31ad48f: Loading layer  27.07MB/43.85MB[1B[1A[2K5184c31ad48f: Loading layer  29.82MB/43.85MB[1B[1A[2K5184c31ad48f: Loading layer  33.03MB/43.85MB[1B[1A[2K5184c31ad48f: Loading layer  35.78MB/43.85MB[1B[1A[2K5184c31ad48f: Loading layer  38.08MB/43.85MB[1B[1A[2K5184c31ad48f: Loading layer  41.29MB/43.85MB[1B[1A[2K5184c31ad48f: Loading layer  43.85MB/43.85MB[1B
[1A[2Kfa1d322086e6: Loading layer   5.12kB/5.12kB[1B[1A[2Kfa1d322086e6: Loading layer   5.12kB/5.12kB[1B
[1A[2Kbdf610394df6: Loading layer  22.02kB/22.02kB[1B[1A[2Kbdf610394df6: Loading layer  22.02kB/22.02kB[1B
[1A[2K9258f4176a00: Loading layer  10.75kB/10.75kB[1B[1A[2K9258f4176a00: Loading layer  10.75kB/10.75kB[1BLoaded image: bench-worker:latest
 [ ok ]
 * Starting chronyd ... [ ok ]
 * Starting cloud-init-hotplugd ... [ ok ]
Cloud-init v. 23.4 running 'init' at Fri, 06 Mar 2026 03:12:47 +0000. Up 43.50 seconds.
ci-info: +++++++++++++++++++++++++++++++++++++++Net device info+++++++++++++++++++++++++++++++++++++++
ci-info: +---------+-------+----------------------------+---------------+--------+-------------------+
ci-info: |  Device |   Up  |          Address           |      Mask     | Scope  |     Hw-Address    |
ci-info: +---------+-------+----------------------------+---------------+--------+-------------------+
ci-info: | docker0 | False |         172.17.0.1         |  255.255.0.0  | global | 02:42:30:01:4b:31 |
ci-info: |   eth0  |  True |         10.0.2.15          | 255.255.255.0 | global | 52:54:00:12:34:56 |
ci-info: |   eth0  |  True | fec0::5054:ff:fe12:3456/64 |       .       |  site  | 52:54:00:12:34:56 |
ci-info: |   eth0  |  True | fe80::5054:ff:fe12:3456/64 |       .       |  link  | 52:54:00:12:34:56 |
ci-info: |    lo   |  True |         127.0.0.1          |   255.0.0.0   |  host  |         .         |
ci-info: |    lo   |  True |          ::1/128           |       .       |  host  |         .         |
ci-info: +---------+-------+----------------------------+---------------+--------+-------------------+
ci-info: +++++++++++++++++++++++++++Route IPv4 info++++++++++++++++++++++++++++
ci-info: +-------+-------------+----------+---------------+-----------+-------+
ci-info: | Route | Destination | Gateway  |    Genmask    | Interface | Flags |
ci-info: +-------+-------------+----------+---------------+-----------+-------+
ci-info: |   0   |   0.0.0.0   | 10.0.2.2 |    0.0.0.0    |    eth0   |   UG  |
ci-info: |   1   |   10.0.2.0  | 0.0.0.0  | 255.255.255.0 |    eth0   |   U   |
ci-info: |   2   |  172.17.0.0 | 0.0.0.0  |  255.255.0.0  |  docker0  |   U   |
ci-info: +-------+-------------+----------+---------------+-----------+-------+
ci-info: +++++++++++++++++++Route IPv6 info+++++++++++++++++++
ci-info: +-------+-------------+---------+-----------+-------+
ci-info: | Route | Destination | Gateway | Interface | Flags |
ci-info: +-------+-------------+---------+-----------+-------+
ci-info: |   0   |  fe80::/64  |    ::   |    eth0   |   U   |
ci-info: |   1   |  fec0::/64  |    ::   |    eth0   |   Ue  |
ci-info: |   2   |     ::/0    | fe80::2 |    eth0   |  UGe  |
ci-info: |   4   |    local    |    ::   |    eth0   |   U   |
ci-info: |   5   |    local    |    ::   |    eth0   |   U   |
ci-info: |   6   |  multicast  |    ::   |    eth0   |   U   |
ci-info: +-------+-------------+---------+-----------+-------+
2026-03-06 03:12:47,431 - cloud_config.py[WARNING]: Failed at merging in cloud config part from part-001: empty cloud config
Generating public/private rsa key pair.
Your identification has been saved in /etc/ssh/ssh_host_rsa_key
Your public key has been saved in /etc/ssh/ssh_host_rsa_key.pub
The key fingerprint is:
SHA256:vX3JLeOct39eCYQB8v5Ewaponm9FDZ3okj/LGv+dJ38 root@agent-2
The key's randomart image is:
+---[RSA 3072]----+
|       . .=o.    |
|        oo ++    |
|        o.+o .   |
|       o.=...    |
|      . S... .   |
|     o . +oo ..o.|
|    o ..o +.. *.o|
|     o .oo  .=.=E|
|      oo.... oB=B|
+----[SHA256]-----+
Generating public/private dsa key pair.
Your identification has been saved in /etc/ssh/ssh_host_dsa_key
Your public key has been saved in /etc/ssh/ssh_host_dsa_key.pub
The key fingerprint is:
SHA256:t8eq4SQIQygH5yz+C6RyD1eVPWrTWiFKreOw3mN7mrg root@agent-2
The key's randomart image is:
+---[DSA 1024]----+
|. .              |
| *     . o       |
|+ =   . = +      |
|o+   . + + o     |
| oo . = S +      |
|o .o * o = o     |
|o.o.+ o + . o    |
|...=.oo=.. o     |
|   .Eo==o..      |
+----[SHA256]-----+
Generating public/private ecdsa key pair.
Your identification has been saved in /etc/ssh/ssh_host_ecdsa_key
Your public key has been saved in /etc/ssh/ssh_host_ecdsa_key.pub
The key fingerprint is:
SHA256:sfgb1cRYMwtMQvezOyDuzs5Uafkm8g+lO0M3LRJ3VJk root@agent-2
The key's randomart image is:
+---[ECDSA 256]---+
|       .oo+ +  .+|
|         o.* +.E |
|        . . *.   |
|       . o.=.o.  |
|      . S Bo+o   |
|       o =o=+..  |
|        *.+o=o   |
|       = =o= .   |
|       oB o+.    |
+----[SHA256]-----+
Generating public/private ed25519 key pair.
Your identification has been saved in /etc/ssh/ssh_host_ed25519_key
Your public key has been saved in /etc/ssh/ssh_host_ed25519_key.pub
The key fingerprint is:
SHA256:oLTHn5hn3gMyE8JtVKLEdsGC++gkVvg3a2TjZoGoo0c root@agent-2
The key's randomart image is:
+--[ED25519 256]--+
|   o..oo.        |
|  ..+.+.         |
|  .+o=.          |
| ..oo++.         |
|  +o+oo.S        |
|.oEo.O++..       |
|o=  = B+=.       |
|o o  * + ..      |
|oo  +   . ..     |
+----[SHA256]-----+
 [ ok ]
Cloud-init v. 23.4 running 'modules:config' at Fri, 06 Mar 2026 03:12:48 +0000. Up 44.62 seconds.
 [ ok ]
Cloud-init v. 23.4 running 'modules:final' at Fri, 06 Mar 2026 03:12:48 +0000. Up 45.04 seconds.
ci-info: no authorized SSH keys fingerprints found for user alpine.
cloud-init: #############################################################
cloud-init: -----BEGIN SSH HOST KEY FINGERPRINTS-----
cloud-init: 1024 SHA256:t8eq4SQIQygH5yz+C6RyD1eVPWrTWiFKreOw3mN7mrg root@agent-2 (DSA)
cloud-init: 256 SHA256:sfgb1cRYMwtMQvezOyDuzs5Uafkm8g+lO0M3LRJ3VJk root@agent-2 (ECDSA)
cloud-init: 256 SHA256:oLTHn5hn3gMyE8JtVKLEdsGC++gkVvg3a2TjZoGoo0c root@agent-2 (ED25519)
cloud-init: 3072 SHA256:vX3JLeOct39eCYQB8v5Ewaponm9FDZ3okj/LGv+dJ38 root@agent-2 (RSA)
cloud-init: -----END SSH HOST KEY FINGERPRINTS-----
cloud-init: #############################################################
-----BEGIN SSH HOST KEY KEYS-----
ecdsa-sha2-nistp256 AAAAE2VjZHNhLXNoYTItbmlzdHAyNTYAAAAIbmlzdHAyNTYAAABBBKGT2JbR8E10ZYx0cwRc9tSptEHLSOu9K3r/qdTAmQtJGF9dDz8Oc7xjUUu75K3Ch/cRI+IsOyim8CpEGj+9uV0= root@agent-2
ssh-ed25519 AAAAC3NzaC1lZDI1NTE5AAAAIBxeRKGyz59eiVGvzKjRb3BQV317Uc89+60pT0Py2tzI root@agent-2
ssh-rsa AAAAB3NzaC1yc2EAAAADAQABAAABgQDxYOEruoEs0uftW+RHFj4AwW+O1hoTPNNeuf4UJYv31ctZPfyezEAZe3DRzI+mRl9HvU3lV0XueLYDmbfH9TqGXwADqq116844bHj3jBa0C58SlKjL07bROMQc7+joP2Nu7tpBxeznoLGWOTJp8vccGBis2u+Z9VMdwCO8Fvq7eMfsVIa1zw3EiAP1552MRwzkeHaJFaO6EuNzCywUeIRiiHO420dHzdU5pgMiKgn7FUN3kICy5XvANkMS3QH541cEv7Mo/rnh2b4pqFUBdzWTJqf0bZffDemMHtLxi3a0J985uCkwLY/wAXEtWRNNjnw5+VTBJnzDAgGuZF2ySL9zpzoCiM7cqWfs3e/FoHyShl1wkatoIp5R564JiKiYORAfFrsmNGMAgHWpTXANTvGlTgH19RQFclDpe+zbdCqn4AnZEwvW0T9qDV6hRkuWuozzmbK4Eh5GkpGH+EpfjihkjdG5rS2zRgMwZ9HZt+K3K8tRWJFy1V5ayYQsVSsWUk0= root@agent-2
-----END SSH HOST KEY KEYS-----
Cloud-init v. 23.4 finished at Fri, 06 Mar 2026 03:12:48 +0000. Datasource DataSourceNoCloud [seed=/dev/vdb][dsmode=net].  Up 45.15 seconds
 [ ok ]

Welcome to Alpine Linux 3.19
Kernel 6.6.4-1-virt on an x86_64 (/dev/ttyS0)

agent-2 login: 