c[?7l[2J[0mSeaBIOS (version 1.15.0-1)


iPXE (https://ipxe.org) 00:03.0 CA00 PCI2.10 PnP PMM+BFF8B380+BFECB380 CA00
Press Ctrl-B to configure iPXE (PCI 00:03.0)...                                                                               


Booting from Hard Disk...

SYSLINUX 6.04 EDD 6.04-pre1 Copyright (C) 1994-2015 H. Peter Anvin et al

SYSLINUX 6.04 6.04-pre1 Copyright (C) 1994-2015 H. Peter Anvin et al
[2Je%@)0(B[0;37;40m[?25l[2J[23;16HAlpine will be booted automatically in [0;1m1[0m seconds[23;16H[0;3.7;40mAlpine will be booted automatically in [0;1;37;40m1[0;37;40m seconds.[23;16H                                                 [23;16H[0;37;40m                                                  [?25h[24;1H[0m 
Loading vmlinuz-virt...Loading vmlinuz-virt...  ook
k
Loading initramfs-virt..Loading initramfs-virt....ookk

c[?7l[2J[    0.000000] Linux version 6.6.4-1-virt (buildozer@build-3-19-x86_64) (gcc (Alpine 13.2.1_git20231014) 13.2.1 20231014, GNU ld (GNU Binutils) 2.41) #2-Alpine SMP PREEMPT_DYNAMIC Tue, 05 Dec 2023 20:25:50 +0000
[    0.000000] Command line: BOOT_IMAGE=vmlinuz-virt root=LABEL=/ modules=sd-mod,usb-storage,ext4 console=ttyS0,115200n8 initrd=initramfs-virt
[    0.000000] BIOS-provided physical RAM map:
[    0.000000] BIOS-e820: [mem 0x0000000000000000-0x000000000009fbff] usable
[    0.000000] BIOS-e820: [mem 0x000000000009fc00-0x000000000009ffff] reserved
[    0.000000] BIOS-e820: [mem 0x00000000000f0000-0x00000000000fffff] reserved
[    0.000000] BIOS-e820: [mem 0x0000000000100000-0x00000000bffd9fff] usable
[    0.000000] BIOS-e820: [mem 0x00000000bffda000-0x00000000bfffffff] reserved
[    0.000000] BIOS-e820: [mem 0x00000000feffc000-0x00000000feffffff] reserved
[    0.000000] BIOS-e820: [mem 0x00000000fffc0000-0x00000000ffffffff] reserved
[    0.000000] BIOS-e820: [mem 0x0000000100000000-0x000000013fffffff] usable
[    0.000000] NX (Execute Disable) protection: active
[    0.000000] APIC: Static calls initialized
[    0.000000] SMBIOS 2.8 present.
[    0.000000] DMI: QEMU Standard PC (i440FX + PIIX, 1996), BIOS 1.15.0-1 04/01/2014
[    0.000000] Hypervisor detected: KVM
[    0.000000] kvm-clock: Using msrs 4b564d01 and 4b564d00
[    0.000001] kvm-clock: using sched offset of 2401338416 cycles
[    0.000003] clocksource: kvm-clock: mask: 0xffffffffffffffff max_cycles: 0x1cd42e4dffb, max_idle_ns: 881590591483 ns
[    0.000007] tsc: Detected 2799.998 MHz processor
[    0.000883] last_pfn = 0x140000 max_arch_pfn = 0x400000000
[    0.001293] MTRR map: 4 entries (3 fixed + 1 variable; max 19), built from 8 variable MTRRs
[    0.001309] x86/PAT: Configuration [0-7]: WB  WC  UC- UC  WB  WP  UC- WT  
[    0.001783] last_pfn = 0xbffda max_arch_pfn = 0x400000000
[    0.002176] RAMDISK: [mem 0x7f71e000-0x7fffffff]
[    0.002179] ACPI: Early table checksum verification disabled
[    0.002185] ACPI: RSDP 0x00000000000F59A0 000014 (v00 BOCHS )
[    0.002190] ACPI: RSDT 0x00000000BFFE1975 000034 (v01 BOCHS  BXPC     00000001 BXPC 00000001)
[    0.002196] ACPI: FACP 0x00000000BFFE1821 000074 (v01 BOCHS  BXPC     00000001 BXPC 00000001)
[    0.002226] ACPI: DSDT 0x00000000BFFE0040 0017E1 (v01 BOCHS  BXPC     00000001 BXPC 00000001)
[    0.002230] ACPI: FACS 0x00000000BFFE0000 000040
[    0.002233] ACPI: APIC 0x00000000BFFE1895 000080 (v01 BOCHS  BXPC     00000001 BXPC 00000001)
[    0.002236] ACPI: HPET 0x00000000BFFE1915 000038 (v01 BOCHS  BXPC     00000001 BXPC 00000001)
[    0.002239] ACPI: WAET 0x00000000BFFE194D 000028 (v01 BOCHS  BXPC     00000001 BXPC 00000001)
[    0.002241] ACPI: Reserving FACP table memory at [mem 0xbffe1821-0xbffe1894]
[    0.002243] ACPI: Reserving DSDT table memory at [mem 0xbffe0040-0xbffe1820]
[    0.002244] ACPI: Reserving FACS table memory at [mem 0xbffe0000-0xbffe003f]
[    0.002244] ACPI: Reserving APIC table memory at [mem 0xbffe1895-0xbffe1914]
[    0.002245] ACPI: Reserving HPET table memory at [mem 0xbffe1915-0xbffe194c]
[    0.002245] ACPI: Reserving WAET table memory at [mem 0xbffe194d-0xbffe1974]
[    0.002621] Zone ranges:
[    0.002623]   DMA      [mem 0x0000000000001000-0x0000000000ffffff]
[    0.002625]   DMA32    [mem 0x0000000001000000-0x00000000ffffffff]
[    0.002627]   Normal   [mem 0x0000000100000000-0x000000013fffffff]
[    0.002628] Movable zone start for each node
[    0.002628] Early memory node ranges
[    0.002629]   node   0: [mem 0x0000000000001000-0x000000000009efff]
[    0.002630]   node   0: [mem 0x0000000000100000-0x00000000bffd9fff]
[    0.002631]   node   0: [mem 0x0000000100000000-0x000000013fffffff]
[    0.002632] Initmem setup node 0 [mem 0x0000000000001000-0x000000013fffffff]
[    0.002718] On node 0, zone DMA: 1 pages in unavailable ranges
[    0.003945] On node 0, zone DMA: 97 pages in unavailable ranges
[    0.354672] On node 0, zone Normal: 38 pages in unavailable ranges
[    0.357871] ACPI: PM-Timer IO Port: 0x608
[    0.357912] ACPI: LAPIC_NMI (acpi_id[0xff] dfl dfl lint[0x1])
[    0.358097] IOAPIC[0]: apic_id 0, version 17, address 0xfec00000, GSI 0-23
[    0.358101] ACPI: INT_SRC_OVR (bus 0 bus_irq 0 global_irq 2 dfl dfl)
[    0.358104] ACPI: INT_SRC_OVR (bus 0 bus_irq 5 global_irq 5 high level)
[    0.358106] ACPI: INT_SRC_OVR (bus 0 bus_irq 9 global_irq 9 high level)
[    0.358107] ACPI: INT_SRC_OVR (bus 0 bus_irq 10 global_irq 10 high level)
[    0.358108] ACPI: INT_SRC_OVR (bus 0 bus_irq 11 global_irq 11 high level)
[    0.358112] ACPI: Using ACPI (MADT) for SMP configuration information
[    0.358114] ACPI: HPET id: 0x8086a201 base: 0xfed00000
[    0.358151] smpboot: Allowing 2 CPUs, 0 hotplug CPUs
[    0.358205] kvm-guest: APIC: eoi() replaced with kvm_guest_apic_eoi_write()
[    0.358258] [mem 0xc0000000-0xfeffbfff] available for PCI devices
[    0.358260] Booting paravirtualized kernel on KVM
[    0.358261] clocksource: refined-jiffies: mask: 0xffffffff max_cycles: 0xffffffff, max_idle_ns: 19112604462750000 ns
[    0.361807] setup_percpu: NR_CPUS:256 nr_cpumask_bits:2 nr_cpu_ids:2 nr_node_ids:1
[    0.372508] percpu: Embedded 57 pages/cpu s195048 r8192 d30232 u1048576
[    0.372632] kvm-guest: PV spinlocks disabled, no host support
[    0.372634] Kernel command line: BOOT_IMAGE=vmlinuz-virt root=LABEL=/ modules=sd-mod,usb-storage,ext4 console=ttyS0,115200n8 initrd=initramfs-virt
[    0.372689] Unknown kernel command line parameters "BOOT_IMAGE=vmlinuz-virt modules=sd-mod,usb-storage,ext4", will be passed to user space.
[    0.393860] Dentry cache hash table entries: 524288 (order: 10, 4194304 bytes, linear)
[    0.404698] Inode-cache hash table entries: 262144 (order: 9, 2097152 bytes, linear)
[    0.404920] Built 1 zonelists, mobility grouping on.  Total pages: 1031898
[    0.417100] mem auto-init: stack:all(zero), heap alloc:on, heap free:off
[    0.417109] software IO TLB: area num 2.
[    0.811763] Memory: 4012148K/4193760K available (12288K kernel code, 1744K rwdata, 8008K rodata, 2640K init, 2300K bss, 181352K reserved, 0K cma-reserved)
[    0.819128] SLUB: HWalign=64, Order=0-3, MinObjects=0, CPUs=2, Nodes=1
[    0.819550] Kernel/User page tables isolation: enabled
[    0.841227] Dynamic Preempt: none
[    0.841788] rcu: Preemptible hierarchical RCU implementation.
[    0.841808] rcu: 	RCU restricting CPUs from NR_CPUS=256 to nr_cpu_ids=2.
[    0.841849] 	Trampoline variant of Tasks RCU enabled.
[    0.841869] 	Tracing variant of Tasks RCU enabled.
[    0.841889] rcu: RCU calculated value of scheduler-enlistment delay is 10 jiffies.
[    0.841890] rcu: Adjusting geometry for rcu_fanout_leaf=16, nr_cpu_ids=2
[    0.853858] NR_IRQS: 16640, nr_irqs: 440, preallocated irqs: 16
[    0.855099] rcu: srcu_init: Setting srcu_struct sizes based on contention.
[    0.855544] kfence: initialized - using 2097152 bytes for 255 objects at 0x(____ptrval____)-0x(____ptrval____)
[    0.881659] Console: colour VGA+ 80x25
[    0.882205] printk: console [ttyS0] enabled
[    1.216988] ACPI: Core revision 20230628
[    1.220499] clocksource: hpet: mask: 0xffffffff max_cycles: 0xffffffff, max_idle_ns: 19112604467 ns
[    1.226088] APIC: Switch to symmetric I/O mode setup
[    1.230479] x2apic enabled
[    1.233782] APIC: Switched APIC routing to: physical x2apic
[    1.243395] ..TIMER: vector=0x30 apic1=0 pin1=2 apic2=-1 pin2=-1
[    1.246791] clocksource: tsc-early: mask: 0xffffffffffffffff max_cycles: 0x285c3ee517e, max_idle_ns: 440795257231 ns
[    1.252342] Calibrating delay loop (skipped) preset value.. 5599.99 BogoMIPS (lpj=27999980)
[    1.263515] Last level iTLB entries: 4KB 0, 2MB 0, 4MB 0
[    1.266333] Last level dTLB entries: 4KB 0, 2MB 0, 4MB 0, 1GB 0
[    1.269547] Spectre V1 : Mitigation: usercopy/swapgs barriers and __user pointer sanitization
[    1.272343] Spectre V2 : Mitigation: Retpolines
[    1.274809] Spectre V2 : Spectre v2 / SpectreRSB mitigation: Filling RSB on context switch
[    1.279137] Spectre V2 : Spectre v2 / SpectreRSB : Filling RSB on VMEXIT
[    1.282320] Speculative Store Bypass: Vulnerable
[    1.284827] MDS: Vulnerable: Clear CPU buffers attempted, no microcode
[    1.288271] MMIO Stale Data: Unknown: No mitigations
[    1.292361] x86/fpu: x87 FPU will use FXSAVE
[    1.344438] Freeing SMP alternatives memory: 32K
[    1.346950] pid_max: default: 32768 minimum: 301
[    1.350116] LSM: initializing lsm=capability,landlock,lockdown,integrity
[    1.353105] landlock: Up and running.
[    1.355686] Mount-cache hash table entries: 8192 (order: 4, 65536 bytes, linear)
[    1.359992] Mountpoint-cache hash table entries: 8192 (order: 4, 65536 bytes, linear)
[    1.488974] smpboot: CPU0: Intel QEMU Virtual CPU version 2.5+ (family: 0xf, model: 0x6b, stepping: 0x1)
[    1.492315] RCU Tasks: Setting shift to 1 and lim to 1 rcu_task_cb_adjust=1.
[    1.492435] RCU Tasks Trace: Setting shift to 1 and lim to 1 rcu_task_cb_adjust=1.
[    1.496583] Performance Events: unsupported Netburst CPU model 107 no PMU driver, software events only.
[    1.502651] signal: max sigframe size: 1440
[    1.505197] rcu: Hierarchical SRCU implementation.
[    1.507779] rcu: 	Max phase no-delay instances is 1000.
[    1.512835] NMI watchdog: Perf NMI watchdog permanently disabled
[    1.516513] smp: Bringing up secondary CPUs ...
[    1.520065] smpboot: x86: Booting SMP configuration:
[    1.522322] .... node  #0, CPUs:      #1
[    1.534415] smp: Brought up 1 node, 2 CPUs
[    1.542330] smpboot: Max logical packages: 1
[    1.544628] ----------------
[    1.546180] | NMI testsuite:
[    1.547741] --------------------
[    1.549483]   remote IPI:  ok  |
[    1.551322]    local IPI:  ok  |
[    1.552323] --------------------
[    1.554093] Good, all   2 testcases passed! |
[    1.556403] ---------------------------------
[    1.558737] smpboot: Total of 2 processors activated (11199.99 BogoMIPS)
[    1.564065] devtmpfs: initialized
[    1.564307] x86/mm: Memory block size: 128MB
[    1.572544] clocksource: jiffies: mask: 0xffffffff max_cycles: 0xffffffff, max_idle_ns: 19112604462750000 ns
[    1.577952] futex hash table entries: 512 (order: 3, 32768 bytes, linear)
[    1.595690] NET: Registered PF_NETLINK/PF_ROUTE protocol family
[    1.599204] audit: initializing netlink subsys (disabled)
[    1.602372] audit: type=2000 audit(1772766725.883:1): state=initialized audit_enabled=0 res=1
[    1.602553] thermal_sys: Registered thermal governor 'step_wise'
[    1.606943] cpuidle: using governor ladder
[    1.612338] cpuidle: using governor menu
[    1.614750] acpiphp: ACPI Hot Plug PCI Controller Driver version: 0.5
[    1.621214] PCI: Using configuration type 1 for base access
[    1.622718] kprobes: kprobe jump-optimization is enabled. All kprobes are optimized if possible.
[    1.632918] HugeTLB: registered 2.00 MiB page size, pre-allocated 0 pages
[    1.635954] HugeTLB: 28 KiB vmemmap can be freed for a 2.00 MiB page
[    1.642688] ACPI: Added _OSI(Module Device)
[    1.644962] ACPI: Added _OSI(Processor Device)
[    1.647326] ACPI: Added _OSI(3.0 _SCP Extensions)
[    1.649845] ACPI: Added _OSI(Processor Aggregator Device)
[    1.652969] ACPI: 1 ACPI AML tables successfully acquired and loaded
[    1.657940] ACPI: _OSC evaluation for CPUs failed, trying _PDC
[    1.661123] ACPI: Interpreter enabled
[    1.662394] ACPI: PM: (supports S0 S3 S5)
[    1.664593] ACPI: Using IOAPIC for interrupt routing
[    1.667262] PCI: Using host bridge windows from ACPI; if necessary, use "pci=nocrs" and report a bug
[    1.672320] PCI: Using E820 reservations for host bridge windows
[    1.675723] ACPI: Enabled 2 GPEs in block 00 to 0F
[    1.685184] ACPI: PCI Root Bridge [PCI0] (domain 0000 [bus 00-ff])
[    1.688526] acpi PNP0A03:00: _OSC: OS supports [ASPM ClockPM Segments MSI HPX-Type3]
[    1.692327] acpi PNP0A03:00: _OSC: not requesting OS control; OS requires [ExtendedConfig ASPM ClockPM MSI]
[    1.697426] acpi PNP0A03:00: fail to add MMCONFIG information, can't access extended configuration space under this bridge
[    1.702890] acpiphp: Slot [3] registered
[    1.705615] acpiphp: Slot [4] registered
[    1.707894] acpiphp: Slot [5] registered
[    1.712370] acpiphp: Slot [6] registered
[    1.714524] acpiphp: Slot [7] registered
[    1.716697] acpiphp: Slot [8] registered
[    1.718846] acpiphp: Slot [9] registered
[    1.721047] acpiphp: Slot [10] registered
[    1.722371] acpiphp: Slot [11] registered
[    1.724609] acpiphp: Slot [12] registered
[    1.726811] acpiphp: Slot [13] registered
[    1.728987] acpiphp: Slot [14] registered
[    1.732370] acpiphp: Slot [15] registered
[    1.734543] acpiphp: Slot [16] registered
[    1.736730] acpiphp: Slot [17] registered
[    1.738984] acpiphp: Slot [18] registered
[    1.741204] acpiphp: Slot [19] registered
[    1.742378] acpiphp: Slot [20] registered
[    1.744568] acpiphp: Slot [21] registered
[    1.746775] acpiphp: Slot [22] registered
[    1.749001] acpiphp: Slot [23] registered
[    1.752369] acpiphp: Slot [24] registered
[    1.754601] acpiphp: Slot [25] registered
[    1.756854] acpiphp: Slot [26] registered
[    1.759130] acpiphp: Slot [27] registered
[    1.761334] acpiphp: Slot [28] registered
[    1.762374] acpiphp: Slot [29] registered
[    1.764556] acpiphp: Slot [30] registered
[    1.766766] acpiphp: Slot [31] registered
[    1.769067] PCI host bridge to bus 0000:00
[    1.772323] pci_bus 0000:00: root bus resource [io  0x0000-0x0cf7 window]
[    1.775865] pci_bus 0000:00: root bus resource [io  0x0d00-0xffff window]
[    1.779467] pci_bus 0000:00: root bus resource [mem 0x000a0000-0x000bffff window]
[    1.782320] pci_bus 0000:00: root bus resource [mem 0xc0000000-0xfebfffff window]
[    1.786279] pci_bus 0000:00: root bus resource [mem 0x140000000-0x1bfffffff window]
[    1.790362] pci_bus 0000:00: root bus resource [bus 00-ff]
[    1.792553] pci 0000:00:00.0: [8086:1237] type 00 class 0x060000
[    1.798706] pci 0000:00:01.0: [8086:7000] type 00 class 0x060100
[    1.805298] pci 0000:00:01.1: [8086:7010] type 00 class 0x010180
[    1.814597] pci 0000:00:01.1: reg 0x20: [io  0xc160-0xc16f]
[    1.819116] pci 0000:00:01.1: legacy IDE quirk: reg 0x10: [io  0x01f0-0x01f7]
[    1.822326] pci 0000:00:01.1: legacy IDE quirk: reg 0x14: [io  0x03f6]
[    1.825800] pci 0000:00:01.1: legacy IDE quirk: reg 0x18: [io  0x0170-0x0177]
[    1.829703] pci 0000:00:01.1: legacy IDE quirk: reg 0x1c: [io  0x0376]
[    1.835956] pci 0000:00:01.3: [8086:7113] type 00 class 0x068000
[    1.843622] pci 0000:00:01.3: quirk: [io  0x0600-0x063f] claimed by PIIX4 ACPI
[    1.847481] pci 0000:00:01.3: quirk: [io  0x0700-0x070f] claimed by PIIX4 SMB
[    1.852666] pci 0000:00:02.0: [1234:1111] type 00 class 0x030000
[    1.880389] pci 0000:00:02.0: reg 0x10: [mem 0xfd000000-0xfdffffff pref]
[    1.887427] pci 0000:00:02.0: reg 0x18: [mem 0xfeb90000-0xfeb90fff]
[    1.903987] pci 0000:00:02.0: reg 0x30: [mem 0xfeb80000-0xfeb8ffff pref]
[    1.912431] pci 0000:00:02.0: Video device with shadowed ROM at [mem 0x000c0000-0x000dffff]
[    1.923537] pci 0000:00:03.0: [1af4:1000] type 00 class 0x020000
[    1.928124] pci 0000:00:03.0: reg 0x10: [io  0xc140-0xc15f]
[    1.932322] pci 0000:00:03.0: reg 0x14: [mem 0xfeb91000-0xfeb91fff]
[    1.939629] pci 0000:00:03.0: reg 0x20: [mem 0xfe000000-0xfe003fff 64bit pref]
[    1.944116] pci 0000:00:03.0: reg 0x30: [mem 0xfeb00000-0xfeb7ffff pref]
[    1.954882] pci 0000:00:04.0: [1af4:1009] type 00 class 0x000200
[    1.959855] pci 0000:00:04.0: reg 0x10: [io  0xc100-0xc13f]
[    1.963346] pci 0000:00:04.0: reg 0x14: [mem 0xfeb92000-0xfeb92fff]
[    1.970252] pci 0000:00:04.0: reg 0x20: [mem 0xfe004000-0xfe007fff 64bit pref]
[    1.977952] pci 0000:00:05.0: [1af4:1001] type 00 class 0x010000
[    1.983920] pci 0000:00:05.0: reg 0x10: [io  0xc000-0xc07f]
[    1.988572] pci 0000:00:05.0: reg 0x14: [mem 0xfeb93000-0xfeb93fff]
[    1.996633] pci 0000:00:05.0: reg 0x20: [mem 0xfe008000-0xfe00bfff 64bit pref]
[    2.007105] pci 0000:00:06.0: [1af4:1001] type 00 class 0x010000
[    2.012322] pci 0000:00:06.0: reg 0x10: [io  0xc080-0xc0ff]
[    2.016608] pci 0000:00:06.0: reg 0x14: [mem 0xfeb94000-0xfeb94fff]
[    2.024384] pci 0000:00:06.0: reg 0x20: [mem 0xfe00c000-0xfe00ffff 64bit pref]
[    2.036728] ACPI: PCI: Interrupt link LNKA configured for IRQ 10
[    2.040523] ACPI: PCI: Interrupt link LNKB configured for IRQ 10
[    2.042588] ACPI: PCI: Interrupt link LNKC configured for IRQ 11
[    2.045958] ACPI: PCI: Interrupt link LNKD configured for IRQ 11
[    2.049249] ACPI: PCI: Interrupt link LNKS configured for IRQ 9
[    2.054894] iommu: Default domain type: Translated
[    2.057514] iommu: DMA domain TLB invalidation policy: lazy mode
[    2.064481] SCSI subsystem initialized
[    2.066708] pps_core: LinuxPPS API ver. 1 registered
[    2.066708] pps_core: Software ver. 5.3.6 - Copyright 2005-2007 Rodolfo Giometti <giometti@linux.it>
[    2.070660] PTP clock support registered
[    2.075389] PCI: Using ACPI for IRQ routing
[    2.083714] hpet: 3 channels of 0 reserved for per-cpu timers
[    2.092326] clocksource: Switched to clocksource kvm-clock
[    2.109333] VFS: Disk quotas dquot_6.6.0
[    2.111586] VFS: Dquot-cache hash table entries: 512 (order 0, 4096 bytes)
[    2.115755] pnp: PnP ACPI init
[    2.118632] pnp: PnP ACPI: found 6 devices
[    2.136384] clocksource: acpi_pm: mask: 0xffffff max_cycles: 0xffffff, max_idle_ns: 2085701024 ns
[    2.141738] NET: Registered PF_INET protocol family
[    2.147258] IP idents hash table entries: 65536 (order: 7, 524288 bytes, linear)
[    2.153787] tcp_listen_portaddr_hash hash table entries: 2048 (order: 3, 32768 bytes, linear)
[    2.159702] Table-perturb hash table entries: 65536 (order: 6, 262144 bytes, linear)
[    2.165113] TCP established hash table entries: 32768 (order: 6, 262144 bytes, linear)
[    2.174871] TCP bind hash table entries: 32768 (order: 8, 1048576 bytes, linear)
[    2.179071] TCP: Hash tables configured (established 32768 bind 32768)
[    2.184052] UDP hash table entries: 2048 (order: 4, 65536 bytes, linear)
[    2.188112] UDP-Lite hash table entries: 2048 (order: 4, 65536 bytes, linear)
[    2.192198] NET: Registered PF_UNIX/PF_LOCAL protocol family
[    2.195537] NET: Registered PF_XDP protocol family
[    2.198301] pci_bus 0000:00: resource 4 [io  0x0000-0x0cf7 window]
[    2.201578] pci_bus 0000:00: resource 5 [io  0x0d00-0xffff window]
[    2.204827] pci_bus 0000:00: resource 6 [mem 0x000a0000-0x000bffff window]
[    2.208492] pci_bus 0000:00: resource 7 [mem 0xc0000000-0xfebfffff window]
[    2.212201] pci_bus 0000:00: resource 8 [mem 0x140000000-0x1bfffffff window]
[    2.216067] pci 0000:00:01.0: PIIX3: Enabling Passive Release
[    2.219294] pci 0000:00:00.0: Limiting direct PCI/PCI transfers
[    2.222912] PCI: CLS 0 bytes, default 64
[    2.225190] PCI-DMA: Using software bounce buffering for IO (SWIOTLB)
[    2.226019] Unpacking initramfs...
[    2.228644] software IO TLB: mapped [mem 0x00000000bbfda000-0x00000000bffda000] (64MB)
[    2.228966] clocksource: tsc: mask: 0xffffffffffffffff max_cycles: 0x285c3ee517e, max_idle_ns: 440795257231 ns
[    2.241333] Initialise system trusted keyrings
[    2.244382] workingset: timestamp_bits=46 max_order=20 bucket_order=0
[    2.248010] zbud: loaded
[    2.250193] Key type asymmetric registered
[    2.252403] Asymmetric key parser 'x509' registered
[    2.255337] Block layer SCSI generic (bsg) driver version 0.4 loaded (major 247)
[    2.259787] io scheduler mq-deadline registered
[    2.262232] io scheduler kyber registered
[    2.264519] io scheduler bfq registered
[    2.267986] ERST DBG: ERST support is disabled.
[    2.283006] ACPI: \_SB_.LNKC: Enabled at IRQ 11
[    2.301557] ACPI: \_SB_.LNKD: Enabled at IRQ 10
[    2.320217] ACPI: \_SB_.LNKA: Enabled at IRQ 10
[    2.338653] ACPI: \_SB_.LNKB: Enabled at IRQ 11
[    2.347281] Serial: 8250/16550 driver, 4 ports, IRQ sharing enabled
[    2.351644] 00:04: ttyS0 at I/O 0x3f8 (irq = 4, base_baud = 115200) is a 16550A
[    2.362406] VMware PVSCSI driver - version 1.0.7.0-k
[    2.369621] scsi host0: ata_piix
[    2.372334] scsi host1: ata_piix
[    2.374395] ata1: PATA max MWDMA2 cmd 0x1f0 ctl 0x3f6 bmdma 0xc160 irq 14
[    2.378092] ata2: PATA max MWDMA2 cmd 0x170 ctl 0x376 bmdma 0xc168 irq 15
[    2.382179] i8042: PNP: PS/2 Controller [PNP0303:KBD,PNP0f13:MOU] at 0x60,0x64 irq 1,12
[    2.393408] serio: i8042 KBD port at 0x60,0x64 irq 1
[    2.396102] serio: i8042 AUX port at 0x60,0x64 irq 12
[    2.399030] rtc_cmos 00:05: RTC can wake from S4
[    2.407221] input: AT Translated Set 2 keyboard as /devices/platform/i8042/serio0/input/input0
[    2.413446] rtc_cmos 00:05: registered as rtc0
[    2.416227] rtc_cmos 00:05: setting system clock to 2026-03-06T03:12:06 UTC (1772766726)
[    2.420929] rtc_cmos 00:05: alarms up to one day, y3k, 242 bytes nvram, hpet irqs
[    2.425101] intel_pstate: CPU model not supported
[    2.428054] gre: GRE over IPv4 demultiplexor driver
[    2.449266] Freeing initrd memory: 9096K
[    2.479214] Key type dns_resolver registered
[    2.481711] IPI shorthand broadcast: enabled
[    2.489184] sched_clock: Marking stable (2110033028, 377115968)->(2487297203, -148207)
[    2.495604] registered taskstats version 1
[    2.498260] Loading compiled-in X.509 certificates
[    2.508687] Loaded X.509 cert 'alpinelinux.org: Alpine Linux kernel key: d76a695f66ad9cd28f5c22a8508f36e91f521f7a'
[    2.517703] Key type .fscrypt registered
[    2.519797] Key type fscrypt-provisioning registered
[    2.558619] ata2: found unknown device (class 0)
[    2.562014] ata2.00: ATAPI: QEMU DVD-ROM, 2.5+, max UDMA/100
[    2.567706] scsi 1:0:0:0: CD-ROM            QEMU     QEMU DVD-ROM     2.5+ PQ: 0 ANSI: 5
[    2.619500] Freeing unused kernel image (initmem) memory: 2640K
[    2.647296] Write protecting the kernel read-only data: 20480k
[    2.650286] Freeing unused kernel image (rodata/data gap) memory: 184K
[    2.652444] rodata_test: all tests were successful
[    2.653968] Run /init as init process
[    2.669098] Alpine Init 3.9.0-r0
Alpine Init 3.9.0-r0
[    2.671386] Loading boot drivers...
 * Loading boot drivers: [    2.717044] ACPI: bus type USB registered
[    2.718500] usbcore: registered new interface driver usbfs
[    2.720240] usbcore: registered new interface driver hub
[    2.721944] usbcore: registered new device driver usb
[    2.728394] usbcore: registered new interface driver usb-storage
[    2.923401] loop: module loaded
[    2.979948] ACPI: bus type drm_connector registered
[    3.014171] Loading boot drivers: ok.
ok.
[    3.019733] Mounting root...
 * Mounting root: [    3.072631] piix4_smbus 0000:00:01.3: SMBus Host Controller at 0x700, revision 0
[    3.095253] [drm] Found bochs VGA, ID 0xb0c5.
[    3.096666] [drm] Framebuffer size 16384 kB @ 0xfd000000, mmio @ 0xfeb90000.
[    3.105246] [drm] Found EDID data blob.
[    3.106855] [drm] Initialized bochs-drm 1.0.0 20130925 for 0000:00:02.0 on minor 0
[    3.150479] Console: switching to colour frame buffer device 128x48
[    3.153396] bochs-drm 0000:00:02.0: [drm] fb0: bochs-drmdrmfb frame buffer device
[    3.329763] sr 1:0:0:0: [sr0] scsi3-mmc drive: 4x/4x cd/rw xa/form2 tray
[    3.331842] cdrom: Uniform CD-ROM driver Revision: 3.20
[    3.434350] virtio_blk virtio2: 2/0/0 default/read/poll queues
[    3.440907] virtio_blk virtio2: [vda] 8388608 512-byte logical blocks (4.29 GB/4.00 GiB)
[    3.445255] virtio_blk virtio3: 2/0/0 default/read/poll queues
[    3.451479] virtio_blk virtio3: [vdb] 736 512-byte logical blocks (377 kB/368 KiB)
[    3.552767] block sr0: the capability attribute has been deprecated.
[    6.434105] EXT4-fs (vda): mounted filesystem 367ceb5a-a72a-4cc6-9140-e18812d3c81b ro with ordered data mode. Quota mode: none.
[    6.438252] Mounting root: ok.
ok.

   OpenRC 0.52.1 is starting up Linux 6.6.4-1-virt (x86_64)

 * /proc is already mounted
 * Mounting /run ... [ ok ]
 * /run/openrc: creating directory
 * /run/lock: creating directory
 * /run/lock: correcting owner
 * Caching service dependencies ... [ ok ]
 * Remounting devtmpfs on /dev ... [ ok ]
 * Mounting /dev/mqueue ... [ ok ]
 * Mounting security filesystem ... [ ok ]
 * Mounting debug filesystem ... [ ok ]
 * Mounting persistent storage (pstore) filesystem ... [ ok ]
 * Starting busybox mdev ... [ ok ]
 * Scanning hardware for mdev ... [ ok ]
 * Loading hardware drivers ... [ ok ]
 * Loading modules ... [ ok ]
 * Setting system clock using the hardware clock [UTC] ... [ ok ]
 * Checking local filesystems  .../: clean, 8723/65536 files, 158031/262144 blocks
 [ ok ]
 * Remounting root filesystem read/write ... [ ok ]
 * Remounting filesystems ... [ ok ]
 * Activating swap devices ... [ ok ]
 * Mounting local filesystems ... [ ok ]
 * Starting busybox acpid ... [ ok ]
 * Configuring kernel parameters ... [ ok ]
 * Migrating /var/lock to /run/lock ... [ ok ]
 * Creating user login records ... [ ok ]
 * Cleaning /tmp directory ... [ ok ]
Cloud-init v. 23.4 running 'init-local' at Fri, 06 Mar 2026 03:12:15 +0000. Up 10.91 seconds.
 [ ok ]
 * Setting hostname ... [ ok ]
 * Starting busybox syslog ... [ ok ]
 * Mounting cgroup filesystem ... [ ok ]
 * Starting networking ... *   lo ... [ ok ]
 *   eth0 ... [ ok ]
 * /var/log/docker.log: creating file
 * /var/log/docker.log: correcting owner
 * Starting Docker Daemon ... [ ok ]
 * Starting benchmark agent ...
[1A[2Ka257f20c716c: Loading layer  557.1kB/81.04MB[1B[1A[2Ka257f20c716c: Loading layer  6.685MB/81.04MB[1B[1A[2Ka257f20c716c: Loading layer  12.26MB/81.04MB[1B[1A[2Ka257f20c716c: Loading layer  17.83MB/81.04MB[1B[1A[2Ka257f20c716c: Loading layer  22.84MB/81.04MB[1B[1A[2Ka257f20c716c: Loading layer  26.74MB/81.04MB[1B[1A[2Ka257f20c716c: Loading layer   31.2MB/81.04MB[1B[1A[2Ka257f20c716c: Loading layer  37.32MB/81.04MB[1B[1A[2Ka257f20c716c: Loading layer  44.01MB/81.04MB[1B[1A[2Ka257f20c716c: Loading layer  50.14MB/81.04MB[1B[1A[2Ka257f20c716c: Loading layer  55.71MB/81.04MB[1B[1A[2Ka257f20c716c: Loading layer  62.39MB/81.04MB[1B[1A[2Ka257f20c716c: Loading layer  66.29MB/81.04MB[1B[1A[2Ka257f20c716c: Loading layer  66.85MB/81.04MB[1B[1A[2Ka257f20c716c: Loading layer  67.96MB/81.04MB[1B[1A[2Ka257f20c716c: Loading layer   71.3MB/81.04MB[1B[1A[2Ka257f20c716c: Loading layer  74.09MB/81.04MB[1B[1A[2Ka257f20c716c: Loading layer  75.76MB/81.04MB[1B[1A[2Ka257f20c716c: Loading layer  77.43MB/81.04MB[1B[1A[2Ka257f20c716c: Loading layer   79.1MB/81.04MB[1B[1A[2Ka257f20c716c: Loading layer  81.04MB/81.04MB[1B
[1A[2Kb0c20bcd44fe: Loading layer  65.54kB/4.123MB[1B[1A[2Kb0c20bcd44fe: Loading layer  1.769MB/4.123MB[1B[1A[2Kb0c20bcd44fe: Loading layer  4.123MB/4.123MB[1B[1A[2Kb0c20bcd44fe: Loading layer  4.123MB/4.123MB[1B
[1A[2K5184c31ad48f: Loading layer  458.8kB/43.85MB[1B[1A[2K5184c31ad48f: Loading layer  2.294MB/43.85MB[1B[1A[2K5184c31ad48f: Loading layer  7.799MB/43.85MB[1B[1A[2K5184c31ad48f: Loading layer  10.55MB/43.85MB[1B[1A[2K5184c31ad48f: Loading layer  12.85MB/43.85MB[1B[1A[2K5184c31ad48f: Loading layer  16.52MB/43.85MB[1B[1A[2K5184c31ad48f: Loading layer  19.27MB/43.85MB[1B[1A[2K5184c31ad48f: Loading layer  22.94MB/43.85MB[1B[1A[2K5184c31ad48f: Loading layer  25.23MB/43.85MB[1B[1A[2K5184c31ad48f: Loading layer  27.53MB/43.85MB[1B[1A[2K5184c31ad48f: Loading layer  30.28MB/43.85MB[1B[1A[2K5184c31ad48f: Loading layer  33.03MB/43.85MB[1B[1A[2K5184c31ad48f: Loading layer  35.32MB/43.85MB[1B[1A[2K5184c31ad48f: Loading layer  37.16MB/43.85MB[1B[1A[2K5184c31ad48f: Loading layer  40.37MB/43.85MB[1B[1A[2K5184c31ad48f: Loading layer  43.85MB/43.85MB[1B
[1A[2Kfa1d322086e6: Loading layer   5.12kB/5.12kB[1B[1A[2Kfa1d322086e6: Loading layer   5.12kB/5.12kB[1B
[1A[2Kbdf610394df6: Loading layer  22.02kB/22.02kB[1B[1A[2Kbdf610394df6: Loading layer  22.02kB/22.02kB[1B
[1A[2K9258f4176a00: Loading layer  10.75kB/10.75kB[1B[1A[2K9258f4176a00: Loading layer  10.75kB/10.75kB[1BLoaded image: bench-worker:latest
 [ ok ]
 * Starting chronyd ... [ ok ]
 * Starting cloud-init-hotplugd ... [ ok ]
Cloud-init v. 23.4 running 'init' at Fri, 06 Mar 2026 03:18:03 +0000. Up 358.82 seconds.
ci-info: +++++++++++++++++++++++++++++++++++++++++Net device info++++++++++++++++++++++++++++++++++++++++++
ci-info: +-------------+------+------------------------------+---------------+--------+-------------------+
ci-info: |    Device   |  Up  |           Address            |      Mask     | Scope  |     Hw-Address    |
ci-info: +-------------+------+------------------------------+---------------+--------+-------------------+
ci-info: |   docker0   | True |          172.17.0.1          |  255.255.0.0  | global | 02:42:4d:be:14:a3 |
ci-info: |   docker0   | True |  fe80::42:4dff:febe:14a3/64  |       .       |  link  | 02:42:4d:be:14:a3 |
ci-info: |     eth0    | True |          10.0.2.15           | 255.255.255.0 | global | 52:54:00:12:34:56 |
ci-info: |     eth0    | True |  fec0::5054:ff:fe12:3456/64  |       .       |  site  | 52:54:00:12:34:56 |
ci-info: |     eth0    | True |  fe80::5054:ff:fe12:3456/64  |       .       |  link  | 52:54:00:12:34:56 |
ci-info: |      lo     | True |          127.0.0.1           |   255.0.0.0   |  host  |         .         |
ci-info: |      lo     | True |           ::1/128            |       .       |  host  |         .         |
ci-info: | veth258860a | True | fe80::4899:9ff:fec2:d044/64  |       .       |  link  | 4a:99:09:c2:d0:44 |
ci-info: | veth7c64f6e | True | fe80::e048:61ff:fecb:547/64  |       .       |  link  | e2:48:61:cb:05:47 |
ci-info: | veth7ccdfc1 | True | fe80::7068:95ff:fe1b:881a/64 |       .       |  link  | 72:68:95:1b:88:1a |
ci-info: | vetha5c854f | True | fe80::7877:93ff:fe17:4584/64 |       .       |  link  | 7a:77:93:17:45:84 |
ci-info: | vethbff29e8 | True |  fe80::8b:d7ff:fe2b:a7a0/64  |       .       |  link  | 02:8b:d7:2b:a7:a0 |
ci-info: +-------------+------+------------------------------+---------------+--------+-------------------+
ci-info: +++++++++++++++++++++++++++Route IPv4 info++++++++++++++++++++++++++++
ci-info: +-------+-------------+----------+---------------+-----------+-------+
ci-info: | Route | Destination | Gateway  |    Genmask    | Interface | Flags |
ci-info: +-------+-------------+----------+---------------+-----------+-------+
ci-info: |   0   |   0.0.0.0   | 10.0.2.2 |    0.0.0.0    |    eth0   |   UG  |
ci-info: |   1   |   10.0.2.0  | 0.0.0.0  | 255.255.255.0 |    eth0   |   U   |
ci-info: |   2   |  172.17.0.0 | 0.0.0.0  |  255.255.0.0  |  docker0  |   U   |
ci-info: +-------+-------------+----------+---------------+-----------+-------+
ci-info: ++++++++++++++++++++Route IPv6 info++++++++++++++++++++
ci-info: +-------+-------------+---------+-------------+-------+
ci-info: | Route | Destination | Gateway |  Interface  | Flags |
ci-info: +-------+-------------+---------+-------------+-------+
ci-info: |   0   |  fe80::/64  |    ::   |     eth0    |   U   |
ci-info: |   1   |  fe80::/64  |    ::   | veth7ccdfc1 |   U   |
ci-info: |   2   |  fe80::/64  |    ::   |   docker0   |   U   |
ci-info: |   3   |  fe80::/64  |    ::   | vetha5c854f |   U   |
ci-info: |   4   |  fe80::/64  |    ::   | vethbff29e8 |   U   |
ci-info: |   5   |  fe80::/64  |    ::   | veth7c64f6e |   U   |
ci-info: |   6   |  fe80::/64  |    ::   | veth258860a |   U   |
ci-info: |   7   |  fec0::/64  |    ::   |     eth0    |   Ue  |
ci-info: |   8   |     ::/0    | fe80::2 |     eth0    |  UGe  |
ci-info: |   10  |    local    |    ::   |   docker0   |   U   |
ci-info: |   11  |    local    |    ::   | vethbff29e8 |   U   |
ci-info: |   12  |    local    |    ::   | veth258860a |   U   |
ci-info: |   13  |    local    |    ::   |     eth0    |   U   |
ci-info: |   14  |    local    |    ::   | veth7ccdfc1 |   U   |
ci-info: |   15  |    local    |    ::   | vetha5c854f |   U   |
ci-info: |   16  |    local    |    ::   | veth7c64f6e |   U   |
ci-info: |   17  |    local    |    ::   |     eth0    |   U   |
ci-info: |   18  |  multicast  |    ::   |     eth0    |   U   |
ci-info: |   19  |  multicast  |    ::   | veth7ccdfc1 |   U   |
ci-info: |   20  |  multicast  |    ::   |   docker0   |   U   |
ci-info: |   21  |  multicast  |    ::   | vetha5c854f |   U   |
ci-info: |   22  |  multicast  |    ::   | vethbff29e8 |   U   |
ci-info: |   23  |  multicast  |    ::   | veth7c64f6e |   U   |
ci-info: |   24  |  multicast  |    ::   | veth258860a |   U   |
ci-info: +-------+-------------+---------+-------------+-------+
2026-03-06 03:18:03,743 - cloud_config.py[WARNING]: Failed at merging in cloud config part from part-001: empty cloud config
Generating public/private rsa key pair.
Your identification has been saved in /etc/ssh/ssh_host_rsa_key
Your public key has been saved in /etc/ssh/ssh_host_rsa_key.pub
The key fingerprint is:
SHA256:mdXff1icXsdIi53XFUUeMqQCWBXjLAxQVHr07qgFdyA root@agent-0
The key's randomart image is:
+---[RSA 3072]----+
|   .+++=.+. .+ ++|
|     .= = ... o.o|
|     E = =... . o|
|      o ++.  = B+|
|     . .So  . *.X|
|      o +     .++|
|       o .    ..o|
|      o         .|
|     .           |
+----[SHA256]-----+
Generating public/private dsa key pair.
Your identification has been saved in /etc/ssh/ssh_host_dsa_key
Your public key has been saved in /etc/ssh/ssh_host_dsa_key.pub
The key fingerprint is:
SHA256:lqEXXWzgfn6g1/ItbCfGjzrMeSBtFuxHlAG+WsprCL8 root@agent-0
The key's randomart image is:
+---[DSA 1024]----+
|          .oo..o |
|         o oo o  |
|        o oo..   |
|       . =  o..  |
|      . S .o=o   |
|      .o ..B*o.  |
|       o .=*+*o  |
|        o .o=+Oo.|
|        Eo. .*o=o|
+----[SHA256]-----+
Generating public/private ecdsa key pair.
Your identification has been saved in /etc/ssh/ssh_host_ecdsa_key
Your public key has been saved in /etc/ssh/ssh_host_ecdsa_key.pub
The key fingerprint is:
SHA256:kLaYs0uzXoN1GA6zffoYfM+5BNsSVmjC6fQBC+/pwQ8 root@agent-0
The key's randomart image is:
+---[ECDSA 256]---+
|    . .          |
|     + = .       |
|    o % + .      |
|     # X o       |
|    = E S        |
|     B O =       |
|    = B = o      |
|   . = * = .     |
|   .+ . . =.     |
+----[SHA256]-----+
Generating public/private ed25519 key pair.
Your identification has been saved in /etc/ssh/ssh_host_ed25519_key
Your public key has been saved in /etc/ssh/ssh_host_ed25519_key.pub
The key fingerprint is:
SHA256:Q5cbZKIDyxndSwTD+7lAJfXgmEJ1HIqb8FAxcskxF7Q root@agent-0
The key's randomart image is:
+--[ED25519 256]--+
|  ..@OBBB.o      |
|   *oX+X=* .     |
|  o * E=o.=      |
|   + +oo.. o     |
|    +. .S..      |
|      . o.       |
|       . .       |
|        .        |
|                 |
+----[SHA256]-----+
 [ ok ]
Cloud-init v. 23.4 running 'modules:config' at Fri, 06 Mar 2026 03:18:04 +0000. Up 359.91 seconds.
 [ ok ]
Cloud-init v. 23.4 running 'modules:final' at Fri, 06 Mar 2026 03:18:05 +0000. Up 360.38 seconds.
ci-info: no authorized SSH keys fingerprints found for user alpine.
cloud-init: #############################################################
cloud-init: -----BEGIN SSH HOST KEY FINGERPRINTS-----
cloud-init: 1024 SHA256:lqEXXWzgfn6g1/ItbCfGjzrMeSBtFuxHlAG+WsprCL8 root@agent-0 (DSA)
cloud-init: 256 SHA256:kLaYs0uzXoN1GA6zffoYfM+5BNsSVmjC6fQBC+/pwQ8 root@agent-0 (ECDSA)
cloud-init: 256 SHA256:Q5cbZKIDyxndSwTD+7lAJfXgmEJ1HIqb8FAxcskxF7Q root@agent-0 (ED25519)
cloud-init: 3072 SHA256:mdXff1icXsdIi53XFUUeMqQCWBXjLAxQVHr07qgFdyA root@agent-0 (RSA)
cloud-init: -----END SSH HOST KEY FINGERPRINTS-----
cloud-init: #############################################################
-----BEGIN SSH HOST KEY KEYS-----
ecdsa-sha2-nistp256 AAAAE2VjZHNhLXNoYTItbmlzdHAyNTYAAAAIbmlzdHAyNTYAAABBBImw4Fjqzs8nYA7cuwNoJU96nhuJCbqUHDYguudPhb0KSQPuhOSFs98OvI+q+dcv5w5XVY4gr8+ZGdlUe3dpXzg= root@agent-0
ssh-ed25519 AAAAC3NzaC1lZDI1NTE5AAAAILuQXsZ5hMI92XiFw+B8bCf/fpfBWgy+n1fRl44vF2S8 root@agent-0
ssh-rsa AAAAB3NzaC1yc2EAAAADAQABAAABgQDU6VIQ4P3U9acPPRwfPV5inLoB5/P5Nfxcb/s9UBLdo5jyGh7ULdrJ3klX/u9PHIAlbGXJk47wRRUeLnaluZiUfhNn+i/5jTsdYbNNBHhNf840IRPT3FgXsz6CjAZC6U4/gijNDninVes6/bk+c1vTJCnirPytvz+ushBXCPdiLXSWmO6hsl5NsghdhhlpzENXxloVxLXBLqSNZFBoBIZuk3BGfmOMn5q3elG5PpNE1dxo7iNp/WKYJG53e4EdfeARfamPAPAbWFw3N5p45hJdn9Q2z9YwtDZD/KbaK4SQBowMyuK53JLbaRcB3Hyl0kRPJocMQbXb3ep3PyOnjsEJmAtjLVoeHGacDCBKPGI9OcE4ElvxfxbyuCx/wWhMngvR+Iystoyltxx0SRWI9QczEYIY0SWnA3aQpf/3mUJy6gqzkPYaXeKtVmP4kTDKLWFhMCFolpIQuwpkjLIUKQKwI9f7SDngwPO+XS6b3C4jSvGp8CsViFjU7PRP2fJrTyE= root@agent-0
-----END SSH HOST KEY KEYS-----
Cloud-init v. 23.4 finished at Fri, 06 Mar 2026 03:18:05 +0000. Datasource DataSourceNoCloud [seed=/dev/vdb][dsmode=net].  Up 360.50 seconds
 [ ok ]

Welcome to Alpine Linux 3.19
Kernel 6.6.4-1-virt on an x86_64 (/dev/ttyS0)

agent-0 login: 