c[?7l[2J[0mSeaBIOS (version 1.15.0-1)


iPXE (https://ipxe.org) 00:03.0 CA00 PCI2.10 PnP PMM+BFF8B380+BFECB380 CA00
Press Ctrl-B to configure iPXE (PCI 00:03.0)...                                                                               


Booting from Hard Disk...

SYSLINUX 6.04 EDD 6.04-pre1 Copyright (C) 1994-2015 H. Peter Anvin et al

SYSLINUX 6.04 6.04-pre1 Copyright (C) 1994-2015 H. Peter Anvin et al
[2Je%@)0(B[0;37;40m[?25l[2J[23;16HAlpine will be booted automatically in [0;1m1[0m seconds[23;16H[0;37;40mAlpine will be booted automati.cally in [0;1;37;40m1[0;37;40m seconds.[23;16H                                                 [23;16H[0;37;40m                                                  [?25h[24;1H[0m 
Loading vmlinuz-virt...Loading vmlinuz-virt...  ook
k
Loading initramfs-virt..Loading initramfs-virt....ookk

c[?7l[2J[    0.000000] Linux version 6.6.4-1-virt (buildozer@build-3-19-x86_64) (gcc (Alpine 13.2.1_git20231014) 13.2.1 20231014, GNU ld (GNU Binutils) 2.41) #2-Alpine SMP PREEMPT_DYNAMIC Tue, 05 Dec 2023 20:25:50 +0000
[    0.000000] Command line: BOOT_IMAGE=vmlinuz-virt root=LABEL=/ modules=sd-mod,usb-storage,ext4 console=ttyS0,115200n8 initrd=initramfs-virt
[    0.000000] BIOS-provided physical RAM map:
[    0.000000] BIOS-e820: [mem 0x0000000000000000-0x000000000009fbff] usable
[    0.000000] BIOS-e820: [mem 0x000000000009fc00-0x000000000009ffff] reserved
[    0.000000] BIOS-e820: [mem 0x00000000000f0000-0x00000000000fffff] reserved
[    0.000000] BIOS-e820: [mem 0x0000000000100000-0x00000000bffd9fff] usable
[    0.000000] BIOS-e820: [mem 0x00000000bffda000-0x00000000bfffffff] reserved
[    0.000000] BIOS-e820: [mem 0x00000000feffc000-0x00000000feffffff] reserved
[    0.000000] BIOS-e820: [mem 0x00000000fffc0000-0x00000000ffffffff] reserved
[    0.000000] BIOS-e820: [mem 0x0000000100000000-0x000000013fffffff] usable
[    0.000000] NX (Execute Disable) protection: active
[    0.000000] APIC: Static calls initialized
[    0.000000] SMBIOS 2.8 present.
[    0.000000] DMI: QEMU Standard PC (i440FX + PIIX, 1996), BIOS 1.15.0-1 04/01/2014
[    0.000000] Hypervisor detected: KVM
[    0.000000] kvm-clock: Using msrs 4b564d01 and 4b564d00
[    0.000001] kvm-clock: using sched offset of 2420868110 cycles
[    0.000003] clocksource: kvm-clock: mask: 0xffffffffffffffff max_cycles: 0x1cd42e4dffb, max_idle_ns: 881590591483 ns
[    0.000006] tsc: Detected 2799.998 MHz processor
[    0.000915] last_pfn = 0x140000 max_arch_pfn = 0x400000000
[    0.001306] MTRR map: 4 entries (3 fixed + 1 variable; max 19), built from 8 variable MTRRs
[    0.001321] x86/PAT: Configuration [0-7]: WB  WC  UC- UC  WB  WP  UC- WT  
[    0.001793] last_pfn = 0xbffda max_arch_pfn = 0x400000000
[    0.002053] RAMDISK: [mem 0x7f71e000-0x7fffffff]
[    0.002056] ACPI: Early table checksum verification disabled
[    0.002063] ACPI: RSDP 0x00000000000F59A0 000014 (v00 BOCHS )
[    0.002068] ACPI: RSDT 0x00000000BFFE1975 000034 (v01 BOCHS  BXPC     00000001 BXPC 00000001)
[    0.002075] ACPI: FACP 0x00000000BFFE1821 000074 (v01 BOCHS  BXPC     00000001 BXPC 00000001)
[    0.002108] ACPI: DSDT 0x00000000BFFE0040 0017E1 (v01 BOCHS  BXPC     00000001 BXPC 00000001)
[    0.002112] ACPI: FACS 0x00000000BFFE0000 000040
[    0.002115] ACPI: APIC 0x00000000BFFE1895 000080 (v01 BOCHS  BXPC     00000001 BXPC 00000001)
[    0.002118] ACPI: HPET 0x00000000BFFE1915 000038 (v01 BOCHS  BXPC     00000001 BXPC 00000001)
[    0.002121] ACPI: WAET 0x00000000BFFE194D 000028 (v01 BOCHS  BXPC     00000001 BXPC 00000001)
[    0.002123] ACPI: Reserving FACP table memory at [mem 0xbffe1821-0xbffe1894]
[    0.002125] ACPI: Reserving DSDT table memory at [mem 0xbffe0040-0xbffe1820]
[    0.002126] ACPI: Reserving FACS table memory at [mem 0xbffe0000-0xbffe003f]
[    0.002126] ACPI: Reserving APIC table memory at [mem 0xbffe1895-0xbffe1914]
[    0.002127] ACPI: Reserving HPET table memory at [mem 0xbffe1915-0xbffe194c]
[    0.002128] ACPI: Reserving WAET table memory at [mem 0xbffe194d-0xbffe1974]
[    0.002538] Zone ranges:
[    0.002539]   DMA      [mem 0x0000000000001000-0x0000000000ffffff]
[    0.002542]   DMA32    [mem 0x0000000001000000-0x00000000ffffffff]
[    0.002543]   Normal   [mem 0x0000000100000000-0x000000013fffffff]
[    0.002544] Movable zone start for each node
[    0.002545] Early memory node ranges
[    0.002545]   node   0: [mem 0x0000000000001000-0x000000000009efff]
[    0.002546]   node   0: [mem 0x0000000000100000-0x00000000bffd9fff]
[    0.002547]   node   0: [mem 0x0000000100000000-0x000000013fffffff]
[    0.002549] Initmem setup node 0 [mem 0x0000000000001000-0x000000013fffffff]
[    0.002636] On node 0, zone DMA: 1 pages in unavailable ranges
[    0.004024] On node 0, zone DMA: 97 pages in unavailable ranges
[    0.348287] On node 0, zone Normal: 38 pages in unavailable ranges
[    0.351500] ACPI: PM-Timer IO Port: 0x608
[    0.351541] ACPI: LAPIC_NMI (acpi_id[0xff] dfl dfl lint[0x1])
[    0.351709] IOAPIC[0]: apic_id 0, version 17, address 0xfec00000, GSI 0-23
[    0.351713] ACPI: INT_SRC_OVR (bus 0 bus_irq 0 global_irq 2 dfl dfl)
[    0.351716] ACPI: INT_SRC_OVR (bus 0 bus_irq 5 global_irq 5 high level)
[    0.351717] ACPI: INT_SRC_OVR (bus 0 bus_irq 9 global_irq 9 high level)
[    0.351718] ACPI: INT_SRC_OVR (bus 0 bus_irq 10 global_irq 10 high level)
[    0.351719] ACPI: INT_SRC_OVR (bus 0 bus_irq 11 global_irq 11 high level)
[    0.351723] ACPI: Using ACPI (MADT) for SMP configuration information
[    0.351725] ACPI: HPET id: 0x8086a201 base: 0xfed00000
[    0.351769] smpboot: Allowing 2 CPUs, 0 hotplug CPUs
[    0.351825] kvm-guest: APIC: eoi() replaced with kvm_guest_apic_eoi_write()
[    0.351880] [mem 0xc0000000-0xfeffbfff] available for PCI devices
[    0.351882] Booting paravirtualized kernel on KVM
[    0.351884] clocksource: refined-jiffies: mask: 0xffffffff max_cycles: 0xffffffff, max_idle_ns: 19112604462750000 ns
[    0.355479] setup_percpu: NR_CPUS:256 nr_cpumask_bits:2 nr_cpu_ids:2 nr_node_ids:1
[    0.366344] percpu: Embedded 57 pages/cpu s195048 r8192 d30232 u1048576
[    0.366469] kvm-guest: PV spinlocks disabled, no host support
[    0.366471] Kernel command line: BOOT_IMAGE=vmlinuz-virt root=LABEL=/ modules=sd-mod,usb-storage,ext4 console=ttyS0,115200n8 initrd=initramfs-virt
[    0.366525] Unknown kernel command line parameters "BOOT_IMAGE=vmlinuz-virt modules=sd-mod,usb-storage,ext4", will be passed to user space.
[    0.391797] Dentry cache hash table entries: 524288 (order: 10, 4194304 bytes, linear)
[    0.402524] Inode-cache hash table entries: 262144 (order: 9, 2097152 bytes, linear)
[    0.402740] Built 1 zonelists, mobility grouping on.  Total pages: 1031898
[    0.414855] mem auto-init: stack:all(zero), heap alloc:on, heap free:off
[    0.414864] software IO TLB: area num 2.
[    0.797989] Memory: 4012160K/4193760K available (12288K kernel code, 1744K rwdata, 8008K rodata, 2640K init, 2300K bss, 181340K reserved, 0K cma-reserved)
[    0.803906] SLUB: HWalign=64, Order=0-3, MinObjects=0, CPUs=2, Nodes=1
[    0.804076] Kernel/User page tables isolation: enabled
[    0.806615] Dynamic Preempt: none
[    0.806818] rcu: Preemptible hierarchical RCU implementation.
[    0.806819] rcu: 	RCU restricting CPUs from NR_CPUS=256 to nr_cpu_ids=2.
[    0.806821] 	Trampoline variant of Tasks RCU enabled.
[    0.806822] 	Tracing variant of Tasks RCU enabled.
[    0.806823] rcu: RCU calculated value of scheduler-enlistment delay is 10 jiffies.
[    0.806824] rcu: Adjusting geometry for rcu_fanout_leaf=16, nr_cpu_ids=2
[    0.811380] NR_IRQS: 16640, nr_irqs: 440, preallocated irqs: 16
[    0.811949] rcu: srcu_init: Setting srcu_struct sizes based on contention.
[    0.812108] kfence: initialized - using 2097152 bytes for 255 objects at 0x(____ptrval____)-0x(____ptrval____)
[    0.837613] Console: colour VGA+ 80x25
[    0.837784] printk: console [ttyS0] enabled
[    1.173540] ACPI: Core revision 20230628
[    1.176493] clocksource: hpet: mask: 0xffffffff max_cycles: 0xffffffff, max_idle_ns: 19112604467 ns
[    1.181864] APIC: Switch to symmetric I/O mode setup
[    1.186104] x2apic enabled
[    1.189125] APIC: Switched APIC routing to: physical x2apic
[    1.198730] ..TIMER: vector=0x30 apic1=0 pin1=2 apic2=-1 pin2=-1
[    1.202120] clocksource: tsc-early: mask: 0xffffffffffffffff max_cycles: 0x285c3ee517e, max_idle_ns: 440795257231 ns
[    1.207647] Calibrating delay loop (skipped) preset value.. 5599.99 BogoMIPS (lpj=27999980)
[    1.218626] Last level iTLB entries: 4KB 0, 2MB 0, 4MB 0
[    1.221428] Last level dTLB entries: 4KB 0, 2MB 0, 4MB 0, 1GB 0
[    1.224577] Spectre V1 : Mitigation: usercopy/swapgs barriers and __user pointer sanitization
[    1.227648] Spectre V2 : Mitigation: Retpolines
[    1.230056] Spectre V2 : Spectre v2 / SpectreRSB mitigation: Filling RSB on context switch
[    1.234364] Spectre V2 : Spectre v2 / SpectreRSB : Filling RSB on VMEXIT
[    1.237645] Speculative Store Bypass: Vulnerable
[    1.240092] MDS: Vulnerable: Clear CPU buffers attempted, no microcode
[    1.243496] MMIO Stale Data: Unknown: No mitigations
[    1.247647] x86/fpu: x87 FPU will use FXSAVE
[    1.263732] Freeing SMP alternatives memory: 32K
[    1.266235] pid_max: default: 32768 minimum: 301
[    1.268114] LSM: initializing lsm=capability,landlock,lockdown,integrity
[    1.272401] landlock: Up and running.
[    1.274846] Mount-cache hash table entries: 8192 (order: 4, 65536 bytes, linear)
[    1.277968] Mountpoint-cache hash table entries: 8192 (order: 4, 65536 bytes, linear)
[    1.406868] smpboot: CPU0: Intel QEMU Virtual CPU version 2.5+ (family: 0xf, model: 0x6b, stepping: 0x1)
[    1.407642] RCU Tasks: Setting shift to 1 and lim to 1 rcu_task_cb_adjust=1.
[    1.407759] RCU Tasks Trace: Setting shift to 1 and lim to 1 rcu_task_cb_adjust=1.
[    1.412001] Performance Events: unsupported Netburst CPU model 107 no PMU driver, software events only.
[    1.417760] signal: max sigframe size: 1440
[    1.420285] rcu: Hierarchical SRCU implementation.
[    1.422827] rcu: 	Max phase no-delay instances is 1000.
[    1.426383] NMI watchdog: Perf NMI watchdog permanently disabled
[    1.427900] smp: Bringing up secondary CPUs ...
[    1.431472] smpboot: x86: Booting SMP configuration:
[    1.434135] .... node  #0, CPUs:      #1
[    1.459647] smp: Brought up 1 node, 2 CPUs
[    1.462021] smpboot: Max logical packages: 1
[    1.467649] ----------------
[    1.469265] | NMI testsuite:
[    1.470831] --------------------
[    1.472574]   remote IPI:  ok  |
[    1.474372]    local IPI:  ok  |
[    1.476123] --------------------
[    1.477651] Good, all   2 testcases passed! |
[    1.479996] ---------------------------------
[    1.482370] smpboot: Total of 2 processors activated (11199.99 BogoMIPS)
[    1.488286] devtmpfs: initialized
[    1.489558] x86/mm: Memory block size: 128MB
[    1.493098] clocksource: jiffies: mask: 0xffffffff max_cycles: 0xffffffff, max_idle_ns: 19112604462750000 ns
[    1.497830] futex hash table entries: 512 (order: 3, 32768 bytes, linear)
[    1.514871] NET: Registered PF_NETLINK/PF_ROUTE protocol family
[    1.518158] audit: initializing netlink subsys (disabled)
[    1.521011] audit: type=2000 audit(1772766725.968:1): state=initialized audit_enabled=0 res=1
[    1.521011] thermal_sys: Registered thermal governor 'step_wise'
[    1.527662] cpuidle: using governor ladder
[    1.533187] cpuidle: using governor menu
[    1.537962] acpiphp: ACPI Hot Plug PCI Controller Driver version: 0.5
[    1.542301] PCI: Using configuration type 1 for base access
[    1.545499] kprobes: kprobe jump-optimization is enabled. All kprobes are optimized if possible.
[    1.551079] HugeTLB: registered 2.00 MiB page size, pre-allocated 0 pages
[    1.558026] HugeTLB: 28 KiB vmemmap can be freed for a 2.00 MiB page
[    1.570695] ACPI: Added _OSI(Module Device)
[    1.577647] ACPI: Added _OSI(Processor Device)
[    1.579987] ACPI: Added _OSI(3.0 _SCP Extensions)
[    1.582463] ACPI: Added _OSI(Processor Aggregator Device)
[    1.588177] ACPI: 1 ACPI AML tables successfully acquired and loaded
[    1.598117] ACPI: _OSC evaluation for CPUs failed, trying _PDC
[    1.601404] ACPI: Interpreter enabled
[    1.603671] ACPI: PM: (supports S0 S3 S5)
[    1.612684] ACPI: Using IOAPIC for interrupt routing
[    1.615805] PCI: Using host bridge windows from ACPI; if necessary, use "pci=nocrs" and report a bug
[    1.617736] PCI: Using E820 reservations for host bridge windows
[    1.621190] ACPI: Enabled 2 GPEs in block 00 to 0F
[    1.633353] ACPI: PCI Root Bridge [PCI0] (domain 0000 [bus 00-ff])
[    1.636891] acpi PNP0A03:00: _OSC: OS supports [ASPM ClockPM Segments MSI HPX-Type3]
[    1.637649] acpi PNP0A03:00: _OSC: not requesting OS control; OS requires [ExtendedConfig ASPM ClockPM MSI]
[    1.642902] acpi PNP0A03:00: fail to add MMCONFIG information, can't access extended configuration space under this bridge
[    1.651573] acpiphp: Slot [3] registered
[    1.657706] acpiphp: Slot [4] registered
[    1.660027] acpiphp: Slot [5] registered
[    1.662255] acpiphp: Slot [6] registered
[    1.664416] acpiphp: Slot [7] registered
[    1.667652] acpiphp: Slot [8] registered
[    1.669966] acpiphp: Slot [9] registered
[    1.672343] acpiphp: Slot [10] registered
[    1.674599] acpiphp: Slot [11] registered
[    1.676897] acpiphp: Slot [12] registered
[    1.677697] acpiphp: Slot [13] registered
[    1.679869] acpiphp: Slot [14] registered
[    1.682245] acpiphp: Slot [15] registered
[    1.684662] acpiphp: Slot [16] registered
[    1.687697] acpiphp: Slot [17] registered
[    1.690237] acpiphp: Slot [18] registered
[    1.692603] acpiphp: Slot [19] registered
[    1.697683] acpiphp: Slot [20] registered
[    1.700213] acpiphp: Slot [21] registered
[    1.702512] acpiphp: Slot [22] registered
[    1.704975] acpiphp: Slot [23] registered
[    1.707696] acpiphp: Slot [24] registered
[    1.710012] acpiphp: Slot [25] registered
[    1.712360] acpiphp: Slot [26] registered
[    1.714797] acpiphp: Slot [27] registered
[    1.717804] acpiphp: Slot [28] registered
[    1.720232] acpiphp: Slot [29] registered
[    1.722617] acpiphp: Slot [30] registered
[    1.724911] acpiphp: Slot [31] registered
[    1.727697] PCI host bridge to bus 0000:00
[    1.729971] pci_bus 0000:00: root bus resource [io  0x0000-0x0cf7 window]
[    1.733798] pci_bus 0000:00: root bus resource [io  0x0d00-0xffff window]
[    1.737646] pci_bus 0000:00: root bus resource [mem 0x000a0000-0x000bffff window]
[    1.742027] pci_bus 0000:00: root bus resource [mem 0xc0000000-0xfebfffff window]
[    1.746032] pci_bus 0000:00: root bus resource [mem 0x140000000-0x1bfffffff window]
[    1.747647] pci_bus 0000:00: root bus resource [bus 00-ff]
[    1.750896] pci 0000:00:00.0: [8086:1237] type 00 class 0x060000
[    1.765043] pci 0000:00:01.0: [8086:7000] type 00 class 0x060100
[    1.770739] pci 0000:00:01.1: [8086:7010] type 00 class 0x010180
[    1.778678] pci 0000:00:01.1: reg 0x20: [io  0xc160-0xc16f]
[    1.783295] pci 0000:00:01.1: legacy IDE quirk: reg 0x10: [io  0x01f0-0x01f7]
[    1.787452] pci 0000:00:01.1: legacy IDE quirk: reg 0x14: [io  0x03f6]
[    1.787654] pci 0000:00:01.1: legacy IDE quirk: reg 0x18: [io  0x0170-0x0177]
[    1.791800] pci 0000:00:01.1: legacy IDE quirk: reg 0x1c: [io  0x0376]
[    1.798458] pci 0000:00:01.3: [8086:7113] type 00 class 0x068000
[    1.804224] pci 0000:00:01.3: quirk: [io  0x0600-0x063f] claimed by PIIX4 ACPI
[    1.807691] pci 0000:00:01.3: quirk: [io  0x0700-0x070f] claimed by PIIX4 SMB
[    1.812639] pci 0000:00:02.0: [1234:1111] type 00 class 0x030000
[    1.828141] pci 0000:00:02.0: reg 0x10: [mem 0xfd000000-0xfdffffff pref]
[    1.838815] pci 0000:00:02.0: reg 0x18: [mem 0xfeb90000-0xfeb90fff]
[    1.853681] pci 0000:00:02.0: reg 0x30: [mem 0xfeb80000-0xfeb8ffff pref]
[    1.860873] pci 0000:00:02.0: Video device with shadowed ROM at [mem 0x000c0000-0x000dffff]
[    1.873892] pci 0000:00:03.0: [1af4:1000] type 00 class 0x020000
[    1.878978] pci 0000:00:03.0: reg 0x10: [io  0xc140-0xc15f]
[    1.883189] pci 0000:00:03.0: reg 0x14: [mem 0xfeb91000-0xfeb91fff]
[    1.890756] pci 0000:00:03.0: reg 0x20: [mem 0xfe000000-0xfe003fff 64bit pref]
[    1.896124] pci 0000:00:03.0: reg 0x30: [mem 0xfeb00000-0xfeb7ffff pref]
[    1.901869] pci 0000:00:04.0: [1af4:1009] type 00 class 0x000200
[    1.909395] pci 0000:00:04.0: reg 0x10: [io  0xc100-0xc13f]
[    1.913318] pci 0000:00:04.0: reg 0x14: [mem 0xfeb92000-0xfeb92fff]
[    1.920419] pci 0000:00:04.0: reg 0x20: [mem 0xfe004000-0xfe007fff 64bit pref]
[    1.929721] pci 0000:00:05.0: [1af4:1001] type 00 class 0x010000
[    1.934700] pci 0000:00:05.0: reg 0x10: [io  0xc000-0xc07f]
[    1.939007] pci 0000:00:05.0: reg 0x14: [mem 0xfeb93000-0xfeb93fff]
[    1.946445] pci 0000:00:05.0: reg 0x20: [mem 0xfe008000-0xfe00bfff 64bit pref]
[    1.953679] pci 0000:00:06.0: [1af4:1001] type 00 class 0x010000
[    1.959166] pci 0000:00:06.0: reg 0x10: [io  0xc080-0xc0ff]
[    1.963562] pci 0000:00:06.0: reg 0x14: [mem 0xfeb94000-0xfeb94fff]
[    1.972055] pci 0000:00:06.0: reg 0x20: [mem 0xfe00c000-0xfe00ffff 64bit pref]
[    1.984986] ACPI: PCI: Interrupt link LNKA configured for IRQ 10
[    1.987913] ACPI: PCI: Interrupt link LNKB configured for IRQ 10
[    1.991433] ACPI: PCI: Interrupt link LNKC configured for IRQ 11
[    1.994866] ACPI: PCI: Interrupt link LNKD configured for IRQ 11
[    1.997758] ACPI: PCI: Interrupt link LNKS configured for IRQ 9
[    2.003656] iommu: Default domain type: Translated
[    2.007647] iommu: DMA domain TLB invalidation policy: lazy mode
[    2.013463] SCSI subsystem initialized
[    2.018403] pps_core: LinuxPPS API ver. 1 registered
[    2.021117] pps_core: Software ver. 5.3.6 - Copyright 2005-2007 Rodolfo Giometti <giometti@linux.it>
[    2.022343] PTP clock support registered
[    2.031174] PCI: Using ACPI for IRQ routing
[    2.039243] hpet: 3 channels of 0 reserved for per-cpu timers
[    2.042887] clocksource: Switched to clocksource kvm-clock
[    2.044993] VFS: Disk quotas dquot_6.6.0
[    2.047289] VFS: Dquot-cache hash table entries: 512 (order 0, 4096 bytes)
[    2.051638] pnp: PnP ACPI init
[    2.054636] pnp: PnP ACPI: found 6 devices
[    2.073024] clocksource: acpi_pm: mask: 0xffffff max_cycles: 0xffffff, max_idle_ns: 2085701024 ns
[    2.078901] NET: Registered PF_INET protocol family
[    2.084531] IP idents hash table entries: 65536 (order: 7, 524288 bytes, linear)
[    2.091616] tcp_listen_portaddr_hash hash table entries: 2048 (order: 3, 32768 bytes, linear)
[    2.097377] Table-perturb hash table entries: 65536 (order: 6, 262144 bytes, linear)
[    2.102764] TCP established hash table entries: 32768 (order: 6, 262144 bytes, linear)
[    2.112029] TCP bind hash table entries: 32768 (order: 8, 1048576 bytes, linear)
[    2.116079] TCP: Hash tables configured (established 32768 bind 32768)
[    2.120915] UDP hash table entries: 2048 (order: 4, 65536 bytes, linear)
[    2.124719] UDP-Lite hash table entries: 2048 (order: 4, 65536 bytes, linear)
[    2.129108] NET: Registered PF_UNIX/PF_LOCAL protocol family
[    2.132167] NET: Registered PF_XDP protocol family
[    2.134884] pci_bus 0000:00: resource 4 [io  0x0000-0x0cf7 window]
[    2.138197] pci_bus 0000:00: resource 5 [io  0x0d00-0xffff window]
[    2.141417] pci_bus 0000:00: resource 6 [mem 0x000a0000-0x000bffff window]
[    2.144965] pci_bus 0000:00: resource 7 [mem 0xc0000000-0xfebfffff window]
[    2.148600] pci_bus 0000:00: resource 8 [mem 0x140000000-0x1bfffffff window]
[    2.152470] pci 0000:00:01.0: PIIX3: Enabling Passive Release
[    2.155635] pci 0000:00:00.0: Limiting direct PCI/PCI transfers
[    2.159289] PCI: CLS 0 bytes, default 64
[    2.161632] PCI-DMA: Using software bounce buffering for IO (SWIOTLB)
[    2.162357] Unpacking initramfs...
[    2.164987] software IO TLB: mapped [mem 0x00000000bbfda000-0x00000000bffda000] (64MB)
[    2.171652] clocksource: tsc: mask: 0xffffffffffffffff max_cycles: 0x285c3ee517e, max_idle_ns: 440795257231 ns
[    2.178694] Initialise system trusted keyrings
[    2.186020] workingset: timestamp_bits=46 max_order=20 bucket_order=0
[    2.189580] zbud: loaded
[    2.191846] Key type asymmetric registered
[    2.194050] Asymmetric key parser 'x509' registered
[    2.197024] Block layer SCSI generic (bsg) driver version 0.4 loaded (major 247)
[    2.201385] io scheduler mq-deadline registered
[    2.203781] io scheduler kyber registered
[    2.206139] io scheduler bfq registered
[    2.210075] ERST DBG: ERST support is disabled.
[    2.226689] ACPI: \_SB_.LNKC: Enabled at IRQ 11
[    2.245457] ACPI: \_SB_.LNKD: Enabled at IRQ 10
[    2.263743] ACPI: \_SB_.LNKA: Enabled at IRQ 10
[    2.282119] ACPI: \_SB_.LNKB: Enabled at IRQ 11
[    2.290099] Serial: 8250/16550 driver, 4 ports, IRQ sharing enabled
[    2.294336] 00:04: ttyS0 at I/O 0x3f8 (irq = 4, base_baud = 115200) is a 16550A
[    2.305541] VMware PVSCSI driver - version 1.0.7.0-k
[    2.326506] scsi host0: ata_piix
[    2.336230] scsi host1: ata_piix
[    2.338204] ata1: PATA max MWDMA2 cmd 0x1f0 ctl 0x3f6 bmdma 0xc160 irq 14
[    2.341810] ata2: PATA max MWDMA2 cmd 0x170 ctl 0x376 bmdma 0xc168 irq 15
[    2.346354] i8042: PNP: PS/2 Controller [PNP0303:KBD,PNP0f13:MOU] at 0x60,0x64 irq 1,12
[    2.353586] serio: i8042 KBD port at 0x60,0x64 irq 1
[    2.356312] serio: i8042 AUX port at 0x60,0x64 irq 12
[    2.359236] rtc_cmos 00:05: RTC can wake from S4
[    2.368501] rtc_cmos 00:05: registered as rtc0
[    2.371283] rtc_cmos 00:05: setting system clock to 2026-03-06T03:12:06 UTC (1772766726)
[    2.375898] rtc_cmos 00:05: alarms up to one day, y3k, 242 bytes nvram, hpet irqs
[    2.380128] intel_pstate: CPU model not supported
[    2.383249] gre: GRE over IPv4 demultiplexor driver
[    2.423811] Freeing initrd memory: 9096K
[    2.434394] input: AT Translated Set 2 keyboard as /devices/platform/i8042/serio0/input/input0
[    2.436584] Key type dns_resolver registered
[    2.441717] IPI shorthand broadcast: enabled
[    2.445644] sched_clock: Marking stable (2060045681, 375672243)->(2455506275, -19788351)
[    2.458013] registered taskstats version 1
[    2.460642] Loading compiled-in X.509 certificates
[    2.472294] Loaded X.509 cert 'alpinelinux.org: Alpine Linux kernel key: d76a695f66ad9cd28f5c22a8508f36e91f521f7a'
[    2.480810] Key type .fscrypt registered
[    2.482946] Key type fscrypt-provisioning registered
[    2.516497] ata2: found unknown device (class 0)
[    2.519985] ata2.00: ATAPI: QEMU DVD-ROM, 2.5+, max UDMA/100
[    2.528096] scsi 1:0:0:0: CD-ROM            QEMU     QEMU DVD-ROM     2.5+ PQ: 0 ANSI: 5
[    2.609610] Freeing unused kernel image (initmem) memory: 2640K
[    2.635899] Write protecting the kernel read-only data: 20480k
[    2.639633] Freeing unused kernel image (rodata/data gap) memory: 184K
[    2.641730] rodata_test: all tests were successful
[    2.643245] Run /init as init process
[    2.663899] Alpine Init 3.9.0-r0
Alpine Init 3.9.0-r0
[    2.666159] Loading boot drivers...
 * Loading boot drivers: [    2.714159] ACPI: bus type USB registered
[    2.715555] usbcore: registered new interface driver usbfs
[    2.717343] usbcore: registered new interface driver hub
[    2.718985] usbcore: registered new device driver usb
[    2.725512] usbcore: registered new interface driver usb-storage
[    2.905141] loop: module loaded
[    2.945550] ACPI: bus type drm_connector registered
[    2.976859] Loading boot drivers: ok.
ok.
[    2.980343] Mounting root...
 * Mounting root: [    3.027203] piix4_smbus 0000:00:01.3: SMBus Host Controller at 0x700, revision 0
[    3.043813] [drm] Found bochs VGA, ID 0xb0c5.
[    3.045234] [drm] Framebuffer size 16384 kB @ 0xfd000000, mmio @ 0xfeb90000.
[    3.053858] [drm] Found EDID data blob.
[    3.055464] [drm] Initialized bochs-drm 1.0.0 20130925 for 0000:00:02.0 on minor 0
[    3.097484] Console: switching to colour frame buffer device 128x48
[    3.100470] bochs-drm 0000:00:02.0: [drm] fb0: bochs-drmdrmfb frame buffer device
[    3.228574] sr 1:0:0:0: [sr0] scsi3-mmc drive: 4x/4x cd/rw xa/form2 tray
[    3.230693] cdrom: Uniform CD-ROM driver Revision: 3.20
[    3.314552] virtio_blk virtio2: 2/0/0 default/read/poll queues
[    3.321354] virtio_blk virtio2: [vda] 8388608 512-byte logical blocks (4.29 GB/4.00 GiB)
[    3.328825] virtio_blk virtio3: 2/0/0 default/read/poll queues
[    3.335003] virtio_blk virtio3: [vdb] 736 512-byte logical blocks (377 kB/368 KiB)
[    3.432757] block sr0: the capability attribute has been deprecated.
[    6.293668] EXT4-fs (vda): mounted filesystem 367ceb5a-a72a-4cc6-9140-e18812d3c81b ro with ordered data mode. Quota mode: none.
[    6.297697] Mounting root: ok.
ok.

   OpenRC 0.52.1 is starting up Linux 6.6.4-1-virt (x86_64)

 * /proc is already mounted
 * Mounting /run ... [ ok ]
 * /run/openrc: creating directory
 * /run/lock: creating directory
 * /run/lock: correcting owner
 * Caching service dependencies ... [ ok ]
 * Remounting devtmpfs on /dev ... [ ok ]
 * Mounting /dev/mqueue ... [ ok ]
 * Mounting security filesystem ... [ ok ]
 * Mounting debug filesystem ... [ ok ]
 * Mounting persistent storage (pstore) filesystem ... [ ok ]
 * Starting busybox mdev ... [ ok ]
 * Scanning hardware for mdev ... [ ok ]
 * Loading hardware drivers ... [ ok ]
 * Loading modules ... [ ok ]
 * Setting system clock using the hardware clock [UTC] ... [ ok ]
 * Checking local filesystems  .../: clean, 8723/65536 files, 158031/262144 blocks
 [ ok ]
 * Remounting root filesystem read/write ... [ ok ]
 * Remounting filesystems ... [ ok ]
 * Activating swap devices ... [ ok ]
 * Mounting local filesystems ... [ ok ]
 * Starting busybox acpid ... [ ok ]
 * Configuring kernel parameters ... [ ok ]
 * Migrating /var/lock to /run/lock ... [ ok ]
 * Creating user login records ... [ ok ]
 * Cleaning /tmp directory ... [ ok ]
Cloud-init v. 23.4 running 'init-local' at Fri, 06 Mar 2026 03:12:15 +0000. Up 10.80 seconds.
 [ ok ]
 * Setting hostname ... [ ok ]
 * Starting busybox syslog ... [ ok ]
 * Mounting cgroup filesystem ... [ ok ]
 * Starting networking ... *   lo ... [ ok ]
 *   eth0 ... [ ok ]
 * /var/log/docker.log: creating file
 * /var/log/docker.log: correcting owner
 * Starting Docker Daemon ... [ ok ]
 * Starting benchmark agent ...
[1A[2Ka257f20c716c: Loading layer  557.1kB/81.04MB[1B[1A[2Ka257f20c716c: Loading layer  6.128MB/81.04MB[1B[1A[2Ka257f20c716c: Loading layer  11.14MB/81.04MB[1B[1A[2Ka257f20c716c: Loading layer  16.71MB/81.04MB[1B[1A[2Ka257f20c716c: Loading layer  21.73MB/81.04MB[1B[1A[2Ka257f20c716c: Loading layer  25.07MB/81.04MB[1B[1A[2Ka257f20c716c: Loading layer  28.97MB/81.04MB[1B[1A[2Ka257f20c716c: Loading layer  32.31MB/81.04MB[1B[1A[2Ka257f20c716c: Loading layer  38.44MB/81.04MB[1B[1A[2Ka257f20c716c: Loading layer  45.12MB/81.04MB[1B[1A[2Ka257f20c716c: Loading layer  50.69MB/81.04MB[1B[1A[2Ka257f20c716c: Loading layer  55.71MB/81.04MB[1B[1A[2Ka257f20c716c: Loading layer  61.28MB/81.04MB[1B[1A[2Ka257f20c716c: Loading layer  65.18MB/81.04MB[1B[1A[2Ka257f20c716c: Loading layer  66.85MB/81.04MB[1B[1A[2Ka257f20c716c: Loading layer  67.96MB/81.04MB[1B[1A[2Ka257f20c716c: Loading layer  72.42MB/81.04MB[1B[1A[2Ka257f20c716c: Loading layer  74.09MB/81.04MB[1B[1A[2Ka257f20c716c: Loading layer  75.76MB/81.04MB[1B[1A[2Ka257f20c716c: Loading layer  76.32MB/81.04MB[1B[1A[2Ka257f20c716c: Loading layer   79.1MB/81.04MB[1B[1A[2Ka257f20c716c: Loading layer  81.04MB/81.04MB[1B
[1A[2Kb0c20bcd44fe: Loading layer  65.54kB/4.123MB[1B[1A[2Kb0c20bcd44fe: Loading layer  1.835MB/4.123MB[1B[1A[2Kb0c20bcd44fe: Loading layer  4.123MB/4.123MB[1B[1A[2Kb0c20bcd44fe: Loading layer  4.123MB/4.123MB[1B
[1A[2K5184c31ad48f: Loading layer  458.8kB/43.85MB[1B[1A[2K5184c31ad48f: Loading layer  3.211MB/43.85MB[1B[1A[2K5184c31ad48f: Loading layer  8.716MB/43.85MB[1B[1A[2K5184c31ad48f: Loading layer  11.93MB/43.85MB[1B[1A[2K5184c31ad48f: Loading layer  16.06MB/43.85MB[1B[1A[2K5184c31ad48f: Loading layer  17.43MB/43.85MB[1B[1A[2K5184c31ad48f: Loading layer   21.1MB/43.85MB[1B[1A[2K5184c31ad48f: Loading layer  24.31MB/43.85MB[1B[1A[2K5184c31ad48f: Loading layer  27.07MB/43.85MB[1B[1A[2K5184c31ad48f: Loading layer  30.28MB/43.85MB[1B[1A[2K5184c31ad48f: Loading layer  33.03MB/43.85MB[1B[1A[2K5184c31ad48f: Loading layer  35.32MB/43.85MB[1B[1A[2K5184c31ad48f: Loading layer  37.16MB/43.85MB[1B[1A[2K5184c31ad48f: Loading layer  39.91MB/43.85MB[1B[1A[2K5184c31ad48f: Loading layer  43.58MB/43.85MB[1B[1A[2K5184c31ad48f: Loading layer  43.85MB/43.85MB[1B
[1A[2Kfa1d322086e6: Loading layer   5.12kB/5.12kB[1B[1A[2Kfa1d322086e6: Loading layer   5.12kB/5.12kB[1B
[1A[2Kbdf610394df6: Loading layer  22.02kB/22.02kB[1B[1A[2Kbdf610394df6: Loading layer  22.02kB/22.02kB[1B
[1A[2K9258f4176a00: Loading layer  10.75kB/10.75kB[1B[1A[2K9258f4176a00: Loading layer  10.75kB/10.75kB[1BLoaded image: bench-worker:latest
 [ ok ]
 * Starting chronyd ... [ ok ]
 * Starting cloud-init-hotplugd ... [ ok ]
Cloud-init v. 23.4 running 'init' at Fri, 06 Mar 2026 03:12:38 +0000. Up 33.59 seconds.
ci-info: +++++++++++++++++++++++++++++++++++++++Net device info+++++++++++++++++++++++++++++++++++++++
ci-info: +---------+-------+----------------------------+---------------+--------+-------------------+
ci-info: |  Device |   Up  |          Address           |      Mask     | Scope  |     Hw-Address    |
ci-info: +---------+-------+----------------------------+---------------+--------+-------------------+
ci-info: | docker0 | False |         172.17.0.1         |  255.255.0.0  | global | 02:42:01:68:68:b7 |
ci-info: |   eth0  |  True |         10.0.2.15          | 255.255.255.0 | global | 52:54:00:12:34:56 |
ci-info: |   eth0  |  True | fec0::5054:ff:fe12:3456/64 |       .       |  site  | 52:54:00:12:34:56 |
ci-info: |   eth0  |  True | fe80::5054:ff:fe12:3456/64 |       .       |  link  | 52:54:00:12:34:56 |
ci-info: |    lo   |  True |         127.0.0.1          |   255.0.0.0   |  host  |         .         |
ci-info: |    lo   |  True |          ::1/128           |       .       |  host  |         .         |
ci-info: +---------+-------+----------------------------+---------------+--------+-------------------+
ci-info: +++++++++++++++++++++++++++Route IPv4 info++++++++++++++++++++++++++++
ci-info: +-------+-------------+----------+---------------+-----------+-------+
ci-info: | Route | Destination | Gateway  |    Genmask    | Interface | Flags |
ci-info: +-------+-------------+----------+---------------+-----------+-------+
ci-info: |   0   |   0.0.0.0   | 10.0.2.2 |    0.0.0.0    |    eth0   |   UG  |
ci-info: |   1   |   10.0.2.0  | 0.0.0.0  | 255.255.255.0 |    eth0   |   U   |
ci-info: |   2   |  172.17.0.0 | 0.0.0.0  |  255.255.0.0  |  docker0  |   U   |
ci-info: +-------+-------------+----------+---------------+-----------+-------+
ci-info: +++++++++++++++++++Route IPv6 info+++++++++++++++++++
ci-info: +-------+-------------+---------+-----------+-------+
ci-info: | Route | Destination | Gateway | Interface | Flags |
ci-info: +-------+-------------+---------+-----------+-------+
ci-info: |   0   |  fe80::/64  |    ::   |    eth0   |   U   |
ci-info: |   1   |  fec0::/64  |    ::   |    eth0   |   Ue  |
ci-info: |   2   |     ::/0    | fe80::2 |    eth0   |  UGe  |
ci-info: |   4   |    local    |    ::   |    eth0   |   U   |
ci-info: |   5   |    local    |    ::   |    eth0   |   U   |
ci-info: |   6   |  multicast  |    ::   |    eth0   |   U   |
ci-info: +-------+-------------+---------+-----------+-------+
2026-03-06 03:12:38,560 - cloud_config.py[WARNING]: Failed at merging in cloud config part from part-001: empty cloud config
Generating public/private rsa key pair.
Your identification has been saved in /etc/ssh/ssh_host_rsa_key
Your public key has been saved in /etc/ssh/ssh_host_rsa_key.pub
The key fingerprint is:
SHA256:CYque6hkUiaPybpfbTAoN2KvH4sURCDkwtGzei/KZpE root@agent-3
The key's randomart image is:
+---[RSA 3072]----+
|=+.              |
|= .o             |
|.+  o .          |
|o  + . . .       |
|+oX +   S        |
|oEoo +           |
|+*=oo o          |
|O++ooo           |
|XX+o.            |
+----[SHA256]-----+
Generating public/private dsa key pair.
Your identification has been saved in /etc/ssh/ssh_host_dsa_key
Your public key has been saved in /etc/ssh/ssh_host_dsa_key.pub
The key fingerprint is:
SHA256:p+HlTeNullmXxjdKzNxi4mnyf+HD8vU+nfV/cdbjZHE root@agent-3
The key's randomart image is:
+---[DSA 1024]----+
|                 |
|                 |
|                 |
|               .E|
|        S o * o =|
|       . * = O.%B|
|        o o B+Xo&|
|         . ==o O*|
|          ++o.+oO|
+----[SHA256]-----+
Generating public/private ecdsa key pair.
Your identification has been saved in /etc/ssh/ssh_host_ecdsa_key
Your public key has been saved in /etc/ssh/ssh_host_ecdsa_key.pub
The key fingerprint is:
SHA256:YQjWz/gwPIc+XFtKMyWW3MMV/tuAJ9iW6ajk5ryQhuY root@agent-3
The key's randomart image is:
+---[ECDSA 256]---+
|    o. . + .o.   |
|   . ...= =.     |
|     ..*oo ..    |
|      B.O..o =   |
|     o OS*. B +  |
|     .+.+  + o + |
|    o +.. . . . .|
|   o . =..       |
|    E  o*.       |
+----[SHA256]-----+
Generating public/private ed25519 key pair.
Your identification has been saved in /etc/ssh/ssh_host_ed25519_key
Your public key has been saved in /etc/ssh/ssh_host_ed25519_key.pub
The key fingerprint is:
SHA256:0iyY/kZLW1De9FB1YQfG6OMz7ZVHDG8B/kao/s/3bYY root@agent-3
The key's randomart image is:
+--[ED25519 256]--+
|           ..==++|
|        . o o.=o.|
|       o o + o =.|
|     o.o. . = o =|
|    o o.S  o o =.|
|   .  oo. . + o.o|
|    .o +   . + o.|
|     .+     . E =|
|     ..      ..==|
+----[SHA256]-----+
 [ ok ]
Cloud-init v. 23.4 running 'modules:config' at Fri, 06 Mar 2026 03:12:39 +0000. Up 34.64 seconds.
 [ ok ]
Cloud-init v. 23.4 running 'modules:final' at Fri, 06 Mar 2026 03:12:39 +0000. Up 35.12 seconds.
ci-info: no authorized SSH keys fingerprints found for user alpine.
cloud-init: #############################################################
cloud-init: -----BEGIN SSH HOST KEY FINGERPRINTS-----
cloud-init: 1024 SHA256:p+HlTeNullmXxjdKzNxi4mnyf+HD8vU+nfV/cdbjZHE root@agent-3 (DSA)
cloud-init: 256 SHA256:YQjWz/gwPIc+XFtKMyWW3MMV/tuAJ9iW6ajk5ryQhuY root@agent-3 (ECDSA)
cloud-init: 256 SHA256:0iyY/kZLW1De9FB1YQfG6OMz7ZVHDG8B/kao/s/3bYY root@agent-3 (ED25519)
cloud-init: 3072 SHA256:CYque6hkUiaPybpfbTAoN2KvH4sURCDkwtGzei/KZpE root@agent-3 (RSA)
cloud-init: -----END SSH HOST KEY FINGERPRINTS-----
cloud-init: #############################################################
-----BEGIN SSH HOST KEY KEYS-----
ecdsa-sha2-nistp256 AAAAE2VjZHNhLXNoYTItbmlzdHAyNTYAAAAIbmlzdHAyNTYAAABBBJUJR1yJuolOLANXlQ/T1xNsOqrdTE1T40wqfjDZAm4YXZxaTxflmQ5B03gkPsQSZ2RdPn1L1nc1SaBrZvfEjW4= root@agent-3
ssh-ed25519 AAAAC3NzaC1lZDI1NTE5AAAAID1xHXTYD40e0NwbRz9YmKpWydy91vV/Anf3mEbtAes+ root@agent-3
ssh-rsa AAAAB3NzaC1yc2EAAAADAQABAAABgQDYi8Hzu+t6TkOhmCvLFlgKYpvkh8eTFvvpIknEvTJfsPi6TW56WlTc1TP2ak438cKdMvkMUxJwI55vR463cP4kM5HZ41cSPdyYTSbE4I8IMzWXUQPS0FVQc2OA6FYstJvLCr8H3vgUgvtIr0O+EuPE30KiwI271w4Q3pKPCZ34Q4O1XWx1xu0MJPhqwxItaKLfLNd4YUgzMEMDxzZU+8rcjLQ2tBW8j8UilqI1KFNd7btXjrcDVX65pQ+9drmkY7JgunRCAq51JoV9E7OiLczcggErfgDiuvIOQh/yM7UXCW4v3mTVgZIxBoXq5uYExeUT3F7IyxaYA9TkD2tLqbWuQbOlVfgLywvet/dEPDk84DdV4xAEM0Koi0nVodlBGlgj6RAK5v0zDxhs1J8xbJgGK2gIOw86uKfmzu97IEpxzDMtEhY6STuqU4KmAjjGCXr33XNMYVkoagUQ8ik6GU15L9oT53cvh3JiSmgWMX/UzWukOaV8F84pgqLl98lI0T8= root@agent-3
-----END SSH HOST KEY KEYS-----
Cloud-init v. 23.4 finished at Fri, 06 Mar 2026 03:12:40 +0000. Datasource DataSourceNoCloud [seed=/dev/vdb][dsmode=net].  Up 35.30 seconds
 [ ok ]

Welcome to Alpine Linux 3.19
Kernel 6.6.4-1-virt on an x86_64 (/dev/ttyS0)

agent-3 login: 