c[?7l[2J[0mSeaBIOS (version 1.15.0-1)


iPXE (https://ipxe.org) 00:03.0 CA00 PCI2.10 PnP PMM+BFF8B380+BFECB380 CA00
Press Ctrl-B to configure iPXE (PCI 00:03.0)...                                                                               


Booting from Hard Disk...

SYSLINUX 6.04 EDD 6.04-pre1 Copyright (C) 1994-2015 H. Peter Anvin et al

SYSLINUX 6.04 6.04-pre1 Copyright (C) 1994-2015 H. Peter Anvin et al
[2Je%@)0(B[0;37;40m[?25l[2J[23;16HAlpine will be booted automatically in [0;1m1[0m seconds[23;16H[0;37;40mAlpine will be booted automatically in [0;1;.37;40m1[0;37;40m seconds.[23;16H                                                 [23;16H[0;37;40m                                                  [?25h[24;1H[0m 
Loading vmlinuz-virt...Loading vmlinuz-virt...  ook
k
Loading initramfs-virt..Loading initramfs-virt....ookk

c[?7l[2J[    0.000000] Linux version 6.6.4-1-virt (buildozer@build-3-19-x86_64) (gcc (Alpine 13.2.1_git20231014) 13.2.1 20231014, GNU ld (GNU Binutils) 2.41) #2-Alpine SMP PREEMPT_DYNAMIC Tue, 05 Dec 2023 20:25:50 +0000
[    0.000000] Command line: BOOT_IMAGE=vmlinuz-virt root=LABEL=/ modules=sd-mod,usb-storage,ext4 console=ttyS0,115200n8 initrd=initramfs-virt
[    0.000000] BIOS-provided physical RAM map:
[    0.000000] BIOS-e820: [mem 0x0000000000000000-0x000000000009fbff] usable
[    0.000000] BIOS-e820: [mem 0x000000000009fc00-0x000000000009ffff] reserved
[    0.000000] BIOS-e820: [mem 0x00000000000f0000-0x00000000000fffff] reserved
[    0.000000] BIOS-e820: [mem 0x0000000000100000-0x00000000bffd9fff] usable
[    0.000000] BIOS-e820: [mem 0x00000000bffda000-0x00000000bfffffff] reserved
[    0.000000] BIOS-e820: [mem 0x00000000feffc000-0x00000000feffffff] reserved
[    0.000000] BIOS-e820: [mem 0x00000000fffc0000-0x00000000ffffffff] reserved
[    0.000000] BIOS-e820: [mem 0x0000000100000000-0x000000013fffffff] usable
[    0.000000] NX (Execute Disable) protection: active
[    0.000000] APIC: Static calls initialized
[    0.000000] SMBIOS 2.8 present.
[    0.000000] DMI: QEMU Standard PC (i440FX + PIIX, 1996), BIOS 1.15.0-1 04/01/2014
[    0.000000] Hypervisor detected: KVM
[    0.000000] kvm-clock: Using msrs 4b564d01 and 4b564d00
[    0.000001] kvm-clock: using sched offset of 2395678990 cycles
[    0.000003] clocksource: kvm-clock: mask: 0xffffffffffffffff max_cycles: 0x1cd42e4dffb, max_idle_ns: 881590591483 ns
[    0.000007] tsc: Detected 2799.998 MHz processor
[    0.000880] last_pfn = 0x140000 max_arch_pfn = 0x400000000
[    0.001277] MTRR map: 4 entries (3 fixed + 1 variable; max 19), built from 8 variable MTRRs
[    0.001293] x86/PAT: Configuration [0-7]: WB  WC  UC- UC  WB  WP  UC- WT  
[    0.001768] last_pfn = 0xbffda max_arch_pfn = 0x400000000
[    0.001970] RAMDISK: [mem 0x7f71e000-0x7fffffff]
[    0.001973] ACPI: Early table checksum verification disabled
[    0.001978] ACPI: RSDP 0x00000000000F59A0 000014 (v00 BOCHS )
[    0.001983] ACPI: RSDT 0x00000000BFFE1975 000034 (v01 BOCHS  BXPC     00000001 BXPC 00000001)
[    0.001989] ACPI: FACP 0x00000000BFFE1821 000074 (v01 BOCHS  BXPC     00000001 BXPC 00000001)
[    0.002019] ACPI: DSDT 0x00000000BFFE0040 0017E1 (v01 BOCHS  BXPC     00000001 BXPC 00000001)
[    0.002024] ACPI: FACS 0x00000000BFFE0000 000040
[    0.002027] ACPI: APIC 0x00000000BFFE1895 000080 (v01 BOCHS  BXPC     00000001 BXPC 00000001)
[    0.002030] ACPI: HPET 0x00000000BFFE1915 000038 (v01 BOCHS  BXPC     00000001 BXPC 00000001)
[    0.002033] ACPI: WAET 0x00000000BFFE194D 000028 (v01 BOCHS  BXPC     00000001 BXPC 00000001)
[    0.002035] ACPI: Reserving FACP table memory at [mem 0xbffe1821-0xbffe1894]
[    0.002037] ACPI: Reserving DSDT table memory at [mem 0xbffe0040-0xbffe1820]
[    0.002037] ACPI: Reserving FACS table memory at [mem 0xbffe0000-0xbffe003f]
[    0.002038] ACPI: Reserving APIC table memory at [mem 0xbffe1895-0xbffe1914]
[    0.002039] ACPI: Reserving HPET table memory at [mem 0xbffe1915-0xbffe194c]
[    0.002039] ACPI: Reserving WAET table memory at [mem 0xbffe194d-0xbffe1974]
[    0.002400] Zone ranges:
[    0.002402]   DMA      [mem 0x0000000000001000-0x0000000000ffffff]
[    0.002404]   DMA32    [mem 0x0000000001000000-0x00000000ffffffff]
[    0.002405]   Normal   [mem 0x0000000100000000-0x000000013fffffff]
[    0.002406] Movable zone start for each node
[    0.002407] Early memory node ranges
[    0.002407]   node   0: [mem 0x0000000000001000-0x000000000009efff]
[    0.002408]   node   0: [mem 0x0000000000100000-0x00000000bffd9fff]
[    0.002409]   node   0: [mem 0x0000000100000000-0x000000013fffffff]
[    0.002411] Initmem setup node 0 [mem 0x0000000000001000-0x000000013fffffff]
[    0.002496] On node 0, zone DMA: 1 pages in unavailable ranges
[    0.003750] On node 0, zone DMA: 97 pages in unavailable ranges
[    0.337834] On node 0, zone Normal: 38 pages in unavailable ranges
[    0.340984] ACPI: PM-Timer IO Port: 0x608
[    0.341022] ACPI: LAPIC_NMI (acpi_id[0xff] dfl dfl lint[0x1])
[    0.341197] IOAPIC[0]: apic_id 0, version 17, address 0xfec00000, GSI 0-23
[    0.341201] ACPI: INT_SRC_OVR (bus 0 bus_irq 0 global_irq 2 dfl dfl)
[    0.341204] ACPI: INT_SRC_OVR (bus 0 bus_irq 5 global_irq 5 high level)
[    0.341205] ACPI: INT_SRC_OVR (bus 0 bus_irq 9 global_irq 9 high level)
[    0.341207] ACPI: INT_SRC_OVR (bus 0 bus_irq 10 global_irq 10 high level)
[    0.341208] ACPI: INT_SRC_OVR (bus 0 bus_irq 11 global_irq 11 high level)
[    0.341212] ACPI: Using ACPI (MADT) for SMP configuration information
[    0.341213] ACPI: HPET id: 0x8086a201 base: 0xfed00000
[    0.341242] smpboot: Allowing 2 CPUs, 0 hotplug CPUs
[    0.341295] kvm-guest: APIC: eoi() replaced with kvm_guest_apic_eoi_write()
[    0.341348] [mem 0xc0000000-0xfeffbfff] available for PCI devices
[    0.341350] Booting paravirtualized kernel on KVM
[    0.341351] clocksource: refined-jiffies: mask: 0xffffffff max_cycles: 0xffffffff, max_idle_ns: 19112604462750000 ns
[    0.344928] setup_percpu: NR_CPUS:256 nr_cpumask_bits:2 nr_cpu_ids:2 nr_node_ids:1
[    0.359349] percpu: Embedded 57 pages/cpu s195048 r8192 d30232 u1048576
[    0.359475] kvm-guest: PV spinlocks disabled, no host support
[    0.359476] Kernel command line: BOOT_IMAGE=vmlinuz-virt root=LABEL=/ modules=sd-mod,usb-storage,ext4 console=ttyS0,115200n8 initrd=initramfs-virt
[    0.359530] Unknown kernel command line parameters "BOOT_IMAGE=vmlinuz-virt modules=sd-mod,usb-storage,ext4", will be passed to user space.
[    0.380309] Dentry cache hash table entries: 524288 (order: 10, 4194304 bytes, linear)
[    0.390560] Inode-cache hash table entries: 262144 (order: 9, 2097152 bytes, linear)
[    0.390774] Built 1 zonelists, mobility grouping on.  Total pages: 1031898
[    0.402509] mem auto-init: stack:all(zero), heap alloc:on, heap free:off
[    0.402517] software IO TLB: area num 2.
[    0.775653] Memory: 4012160K/4193760K available (12288K kernel code, 1744K rwdata, 8008K rodata, 2640K init, 2300K bss, 181340K reserved, 0K cma-reserved)
[    0.781542] SLUB: HWalign=64, Order=0-3, MinObjects=0, CPUs=2, Nodes=1
[    0.781698] Kernel/User page tables isolation: enabled
[    0.784235] Dynamic Preempt: none
[    0.784428] rcu: Preemptible hierarchical RCU implementation.
[    0.784430] rcu: 	RCU restricting CPUs from NR_CPUS=256 to nr_cpu_ids=2.
[    0.784431] 	Trampoline variant of Tasks RCU enabled.
[    0.784432] 	Tracing variant of Tasks RCU enabled.
[    0.784433] rcu: RCU calculated value of scheduler-enlistment delay is 10 jiffies.
[    0.784433] rcu: Adjusting geometry for rcu_fanout_leaf=16, nr_cpu_ids=2
[    0.788910] NR_IRQS: 16640, nr_irqs: 440, preallocated irqs: 16
[    0.789448] rcu: srcu_init: Setting srcu_struct sizes based on contention.
[    0.789607] kfence: initialized - using 2097152 bytes for 255 objects at 0x(____ptrval____)-0x(____ptrval____)
[    0.814351] Console: colour VGA+ 80x25
[    0.814513] printk: console [ttyS0] enabled
[    1.138033] ACPI: Core revision 20230628
[    1.140916] clocksource: hpet: mask: 0xffffffff max_cycles: 0xffffffff, max_idle_ns: 19112604467 ns
[    1.146138] APIC: Switch to symmetric I/O mode setup
[    1.150290] x2apic enabled
[    1.153287] APIC: Switched APIC routing to: physical x2apic
[    1.162864] ..TIMER: vector=0x30 apic1=0 pin1=2 apic2=-1 pin2=-1
[    1.166174] clocksource: tsc-early: mask: 0xffffffffffffffff max_cycles: 0x285c3ee517e, max_idle_ns: 440795257231 ns
[    1.171674] Calibrating delay loop (skipped) preset value.. 5599.99 BogoMIPS (lpj=27999980)
[    1.182666] Last level iTLB entries: 4KB 0, 2MB 0, 4MB 0
[    1.185466] Last level dTLB entries: 4KB 0, 2MB 0, 4MB 0, 1GB 0
[    1.188608] Spectre V1 : Mitigation: usercopy/swapgs barriers and __user pointer sanitization
[    1.191674] Spectre V2 : Mitigation: Retpolines
[    1.194095] Spectre V2 : Spectre v2 / SpectreRSB mitigation: Filling RSB on context switch
[    1.198395] Spectre V2 : Spectre v2 / SpectreRSB : Filling RSB on VMEXIT
[    1.201672] Speculative Store Bypass: Vulnerable
[    1.204108] MDS: Vulnerable: Clear CPU buffers attempted, no microcode
[    1.207506] MMIO Stale Data: Unknown: No mitigations
[    1.211674] x86/fpu: x87 FPU will use FXSAVE
[    1.227085] Freeing SMP alternatives memory: 32K
[    1.229673] pid_max: default: 32768 minimum: 301
[    1.232162] LSM: initializing lsm=capability,landlock,lockdown,integrity
[    1.236365] landlock: Up and running.
[    1.238775] Mount-cache hash table entries: 8192 (order: 4, 65536 bytes, linear)
[    1.242109] Mountpoint-cache hash table entries: 8192 (order: 4, 65536 bytes, linear)
[    1.370159] smpboot: CPU0: Intel QEMU Virtual CPU version 2.5+ (family: 0xf, model: 0x6b, stepping: 0x1)
[    1.371669] RCU Tasks: Setting shift to 1 and lim to 1 rcu_task_cb_adjust=1.
[    1.371780] RCU Tasks Trace: Setting shift to 1 and lim to 1 rcu_task_cb_adjust=1.
[    1.375886] Performance Events: unsupported Netburst CPU model 107 no PMU driver, software events only.
[    1.380880] signal: max sigframe size: 1440
[    1.381943] rcu: Hierarchical SRCU implementation.
[    1.384440] rcu: 	Max phase no-delay instances is 1000.
[    1.387947] NMI watchdog: Perf NMI watchdog permanently disabled
[    1.391915] smp: Bringing up secondary CPUs ...
[    1.395439] smpboot: x86: Booting SMP configuration:
[    1.398044] .... node  #0, CPUs:      #1
[    1.413672] smp: Brought up 1 node, 2 CPUs
[    1.415970] smpboot: Max logical packages: 1
[    1.421674] ----------------
[    1.423210] | NMI testsuite:
[    1.424746] --------------------
[    1.426439]   remote IPI:  ok  |
[    1.426504]    local IPI:  ok  |
[    1.426504] --------------------
[    1.431673] Good, all   2 testcases passed! |
[    1.433947] ---------------------------------
[    1.436193] smpboot: Total of 2 processors activated (11199.99 BogoMIPS)
[    1.441672] devtmpfs: initialized
[    1.443518] x86/mm: Memory block size: 128MB
[    1.446994] clocksource: jiffies: mask: 0xffffffff max_cycles: 0xffffffff, max_idle_ns: 19112604462750000 ns
[    1.451839] futex hash table entries: 512 (order: 3, 32768 bytes, linear)
[    1.467640] NET: Registered PF_NETLINK/PF_ROUTE protocol family
[    1.470974] audit: initializing netlink subsys (disabled)
[    1.471820] audit: type=2000 audit(1772766725.961:1): state=initialized audit_enabled=0 res=1
[    1.471820] thermal_sys: Registered thermal governor 'step_wise'
[    1.476279] cpuidle: using governor ladder
[    1.483848] cpuidle: using governor menu
[    1.486014] acpiphp: ACPI Hot Plug PCI Controller Driver version: 0.5
[    1.486535] PCI: Using configuration type 1 for base access
[    1.492074] kprobes: kprobe jump-optimization is enabled. All kprobes are optimized if possible.
[    1.496952] HugeTLB: registered 2.00 MiB page size, pre-allocated 0 pages
[    1.501672] HugeTLB: 28 KiB vmemmap can be freed for a 2.00 MiB page
[    1.504971] ACPI: Added _OSI(Module Device)
[    1.504971] ACPI: Added _OSI(Processor Device)
[    1.514034] ACPI: Added _OSI(3.0 _SCP Extensions)
[    1.516465] ACPI: Added _OSI(Processor Aggregator Device)
[    1.519817] ACPI: 1 ACPI AML tables successfully acquired and loaded
[    1.523195] ACPI: _OSC evaluation for CPUs failed, trying _PDC
[    1.524811] ACPI: Interpreter enabled
[    1.526744] ACPI: PM: (supports S0 S3 S5)
[    1.531673] ACPI: Using IOAPIC for interrupt routing
[    1.534254] PCI: Using host bridge windows from ACPI; if necessary, use "pci=nocrs" and report a bug
[    1.538986] PCI: Using E820 reservations for host bridge windows
[    1.541816] ACPI: Enabled 2 GPEs in block 00 to 0F
[    1.547668] ACPI: PCI Root Bridge [PCI0] (domain 0000 [bus 00-ff])
[    1.551677] acpi PNP0A03:00: _OSC: OS supports [ASPM ClockPM Segments MSI HPX-Type3]
[    1.555721] acpi PNP0A03:00: _OSC: not requesting OS control; OS requires [ExtendedConfig ASPM ClockPM MSI]
[    1.560780] acpi PNP0A03:00: fail to add MMCONFIG information, can't access extended configuration space under this bridge
[    1.562232] acpiphp: Slot [3] registered
[    1.564354] acpiphp: Slot [4] registered
[    1.566439] acpiphp: Slot [5] registered
[    1.571721] acpiphp: Slot [6] registered
[    1.573952] acpiphp: Slot [7] registered
[    1.576063] acpiphp: Slot [8] registered
[    1.578160] acpiphp: Slot [9] registered
[    1.581748] acpiphp: Slot [10] registered
[    1.583977] acpiphp: Slot [11] registered
[    1.586147] acpiphp: Slot [12] registered
[    1.588274] acpiphp: Slot [13] registered
[    1.604068] acpiphp: Slot [14] registered
[    1.606408] acpiphp: Slot [15] registered
[    1.608587] acpiphp: Slot [16] registered
[    1.610790] acpiphp: Slot [17] registered
[    1.611739] acpiphp: Slot [18] registered
[    1.614390] acpiphp: Slot [19] registered
[    1.616579] acpiphp: Slot [20] registered
[    1.618822] acpiphp: Slot [21] registered
[    1.621783] acpiphp: Slot [22] registered
[    1.623929] acpiphp: Slot [23] registered
[    1.626157] acpiphp: Slot [24] registered
[    1.628323] acpiphp: Slot [25] registered
[    1.630482] acpiphp: Slot [26] registered
[    1.632774] acpiphp: Slot [27] registered
[    1.639418] acpiphp: Slot [28] registered
[    1.641790] acpiphp: Slot [29] registered
[    1.644073] acpiphp: Slot [30] registered
[    1.646303] acpiphp: Slot [31] registered
[    1.648572] PCI host bridge to bus 0000:00
[    1.651786] pci_bus 0000:00: root bus resource [io  0x0000-0x0cf7 window]
[    1.655662] pci_bus 0000:00: root bus resource [io  0x0d00-0xffff window]
[    1.659188] pci_bus 0000:00: root bus resource [mem 0x000a0000-0x000bffff window]
[    1.661673] pci_bus 0000:00: root bus resource [mem 0xc0000000-0xfebfffff window]
[    1.665594] pci_bus 0000:00: root bus resource [mem 0x140000000-0x1bfffffff window]
[    1.671726] pci_bus 0000:00: root bus resource [bus 00-ff]
[    1.676945] pci 0000:00:00.0: [8086:1237] type 00 class 0x060000
[    1.689105] pci 0000:00:01.0: [8086:7000] type 00 class 0x060100
[    1.695008] pci 0000:00:01.1: [8086:7010] type 00 class 0x010180
[    1.703155] pci 0000:00:01.1: reg 0x20: [io  0xc160-0xc16f]
[    1.708261] pci 0000:00:01.1: legacy IDE quirk: reg 0x10: [io  0x01f0-0x01f7]
[    1.711674] pci 0000:00:01.1: legacy IDE quirk: reg 0x14: [io  0x03f6]
[    1.715211] pci 0000:00:01.1: legacy IDE quirk: reg 0x18: [io  0x0170-0x0177]
[    1.719124] pci 0000:00:01.1: legacy IDE quirk: reg 0x1c: [io  0x0376]
[    1.724027] pci 0000:00:01.3: [8086:7113] type 00 class 0x068000
[    1.729651] pci 0000:00:01.3: quirk: [io  0x0600-0x063f] claimed by PIIX4 ACPI
[    1.731715] pci 0000:00:01.3: quirk: [io  0x0700-0x070f] claimed by PIIX4 SMB
[    1.736387] pci 0000:00:02.0: [1234:1111] type 00 class 0x030000
[    1.753058] pci 0000:00:02.0: reg 0x10: [mem 0xfd000000-0xfdffffff pref]
[    1.764879] pci 0000:00:02.0: reg 0x18: [mem 0xfeb90000-0xfeb90fff]
[    1.779629] pci 0000:00:02.0: reg 0x30: [mem 0xfeb80000-0xfeb8ffff pref]
[    1.783191] pci 0000:00:02.0: Video device with shadowed ROM at [mem 0x000c0000-0x000dffff]
[    1.798120] pci 0000:00:03.0: [1af4:1000] type 00 class 0x020000
[    1.802950] pci 0000:00:03.0: reg 0x10: [io  0xc140-0xc15f]
[    1.806938] pci 0000:00:03.0: reg 0x14: [mem 0xfeb91000-0xfeb91fff]
[    1.814120] pci 0000:00:03.0: reg 0x20: [mem 0xfe000000-0xfe003fff 64bit pref]
[    1.819140] pci 0000:00:03.0: reg 0x30: [mem 0xfeb00000-0xfeb7ffff pref]
[    1.827192] pci 0000:00:04.0: [1af4:1009] type 00 class 0x000200
[    1.833125] pci 0000:00:04.0: reg 0x10: [io  0xc100-0xc13f]
[    1.837175] pci 0000:00:04.0: reg 0x14: [mem 0xfeb92000-0xfeb92fff]
[    1.845567] pci 0000:00:04.0: reg 0x20: [mem 0xfe004000-0xfe007fff 64bit pref]
[    1.854665] pci 0000:00:05.0: [1af4:1001] type 00 class 0x010000
[    1.859395] pci 0000:00:05.0: reg 0x10: [io  0xc000-0xc07f]
[    1.862986] pci 0000:00:05.0: reg 0x14: [mem 0xfeb93000-0xfeb93fff]
[    1.870510] pci 0000:00:05.0: reg 0x20: [mem 0xfe008000-0xfe00bfff 64bit pref]
[    1.876929] pci 0000:00:06.0: [1af4:1001] type 00 class 0x010000
[    1.883175] pci 0000:00:06.0: reg 0x10: [io  0xc080-0xc0ff]
[    1.887637] pci 0000:00:06.0: reg 0x14: [mem 0xfeb94000-0xfeb94fff]
[    1.896112] pci 0000:00:06.0: reg 0x20: [mem 0xfe00c000-0xfe00ffff 64bit pref]
[    1.908362] ACPI: PCI: Interrupt link LNKA configured for IRQ 10
[    1.911970] ACPI: PCI: Interrupt link LNKB configured for IRQ 10
[    1.915594] ACPI: PCI: Interrupt link LNKC configured for IRQ 11
[    1.918967] ACPI: PCI: Interrupt link LNKD configured for IRQ 11
[    1.921806] ACPI: PCI: Interrupt link LNKS configured for IRQ 9
[    1.927871] iommu: Default domain type: Translated
[    1.930479] iommu: DMA domain TLB invalidation policy: lazy mode
[    1.933744] SCSI subsystem initialized
[    1.936300] pps_core: LinuxPPS API ver. 1 registered
[    1.936300] pps_core: Software ver. 5.3.6 - Copyright 2005-2007 Rodolfo Giometti <giometti@linux.it>
[    1.941700] PTP clock support registered
[    1.944825] PCI: Using ACPI for IRQ routing
[    1.953150] hpet: 3 channels of 0 reserved for per-cpu timers
[    1.961925] clocksource: Switched to clocksource kvm-clock
[    1.977831] VFS: Disk quotas dquot_6.6.0
[    1.980074] VFS: Dquot-cache hash table entries: 512 (order 0, 4096 bytes)
[    1.984244] pnp: PnP ACPI init
[    1.986866] pnp: PnP ACPI: found 6 devices
[    2.003567] clocksource: acpi_pm: mask: 0xffffff max_cycles: 0xffffff, max_idle_ns: 2085701024 ns
[    2.008491] NET: Registered PF_INET protocol family
[    2.013931] IP idents hash table entries: 65536 (order: 7, 524288 bytes, linear)
[    2.020224] tcp_listen_portaddr_hash hash table entries: 2048 (order: 3, 32768 bytes, linear)
[    2.025979] Table-perturb hash table entries: 65536 (order: 6, 262144 bytes, linear)
[    2.031279] TCP established hash table entries: 32768 (order: 6, 262144 bytes, linear)
[    2.040784] TCP bind hash table entries: 32768 (order: 8, 1048576 bytes, linear)
[    2.044839] TCP: Hash tables configured (established 32768 bind 32768)
[    2.049606] UDP hash table entries: 2048 (order: 4, 65536 bytes, linear)
[    2.053483] UDP-Lite hash table entries: 2048 (order: 4, 65536 bytes, linear)
[    2.057565] NET: Registered PF_UNIX/PF_LOCAL protocol family
[    2.060706] NET: Registered PF_XDP protocol family
[    2.063379] pci_bus 0000:00: resource 4 [io  0x0000-0x0cf7 window]
[    2.066575] pci_bus 0000:00: resource 5 [io  0x0d00-0xffff window]
[    2.069787] pci_bus 0000:00: resource 6 [mem 0x000a0000-0x000bffff window]
[    2.073425] pci_bus 0000:00: resource 7 [mem 0xc0000000-0xfebfffff window]
[    2.076973] pci_bus 0000:00: resource 8 [mem 0x140000000-0x1bfffffff window]
[    2.080748] pci 0000:00:01.0: PIIX3: Enabling Passive Release
[    2.083923] pci 0000:00:00.0: Limiting direct PCI/PCI transfers
[    2.087371] PCI: CLS 0 bytes, default 64
[    2.089560] PCI-DMA: Using software bounce buffering for IO (SWIOTLB)
[    2.090368] Unpacking initramfs...
[    2.092946] software IO TLB: mapped [mem 0x00000000bbfda000-0x00000000bffda000] (64MB)
[    2.093223] clocksource: tsc: mask: 0xffffffffffffffff max_cycles: 0x285c3ee517e, max_idle_ns: 440795257231 ns
[    2.105259] Initialise system trusted keyrings
[    2.108765] workingset: timestamp_bits=46 max_order=20 bucket_order=0
[    2.112194] zbud: loaded
[    2.114341] Key type asymmetric registered
[    2.116529] Asymmetric key parser 'x509' registered
[    2.119403] Block layer SCSI generic (bsg) driver version 0.4 loaded (major 247)
[    2.123710] io scheduler mq-deadline registered
[    2.126093] io scheduler kyber registered
[    2.128282] io scheduler bfq registered
[    2.131522] ERST DBG: ERST support is disabled.
[    2.146548] ACPI: \_SB_.LNKC: Enabled at IRQ 11
[    2.165014] ACPI: \_SB_.LNKD: Enabled at IRQ 10
[    2.183337] ACPI: \_SB_.LNKA: Enabled at IRQ 10
[    2.201444] ACPI: \_SB_.LNKB: Enabled at IRQ 11
[    2.209874] Serial: 8250/16550 driver, 4 ports, IRQ sharing enabled
[    2.214190] 00:04: ttyS0 at I/O 0x3f8 (irq = 4, base_baud = 115200) is a 16550A
[    2.232583] VMware PVSCSI driver - version 1.0.7.0-k
[    2.240754] scsi host0: ata_piix
[    2.243654] scsi host1: ata_piix
[    2.245607] ata1: PATA max MWDMA2 cmd 0x1f0 ctl 0x3f6 bmdma 0xc160 irq 14
[    2.249110] ata2: PATA max MWDMA2 cmd 0x170 ctl 0x376 bmdma 0xc168 irq 15
[    2.253358] i8042: PNP: PS/2 Controller [PNP0303:KBD,PNP0f13:MOU] at 0x60,0x64 irq 1,12
[    2.260501] serio: i8042 KBD port at 0x60,0x64 irq 1
[    2.263183] serio: i8042 AUX port at 0x60,0x64 irq 12
[    2.266190] rtc_cmos 00:05: RTC can wake from S4
[    2.274327] input: AT Translated Set 2 keyboard as /devices/platform/i8042/serio0/input/input0
[    2.274897] rtc_cmos 00:05: registered as rtc0
[    2.281558] rtc_cmos 00:05: setting system clock to 2026-03-06T03:12:06 UTC (1772766726)
[    2.286088] rtc_cmos 00:05: alarms up to one day, y3k, 242 bytes nvram, hpet irqs
[    2.290108] intel_pstate: CPU model not supported
[    2.293190] gre: GRE over IPv4 demultiplexor driver
[    2.308675] Freeing initrd memory: 9096K
[    2.340651] Key type dns_resolver registered
[    2.343362] IPI shorthand broadcast: enabled
[    2.347518] sched_clock: Marking stable (1980786059, 362201032)->(2347379561, -4392470)
[    2.357352] registered taskstats version 1
[    2.359800] Loading compiled-in X.509 certificates
[    2.370771] Loaded X.509 cert 'alpinelinux.org: Alpine Linux kernel key: d76a695f66ad9cd28f5c22a8508f36e91f521f7a'
[    2.379341] Key type .fscrypt registered
[    2.381426] Key type fscrypt-provisioning registered
[    2.443663] ata2: found unknown device (class 0)
[    2.446986] ata2.00: ATAPI: QEMU DVD-ROM, 2.5+, max UDMA/100
[    2.452787] scsi 1:0:0:0: CD-ROM            QEMU     QEMU DVD-ROM     2.5+ PQ: 0 ANSI: 5
[    2.503781] Freeing unused kernel image (initmem) memory: 2640K
[    2.542334] Write protecting the kernel read-only data: 20480k
[    2.545265] Freeing unused kernel image (rodata/data gap) memory: 184K
[    2.547412] rodata_test: all tests were successful
[    2.548972] Run /init as init process
[    2.563695] Alpine Init 3.9.0-r0
Alpine Init 3.9.0-r0
[    2.565750] Loading boot drivers...
 * Loading boot drivers: [    2.600603] ACPI: bus type USB registered
[    2.601947] usbcore: registered new interface driver usbfs
[    2.603696] usbcore: registered new interface driver hub
[    2.605328] usbcore: registered new device driver usb
[    2.611177] usbcore: registered new interface driver usb-storage
[    2.810253] loop: module loaded
[    2.847164] ACPI: bus type drm_connector registered
[    2.876156] Loading boot drivers: ok.
ok.
[    2.879125] Mounting root...
 * Mounting root: [    2.923379] piix4_smbus 0000:00:01.3: SMBus Host Controller at 0x700, revision 0
[    2.940822] [drm] Found bochs VGA, ID 0xb0c5.
[    2.942203] [drm] Framebuffer size 16384 kB @ 0xfd000000, mmio @ 0xfeb90000.
[    2.950540] [drm] Found EDID data blob.
[    2.952483] [drm] Initialized bochs-drm 1.0.0 20130925 for 0000:00:02.0 on minor 0
[    2.992621] Console: switching to colour frame buffer device 128x48
[    2.995509] bochs-drm 0000:00:02.0: [drm] fb0: bochs-drmdrmfb frame buffer device
[    3.144802] sr 1:0:0:0: [sr0] scsi3-mmc drive: 4x/4x cd/rw xa/form2 tray
[    3.146849] cdrom: Uniform CD-ROM driver Revision: 3.20
[    3.239989] virtio_blk virtio2: 2/0/0 default/read/poll queues
[    3.246332] virtio_blk virtio2: [vda] 8388608 512-byte logical blocks (4.29 GB/4.00 GiB)
[    3.250385] virtio_blk virtio3: 2/0/0 default/read/poll queues
[    3.256813] virtio_blk virtio3: [vdb] 736 512-byte logical blocks (377 kB/368 KiB)
[    3.347515] block sr0: the capability attribute has been deprecated.
[    6.179382] EXT4-fs (vda): mounted filesystem 367ceb5a-a72a-4cc6-9140-e18812d3c81b ro with ordered data mode. Quota mode: none.
[    6.183278] Mounting root: ok.
ok.

   OpenRC 0.52.1 is starting up Linux 6.6.4-1-virt (x86_64)

 * /proc is already mounted
 * Mounting /run ... [ ok ]
 * /run/openrc: creating directory
 * /run/lock: creating directory
 * /run/lock: correcting owner
 * Caching service dependencies ... [ ok ]
 * Remounting devtmpfs on /dev ... [ ok ]
 * Mounting /dev/mqueue ... [ ok ]
 * Mounting security filesystem ... [ ok ]
 * Mounting debug filesystem ... [ ok ]
 * Mounting persistent storage (pstore) filesystem ... [ ok ]
 * Starting busybox mdev ... [ ok ]
 * Scanning hardware for mdev ... [ ok ]
 * Loading hardware drivers ... [ ok ]
 * Loading modules ... [ ok ]
 * Setting system clock using the hardware clock [UTC] ... [ ok ]
 * Checking local filesystems  .../: clean, 8723/65536 files, 158031/262144 blocks
 [ ok ]
 * Remounting root filesystem read/write ... [ ok ]
 * Remounting filesystems ... [ ok ]
 * Activating swap devices ... [ ok ]
 * Mounting local filesystems ... [ ok ]
 * Starting busybox acpid ... [ ok ]
 * Configuring kernel parameters ... [ ok ]
 * Migrating /var/lock to /run/lock ... [ ok ]
 * Creating user login records ... [ ok ]
 * Cleaning /tmp directory ... [ ok ]
Cloud-init v. 23.4 running 'init-local' at Fri, 06 Mar 2026 03:12:15 +0000. Up 11.02 seconds.
 [ ok ]
 * Setting hostname ... [ ok ]
 * Starting busybox syslog ... [ ok ]
 * Mounting cgroup filesystem ... [ ok ]
 * Starting networking ... *   lo ... [ ok ]
 *   eth0 ... [ ok ]
 * /var/log/docker.log: creating file
 * /var/log/docker.log: correcting owner
 * Starting Docker Daemon ... [ ok ]
 * Starting benchmark agent ...
[1A[2Ka257f20c716c: Loading layer  557.1kB/81.04MB[1B[1A[2Ka257f20c716c: Loading layer  6.685MB/81.04MB[1B[1A[2Ka257f20c716c: Loading layer  12.26MB/81.04MB[1B[1A[2Ka257f20c716c: Loading layer  18.38MB/81.04MB[1B[1A[2Ka257f20c716c: Loading layer   23.4MB/81.04MB[1B[1A[2Ka257f20c716c: Loading layer   27.3MB/81.04MB[1B[1A[2Ka257f20c716c: Loading layer   31.2MB/81.04MB[1B[1A[2Ka257f20c716c: Loading layer  37.32MB/81.04MB[1B[1A[2Ka257f20c716c: Loading layer  44.01MB/81.04MB[1B[1A[2Ka257f20c716c: Loading layer  50.69MB/81.04MB[1B[1A[2Ka257f20c716c: Loading layer  57.38MB/81.04MB[1B[1A[2Ka257f20c716c: Loading layer  64.06MB/81.04MB[1B[1A[2Ka257f20c716c: Loading layer  66.85MB/81.04MB[1B[1A[2Ka257f20c716c: Loading layer  69.07MB/81.04MB[1B[1A[2Ka257f20c716c: Loading layer  73.53MB/81.04MB[1B[1A[2Ka257f20c716c: Loading layer   75.2MB/81.04MB[1B[1A[2Ka257f20c716c: Loading layer  76.32MB/81.04MB[1B[1A[2Ka257f20c716c: Loading layer   79.1MB/81.04MB[1B[1A[2Ka257f20c716c: Loading layer  81.04MB/81.04MB[1B
[1A[2Kb0c20bcd44fe: Loading layer  65.54kB/4.123MB[1B[1A[2Kb0c20bcd44fe: Loading layer  1.901MB/4.123MB[1B[1A[2Kb0c20bcd44fe: Loading layer  3.998MB/4.123MB[1B[1A[2Kb0c20bcd44fe: Loading layer  4.123MB/4.123MB[1B[1A[2Kb0c20bcd44fe: Loading layer  4.123MB/4.123MB[1B
[1A[2K5184c31ad48f: Loading layer  458.8kB/43.85MB[1B[1A[2K5184c31ad48f: Loading layer  2.753MB/43.85MB[1B[1A[2K5184c31ad48f: Loading layer  8.716MB/43.85MB[1B[1A[2K5184c31ad48f: Loading layer  11.01MB/43.85MB[1B[1A[2K5184c31ad48f: Loading layer   13.3MB/43.85MB[1B[1A[2K5184c31ad48f: Loading layer  16.97MB/43.85MB[1B[1A[2K5184c31ad48f: Loading layer  18.81MB/43.85MB[1B[1A[2K5184c31ad48f: Loading layer  22.94MB/43.85MB[1B[1A[2K5184c31ad48f: Loading layer  26.15MB/43.85MB[1B[1A[2K5184c31ad48f: Loading layer  28.44MB/43.85MB[1B[1A[2K5184c31ad48f: Loading layer  31.65MB/43.85MB[1B[1A[2K5184c31ad48f: Loading layer  34.41MB/43.85MB[1B[1A[2K5184c31ad48f: Loading layer  36.24MB/43.85MB[1B[1A[2K5184c31ad48f: Loading layer  38.08MB/43.85MB[1B[1A[2K5184c31ad48f: Loading layer  40.83MB/43.85MB[1B[1A[2K5184c31ad48f: Loading layer  43.85MB/43.85MB[1B
[1A[2Kfa1d322086e6: Loading layer   5.12kB/5.12kB[1B[1A[2Kfa1d322086e6: Loading layer   5.12kB/5.12kB[1B
[1A[2Kbdf610394df6: Loading layer  22.02kB/22.02kB[1B[1A[2Kbdf610394df6: Loading layer  22.02kB/22.02kB[1B
[1A[2K9258f4176a00: Loading layer  10.75kB/10.75kB[1B[1A[2K9258f4176a00: Loading layer  10.75kB/10.75kB[1BLoaded image: bench-worker:latest
 [ ok ]
 * Starting chronyd ... [ ok ]
 * Starting cloud-init-hotplugd ... [ ok ]
Cloud-init v. 23.4 running 'init' at Fri, 06 Mar 2026 03:12:39 +0000. Up 35.85 seconds.
ci-info: +++++++++++++++++++++++++++++++++++++++Net device info+++++++++++++++++++++++++++++++++++++++
ci-info: +---------+-------+----------------------------+---------------+--------+-------------------+
ci-info: |  Device |   Up  |          Address           |      Mask     | Scope  |     Hw-Address    |
ci-info: +---------+-------+----------------------------+---------------+--------+-------------------+
ci-info: | docker0 | False |         172.17.0.1         |  255.255.0.0  | global | 02:42:bb:6e:50:69 |
ci-info: |   eth0  |  True |         10.0.2.15          | 255.255.255.0 | global | 52:54:00:12:34:56 |
ci-info: |   eth0  |  True | fec0::5054:ff:fe12:3456/64 |       .       |  site  | 52:54:00:12:34:56 |
ci-info: |   eth0  |  True | fe80::5054:ff:fe12:3456/64 |       .       |  link  | 52:54:00:12:34:56 |
ci-info: |    lo   |  True |         127.0.0.1          |   255.0.0.0   |  host  |         .         |
ci-info: |    lo   |  True |          ::1/128           |       .       |  host  |         .         |
ci-info: +---------+-------+----------------------------+---------------+--------+-------------------+
ci-info: +++++++++++++++++++++++++++Route IPv4 info++++++++++++++++++++++++++++
ci-info: +-------+-------------+----------+---------------+-----------+-------+
ci-info: | Route | Destination | Gateway  |    Genmask    | Interface | Flags |
ci-info: +-------+-------------+----------+---------------+-----------+-------+
ci-info: |   0   |   0.0.0.0   | 10.0.2.2 |    0.0.0.0    |    eth0   |   UG  |
ci-info: |   1   |   10.0.2.0  | 0.0.0.0  | 255.255.255.0 |    eth0   |   U   |
ci-info: |   2   |  172.17.0.0 | 0.0.0.0  |  255.255.0.0  |  docker0  |   U   |
ci-info: +-------+-------------+----------+---------------+-----------+-------+
ci-info: +++++++++++++++++++Route IPv6 info+++++++++++++++++++
ci-info: +-------+-------------+---------+-----------+-------+
ci-info: | Route | Destination | Gateway | Interface | Flags |
ci-info: +-------+-------------+---------+-----------+-------+
ci-info: |   0   |  fe80::/64  |    ::   |    eth0   |   U   |
ci-info: |   1   |  fec0::/64  |    ::   |    eth0   |   Ue  |
ci-info: |   2   |     ::/0    | fe80::2 |    eth0   |  UGe  |
ci-info: |   4   |    local    |    ::   |    eth0   |   U   |
ci-info: |   5   |    local    |    ::   |    eth0   |   U   |
ci-info: |   6   |  multicast  |    ::   |    eth0   |   U   |
ci-info: +-------+-------------+---------+-----------+-------+
2026-03-06 03:12:40,011 - cloud_config.py[WARNING]: Failed at merging in cloud config part from part-001: empty cloud config
Generating public/private rsa key pair.
Your identification has been saved in /etc/ssh/ssh_host_rsa_key
Your public key has been saved in /etc/ssh/ssh_host_rsa_key.pub
The key fingerprint is:
SHA256:Q2+nttjjziHGQxZ9LGrXoHZY55gQApKFA+xTOjJkPjs root@agent-4
The key's randomart image is:
+---[RSA 3072]----+
|o..+o.. .        |
| ++o   . o .     |
|= o.    + = +    |
|oB     . O X     |
|..=     S B +    |
| E     * = o     |
|  .     = +      |
|       . B.o     |
|        .o*.     |
+----[SHA256]-----+
Generating public/private dsa key pair.
Your identification has been saved in /etc/ssh/ssh_host_dsa_key
Your public key has been saved in /etc/ssh/ssh_host_dsa_key.pub
The key fingerprint is:
SHA256:vLxBNP/kZqoy++Pa8GsDH1QV90dQBnCDUWuRX9fh4HQ root@agent-4
The key's randomart image is:
+---[DSA 1024]----+
|           .=OOE*|
|          . +o=B+|
|        o.   .oo=|
|       o.o   .  o|
|       .S . .    |
|      .o.. +     |
|      .o+.  =    |
|      o+=o +     |
|      oOO=.      |
+----[SHA256]-----+
Generating public/private ecdsa key pair.
Your identification has been saved in /etc/ssh/ssh_host_ecdsa_key
Your public key has been saved in /etc/ssh/ssh_host_ecdsa_key.pub
The key fingerprint is:
SHA256:RqMV3KZLklQWqRbahAa576Iqecygzkt2/y/2+Y7TyDo root@agent-4
The key's randomart image is:
+---[ECDSA 256]---+
|  .o . o=+       |
|  . o +.o.o      |
|   o = ++o       |
|  . . *+o.       |
|   . ..oS.       |
|.   .  ..        |
|.B o    . o      |
|B * o  E +o.     |
|**.. .oo*=+o     |
+----[SHA256]-----+
Generating public/private ed25519 key pair.
Your identification has been saved in /etc/ssh/ssh_host_ed25519_key
Your public key has been saved in /etc/ssh/ssh_host_ed25519_key.pub
The key fingerprint is:
SHA256:7PGejf82I9Uadna4cgQ869KAGtbKeL8AGI1frZldmk8 root@agent-4
The key's randomart image is:
+--[ED25519 256]--+
|                 |
|   o   .         |
|  o . . . ..     |
|   + . * +  +    |
|  . o +.S.E  + o |
|     .o.o=. . * =|
|     +.+. o+ + *.|
|    . =. ..+= B  |
|     . .o.+oo*.o |
+----[SHA256]-----+
 [ ok ]
Cloud-init v. 23.4 running 'modules:config' at Fri, 06 Mar 2026 03:12:40 +0000. Up 36.79 seconds.
 [ ok ]
Cloud-init v. 23.4 running 'modules:final' at Fri, 06 Mar 2026 03:12:41 +0000. Up 37.26 seconds.
ci-info: no authorized SSH keys fingerprints found for user alpine.
cloud-init: #############################################################
cloud-init: -----BEGIN SSH HOST KEY FINGERPRINTS-----
cloud-init: 1024 SHA256:vLxBNP/kZqoy++Pa8GsDH1QV90dQBnCDUWuRX9fh4HQ root@agent-4 (DSA)
cloud-init: 256 SHA256:RqMV3KZLklQWqRbahAa576Iqecygzkt2/y/2+Y7TyDo root@agent-4 (ECDSA)
cloud-init: 256 SHA256:7PGejf82I9Uadna4cgQ869KAGtbKeL8AGI1frZldmk8 root@agent-4 (ED25519)
cloud-init: 3072 SHA256:Q2+nttjjziHGQxZ9LGrXoHZY55gQApKFA+xTOjJkPjs root@agent-4 (RSA)
cloud-init: -----END SSH HOST KEY FINGERPRINTS-----
cloud-init: #############################################################
-----BEGIN SSH HOST KEY KEYS-----
ecdsa-sha2-nistp256 AAAAE2VjZHNhLXNoYTItbmlzdHAyNTYAAAAIbmlzdHAyNTYAAABBBANh5CNxq36AssCbsTE3SiXza6XbzG2qrWWzdb+ABReT70BeWjuxeg4K3Xo8Whd+KjM+cxUxVZW3AdI88JbRmOM= root@agent-4
ssh-ed25519 AAAAC3NzaC1lZDI1NTE5AAAAIKmWCHtpFY5zLGHbh9CEg3V9IBvv3pe5gHrawTTiY9U7 root@agent-4
ssh-rsa AAAAB3NzaC1yc2EAAAADAQABAAABgQCeCH3sVNhBa9fNU1obNGtpXOrGFow51X0Y62Fdfl7PXL9OoraM/t3Fj6VWUMNZdzTNS/BKPMWa+7g85oIve6T933vyHcbNNoIIokKSdS1foJDjPy7KLAGIuaIOABi7M6mBLGbEe+t8fhswSQkNXkVqSnkSmtxjeNdNxfHiPHa7cfOFKcVx5GeP5gxViA4e/0tFa6bfCCbkbbtKofIhvbD7TrH3HQIBwgshh3uA7XnQqThkXzRF778McuKEjoM84ZxmN+j6P95EYD3Q757n46/r57tfK0h1OYeY3x/+whe9VMigVZ7nhDX3aHZHOaFrEV+8ixq+u2lk/BEF5ACiTWoOwuWW4c36e9e41GWwXhVAUMX1NojCJTao16HTuGUgvRC0f7uFI6BQ/O+v355vPjraJ7mFUAPs76gXCPBF335oOfXyADoHhAkUKwWQw4d67C1P2u2/YUzWWxZFjuMqAt7QqLTs6Uw3gL3meO36ix0Cycvr8xTgH2D8UTzgRVBOzD0= root@agent-4
-----END SSH HOST KEY KEYS-----
Cloud-init v. 23.4 finished at Fri, 06 Mar 2026 03:12:41 +0000. Datasource DataSourceNoCloud [seed=/dev/vdb][dsmode=net].  Up 37.43 seconds
 [ ok ]

Welcome to Alpine Linux 3.19
Kernel 6.6.4-1-virt on an x86_64 (/dev/ttyS0)

agent-4 login: 