c[?7l[2J[0mSeaBIOS (version 1.15.0-1)


iPXE (https://ipxe.org) 00:03.0 CA00 PCI2.10 PnP PMM+BFF8B380+BFECB380 CA00
Press Ctrl-B to configure iPXE (PCI 00:03.0)...                                                                               


Booting from Hard Disk...

SYSLINUX 6.04 EDD 6.04-pre1 Copyright (C) 1994-2015 H. Peter Anvin et al

SYSLINUX 6.04 6.04-pre1 Copyright (C) 1994-2015 H. Peter Anvin et al
[2Je%@)0(B[0;37;40m[?25l[2J[23;16HAlpine will be booted automatically in [0;1m1[0m seconds[23;16H[0.;37;40mAlpine will be booted automatically in [0;1;37;40m1[0;37;40m seconds.[23;16H                                                 [23;16H[0;37;40m                                                  [?25h[24;1H[0m 
Loading vmlinuz-virt...Loading vmlinuz-virt...  ook
k
Loading initramfs-virt..Loading initramfs-virt....ookk

c[?7l[2J[    0.000000] Linux version 6.6.4-1-virt (buildozer@build-3-19-x86_64) (gcc (Alpine 13.2.1_git20231014) 13.2.1 20231014, GNU ld (GNU Binutils) 2.41) #2-Alpine SMP PREEMPT_DYNAMIC Tue, 05 Dec 2023 20:25:50 +0000
[    0.000000] Command line: BOOT_IMAGE=vmlinuz-virt root=LABEL=/ modules=sd-mod,usb-storage,ext4 console=ttyS0,115200n8 initrd=initramfs-virt
[    0.000000] BIOS-provided physical RAM map:
[    0.000000] BIOS-e820: [mem 0x0000000000000000-0x000000000009fbff] usable
[    0.000000] BIOS-e820: [mem 0x000000000009fc00-0x000000000009ffff] reserved
[    0.000000] BIOS-e820: [mem 0x00000000000f0000-0x00000000000fffff] reserved
[    0.000000] BIOS-e820: [mem 0x0000000000100000-0x00000000bffd9fff] usable
[    0.000000] BIOS-e820: [mem 0x00000000bffda000-0x00000000bfffffff] reserved
[    0.000000] BIOS-e820: [mem 0x00000000feffc000-0x00000000feffffff] reserved
[    0.000000] BIOS-e820: [mem 0x00000000fffc0000-0x00000000ffffffff] reserved
[    0.000000] BIOS-e820: [mem 0x0000000100000000-0x000000013fffffff] usable
[    0.000000] NX (Execute Disable) protection: active
[    0.000000] APIC: Static calls initialized
[    0.000000] SMBIOS 2.8 present.
[    0.000000] DMI: QEMU Standard PC (i440FX + PIIX, 1996), BIOS 1.15.0-1 04/01/2014
[    0.000000] Hypervisor detected: KVM
[    0.000000] kvm-clock: Using msrs 4b564d01 and 4b564d00
[    0.000001] kvm-clock: using sched offset of 2396841570 cycles
[    0.000003] clocksource: kvm-clock: mask: 0xffffffffffffffff max_cycles: 0x1cd42e4dffb, max_idle_ns: 881590591483 ns
[    0.000007] tsc: Detected 2799.998 MHz processor
[    0.000883] last_pfn = 0x140000 max_arch_pfn = 0x400000000
[    0.001257] MTRR map: 4 entries (3 fixed + 1 variable; max 19), built from 8 variable MTRRs
[    0.001272] x86/PAT: Configuration [0-7]: WB  WC  UC- UC  WB  WP  UC- WT  
[    0.001765] last_pfn = 0xbffda max_arch_pfn = 0x400000000
[    0.002052] RAMDISK: [mem 0x7f71e000-0x7fffffff]
[    0.002055] ACPI: Early table checksum verification disabled
[    0.002062] ACPI: RSDP 0x00000000000F59A0 000014 (v00 BOCHS )
[    0.002067] ACPI: RSDT 0x00000000BFFE1975 000034 (v01 BOCHS  BXPC     00000001 BXPC 00000001)
[    0.002073] ACPI: FACP 0x00000000BFFE1821 000074 (v01 BOCHS  BXPC     00000001 BXPC 00000001)
[    0.002104] ACPI: DSDT 0x00000000BFFE0040 0017E1 (v01 BOCHS  BXPC     00000001 BXPC 00000001)
[    0.002108] ACPI: FACS 0x00000000BFFE0000 000040
[    0.002111] ACPI: APIC 0x00000000BFFE1895 000080 (v01 BOCHS  BXPC     00000001 BXPC 00000001)
[    0.002115] ACPI: HPET 0x00000000BFFE1915 000038 (v01 BOCHS  BXPC     00000001 BXPC 00000001)
[    0.002118] ACPI: WAET 0x00000000BFFE194D 000028 (v01 BOCHS  BXPC     00000001 BXPC 00000001)
[    0.002120] ACPI: Reserving FACP table memory at [mem 0xbffe1821-0xbffe1894]
[    0.002122] ACPI: Reserving DSDT table memory at [mem 0xbffe0040-0xbffe1820]
[    0.002123] ACPI: Reserving FACS table memory at [mem 0xbffe0000-0xbffe003f]
[    0.002123] ACPI: Reserving APIC table memory at [mem 0xbffe1895-0xbffe1914]
[    0.002124] ACPI: Reserving HPET table memory at [mem 0xbffe1915-0xbffe194c]
[    0.002124] ACPI: Reserving WAET table memory at [mem 0xbffe194d-0xbffe1974]
[    0.002557] Zone ranges:
[    0.002559]   DMA      [mem 0x0000000000001000-0x0000000000ffffff]
[    0.002561]   DMA32    [mem 0x0000000001000000-0x00000000ffffffff]
[    0.002563]   Normal   [mem 0x0000000100000000-0x000000013fffffff]
[    0.002564] Movable zone start for each node
[    0.002565] Early memory node ranges
[    0.002565]   node   0: [mem 0x0000000000001000-0x000000000009efff]
[    0.002566]   node   0: [mem 0x0000000000100000-0x00000000bffd9fff]
[    0.002567]   node   0: [mem 0x0000000100000000-0x000000013fffffff]
[    0.002568] Initmem setup node 0 [mem 0x0000000000001000-0x000000013fffffff]
[    0.002652] On node 0, zone DMA: 1 pages in unavailable ranges
[    0.003917] On node 0, zone DMA: 97 pages in unavailable ranges
[    0.343818] On node 0, zone Normal: 38 pages in unavailable ranges
[    0.346992] ACPI: PM-Timer IO Port: 0x608
[    0.347032] ACPI: LAPIC_NMI (acpi_id[0xff] dfl dfl lint[0x1])
[    0.347196] IOAPIC[0]: apic_id 0, version 17, address 0xfec00000, GSI 0-23
[    0.347200] ACPI: INT_SRC_OVR (bus 0 bus_irq 0 global_irq 2 dfl dfl)
[    0.347202] ACPI: INT_SRC_OVR (bus 0 bus_irq 5 global_irq 5 high level)
[    0.347204] ACPI: INT_SRC_OVR (bus 0 bus_irq 9 global_irq 9 high level)
[    0.347205] ACPI: INT_SRC_OVR (bus 0 bus_irq 10 global_irq 10 high level)
[    0.347206] ACPI: INT_SRC_OVR (bus 0 bus_irq 11 global_irq 11 high level)
[    0.347210] ACPI: Using ACPI (MADT) for SMP configuration information
[    0.347212] ACPI: HPET id: 0x8086a201 base: 0xfed00000
[    0.347240] smpboot: Allowing 2 CPUs, 0 hotplug CPUs
[    0.347293] kvm-guest: APIC: eoi() replaced with kvm_guest_apic_eoi_write()
[    0.347348] [mem 0xc0000000-0xfeffbfff] available for PCI devices
[    0.347349] Booting paravirtualized kernel on KVM
[    0.347351] clocksource: refined-jiffies: mask: 0xffffffff max_cycles: 0xffffffff, max_idle_ns: 19112604462750000 ns
[    0.350915] setup_percpu: NR_CPUS:256 nr_cpumask_bits:2 nr_cpu_ids:2 nr_node_ids:1
[    0.361333] percpu: Embedded 57 pages/cpu s195048 r8192 d30232 u1048576
[    0.361451] kvm-guest: PV spinlocks disabled, no host support
[    0.361452] Kernel command line: BOOT_IMAGE=vmlinuz-virt root=LABEL=/ modules=sd-mod,usb-storage,ext4 console=ttyS0,115200n8 initrd=initramfs-virt
[    0.361506] Unknown kernel command line parameters "BOOT_IMAGE=vmlinuz-virt modules=sd-mod,usb-storage,ext4", will be passed to user space.
[    0.382246] Dentry cache hash table entries: 524288 (order: 10, 4194304 bytes, linear)
[    0.392647] Inode-cache hash table entries: 262144 (order: 9, 2097152 bytes, linear)
[    0.392861] Built 1 zonelists, mobility grouping on.  Total pages: 1031898
[    0.404482] mem auto-init: stack:all(zero), heap alloc:on, heap free:off
[    0.404492] software IO TLB: area num 2.
[    0.788214] Memory: 4012148K/4193760K available (12288K kernel code, 1744K rwdata, 8008K rodata, 2640K init, 2300K bss, 181352K reserved, 0K cma-reserved)
[    0.795460] SLUB: HWalign=64, Order=0-3, MinObjects=0, CPUs=2, Nodes=1
[    0.795882] Kernel/User page tables isolation: enabled
[    0.816733] Dynamic Preempt: none
[    0.817228] rcu: Preemptible hierarchical RCU implementation.
[    0.817248] rcu: 	RCU restricting CPUs from NR_CPUS=256 to nr_cpu_ids=2.
[    0.817287] 	Trampoline variant of Tasks RCU enabled.
[    0.817306] 	Tracing variant of Tasks RCU enabled.
[    0.817326] rcu: RCU calculated value of scheduler-enlistment delay is 10 jiffies.
[    0.817327] rcu: Adjusting geometry for rcu_fanout_leaf=16, nr_cpu_ids=2
[    0.828833] NR_IRQS: 16640, nr_irqs: 440, preallocated irqs: 16
[    0.830023] rcu: srcu_init: Setting srcu_struct sizes based on contention.
[    0.830460] kfence: initialized - using 2097152 bytes for 255 objects at 0x(____ptrval____)-0x(____ptrval____)
[    0.856179] Console: colour VGA+ 80x25
[    0.856730] printk: console [ttyS0] enabled
[    1.185303] ACPI: Core revision 20230628
[    1.188799] clocksource: hpet: mask: 0xffffffff max_cycles: 0xffffffff, max_idle_ns: 19112604467 ns
[    1.194283] APIC: Switch to symmetric I/O mode setup
[    1.198645] x2apic enabled
[    1.201963] APIC: Switched APIC routing to: physical x2apic
[    1.211539] ..TIMER: vector=0x30 apic1=0 pin1=2 apic2=-1 pin2=-1
[    1.214858] clocksource: tsc-early: mask: 0xffffffffffffffff max_cycles: 0x285c3ee517e, max_idle_ns: 440795257231 ns
[    1.220338] Calibrating delay loop (skipped) preset value.. 5599.99 BogoMIPS (lpj=27999980)
[    1.231498] Last level iTLB entries: 4KB 0, 2MB 0, 4MB 0
[    1.234303] Last level dTLB entries: 4KB 0, 2MB 0, 4MB 0, 1GB 0
[    1.237514] Spectre V1 : Mitigation: usercopy/swapgs barriers and __user pointer sanitization
[    1.240347] Spectre V2 : Mitigation: Retpolines
[    1.242781] Spectre V2 : Spectre v2 / SpectreRSB mitigation: Filling RSB on context switch
[    1.247114] Spectre V2 : Spectre v2 / SpectreRSB : Filling RSB on VMEXIT
[    1.250317] Speculative Store Bypass: Vulnerable
[    1.252797] MDS: Vulnerable: Clear CPU buffers attempted, no microcode
[    1.256246] MMIO Stale Data: Unknown: No mitigations
[    1.260347] x86/fpu: x87 FPU will use FXSAVE
[    1.307936] Freeing SMP alternatives memory: 32K
[    1.310323] pid_max: default: 32768 minimum: 301
[    1.313453] LSM: initializing lsm=capability,landlock,lockdown,integrity
[    1.317797] landlock: Up and running.
[    1.320524] Mount-cache hash table entries: 8192 (order: 4, 65536 bytes, linear)
[    1.324690] Mountpoint-cache hash table entries: 8192 (order: 4, 65536 bytes, linear)
[    1.451951] smpboot: CPU0: Intel QEMU Virtual CPU version 2.5+ (family: 0xf, model: 0x6b, stepping: 0x1)
[    1.459210] RCU Tasks: Setting shift to 1 and lim to 1 rcu_task_cb_adjust=1.
[    1.460425] RCU Tasks Trace: Setting shift to 1 and lim to 1 rcu_task_cb_adjust=1.
[    1.464517] Performance Events: unsupported Netburst CPU model 107 no PMU driver, software events only.
[    1.470628] signal: max sigframe size: 1440
[    1.473138] rcu: Hierarchical SRCU implementation.
[    1.475660] rcu: 	Max phase no-delay instances is 1000.
[    1.480057] NMI watchdog: Perf NMI watchdog permanently disabled
[    1.480554] smp: Bringing up secondary CPUs ...
[    1.484049] smpboot: x86: Booting SMP configuration:
[    1.486661] .... node  #0, CPUs:      #1
[    1.503609] smp: Brought up 1 node, 2 CPUs
[    1.510324] smpboot: Max logical packages: 1
[    1.512598] ----------------
[    1.514122] | NMI testsuite:
[    1.515663] --------------------
[    1.517364]   remote IPI:  ok  |
[    1.520318]    local IPI:  ok  |
[    1.522065] --------------------
[    1.523769] Good, all   2 testcases passed! |
[    1.526014] ---------------------------------
[    1.528313] smpboot: Total of 2 processors activated (11199.99 BogoMIPS)
[    1.531996] devtmpfs: initialized
[    1.532294] x86/mm: Memory block size: 128MB
[    1.541096] clocksource: jiffies: mask: 0xffffffff max_cycles: 0xffffffff, max_idle_ns: 19112604462750000 ns
[    1.545819] futex hash table entries: 512 (order: 3, 32768 bytes, linear)
[    1.562278] NET: Registered PF_NETLINK/PF_ROUTE protocol family
[    1.565678] audit: initializing netlink subsys (disabled)
[    1.568583] audit: type=2000 audit(1772767276.888:1): state=initialized audit_enabled=0 res=1
[    1.568583] thermal_sys: Registered thermal governor 'step_wise'
[    1.570353] cpuidle: using governor ladder
[    1.575687] cpuidle: using governor menu
[    1.580573] acpiphp: ACPI Hot Plug PCI Controller Driver version: 0.5
[    1.584918] PCI: Using configuration type 1 for base access
[    1.590691] kprobes: kprobe jump-optimization is enabled. All kprobes are optimized if possible.
[    1.595339] HugeTLB: registered 2.00 MiB page size, pre-allocated 0 pages
[    1.598568] HugeTLB: 28 KiB vmemmap can be freed for a 2.00 MiB page
[    1.600770] ACPI: Added _OSI(Module Device)
[    1.602933] ACPI: Added _OSI(Processor Device)
[    1.602933] ACPI: Added _OSI(3.0 _SCP Extensions)
[    1.605066] ACPI: Added _OSI(Processor Aggregator Device)
[    1.610767] ACPI: 1 ACPI AML tables successfully acquired and loaded
[    1.620385] ACPI: _OSC evaluation for CPUs failed, trying _PDC
[    1.623518] ACPI: Interpreter enabled
[    1.625469] ACPI: PM: (supports S0 S3 S5)
[    1.625469] ACPI: Using IOAPIC for interrupt routing
[    1.625469] PCI: Using host bridge windows from ACPI; if necessary, use "pci=nocrs" and report a bug
[    1.630316] PCI: Using E820 reservations for host bridge windows
[    1.633570] ACPI: Enabled 2 GPEs in block 00 to 0F
[    1.640892] ACPI: PCI Root Bridge [PCI0] (domain 0000 [bus 00-ff])
[    1.644115] acpi PNP0A03:00: _OSC: OS supports [ASPM ClockPM Segments MSI HPX-Type3]
[    1.648139] acpi PNP0A03:00: _OSC: not requesting OS control; OS requires [ExtendedConfig ASPM ClockPM MSI]
[    1.650329] acpi PNP0A03:00: fail to add MMCONFIG information, can't access extended configuration space under this bridge
[    1.656559] acpiphp: Slot [3] registered
[    1.661183] acpiphp: Slot [4] registered
[    1.663815] acpiphp: Slot [5] registered
[    1.666043] acpiphp: Slot [6] registered
[    1.668143] acpiphp: Slot [7] registered
[    1.670396] acpiphp: Slot [8] registered
[    1.672490] acpiphp: Slot [9] registered
[    1.674571] acpiphp: Slot [10] registered
[    1.676728] acpiphp: Slot [11] registered
[    1.678881] acpiphp: Slot [12] registered
[    1.680384] acpiphp: Slot [13] registered
[    1.682500] acpiphp: Slot [14] registered
[    1.684627] acpiphp: Slot [15] registered
[    1.686768] acpiphp: Slot [16] registered
[    1.690362] acpiphp: Slot [17] registered
[    1.692488] acpiphp: Slot [18] registered
[    1.694662] acpiphp: Slot [19] registered
[    1.696824] acpiphp: Slot [20] registered
[    1.698976] acpiphp: Slot [21] registered
[    1.700364] acpiphp: Slot [22] registered
[    1.702501] acpiphp: Slot [23] registered
[    1.704655] acpiphp: Slot [24] registered
[    1.706799] acpiphp: Slot [25] registered
[    1.708938] acpiphp: Slot [26] registered
[    1.710363] acpiphp: Slot [27] registered
[    1.712541] acpiphp: Slot [28] registered
[    1.714682] acpiphp: Slot [29] registered
[    1.716927] acpiphp: Slot [30] registered
[    1.720364] acpiphp: Slot [31] registered
[    1.722535] PCI host bridge to bus 0000:00
[    1.724687] pci_bus 0000:00: root bus resource [io  0x0000-0x0cf7 window]
[    1.728329] pci_bus 0000:00: root bus resource [io  0x0d00-0xffff window]
[    1.730321] pci_bus 0000:00: root bus resource [mem 0x000a0000-0x000bffff window]
[    1.734242] pci_bus 0000:00: root bus resource [mem 0xc0000000-0xfebfffff window]
[    1.740317] pci_bus 0000:00: root bus resource [mem 0x140000000-0x1bfffffff window]
[    1.744307] pci_bus 0000:00: root bus resource [bus 00-ff]
[    1.747500] pci 0000:00:00.0: [8086:1237] type 00 class 0x060000
[    1.755434] pci 0000:00:01.0: [8086:7000] type 00 class 0x060100
[    1.762390] pci 0000:00:01.1: [8086:7010] type 00 class 0x010180
[    1.769544] pci 0000:00:01.1: reg 0x20: [io  0xc160-0xc16f]
[    1.771977] pci 0000:00:01.1: legacy IDE quirk: reg 0x10: [io  0x01f0-0x01f7]
[    1.776104] pci 0000:00:01.1: legacy IDE quirk: reg 0x14: [io  0x03f6]
[    1.780317] pci 0000:00:01.1: legacy IDE quirk: reg 0x18: [io  0x0170-0x0177]
[    1.784188] pci 0000:00:01.1: legacy IDE quirk: reg 0x1c: [io  0x0376]
[    1.788281] pci 0000:00:01.3: [8086:7113] type 00 class 0x068000
[    1.792735] pci 0000:00:01.3: quirk: [io  0x0600-0x063f] claimed by PIIX4 ACPI
[    1.796517] pci 0000:00:01.3: quirk: [io  0x0700-0x070f] claimed by PIIX4 SMB
[    1.801286] pci 0000:00:02.0: [1234:1111] type 00 class 0x030000
[    1.821454] pci 0000:00:02.0: reg 0x10: [mem 0xfd000000-0xfdffffff pref]
[    1.831555] pci 0000:00:02.0: reg 0x18: [mem 0xfeb90000-0xfeb90fff]
[    1.854487] pci 0000:00:02.0: reg 0x30: [mem 0xfeb80000-0xfeb8ffff pref]
[    1.861305] pci 0000:00:02.0: Video device with shadowed ROM at [mem 0x000c0000-0x000dffff]
[    1.872581] pci 0000:00:03.0: [1af4:1000] type 00 class 0x020000
[    1.877280] pci 0000:00:03.0: reg 0x10: [io  0xc140-0xc15f]
[    1.881296] pci 0000:00:03.0: reg 0x14: [mem 0xfeb91000-0xfeb91fff]
[    1.888531] pci 0000:00:03.0: reg 0x20: [mem 0xfe000000-0xfe003fff 64bit pref]
[    1.891312] pci 0000:00:03.0: reg 0x30: [mem 0xfeb00000-0xfeb7ffff pref]
[    1.903301] pci 0000:00:04.0: [1af4:1009] type 00 class 0x000200
[    1.907768] pci 0000:00:04.0: reg 0x10: [io  0xc100-0xc13f]
[    1.911292] pci 0000:00:04.0: reg 0x14: [mem 0xfeb92000-0xfeb92fff]
[    1.917703] pci 0000:00:04.0: reg 0x20: [mem 0xfe004000-0xfe007fff 64bit pref]
[    1.925267] pci 0000:00:05.0: [1af4:1001] type 00 class 0x010000
[    1.932017] pci 0000:00:05.0: reg 0x10: [io  0xc000-0xc07f]
[    1.936499] pci 0000:00:05.0: reg 0x14: [mem 0xfeb93000-0xfeb93fff]
[    1.944173] pci 0000:00:05.0: reg 0x20: [mem 0xfe008000-0xfe00bfff 64bit pref]
[    1.955152] pci 0000:00:06.0: [1af4:1001] type 00 class 0x010000
[    1.959842] pci 0000:00:06.0: reg 0x10: [io  0xc080-0xc0ff]
[    1.971653] pci 0000:00:06.0: reg 0x14: [mem 0xfeb94000-0xfeb94fff]
[    1.977006] pci 0000:00:06.0: reg 0x20: [mem 0xfe00c000-0xfe00ffff 64bit pref]
[    1.984446] ACPI: PCI: Interrupt link LNKA configured for IRQ 10
[    1.987899] ACPI: PCI: Interrupt link LNKB configured for IRQ 10
[    1.990545] ACPI: PCI: Interrupt link LNKC configured for IRQ 11
[    1.994008] ACPI: PCI: Interrupt link LNKD configured for IRQ 11
[    1.997227] ACPI: PCI: Interrupt link LNKS configured for IRQ 9
[    2.002880] iommu: Default domain type: Translated
[    2.005449] iommu: DMA domain TLB invalidation policy: lazy mode
[    2.011588] SCSI subsystem initialized
[    2.020688] pps_core: LinuxPPS API ver. 1 registered
[    2.023326] pps_core: Software ver. 5.3.6 - Copyright 2005-2007 Rodolfo Giometti <giometti@linux.it>
[    2.028048] PTP clock support registered
[    2.033402] PCI: Using ACPI for IRQ routing
[    2.035650] hpet: 3 channels of 0 reserved for per-cpu timers
[    2.040388] clocksource: Switched to clocksource kvm-clock
[    2.056621] VFS: Disk quotas dquot_6.6.0
[    2.058791] VFS: Dquot-cache hash table entries: 512 (order 0, 4096 bytes)
[    2.062895] pnp: PnP ACPI init
[    2.065571] pnp: PnP ACPI: found 6 devices
[    2.085515] clocksource: acpi_pm: mask: 0xffffff max_cycles: 0xffffff, max_idle_ns: 2085701024 ns
[    2.090765] NET: Registered PF_INET protocol family
[    2.096121] IP idents hash table entries: 65536 (order: 7, 524288 bytes, linear)
[    2.102310] tcp_listen_portaddr_hash hash table entries: 2048 (order: 3, 32768 bytes, linear)
[    2.107968] Table-perturb hash table entries: 65536 (order: 6, 262144 bytes, linear)
[    2.113478] TCP established hash table entries: 32768 (order: 6, 262144 bytes, linear)
[    2.122883] TCP bind hash table entries: 32768 (order: 8, 1048576 bytes, linear)
[    2.126889] TCP: Hash tables configured (established 32768 bind 32768)
[    2.131755] UDP hash table entries: 2048 (order: 4, 65536 bytes, linear)
[    2.135574] UDP-Lite hash table entries: 2048 (order: 4, 65536 bytes, linear)
[    2.139634] NET: Registered PF_UNIX/PF_LOCAL protocol family
[    2.142743] NET: Registered PF_XDP protocol family
[    2.145395] pci_bus 0000:00: resource 4 [io  0x0000-0x0cf7 window]
[    2.148666] pci_bus 0000:00: resource 5 [io  0x0d00-0xffff window]
[    2.152037] pci_bus 0000:00: resource 6 [mem 0x000a0000-0x000bffff window]
[    2.155710] pci_bus 0000:00: resource 7 [mem 0xc0000000-0xfebfffff window]
[    2.159390] pci_bus 0000:00: resource 8 [mem 0x140000000-0x1bfffffff window]
[    2.163287] pci 0000:00:01.0: PIIX3: Enabling Passive Release
[    2.166391] pci 0000:00:00.0: Limiting direct PCI/PCI transfers
[    2.169894] PCI: CLS 0 bytes, default 64
[    2.172155] PCI-DMA: Using software bounce buffering for IO (SWIOTLB)
[    2.172881] Unpacking initramfs...
[    2.175559] software IO TLB: mapped [mem 0x00000000bbfda000-0x00000000bffda000] (64MB)
[    2.181764] clocksource: tsc: mask: 0xffffffffffffffff max_cycles: 0x285c3ee517e, max_idle_ns: 440795257231 ns
[    2.188344] Initialise system trusted keyrings
[    2.191306] workingset: timestamp_bits=46 max_order=20 bucket_order=0
[    2.194719] zbud: loaded
[    2.196497] Key type asymmetric registered
[    2.198683] Asymmetric key parser 'x509' registered
[    2.201609] Block layer SCSI generic (bsg) driver version 0.4 loaded (major 247)
[    2.205923] io scheduler mq-deadline registered
[    2.208272] io scheduler kyber registered
[    2.210525] io scheduler bfq registered
[    2.213651] ERST DBG: ERST support is disabled.
[    2.229017] ACPI: \_SB_.LNKC: Enabled at IRQ 11
[    2.247641] ACPI: \_SB_.LNKD: Enabled at IRQ 10
[    2.265891] ACPI: \_SB_.LNKA: Enabled at IRQ 10
[    2.283961] ACPI: \_SB_.LNKB: Enabled at IRQ 11
[    2.292333] Serial: 8250/16550 driver, 4 ports, IRQ sharing enabled
[    2.296420] 00:04: ttyS0 at I/O 0x3f8 (irq = 4, base_baud = 115200) is a 16550A
[    2.307476] VMware PVSCSI driver - version 1.0.7.0-k
[    2.314433] scsi host0: ata_piix
[    2.317477] scsi host1: ata_piix
[    2.319791] ata1: PATA max MWDMA2 cmd 0x1f0 ctl 0x3f6 bmdma 0xc160 irq 14
[    2.323465] ata2: PATA max MWDMA2 cmd 0x170 ctl 0x376 bmdma 0xc168 irq 15
[    2.327669] i8042: PNP: PS/2 Controller [PNP0303:KBD,PNP0f13:MOU] at 0x60,0x64 irq 1,12
[    2.335697] serio: i8042 KBD port at 0x60,0x64 irq 1
[    2.338504] serio: i8042 AUX port at 0x60,0x64 irq 12
[    2.341438] rtc_cmos 00:05: RTC can wake from S4
[    2.347594] input: AT Translated Set 2 keyboard as /devices/platform/i8042/serio0/input/input0
[    2.352751] rtc_cmos 00:05: registered as rtc0
[    2.355526] rtc_cmos 00:05: setting system clock to 2026-03-06T03:21:17 UTC (1772767277)
[    2.360357] rtc_cmos 00:05: alarms up to one day, y3k, 242 bytes nvram, hpet irqs
[    2.364420] intel_pstate: CPU model not supported
[    2.367192] gre: GRE over IPv4 demultiplexor driver
[    2.388133] Freeing initrd memory: 9096K
[    2.417916] Key type dns_resolver registered
[    2.420948] IPI shorthand broadcast: enabled
[    2.429494] sched_clock: Marking stable (2050476129, 370190816)->(2419904644, 762301)
[    2.437567] registered taskstats version 1
[    2.440614] Loading compiled-in X.509 certificates
[    2.459592] Loaded X.509 cert 'alpinelinux.org: Alpine Linux kernel key: d76a695f66ad9cd28f5c22a8508f36e91f521f7a'
[    2.470904] Key type .fscrypt registered
[    2.473002] Key type fscrypt-provisioning registered
[    2.501052] ata2: found unknown device (class 0)
[    2.504455] ata2.00: ATAPI: QEMU DVD-ROM, 2.5+, max UDMA/100
[    2.510093] scsi 1:0:0:0: CD-ROM            QEMU     QEMU DVD-ROM     2.5+ PQ: 0 ANSI: 5
[    2.583921] Freeing unused kernel image (initmem) memory: 2640K
[    2.620402] Write protecting the kernel read-only data: 20480k
[    2.623401] Freeing unused kernel image (rodata/data gap) memory: 184K
[    2.625494] rodata_test: all tests were successful
[    2.627015] Run /init as init process
[    2.643586] Alpine Init 3.9.0-r0
Alpine Init 3.9.[    2.644919] Loading boot drivers...
0-r0
 * Loading boot drivers: [    2.678462] ACPI: bus type USB registered
[    2.680025] usbcore: registered new interface driver usbfs
[    2.681950] usbcore: registered new interface driver hub
[    2.683705] usbcore: registered new device driver usb
[    2.689531] usbcore: registered new interface driver usb-storage
[    2.865322] loop: module loaded
[    2.901427] ACPI: bus type drm_connector registered
[    2.930309] Loading boot drivers: ok.
ok.
[    2.933342] Mounting root...
 * Mounting root: [    2.971717] piix4_smbus 0000:00:01.3: SMBus Host Controller at 0x700, revision 0
[    2.991683] [drm] Found bochs VGA, ID 0xb0c5.
[    2.993164] [drm] Framebuffer size 16384 kB @ 0xfd000000, mmio @ 0xfeb90000.
[    3.001649] [drm] Found EDID data blob.
[    3.003411] [drm] Initialized bochs-drm 1.0.0 20130925 for 0000:00:02.0 on minor 0
[    3.046020] Console: switching to colour frame buffer device 128x48
[    3.048720] bochs-drm 0000:00:02.0: [drm] fb0: bochs-drmdrmfb frame buffer device
[    3.242912] sr 1:0:0:0: [sr0] scsi3-mmc drive: 4x/4x cd/rw xa/form2 tray
[    3.245064] cdrom: Uniform CD-ROM driver Revision: 3.20
[    3.337961] virtio_blk virtio2: 2/0/0 default/read/poll queues
[    3.344805] virtio_blk virtio2: [vda] 8388608 512-byte logical blocks (4.29 GB/4.00 GiB)
[    3.349058] virtio_blk virtio3: 2/0/0 default/read/poll queues
[    3.355047] virtio_blk virtio3: [vdb] 736 512-byte logical blocks (377 kB/368 KiB)
[    3.436707] block sr0: the capability attribute has been deprecated.
[    6.246551] EXT4-fs (vda): mounted filesystem 367ceb5a-a72a-4cc6-9140-e18812d3c81b ro with ordered data mode. Quota mode: none.
[    6.250406] Mounting root: ok.
ok.

   OpenRC 0.52.1 is starting up Linux 6.6.4-1-virt (x86_64)

 * /proc is already mounted
 * Mounting /run ... [ ok ]
 * /run/openrc: creating directory
 * /run/lock: creating directory
 * /run/lock: correcting owner
 * Caching service dependencies ... [ ok ]
 * Remounting devtmpfs on /dev ... [ ok ]
 * Mounting /dev/mqueue ... [ ok ]
 * Mounting security filesystem ... [ ok ]
 * Mounting debug filesystem ... [ ok ]
 * Mounting persistent storage (pstore) filesystem ... [ ok ]
 * Starting busybox mdev ... [ ok ]
 * Scanning hardware for mdev ... [ ok ]
 * Loading hardware drivers ... [ ok ]
 * Loading modules ... [ ok ]
 * Setting system clock using the hardware clock [UTC] ... [ ok ]
 * Checking local filesystems  .../: clean, 8723/65536 files, 158031/262144 blocks
 [ ok ]
 * Remounting root filesystem read/write ... [ ok ]
 * Remounting filesystems ... [ ok ]
 * Activating swap devices ... [ ok ]
 * Mounting local filesystems ... [ ok ]
 * Starting busybox acpid ... [ ok ]
 * Configuring kernel parameters ... [ ok ]
 * Migrating /var/lock to /run/lock ... [ ok ]
 * Creating user login records ... [ ok ]
 * Cleaning /tmp directory ... [ ok ]
Cloud-init v. 23.4 running 'init-local' at Fri, 06 Mar 2026 03:21:26 +0000. Up 10.94 seconds.
 [ ok ]
 * Setting hostname ... [ ok ]
 * Starting busybox syslog ... [ ok ]
 * Mounting cgroup filesystem ... [ ok ]
 * Starting networking ... *   lo ... [ ok ]
 *   eth0 ... [ ok ]
 * /var/log/docker.log: creating file
 * /var/log/docker.log: correcting owner
 * Starting Docker Daemon ... [ ok ]
 * Starting benchmark agent ...
[1A[2Ka257f20c716c: Loading layer  557.1kB/81.04MB[1B[1A[2Ka257f20c716c: Loading layer  5.571MB/81.04MB[1B[1A[2Ka257f20c716c: Loading layer  10.03MB/81.04MB[1B[1A[2Ka257f20c716c: Loading layer  16.71MB/81.04MB[1B[1A[2Ka257f20c716c: Loading layer  21.73MB/81.04MB[1B[1A[2Ka257f20c716c: Loading layer  25.62MB/81.04MB[1B[1A[2Ka257f20c716c: Loading layer  28.41MB/81.04MB[1B[1A[2Ka257f20c716c: Loading layer   31.2MB/81.04MB[1B[1A[2Ka257f20c716c: Loading layer  35.65MB/81.04MB[1B[1A[2Ka257f20c716c: Loading layer  40.67MB/81.04MB[1B[1A[2Ka257f20c716c: Loading layer  47.91MB/81.04MB[1B[1A[2Ka257f20c716c: Loading layer  52.92MB/81.04MB[1B[1A[2Ka257f20c716c: Loading layer  57.93MB/81.04MB[1B[1A[2Ka257f20c716c: Loading layer  61.83MB/81.04MB[1B[1A[2Ka257f20c716c: Loading layer  64.62MB/81.04MB[1B[1A[2Ka257f20c716c: Loading layer  66.29MB/81.04MB[1B[1A[2Ka257f20c716c: Loading layer   67.4MB/81.04MB[1B[1A[2Ka257f20c716c: Loading layer   71.3MB/81.04MB[1B[1A[2Ka257f20c716c: Loading layer  74.09MB/81.04MB[1B[1A[2Ka257f20c716c: Loading layer   75.2MB/81.04MB[1B[1A[2Ka257f20c716c: Loading layer  75.76MB/81.04MB[1B[1A[2Ka257f20c716c: Loading layer  77.43MB/81.04MB[1B[1A[2Ka257f20c716c: Loading layer   79.1MB/81.04MB[1B[1A[2Ka257f20c716c: Loading layer  81.04MB/81.04MB[1B
[1A[2Kb0c20bcd44fe: Loading layer  65.54kB/4.123MB[1B[1A[2Kb0c20bcd44fe: Loading layer  1.835MB/4.123MB[1B[1A[2Kb0c20bcd44fe: Loading layer  4.123MB/4.123MB[1B[1A[2Kb0c20bcd44fe: Loading layer  4.123MB/4.123MB[1B
[1A[2K5184c31ad48f: Loading layer  458.8kB/43.85MB[1B[1A[2K5184c31ad48f: Loading layer  2.294MB/43.85MB[1B[1A[2K5184c31ad48f: Loading layer  6.881MB/43.85MB[1B[1A[2K5184c31ad48f: Loading layer  9.634MB/43.85MB[1B[1A[2K5184c31ad48f: Loading layer  12.39MB/43.85MB[1B[1A[2K5184c31ad48f: Loading layer  16.97MB/43.85MB[1B[1A[2K5184c31ad48f: Loading layer  20.64MB/43.85MB[1B[1A[2K5184c31ad48f: Loading layer  24.31MB/43.85MB[1B[1A[2K5184c31ad48f: Loading layer  27.53MB/43.85MB[1B[1A[2K5184c31ad48f: Loading layer  30.28MB/43.85MB[1B[1A[2K5184c31ad48f: Loading layer  33.03MB/43.85MB[1B[1A[2K5184c31ad48f: Loading layer  34.87MB/43.85MB[1B[1A[2K5184c31ad48f: Loading layer   36.7MB/43.85MB[1B[1A[2K5184c31ad48f: Loading layer  38.99MB/43.85MB[1B[1A[2K5184c31ad48f: Loading layer  41.75MB/43.85MB[1B[1A[2K5184c31ad48f: Loading layer  43.85MB/43.85MB[1B
[1A[2Kfa1d322086e6: Loading layer   5.12kB/5.12kB[1B[1A[2Kfa1d322086e6: Loading layer   5.12kB/5.12kB[1B
[1A[2Kbdf610394df6: Loading layer  22.02kB/22.02kB[1B[1A[2Kbdf610394df6: Loading layer  22.02kB/22.02kB[1B
[1A[2K9258f4176a00: Loading layer  10.75kB/10.75kB[1B[1A[2K9258f4176a00: Loading layer  10.75kB/10.75kB[1BLoaded image: bench-worker:latest
 [ ok ]
 * Starting chronyd ... [ ok ]
 * Starting cloud-init-hotplugd ... [ ok ]
Cloud-init v. 23.4 running 'init' at Fri, 06 Mar 2026 03:21:50 +0000. Up 34.48 seconds.
ci-info: +++++++++++++++++++++++++++++++++++++++Net device info+++++++++++++++++++++++++++++++++++++++
ci-info: +---------+-------+----------------------------+---------------+--------+-------------------+
ci-info: |  Device |   Up  |          Address           |      Mask     | Scope  |     Hw-Address    |
ci-info: +---------+-------+----------------------------+---------------+--------+-------------------+
ci-info: | docker0 | False |         172.17.0.1         |  255.255.0.0  | global | 02:42:e8:64:00:c2 |
ci-info: |   eth0  |  True |         10.0.2.15          | 255.255.255.0 | global | 52:54:00:12:34:56 |
ci-info: |   eth0  |  True | fec0::5054:ff:fe12:3456/64 |       .       |  site  | 52:54:00:12:34:56 |
ci-info: |   eth0  |  True | fe80::5054:ff:fe12:3456/64 |       .       |  link  | 52:54:00:12:34:56 |
ci-info: |    lo   |  True |         127.0.0.1          |   255.0.0.0   |  host  |         .         |
ci-info: |    lo   |  True |          ::1/128           |       .       |  host  |         .         |
ci-info: +---------+-------+----------------------------+---------------+--------+-------------------+
ci-info: +++++++++++++++++++++++++++Route IPv4 info++++++++++++++++++++++++++++
ci-info: +-------+-------------+----------+---------------+-----------+-------+
ci-info: | Route | Destination | Gateway  |    Genmask    | Interface | Flags |
ci-info: +-------+-------------+----------+---------------+-----------+-------+
ci-info: |   0   |   0.0.0.0   | 10.0.2.2 |    0.0.0.0    |    eth0   |   UG  |
ci-info: |   1   |   10.0.2.0  | 0.0.0.0  | 255.255.255.0 |    eth0   |   U   |
ci-info: |   2   |  172.17.0.0 | 0.0.0.0  |  255.255.0.0  |  docker0  |   U   |
ci-info: +-------+-------------+----------+---------------+-----------+-------+
ci-info: +++++++++++++++++++Route IPv6 info+++++++++++++++++++
ci-info: +-------+-------------+---------+-----------+-------+
ci-info: | Route | Destination | Gateway | Interface | Flags |
ci-info: +-------+-------------+---------+-----------+-------+
ci-info: |   0   |  fe80::/64  |    ::   |    eth0   |   U   |
ci-info: |   1   |  fec0::/64  |    ::   |    eth0   |   Ue  |
ci-info: |   2   |     ::/0    | fe80::2 |    eth0   |  UGe  |
ci-info: |   4   |    local    |    ::   |    eth0   |   U   |
ci-info: |   5   |    local    |    ::   |    eth0   |   U   |
ci-info: |   6   |  multicast  |    ::   |    eth0   |   U   |
ci-info: +-------+-------------+---------+-----------+-------+
2026-03-06 03:21:50,379 - cloud_config.py[WARNING]: Failed at merging in cloud config part from part-001: empty cloud config
Generating public/private rsa key pair.
Your identification has been saved in /etc/ssh/ssh_host_rsa_key
Your public key has been saved in /etc/ssh/ssh_host_rsa_key.pub
The key fingerprint is:
SHA256:suJJiesOZNYwgqFKs095X+4Z433/GQtS+qmpA+8raZ0 root@agent-1
The key's randomart image is:
+---[RSA 3072]----+
|.                |
|o.               |
|+=               |
|+ * .            |
|.= + .. S.   .   |
|+ o....+o   o    |
|. ..+ ..=+.o . . |
| . + o +oE= +.o +|
| o+ o . oB++oo.+o|
+----[SHA256]-----+
Generating public/private dsa key pair.
Your identification has been saved in /etc/ssh/ssh_host_dsa_key
Your public key has been saved in /etc/ssh/ssh_host_dsa_key.pub
The key fingerprint is:
SHA256:RhtH/nNF8WHC+6g7Q4WRXPdbkNgNu67elHdyYSihiyc root@agent-1
The key's randomart image is:
+---[DSA 1024]----+
|          o +=oOo|
|         o +..*+=|
|        o o.o o =|
|       . +.o.o.oo|
|        S. .+.=+ |
|       .. ...=.o.|
|       E o. . = +|
|        o  + + +.|
|           o* .  |
+----[SHA256]-----+
Generating public/private ecdsa key pair.
Your identification has been saved in /etc/ssh/ssh_host_ecdsa_key
Your public key has been saved in /etc/ssh/ssh_host_ecdsa_key.pub
The key fingerprint is:
SHA256:pGtt4+zFo86zVWan8I3rDUWNb5Ngc0UPiRwjGTWlgE0 root@agent-1
The key's randomart image is:
+---[ECDSA 256]---+
|         +E==+ooo|
|        . ooo+.+o|
|        .   .+o.o|
|       o    ..+..|
|      . S . + ooo|
|       o . * * ..|
|      o + = = .  |
|     . =.= . +   |
|       oOo .o .  |
+----[SHA256]-----+
Generating public/private ed25519 key pair.
Your identification has been saved in /etc/ssh/ssh_host_ed25519_key
Your public key has been saved in /etc/ssh/ssh_host_ed25519_key.pub
The key fingerprint is:
SHA256:tlLTsNQCpeI+GAzNd4I7yQawgbavoe43xmJMnn8ReJA root@agent-1
The key's randomart image is:
+--[ED25519 256]--+
|+   . ...        |
|o* E   o .       |
|= = * o + .      |
| * * * . =       |
|  X o . S .      |
| + * . o o       |
|= * o o .        |
|.B = o .         |
|+o=.o            |
+----[SHA256]-----+
 [ ok ]
Cloud-init v. 23.4 running 'modules:config' at Fri, 06 Mar 2026 03:21:51 +0000. Up 35.65 seconds.
 [ ok ]
Cloud-init v. 23.4 running 'modules:final' at Fri, 06 Mar 2026 03:21:51 +0000. Up 36.12 seconds.
ci-info: no authorized SSH keys fingerprints found for user alpine.
cloud-init: #############################################################
cloud-init: -----BEGIN SSH HOST KEY FINGERPRINTS-----
cloud-init: 1024 SHA256:RhtH/nNF8WHC+6g7Q4WRXPdbkNgNu67elHdyYSihiyc root@agent-1 (DSA)
cloud-init: 256 SHA256:pGtt4+zFo86zVWan8I3rDUWNb5Ngc0UPiRwjGTWlgE0 root@agent-1 (ECDSA)
cloud-init: 256 SHA256:tlLTsNQCpeI+GAzNd4I7yQawgbavoe43xmJMnn8ReJA root@agent-1 (ED25519)
cloud-init: 3072 SHA256:suJJiesOZNYwgqFKs095X+4Z433/GQtS+qmpA+8raZ0 root@agent-1 (RSA)
cloud-init: -----END SSH HOST KEY FINGERPRINTS-----
cloud-init: #############################################################
-----BEGIN SSH HOST KEY KEYS-----
ecdsa-sha2-nistp256 AAAAE2VjZHNhLXNoYTItbmlzdHAyNTYAAAAIbmlzdHAyNTYAAABBBFK3MVv9YcTl53vtpEYTUrNJ3uzv3cWRMv/V5eKoOtu5jc1ulzP2/c3lY0oZaZFUbRLqJfJV2dW5TEj3tG1AwoY= root@agent-1
ssh-ed25519 AAAAC3NzaC1lZDI1NTE5AAAAIB/TUe+CYCsrt6+cb9IaTnxXuUdD+Z4bdrmZzlEVO6W0 root@agent-1
ssh-rsa AAAAB3NzaC1yc2EAAAADAQABAAABgQCVTgpWfLhcuWWGAndOrrzCJ9TEh8aDRN7noLzlCokehHEHNogu3ne1i93FVCqtCB4bzr23awCvhrRtPk4X3PLisjrFQHsvEyPLO2JNT13KoLgdRtZNSnAwfPh/FY5gAHdDi64rcDGuRCIwGaQBvz5NVpJVlzmCbs2+RQbkGqltByZfaKsl/ewBBNc457lceVQpeDMN4FRc3hZMTYrxkB8575BBiKYmYyf9aDl9W7FIf/6fWB2iYCIBFw+s2v3cY2WE1qS+pfw9zhCCnLJM9SkFFIaO/JW2s5iseE0hDO08jjm3GFhhNLLsWc+vucdUKJa0jDoiCCYIcyznLHiB8pkZ/K6iER+gmsaTicknE1WcmNZywE1V9RXqrPKbFpEW+k3SQbCBpx37CeL+kAhhK13XcenkFO9d4NwZD81YwN8Ar9+68c/JYLE07hPiGFBaHUOOHBiY0uGw6CC86SThaHK7mJ2GpoTWw9+XXSErtNrES6ed55USDjcRaKNDT/m+ugM= root@agent-1
-----END SSH HOST KEY KEYS-----
Cloud-init v. 23.4 finished at Fri, 06 Mar 2026 03:21:52 +0000. Datasource DataSourceNoCloud [seed=/dev/vdb][dsmode=net].  Up 36.28 seconds
 [ ok ]

Welcome to Alpine Linux 3.19
Kernel 6.6.4-1-virt on an x86_64 (/dev/ttyS0)

agent-1 login: 