c[?7l[2J[0mSeaBIOS (version 1.15.0-1)


iPXE (https://ipxe.org) 00:03.0 CA00 PCI2.10 PnP PMM+BFF8B380+BFECB380 CA00
Press Ctrl-B to configure iPXE (PCI 00:03.0)...                                                                               


Booting from Hard Disk...

SYSLINUX 6.04 EDD 6.04-pre1 Copyright (C) 1994-2015 H. Peter Anvin et al

SYSLINUX 6.04 6.04-pre1 Copyright (C) 1994-2015 H. Peter Anvin et al
[2Je%@)0(B[0;37;40m[?25l[2J[23;16HAlpine will be booted automatically in [0;1m1[0m seconds[23;16H[0;37;40mAlpine wi.ll be booted automatically in [0;1;37;40m1[0;37;40m seconds.[23;16H                                                 [23;16H[0;37;40m                                                  [?25h[24;1H[0m 
Loading vmlinuz-virt...Loading vmlinuz-virt...  ook
k
Loading initramfs-virt..Loading initramfs-virt....ookk

c[?7l[2J[    0.000000] Linux version 6.6.4-1-virt (buildozer@build-3-19-x86_64) (gcc (Alpine 13.2.1_git20231014) 13.2.1 20231014, GNU ld (GNU Binutils) 2.41) #2-Alpine SMP PREEMPT_DYNAMIC Tue, 05 Dec 2023 20:25:50 +0000
[    0.000000] Command line: BOOT_IMAGE=vmlinuz-virt root=LABEL=/ modules=sd-mod,usb-storage,ext4 console=ttyS0,115200n8 initrd=initramfs-virt
[    0.000000] BIOS-provided physical RAM map:
[    0.000000] BIOS-e820: [mem 0x0000000000000000-0x000000000009fbff] usable
[    0.000000] BIOS-e820: [mem 0x000000000009fc00-0x000000000009ffff] reserved
[    0.000000] BIOS-e820: [mem 0x00000000000f0000-0x00000000000fffff] reserved
[    0.000000] BIOS-e820: [mem 0x0000000000100000-0x00000000bffd9fff] usable
[    0.000000] BIOS-e820: [mem 0x00000000bffda000-0x00000000bfffffff] reserved
[    0.000000] BIOS-e820: [mem 0x00000000feffc000-0x00000000feffffff] reserved
[    0.000000] BIOS-e820: [mem 0x00000000fffc0000-0x00000000ffffffff] reserved
[    0.000000] BIOS-e820: [mem 0x0000000100000000-0x000000013fffffff] usable
[    0.000000] NX (Execute Disable) protection: active
[    0.000000] APIC: Static calls initialized
[    0.000000] SMBIOS 2.8 present.
[    0.000000] DMI: QEMU Standard PC (i440FX + PIIX, 1996), BIOS 1.15.0-1 04/01/2014
[    0.000000] Hypervisor detected: KVM
[    0.000000] kvm-clock: Using msrs 4b564d01 and 4b564d00
[    0.000001] kvm-clock: using sched offset of 2415501147 cycles
[    0.000003] clocksource: kvm-clock: mask: 0xffffffffffffffff max_cycles: 0x1cd42e4dffb, max_idle_ns: 881590591483 ns
[    0.000006] tsc: Detected 2799.998 MHz processor
[    0.000892] last_pfn = 0x140000 max_arch_pfn = 0x400000000
[    0.001273] MTRR map: 4 entries (3 fixed + 1 variable; max 19), built from 8 variable MTRRs
[    0.001288] x86/PAT: Configuration [0-7]: WB  WC  UC- UC  WB  WP  UC- WT  
[    0.001773] last_pfn = 0xbffda max_arch_pfn = 0x400000000
[    0.002060] RAMDISK: [mem 0x7f71e000-0x7fffffff]
[    0.002063] ACPI: Early table checksum verification disabled
[    0.002067] ACPI: RSDP 0x00000000000F59A0 000014 (v00 BOCHS )
[    0.002072] ACPI: RSDT 0x00000000BFFE1975 000034 (v01 BOCHS  BXPC     00000001 BXPC 00000001)
[    0.002078] ACPI: FACP 0x00000000BFFE1821 000074 (v01 BOCHS  BXPC     00000001 BXPC 00000001)
[    0.002109] ACPI: DSDT 0x00000000BFFE0040 0017E1 (v01 BOCHS  BXPC     00000001 BXPC 00000001)
[    0.002114] ACPI: FACS 0x00000000BFFE0000 000040
[    0.002117] ACPI: APIC 0x00000000BFFE1895 000080 (v01 BOCHS  BXPC     00000001 BXPC 00000001)
[    0.002120] ACPI: HPET 0x00000000BFFE1915 000038 (v01 BOCHS  BXPC     00000001 BXPC 00000001)
[    0.002123] ACPI: WAET 0x00000000BFFE194D 000028 (v01 BOCHS  BXPC     00000001 BXPC 00000001)
[    0.002125] ACPI: Reserving FACP table memory at [mem 0xbffe1821-0xbffe1894]
[    0.002126] ACPI: Reserving DSDT table memory at [mem 0xbffe0040-0xbffe1820]
[    0.002127] ACPI: Reserving FACS table memory at [mem 0xbffe0000-0xbffe003f]
[    0.002128] ACPI: Reserving APIC table memory at [mem 0xbffe1895-0xbffe1914]
[    0.002128] ACPI: Reserving HPET table memory at [mem 0xbffe1915-0xbffe194c]
[    0.002129] ACPI: Reserving WAET table memory at [mem 0xbffe194d-0xbffe1974]
[    0.002528] Zone ranges:
[    0.002529]   DMA      [mem 0x0000000000001000-0x0000000000ffffff]
[    0.002531]   DMA32    [mem 0x0000000001000000-0x00000000ffffffff]
[    0.002532]   Normal   [mem 0x0000000100000000-0x000000013fffffff]
[    0.002533] Movable zone start for each node
[    0.002534] Early memory node ranges
[    0.002534]   node   0: [mem 0x0000000000001000-0x000000000009efff]
[    0.002535]   node   0: [mem 0x0000000000100000-0x00000000bffd9fff]
[    0.002536]   node   0: [mem 0x0000000100000000-0x000000013fffffff]
[    0.002538] Initmem setup node 0 [mem 0x0000000000001000-0x000000013fffffff]
[    0.002626] On node 0, zone DMA: 1 pages in unavailable ranges
[    0.003879] On node 0, zone DMA: 97 pages in unavailable ranges
[    0.341324] On node 0, zone Normal: 38 pages in unavailable ranges
[    0.344513] ACPI: PM-Timer IO Port: 0x608
[    0.344552] ACPI: LAPIC_NMI (acpi_id[0xff] dfl dfl lint[0x1])
[    0.344727] IOAPIC[0]: apic_id 0, version 17, address 0xfec00000, GSI 0-23
[    0.344731] ACPI: INT_SRC_OVR (bus 0 bus_irq 0 global_irq 2 dfl dfl)
[    0.344733] ACPI: INT_SRC_OVR (bus 0 bus_irq 5 global_irq 5 high level)
[    0.344735] ACPI: INT_SRC_OVR (bus 0 bus_irq 9 global_irq 9 high level)
[    0.344736] ACPI: INT_SRC_OVR (bus 0 bus_irq 10 global_irq 10 high level)
[    0.344737] ACPI: INT_SRC_OVR (bus 0 bus_irq 11 global_irq 11 high level)
[    0.344741] ACPI: Using ACPI (MADT) for SMP configuration information
[    0.344743] ACPI: HPET id: 0x8086a201 base: 0xfed00000
[    0.344775] smpboot: Allowing 2 CPUs, 0 hotplug CPUs
[    0.344828] kvm-guest: APIC: eoi() replaced with kvm_guest_apic_eoi_write()
[    0.344883] [mem 0xc0000000-0xfeffbfff] available for PCI devices
[    0.344885] Booting paravirtualized kernel on KVM
[    0.344887] clocksource: refined-jiffies: mask: 0xffffffff max_cycles: 0xffffffff, max_idle_ns: 19112604462750000 ns
[    0.348578] setup_percpu: NR_CPUS:256 nr_cpumask_bits:2 nr_cpu_ids:2 nr_node_ids:1
[    0.359065] percpu: Embedded 57 pages/cpu s195048 r8192 d30232 u1048576
[    0.359187] kvm-guest: PV spinlocks disabled, no host support
[    0.359189] Kernel command line: BOOT_IMAGE=vmlinuz-virt root=LABEL=/ modules=sd-mod,usb-storage,ext4 console=ttyS0,115200n8 initrd=initramfs-virt
[    0.359242] Unknown kernel command line parameters "BOOT_IMAGE=vmlinuz-virt modules=sd-mod,usb-storage,ext4", will be passed to user space.
[    0.379898] Dentry cache hash table entries: 524288 (order: 10, 4194304 bytes, linear)
[    0.390250] Inode-cache hash table entries: 262144 (order: 9, 2097152 bytes, linear)
[    0.390462] Built 1 zonelists, mobility grouping on.  Total pages: 1031898
[    0.402310] mem auto-init: stack:all(zero), heap alloc:on, heap free:off
[    0.402317] software IO TLB: area num 2.
[    0.788541] Memory: 4012148K/4193760K available (12288K kernel code, 1744K rwdata, 8008K rodata, 2640K init, 2300K bss, 181352K reserved, 0K cma-reserved)
[    0.795787] SLUB: HWalign=64, Order=0-3, MinObjects=0, CPUs=2, Nodes=1
[    0.796184] Kernel/User page tables isolation: enabled
[    0.816367] Dynamic Preempt: none
[    0.816856] rcu: Preemptible hierarchical RCU implementation.
[    0.816876] rcu: 	RCU restricting CPUs from NR_CPUS=256 to nr_cpu_ids=2.
[    0.816914] 	Trampoline variant of Tasks RCU enabled.
[    0.816934] 	Tracing variant of Tasks RCU enabled.
[    0.816953] rcu: RCU calculated value of scheduler-enlistment delay is 10 jiffies.
[    0.816955] rcu: Adjusting geometry for rcu_fanout_leaf=16, nr_cpu_ids=2
[    0.828196] NR_IRQS: 16640, nr_irqs: 440, preallocated irqs: 16
[    0.829320] rcu: srcu_init: Setting srcu_struct sizes based on contention.
[    0.829762] kfence: initialized - using 2097152 bytes for 255 objects at 0x(____ptrval____)-0x(____ptrval____)
[    0.855398] Console: colour VGA+ 80x25
[    0.855923] printk: console [ttyS0] enabled
[    1.184394] ACPI: Core revision 20230628
[    1.187914] clocksource: hpet: mask: 0xffffffff max_cycles: 0xffffffff, max_idle_ns: 19112604467 ns
[    1.193550] APIC: Switch to symmetric I/O mode setup
[    1.198022] x2apic enabled
[    1.201323] APIC: Switched APIC routing to: physical x2apic
[    1.210977] ..TIMER: vector=0x30 apic1=0 pin1=2 apic2=-1 pin2=-1
[    1.214325] clocksource: tsc-early: mask: 0xffffffffffffffff max_cycles: 0x285c3ee517e, max_idle_ns: 440795257231 ns
[    1.219857] Calibrating delay loop (skipped) preset value.. 5599.99 BogoMIPS (lpj=27999980)
[    1.231028] Last level iTLB entries: 4KB 0, 2MB 0, 4MB 0
[    1.233853] Last level dTLB entries: 4KB 0, 2MB 0, 4MB 0, 1GB 0
[    1.237066] Spectre V1 : Mitigation: usercopy/swapgs barriers and __user pointer sanitization
[    1.239861] Spectre V2 : Mitigation: Retpolines
[    1.242395] Spectre V2 : Spectre v2 / SpectreRSB mitigation: Filling RSB on context switch
[    1.246732] Spectre V2 : Spectre v2 / SpectreRSB : Filling RSB on VMEXIT
[    1.249839] Speculative Store Bypass: Vulnerable
[    1.252330] MDS: Vulnerable: Clear CPU buffers attempted, no microcode
[    1.255758] MMIO Stale Data: Unknown: No mitigations
[    1.259865] x86/fpu: x87 FPU will use FXSAVE
[    1.313637] Freeing SMP alternatives memory: 32K
[    1.316160] pid_max: default: 32768 minimum: 301
[    1.319181] LSM: initializing lsm=capability,landlock,lockdown,integrity
[    1.320611] landlock: Up and running.
[    1.323076] Mount-cache hash table entries: 8192 (order: 4, 65536 bytes, linear)
[    1.330106] Mountpoint-cache hash table entries: 8192 (order: 4, 65536 bytes, linear)
[    1.457303] smpboot: CPU0: Intel QEMU Virtual CPU version 2.5+ (family: 0xf, model: 0x6b, stepping: 0x1)
[    1.459834] RCU Tasks: Setting shift to 1 and lim to 1 rcu_task_cb_adjust=1.
[    1.459946] RCU Tasks Trace: Setting shift to 1 and lim to 1 rcu_task_cb_adjust=1.
[    1.464107] Performance Events: unsupported Netburst CPU model 107 no PMU driver, software events only.
[    1.471326] signal: max sigframe size: 1440
[    1.473868] rcu: Hierarchical SRCU implementation.
[    1.476411] rcu: 	Max phase no-delay instances is 1000.
[    1.481284] NMI watchdog: Perf NMI watchdog permanently disabled
[    1.484715] smp: Bringing up secondary CPUs ...
[    1.488375] smpboot: x86: Booting SMP configuration:
[    1.489839] .... node  #0, CPUs:      #1
[    1.503042] smp: Brought up 1 node, 2 CPUs
[    1.509841] smpboot: Max logical packages: 1
[    1.512072] ----------------
[    1.513629] | NMI testsuite:
[    1.515158] --------------------
[    1.516898]   remote IPI:  ok  |
[    1.519837]    local IPI:  ok  |
[    1.521602] --------------------
[    1.523311] Good, all   2 testcases passed! |
[    1.525632] ---------------------------------
[    1.527932] smpboot: Total of 2 processors activated (11199.99 BogoMIPS)
[    1.531506] devtmpfs: initialized
[    1.531796] x86/mm: Memory block size: 128MB
[    1.540207] clocksource: jiffies: mask: 0xffffffff max_cycles: 0xffffffff, max_idle_ns: 19112604462750000 ns
[    1.545337] futex hash table entries: 512 (order: 3, 32768 bytes, linear)
[    1.561682] NET: Registered PF_NETLINK/PF_ROUTE protocol family
[    1.565090] audit: initializing netlink subsys (disabled)
[    1.567994] audit: type=2000 audit(1772767277.002:1): state=initialized audit_enabled=0 res=1
[    1.567994] thermal_sys: Registered thermal governor 'step_wise'
[    1.569871] cpuidle: using governor ladder
[    1.575195] cpuidle: using governor menu
[    1.580085] acpiphp: ACPI Hot Plug PCI Controller Driver version: 0.5
[    1.584442] PCI: Using configuration type 1 for base access
[    1.587758] kprobes: kprobe jump-optimization is enabled. All kprobes are optimized if possible.
[    1.590678] HugeTLB: registered 2.00 MiB page size, pre-allocated 0 pages
[    1.594272] HugeTLB: 28 KiB vmemmap can be freed for a 2.00 MiB page
[    1.600315] ACPI: Added _OSI(Module Device)
[    1.602445] ACPI: Added _OSI(Processor Device)
[    1.604832] ACPI: Added _OSI(3.0 _SCP Extensions)
[    1.604832] ACPI: Added _OSI(Processor Aggregator Device)
[    1.605898] ACPI: 1 ACPI AML tables successfully acquired and loaded
[    1.611452] ACPI: _OSC evaluation for CPUs failed, trying _PDC
[    1.613103] ACPI: Interpreter enabled
[    1.629892] ACPI: PM: (supports S0 S3 S5)
[    1.632127] ACPI: Using IOAPIC for interrupt routing
[    1.634837] PCI: Using host bridge windows from ACPI; if necessary, use "pci=nocrs" and report a bug
[    1.639837] PCI: Using E820 reservations for host bridge windows
[    1.643264] ACPI: Enabled 2 GPEs in block 00 to 0F
[    1.645904] ACPI: PCI Root Bridge [PCI0] (domain 0000 [bus 00-ff])
[    1.646809] acpi PNP0A03:00: _OSC: OS supports [ASPM ClockPM Segments MSI HPX-Type3]
[    1.649837] acpi PNP0A03:00: _OSC: not requesting OS control; OS requires [ExtendedConfig ASPM ClockPM MSI]
[    1.655149] acpi PNP0A03:00: fail to add MMCONFIG information, can't access extended configuration space under this bridge
[    1.660927] acpiphp: Slot [3] registered
[    1.663097] acpiphp: Slot [4] registered
[    1.665218] acpiphp: Slot [5] registered
[    1.669892] acpiphp: Slot [6] registered
[    1.671997] acpiphp: Slot [7] registered
[    1.674153] acpiphp: Slot [8] registered
[    1.676297] acpiphp: Slot [9] registered
[    1.678433] acpiphp: Slot [10] registered
[    1.679916] acpiphp: Slot [11] registered
[    1.682145] acpiphp: Slot [12] registered
[    1.684341] acpiphp: Slot [13] registered
[    1.686581] acpiphp: Slot [14] registered
[    1.689885] acpiphp: Slot [15] registered
[    1.692045] acpiphp: Slot [16] registered
[    1.694226] acpiphp: Slot [17] registered
[    1.696416] acpiphp: Slot [18] registered
[    1.698712] acpiphp: Slot [19] registered
[    1.699923] acpiphp: Slot [20] registered
[    1.702060] acpiphp: Slot [21] registered
[    1.704213] acpiphp: Slot [22] registered
[    1.706515] acpiphp: Slot [23] registered
[    1.709887] acpiphp: Slot [24] registered
[    1.712055] acpiphp: Slot [25] registered
[    1.714364] acpiphp: Slot [26] registered
[    1.716603] acpiphp: Slot [27] registered
[    1.718919] acpiphp: Slot [28] registered
[    1.719886] acpiphp: Slot [29] registered
[    1.722174] acpiphp: Slot [30] registered
[    1.724515] acpiphp: Slot [31] registered
[    1.726887] PCI host bridge to bus 0000:00
[    1.729842] pci_bus 0000:00: root bus resource [io  0x0000-0x0cf7 window]
[    1.733540] pci_bus 0000:00: root bus resource [io  0x0d00-0xffff window]
[    1.737172] pci_bus 0000:00: root bus resource [mem 0x000a0000-0x000bffff window]
[    1.739838] pci_bus 0000:00: root bus resource [mem 0xc0000000-0xfebfffff window]
[    1.743750] pci_bus 0000:00: root bus resource [mem 0x140000000-0x1bfffffff window]
[    1.749838] pci_bus 0000:00: root bus resource [bus 00-ff]
[    1.753064] pci 0000:00:00.0: [8086:1237] type 00 class 0x060000
[    1.760236] pci 0000:00:01.0: [8086:7000] type 00 class 0x060100
[    1.766309] pci 0000:00:01.1: [8086:7010] type 00 class 0x010180
[    1.773144] pci 0000:00:01.1: reg 0x20: [io  0xc160-0xc16f]
[    1.777649] pci 0000:00:01.1: legacy IDE quirk: reg 0x10: [io  0x01f0-0x01f7]
[    1.779838] pci 0000:00:01.1: legacy IDE quirk: reg 0x14: [io  0x03f6]
[    1.783347] pci 0000:00:01.1: legacy IDE quirk: reg 0x18: [io  0x0170-0x0177]
[    1.787200] pci 0000:00:01.1: legacy IDE quirk: reg 0x1c: [io  0x0376]
[    1.790658] pci 0000:00:01.3: [8086:7113] type 00 class 0x068000
[    1.796362] pci 0000:00:01.3: quirk: [io  0x0600-0x063f] claimed by PIIX4 ACPI
[    1.809880] pci 0000:00:01.3: quirk: [io  0x0700-0x070f] claimed by PIIX4 SMB
[    1.814707] pci 0000:00:02.0: [1234:1111] type 00 class 0x030000
[    1.821817] pci 0000:00:02.0: reg 0x10: [mem 0xfd000000-0xfdffffff pref]
[    1.834969] pci 0000:00:02.0: reg 0x18: [mem 0xfeb90000-0xfeb90fff]
[    1.853737] pci 0000:00:02.0: reg 0x30: [mem 0xfeb80000-0xfeb8ffff pref]
[    1.861091] pci 0000:00:02.0: Video device with shadowed ROM at [mem 0x000c0000-0x000dffff]
[    1.872283] pci 0000:00:03.0: [1af4:1000] type 00 class 0x020000
[    1.876811] pci 0000:00:03.0: reg 0x10: [io  0xc140-0xc15f]
[    1.880604] pci 0000:00:03.0: reg 0x14: [mem 0xfeb91000-0xfeb91fff]
[    1.887623] pci 0000:00:03.0: reg 0x20: [mem 0xfe000000-0xfe003fff 64bit pref]
[    1.891410] pci 0000:00:03.0: reg 0x30: [mem 0xfeb00000-0xfeb7ffff pref]
[    1.902887] pci 0000:00:04.0: [1af4:1009] type 00 class 0x000200
[    1.907327] pci 0000:00:04.0: reg 0x10: [io  0xc100-0xc13f]
[    1.910822] pci 0000:00:04.0: reg 0x14: [mem 0xfeb92000-0xfeb92fff]
[    1.917532] pci 0000:00:04.0: reg 0x20: [mem 0xfe004000-0xfe007fff 64bit pref]
[    1.925261] pci 0000:00:05.0: [1af4:1001] type 00 class 0x010000
[    1.931434] pci 0000:00:05.0: reg 0x10: [io  0xc000-0xc07f]
[    1.936165] pci 0000:00:05.0: reg 0x14: [mem 0xfeb93000-0xfeb93fff]
[    1.944092] pci 0000:00:05.0: reg 0x20: [mem 0xfe008000-0xfe00bfff 64bit pref]
[    1.953882] pci 0000:00:06.0: [1af4:1001] type 00 class 0x010000
[    1.958953] pci 0000:00:06.0: reg 0x10: [io  0xc080-0xc0ff]
[    1.961234] pci 0000:00:06.0: reg 0x14: [mem 0xfeb94000-0xfeb94fff]
[    1.970727] pci 0000:00:06.0: reg 0x20: [mem 0xfe00c000-0xfe00ffff 64bit pref]
[    1.982973] ACPI: PCI: Interrupt link LNKA configured for IRQ 10
[    1.986419] ACPI: PCI: Interrupt link LNKB configured for IRQ 10
[    1.989774] ACPI: PCI: Interrupt link LNKC configured for IRQ 11
[    1.990344] ACPI: PCI: Interrupt link LNKD configured for IRQ 11
[    1.993630] ACPI: PCI: Interrupt link LNKS configured for IRQ 9
[    2.002516] iommu: Default domain type: Translated
[    2.005136] iommu: DMA domain TLB invalidation policy: lazy mode
[    2.010718] SCSI subsystem initialized
[    2.020260] pps_core: LinuxPPS API ver. 1 registered
[    2.022963] pps_core: Software ver. 5.3.6 - Copyright 2005-2007 Rodolfo Giometti <giometti@linux.it>
[    2.027768] PTP clock support registered
[    2.032972] PCI: Using ACPI for IRQ routing
[    2.035290] hpet: 3 channels of 0 reserved for per-cpu timers
[    2.039837] clocksource: Switched to clocksource kvm-clock
[    2.058887] VFS: Disk quotas dquot_6.6.0
[    2.061217] VFS: Dquot-cache hash table entries: 512 (order 0, 4096 bytes)
[    2.065326] pnp: PnP ACPI init
[    2.068040] pnp: PnP ACPI: found 6 devices
[    2.089575] clocksource: acpi_pm: mask: 0xffffff max_cycles: 0xffffff, max_idle_ns: 2085701024 ns
[    2.094918] NET: Registered PF_INET protocol family
[    2.100572] IP idents hash table entries: 65536 (order: 7, 524288 bytes, linear)
[    2.106811] tcp_listen_portaddr_hash hash table entries: 2048 (order: 3, 32768 bytes, linear)
[    2.112682] Table-perturb hash table entries: 65536 (order: 6, 262144 bytes, linear)
[    2.118179] TCP established hash table entries: 32768 (order: 6, 262144 bytes, linear)
[    2.127915] TCP bind hash table entries: 32768 (order: 8, 1048576 bytes, linear)
[    2.132028] TCP: Hash tables configured (established 32768 bind 32768)
[    2.136901] UDP hash table entries: 2048 (order: 4, 65536 bytes, linear)
[    2.140915] UDP-Lite hash table entries: 2048 (order: 4, 65536 bytes, linear)
[    2.145045] NET: Registered PF_UNIX/PF_LOCAL protocol family
[    2.148093] NET: Registered PF_XDP protocol family
[    2.150857] pci_bus 0000:00: resource 4 [io  0x0000-0x0cf7 window]
[    2.154106] pci_bus 0000:00: resource 5 [io  0x0d00-0xffff window]
[    2.157334] pci_bus 0000:00: resource 6 [mem 0x000a0000-0x000bffff window]
[    2.161039] pci_bus 0000:00: resource 7 [mem 0xc0000000-0xfebfffff window]
[    2.164677] pci_bus 0000:00: resource 8 [mem 0x140000000-0x1bfffffff window]
[    2.168511] pci 0000:00:01.0: PIIX3: Enabling Passive Release
[    2.171752] pci 0000:00:00.0: Limiting direct PCI/PCI transfers
[    2.175363] PCI: CLS 0 bytes, default 64
[    2.177606] PCI-DMA: Using software bounce buffering for IO (SWIOTLB)
[    2.178500] Unpacking initramfs...
[    2.181720] software IO TLB: mapped [mem 0x00000000bbfda000-0x00000000bffda000] (64MB)
[    2.182096] clocksource: tsc: mask: 0xffffffffffffffff max_cycles: 0x285c3ee517e, max_idle_ns: 440795257231 ns
[    2.197982] Initialise system trusted keyrings
[    2.201734] workingset: timestamp_bits=46 max_order=20 bucket_order=0
[    2.206218] zbud: loaded
[    2.208490] Key type asymmetric registered
[    2.211542] Asymmetric key parser 'x509' registered
[    2.215268] Block layer SCSI generic (bsg) driver version 0.4 loaded (major 247)
[    2.230686] io scheduler mq-deadline registered
[    2.233804] io scheduler kyber registered
[    2.236682] io scheduler bfq registered
[    2.240825] ERST DBG: ERST support is disabled.
[    2.265485] ACPI: \_SB_.LNKC: Enabled at IRQ 11
[    2.289595] ACPI: \_SB_.LNKD: Enabled at IRQ 10
[    2.311138] ACPI: \_SB_.LNKA: Enabled at IRQ 10
[    2.334943] ACPI: \_SB_.LNKB: Enabled at IRQ 11
[    2.345341] Serial: 8250/16550 driver, 4 ports, IRQ sharing enabled
[    2.349406] 00:04: ttyS0 at I/O 0x3f8 (irq = 4, base_baud = 115200) is a 16550A
[    2.370812] VMware PVSCSI driver - version 1.0.7.0-k
[    2.379148] scsi host0: ata_piix
[    2.382412] scsi host1: ata_piix
[    2.384399] ata1: PATA max MWDMA2 cmd 0x1f0 ctl 0x3f6 bmdma 0xc160 irq 14
[    2.388106] ata2: PATA max MWDMA2 cmd 0x170 ctl 0x376 bmdma 0xc168 irq 15
[    2.392627] i8042: PNP: PS/2 Controller [PNP0303:KBD,PNP0f13:MOU] at 0x60,0x64 irq 1,12
[    2.399761] serio: i8042 KBD port at 0x60,0x64 irq 1
[    2.402487] serio: i8042 AUX port at 0x60,0x64 irq 12
[    2.405475] rtc_cmos 00:05: RTC can wake from S4
[    2.414423] rtc_cmos 00:05: registered as rtc0
[    2.417143] rtc_cmos 00:05: setting system clock to 2026-03-06T03:21:17 UTC (1772767277)
[    2.421769] rtc_cmos 00:05: alarms up to one day, y3k, 242 bytes nvram, hpet irqs
[    2.423177] Freeing initrd memory: 9096K
[    2.425850] intel_pstate: CPU model not supported
[    2.431060] gre: GRE over IPv4 demultiplexor driver
[    2.431160] input: AT Translated Set 2 keyboard as /devices/platform/i8042/serio0/input/input0
[    2.477720] Key type dns_resolver registered
[    2.480953] IPI shorthand broadcast: enabled
[    2.485450] sched_clock: Marking stable (2110159946, 370401346)->(2495373706, -14812414)
[    2.497249] registered taskstats version 1
[    2.499657] Loading compiled-in X.509 certificates
[    2.510272] Loaded X.509 cert 'alpinelinux.org: Alpine Linux kernel key: d76a695f66ad9cd28f5c22a8508f36e91f521f7a'
[    2.518686] Key type .fscrypt registered
[    2.520885] Key type fscrypt-provisioning registered
[    2.581224] ata2: found unknown device (class 0)
[    2.585125] ata2.00: ATAPI: QEMU DVD-ROM, 2.5+, max UDMA/100
[    2.591079] scsi 1:0:0:0: CD-ROM            QEMU     QEMU DVD-ROM     2.5+ PQ: 0 ANSI: 5
[    2.631495] Freeing unused kernel image (initmem) memory: 2640K
[    2.670602] Write protecting the kernel read-only data: 20480k
[    2.673735] Freeing unused kernel image (rodata/data gap) memory: 184K
[    2.675931] rodata_test: all tests were successful
[    2.677671] Run /init as init process
[    2.695606] Alpine Init 3.9.0-r0
Alpine Init 3.9.[    2.696978] Loading boot drivers...
0-r0
 * Loading boot drivers: [    2.738506] ACPI: bus type USB registered
[    2.739975] usbcore: registered new interface driver usbfs
[    2.741857] usbcore: registered new interface driver hub
[    2.743609] usbcore: registered new device driver usb
[    2.749732] usbcore: registered new interface driver usb-storage
[    2.969204] loop: module loaded
[    3.021856] ACPI: bus type drm_connector registered
[    3.052035] Loading boot drivers: ok.
ok.
[    3.055263] Mounting root...
 * Mounting root: [    3.096011] piix4_smbus 0000:00:01.3: SMBus Host Controller at 0x700, revision 0
[    3.117956] [drm] Found bochs VGA, ID 0xb0c5.
[    3.119404] [drm] Framebuffer size 16384 kB @ 0xfd000000, mmio @ 0xfeb90000.
[    3.128031] [drm] Found EDID data blob.
[    3.129717] [drm] Initialized bochs-drm 1.0.0 20130925 for 0000:00:02.0 on minor 0
[    3.167702] Console: switching to colour frame buffer device 128x48
[    3.170689] bochs-drm 0000:00:02.0: [drm] fb0: bochs-drmdrmfb frame buffer device
[    3.333045] sr 1:0:0:0: [sr0] scsi3-mmc drive: 4x/4x cd/rw xa/form2 tray
[    3.335225] cdrom: Uniform CD-ROM driver Revision: 3.20
[    3.428439] virtio_blk virtio2: 2/0/0 default/read/poll queues
[    3.436007] virtio_blk virtio2: [vda] 8388608 512-byte logical blocks (4.29 GB/4.00 GiB)
[    3.445456] virtio_blk virtio3: 2/0/0 default/read/poll queues
[    3.451718] virtio_blk virtio3: [vdb] 736 512-byte logical blocks (377 kB/368 KiB)
[    3.530598] block sr0: the capability attribute has been deprecated.
[    6.296548] EXT4-fs (vda): mounted filesystem 367ceb5a-a72a-4cc6-9140-e18812d3c81b ro with ordered data mode. Quota mode: none.
[    6.300358] Mounting root: ok.
ok.

   OpenRC 0.52.1 is starting up Linux 6.6.4-1-virt (x86_64)

 * /proc is already mounted
 * Mounting /run ... [ ok ]
 * /run/openrc: creating directory
 * /run/lock: creating directory
 * /run/lock: correcting owner
 * Caching service dependencies ... [ ok ]
 * Remounting devtmpfs on /dev ... [ ok ]
 * Mounting /dev/mqueue ... [ ok ]
 * Mounting security filesystem ... [ ok ]
 * Mounting debug filesystem ... [ ok ]
 * Mounting persistent storage (pstore) filesystem ... [ ok ]
 * Starting busybox mdev ... [ ok ]
 * Scanning hardware for mdev ... [ ok ]
 * Loading hardware drivers ... [ ok ]
 * Loading modules ... [ ok ]
 * Setting system clock using the hardware clock [UTC] ... [ ok ]
 * Checking local filesystems  .../: clean, 8723/65536 files, 158031/262144 blocks
 [ ok ]
 * Remounting root filesystem read/write ... [ ok ]
 * Remounting filesystems ... [ ok ]
 * Activating swap devices ... [ ok ]
 * Mounting local filesystems ... [ ok ]
 * Starting busybox acpid ... [ ok ]
 * Configuring kernel parameters ... [ ok ]
 * Migrating /var/lock to /run/lock ... [ ok ]
 * Creating user login records ... [ ok ]
 * Cleaning /tmp directory ... [ ok ]
Cloud-init v. 23.4 running 'init-local' at Fri, 06 Mar 2026 03:21:25 +0000. Up 10.90 seconds.
 [ ok ]
 * Setting hostname ... [ ok ]
 * Starting busybox syslog ... [ ok ]
 * Mounting cgroup filesystem ... [ ok ]
 * Starting networking ... *   lo ... [ ok ]
 *   eth0 ... [ ok ]
 * /var/log/docker.log: creating file
 * /var/log/docker.log: correcting owner
 * Starting Docker Daemon ... [ ok ]
 * Starting benchmark agent ...
[1A[2Ka257f20c716c: Loading layer  557.1kB/81.04MB[1B[1A[2Ka257f20c716c: Loading layer  6.128MB/81.04MB[1B[1A[2Ka257f20c716c: Loading layer  10.58MB/81.04MB[1B[1A[2Ka257f20c716c: Loading layer  16.15MB/81.04MB[1B[1A[2Ka257f20c716c: Loading layer  21.73MB/81.04MB[1B[1A[2Ka257f20c716c: Loading layer  25.62MB/81.04MB[1B[1A[2Ka257f20c716c: Loading layer  29.52MB/81.04MB[1B[1A[2Ka257f20c716c: Loading layer  35.09MB/81.04MB[1B[1A[2Ka257f20c716c: Loading layer  39.55MB/81.04MB[1B[1A[2Ka257f20c716c: Loading layer  46.24MB/81.04MB[1B[1A[2Ka257f20c716c: Loading layer  52.36MB/81.04MB[1B[1A[2Ka257f20c716c: Loading layer  59.05MB/81.04MB[1B[1A[2Ka257f20c716c: Loading layer  64.06MB/81.04MB[1B[1A[2Ka257f20c716c: Loading layer  66.85MB/81.04MB[1B[1A[2Ka257f20c716c: Loading layer  69.07MB/81.04MB[1B[1A[2Ka257f20c716c: Loading layer  73.53MB/81.04MB[1B[1A[2Ka257f20c716c: Loading layer   75.2MB/81.04MB[1B[1A[2Ka257f20c716c: Loading layer  76.32MB/81.04MB[1B[1A[2Ka257f20c716c: Loading layer   79.1MB/81.04MB[1B[1A[2Ka257f20c716c: Loading layer  81.04MB/81.04MB[1B
[1A[2Kb0c20bcd44fe: Loading layer  65.54kB/4.123MB[1B[1A[2Kb0c20bcd44fe: Loading layer  1.901MB/4.123MB[1B[1A[2Kb0c20bcd44fe: Loading layer  4.123MB/4.123MB[1B[1A[2Kb0c20bcd44fe: Loading layer  4.123MB/4.123MB[1B
[1A[2K5184c31ad48f: Loading layer  458.8kB/43.85MB[1B[1A[2K5184c31ad48f: Loading layer  2.294MB/43.85MB[1B[1A[2K5184c31ad48f: Loading layer  8.258MB/43.85MB[1B[1A[2K5184c31ad48f: Loading layer  9.634MB/43.85MB[1B[1A[2K5184c31ad48f: Loading layer  12.39MB/43.85MB[1B[1A[2K5184c31ad48f: Loading layer  16.06MB/43.85MB[1B[1A[2K5184c31ad48f: Loading layer  18.81MB/43.85MB[1B[1A[2K5184c31ad48f: Loading layer  22.94MB/43.85MB[1B[1A[2K5184c31ad48f: Loading layer  26.61MB/43.85MB[1B[1A[2K5184c31ad48f: Loading layer   28.9MB/43.85MB[1B[1A[2K5184c31ad48f: Loading layer  32.11MB/43.85MB[1B[1A[2K5184c31ad48f: Loading layer  34.41MB/43.85MB[1B[1A[2K5184c31ad48f: Loading layer   36.7MB/43.85MB[1B[1A[2K5184c31ad48f: Loading layer  38.99MB/43.85MB[1B[1A[2K5184c31ad48f: Loading layer  42.21MB/43.85MB[1B[1A[2K5184c31ad48f: Loading layer  43.85MB/43.85MB[1B
[1A[2Kfa1d322086e6: Loading layer   5.12kB/5.12kB[1B[1A[2Kfa1d322086e6: Loading layer   5.12kB/5.12kB[1B
[1A[2Kbdf610394df6: Loading layer  22.02kB/22.02kB[1B[1A[2Kbdf610394df6: Loading layer  22.02kB/22.02kB[1B
[1A[2K9258f4176a00: Loading layer  10.75kB/10.75kB[1B[1A[2K9258f4176a00: Loading layer  10.75kB/10.75kB[1BLoaded image: bench-worker:latest
 [ ok ]
 * Starting chronyd ... [ ok ]
 * Starting cloud-init-hotplugd ... [ ok ]
Cloud-init v. 23.4 running 'init' at Fri, 06 Mar 2026 03:21:48 +0000. Up 33.70 seconds.
ci-info: +++++++++++++++++++++++++++++++++++++++Net device info+++++++++++++++++++++++++++++++++++++++
ci-info: +---------+-------+----------------------------+---------------+--------+-------------------+
ci-info: |  Device |   Up  |          Address           |      Mask     | Scope  |     Hw-Address    |
ci-info: +---------+-------+----------------------------+---------------+--------+-------------------+
ci-info: | docker0 | False |         172.17.0.1         |  255.255.0.0  | global | 02:42:d9:52:fd:9e |
ci-info: |   eth0  |  True |         10.0.2.15          | 255.255.255.0 | global | 52:54:00:12:34:56 |
ci-info: |   eth0  |  True | fec0::5054:ff:fe12:3456/64 |       .       |  site  | 52:54:00:12:34:56 |
ci-info: |   eth0  |  True | fe80::5054:ff:fe12:3456/64 |       .       |  link  | 52:54:00:12:34:56 |
ci-info: |    lo   |  True |         127.0.0.1          |   255.0.0.0   |  host  |         .         |
ci-info: |    lo   |  True |          ::1/128           |       .       |  host  |         .         |
ci-info: +---------+-------+----------------------------+---------------+--------+-------------------+
ci-info: +++++++++++++++++++++++++++Route IPv4 info++++++++++++++++++++++++++++
ci-info: +-------+-------------+----------+---------------+-----------+-------+
ci-info: | Route | Destination | Gateway  |    Genmask    | Interface | Flags |
ci-info: +-------+-------------+----------+---------------+-----------+-------+
ci-info: |   0   |   0.0.0.0   | 10.0.2.2 |    0.0.0.0    |    eth0   |   UG  |
ci-info: |   1   |   10.0.2.0  | 0.0.0.0  | 255.255.255.0 |    eth0   |   U   |
ci-info: |   2   |  172.17.0.0 | 0.0.0.0  |  255.255.0.0  |  docker0  |   U   |
ci-info: +-------+-------------+----------+---------------+-----------+-------+
ci-info: +++++++++++++++++++Route IPv6 info+++++++++++++++++++
ci-info: +-------+-------------+---------+-----------+-------+
ci-info: | Route | Destination | Gateway | Interface | Flags |
ci-info: +-------+-------------+---------+-----------+-------+
ci-info: |   0   |  fe80::/64  |    ::   |    eth0   |   U   |
ci-info: |   1   |  fec0::/64  |    ::   |    eth0   |   Ue  |
ci-info: |   2   |     ::/0    | fe80::2 |    eth0   |  UGe  |
ci-info: |   4   |    local    |    ::   |    eth0   |   U   |
ci-info: |   5   |    local    |    ::   |    eth0   |   U   |
ci-info: |   6   |  multicast  |    ::   |    eth0   |   U   |
ci-info: +-------+-------------+---------+-----------+-------+
2026-03-06 03:21:48,672 - cloud_config.py[WARNING]: Failed at merging in cloud config part from part-001: empty cloud config
Generating public/private rsa key pair.
Your identification has been saved in /etc/ssh/ssh_host_rsa_key
Your public key has been saved in /etc/ssh/ssh_host_rsa_key.pub
The key fingerprint is:
SHA256:TphdFr6f99WudEhqevFYh8Me8B0nRDecKu0DNP5AdLE root@agent-3
The key's randomart image is:
+---[RSA 3072]----+
|          o. ++.o|
|         . =. o+.|
|          B oE.  |
|       + o *.o...|
|      o S . *+.+o|
|       o   ..BB.+|
|        .   =*=++|
|           oooo+.|
|          ..  ..o|
+----[SHA256]-----+
Generating public/private dsa key pair.
Your identification has been saved in /etc/ssh/ssh_host_dsa_key
Your public key has been saved in /etc/ssh/ssh_host_dsa_key.pub
The key fingerprint is:
SHA256:S/mCTBO4QSnhGrp55GCc0lU2/tBi5EzHhCVpHPk+fLc root@agent-3
The key's randomart image is:
+---[DSA 1024]----+
|  ...oOO+        |
| ....X*=.        |
|. ..+.O..        |
|o+.. + =..       |
|=+o . ooS        |
|o*   o ++o. .    |
|o o   o oo.. .   |
| .       .  E    |
|                 |
+----[SHA256]-----+
Generating public/private ecdsa key pair.
Your identification has been saved in /etc/ssh/ssh_host_ecdsa_key
Your public key has been saved in /etc/ssh/ssh_host_ecdsa_key.pub
The key fingerprint is:
SHA256:cPrRQ5ZM2rFOPNZZzfakOZySMW7stPI8GMKJJCqhIhc root@agent-3
The key's randomart image is:
+---[ECDSA 256]---+
|          o   .o |
|         * =oo  =|
|      . o %oo= *.|
|. E . .+ B .B * .|
|.. o o.oS.++ o . |
|= o   ..+.o.o    |
|oo      .. *     |
|          . +    |
|             .   |
+----[SHA256]-----+
Generating public/private ed25519 key pair.
Your identification has been saved in /etc/ssh/ssh_host_ed25519_key
Your public key has been saved in /etc/ssh/ssh_host_ed25519_key.pub
The key fingerprint is:
SHA256:dWcyI/xwPT/BshjVFZDJZ6N9ZYc6lBWZCeutp3F13xU root@agent-3
The key's randomart image is:
+--[ED25519 256]--+
|            o*BB+|
|         .  +**=+|
|          =oBoXE+|
|         . B=Oo++|
|        S  .oo..*|
|             . .*|
|            o o o|
|             =   |
|            .    |
+----[SHA256]-----+
 [ ok ]
Cloud-init v. 23.4 running 'modules:config' at Fri, 06 Mar 2026 03:21:49 +0000. Up 34.92 seconds.
 [ ok ]
Cloud-init v. 23.4 running 'modules:final' at Fri, 06 Mar 2026 03:21:50 +0000. Up 35.38 seconds.
ci-info: no authorized SSH keys fingerprints found for user alpine.
cloud-init: #############################################################
cloud-init: -----BEGIN SSH HOST KEY FINGERPRINTS-----
cloud-init: 1024 SHA256:S/mCTBO4QSnhGrp55GCc0lU2/tBi5EzHhCVpHPk+fLc root@agent-3 (DSA)
cloud-init: 256 SHA256:cPrRQ5ZM2rFOPNZZzfakOZySMW7stPI8GMKJJCqhIhc root@agent-3 (ECDSA)
cloud-init: 256 SHA256:dWcyI/xwPT/BshjVFZDJZ6N9ZYc6lBWZCeutp3F13xU root@agent-3 (ED25519)
cloud-init: 3072 SHA256:TphdFr6f99WudEhqevFYh8Me8B0nRDecKu0DNP5AdLE root@agent-3 (RSA)
cloud-init: -----END SSH HOST KEY FINGERPRINTS-----
cloud-init: #############################################################
-----BEGIN SSH HOST KEY KEYS-----
ecdsa-sha2-nistp256 AAAAE2VjZHNhLXNoYTItbmlzdHAyNTYAAAAIbmlzdHAyNTYAAABBBOs5xQuFd8xBAYuwQSNU5tX7hf7uUTVoL/EU/+WiTQ4Tn52FBGTPHuMaknq/mc03t0NiUtFUTPIJHrVVT20n23A= root@agent-3
ssh-ed25519 AAAAC3NzaC1lZDI1NTE5AAAAIDf0zekY59qMV0QT6BKLu3mwhlCGVCAJ/ilU+d2NJaeB root@agent-3
ssh-rsa AAAAB3NzaC1yc2EAAAADAQABAAABgQDYkXKI8MzbSiBgF/vScMQ4nP4DRd7ouDvVTGRinvkLqqJ60h78QW3owSGACbAMHvw6Rbdt34+xUTH5QUECNYGndn1yTW+zvLHPrGeFHKAaccbdtEYrYcEu7ETSn+fbIgc/qy8JGz3ht0S5lL5sk+9VLOL/1onJFjWko7XIEJEh5Trwbsn6Tnc/fiWCiPG1+AvbR+na9GSNhP5nky4TSDfQl0a1QqahN5S+wsqmmWI8eLX6IB5Lt/jGoD6KjCvsDAOtHWhMre/RKHhn565AKBHctO4fZUTjMvRgtS6+NmxCHDs+yeK5DSzNfs0BMzDgtKFDlH0kpkF3SI8W0ShfHar2AFcpcNfet4uUSgTdRnxbxhSZObRqxBJAeFscGvduvxqw7QN5iT1GSBlK+gSQX+2aB5Gzlqshl2pwXkxnws1uL92DiVLH8b00Yf2440KbGl9Wfdwlrrf1aCjF26dE5jlzvBbRguR1fhzuuFa5NATKVIdGZO2cV4s+GYKUkqeaeaM= root@agent-3
-----END SSH HOST KEY KEYS-----
Cloud-init v. 23.4 finished at Fri, 06 Mar 2026 03:21:50 +0000. Datasource DataSourceNoCloud [seed=/dev/vdb][dsmode=net].  Up 35.51 seconds
 [ ok ]

Welcome to Alpine Linux 3.19
Kernel 6.6.4-1-virt on an x86_64 (/dev/ttyS0)

agent-3 login: 