c[?7l[2J[0mSeaBIOS (version 1.15.0-1)


iPXE (https://ipxe.org) 00:03.0 CA00 PCI2.10 PnP PMM+BFF8B380+BFECB380 CA00
Press Ctrl-B to configure iPXE (PCI 00:03.0)...                                                                               


Booting from Hard Disk...

SYSLINUX 6.04 EDD 6.04-pre1 Copyright (C) 1994-2015 H. Peter Anvin et al

SYSLINUX 6.04 6.04-pre1 Copyright (C) 1994-2015 H. Peter Anvin et al
[2Je%@)0(B[0;37;40m[?25l[2J[23;16HAlpine will be booted automatically in [0;1m1[0m seconds[23;16H[0;37;40mAlpin.e will be booted automatically in [0;1;37;40m1[0;37;40m seconds.[23;16H                                                 [23;16H[0;37;40m                                                  [?25h[24;1H[0m 
Loading vmlinuz-virt...Loading vmlinuz-virt...  ook
k
Loading initramfs-virt..Loading initramfs-virt....ookk

c[?7l[2J[    0.000000] Linux version 6.6.4-1-virt (buildozer@build-3-19-x86_64) (gcc (Alpine 13.2.1_git20231014) 13.2.1 20231014, GNU ld (GNU Binutils) 2.41) #2-Alpine SMP PREEMPT_DYNAMIC Tue, 05 Dec 2023 20:25:50 +0000
[    0.000000] Command line: BOOT_IMAGE=vmlinuz-virt root=LABEL=/ modules=sd-mod,usb-storage,ext4 console=ttyS0,115200n8 initrd=initramfs-virt
[    0.000000] BIOS-provided physical RAM map:
[    0.000000] BIOS-e820: [mem 0x0000000000000000-0x000000000009fbff] usable
[    0.000000] BIOS-e820: [mem 0x000000000009fc00-0x000000000009ffff] reserved
[    0.000000] BIOS-e820: [mem 0x00000000000f0000-0x00000000000fffff] reserved
[    0.000000] BIOS-e820: [mem 0x0000000000100000-0x00000000bffd9fff] usable
[    0.000000] BIOS-e820: [mem 0x00000000bffda000-0x00000000bfffffff] reserved
[    0.000000] BIOS-e820: [mem 0x00000000feffc000-0x00000000feffffff] reserved
[    0.000000] BIOS-e820: [mem 0x00000000fffc0000-0x00000000ffffffff] reserved
[    0.000000] BIOS-e820: [mem 0x0000000100000000-0x000000013fffffff] usable
[    0.000000] NX (Execute Disable) protection: active
[    0.000000] APIC: Static calls initialized
[    0.000000] SMBIOS 2.8 present.
[    0.000000] DMI: QEMU Standard PC (i440FX + PIIX, 1996), BIOS 1.15.0-1 04/01/2014
[    0.000000] Hypervisor detected: KVM
[    0.000000] kvm-clock: Using msrs 4b564d01 and 4b564d00
[    0.000001] kvm-clock: using sched offset of 2405093045 cycles
[    0.000003] clocksource: kvm-clock: mask: 0xffffffffffffffff max_cycles: 0x1cd42e4dffb, max_idle_ns: 881590591483 ns
[    0.000007] tsc: Detected 2799.998 MHz processor
[    0.000902] last_pfn = 0x140000 max_arch_pfn = 0x400000000
[    0.001280] MTRR map: 4 entries (3 fixed + 1 variable; max 19), built from 8 variable MTRRs
[    0.001295] x86/PAT: Configuration [0-7]: WB  WC  UC- UC  WB  WP  UC- WT  
[    0.001772] last_pfn = 0xbffda max_arch_pfn = 0x400000000
[    0.001972] RAMDISK: [mem 0x7f71e000-0x7fffffff]
[    0.001975] ACPI: Early table checksum verification disabled
[    0.001982] ACPI: RSDP 0x00000000000F59A0 000014 (v00 BOCHS )
[    0.001986] ACPI: RSDT 0x00000000BFFE1975 000034 (v01 BOCHS  BXPC     00000001 BXPC 00000001)
[    0.001993] ACPI: FACP 0x00000000BFFE1821 000074 (v01 BOCHS  BXPC     00000001 BXPC 00000001)
[    0.002028] ACPI: DSDT 0x00000000BFFE0040 0017E1 (v01 BOCHS  BXPC     00000001 BXPC 00000001)
[    0.002032] ACPI: FACS 0x00000000BFFE0000 000040
[    0.002035] ACPI: APIC 0x00000000BFFE1895 000080 (v01 BOCHS  BXPC     00000001 BXPC 00000001)
[    0.002038] ACPI: HPET 0x00000000BFFE1915 000038 (v01 BOCHS  BXPC     00000001 BXPC 00000001)
[    0.002041] ACPI: WAET 0x00000000BFFE194D 000028 (v01 BOCHS  BXPC     00000001 BXPC 00000001)
[    0.002043] ACPI: Reserving FACP table memory at [mem 0xbffe1821-0xbffe1894]
[    0.002045] ACPI: Reserving DSDT table memory at [mem 0xbffe0040-0xbffe1820]
[    0.002046] ACPI: Reserving FACS table memory at [mem 0xbffe0000-0xbffe003f]
[    0.002046] ACPI: Reserving APIC table memory at [mem 0xbffe1895-0xbffe1914]
[    0.002047] ACPI: Reserving HPET table memory at [mem 0xbffe1915-0xbffe194c]
[    0.002047] ACPI: Reserving WAET table memory at [mem 0xbffe194d-0xbffe1974]
[    0.002452] Zone ranges:
[    0.002454]   DMA      [mem 0x0000000000001000-0x0000000000ffffff]
[    0.002456]   DMA32    [mem 0x0000000001000000-0x00000000ffffffff]
[    0.002457]   Normal   [mem 0x0000000100000000-0x000000013fffffff]
[    0.002459] Movable zone start for each node
[    0.002459] Early memory node ranges
[    0.002460]   node   0: [mem 0x0000000000001000-0x000000000009efff]
[    0.002461]   node   0: [mem 0x0000000000100000-0x00000000bffd9fff]
[    0.002462]   node   0: [mem 0x0000000100000000-0x000000013fffffff]
[    0.002463] Initmem setup node 0 [mem 0x0000000000001000-0x000000013fffffff]
[    0.002553] On node 0, zone DMA: 1 pages in unavailable ranges
[    0.003806] On node 0, zone DMA: 97 pages in unavailable ranges
[    0.335016] On node 0, zone Normal: 38 pages in unavailable ranges
[    0.338295] ACPI: PM-Timer IO Port: 0x608
[    0.338336] ACPI: LAPIC_NMI (acpi_id[0xff] dfl dfl lint[0x1])
[    0.338517] IOAPIC[0]: apic_id 0, version 17, address 0xfec00000, GSI 0-23
[    0.338522] ACPI: INT_SRC_OVR (bus 0 bus_irq 0 global_irq 2 dfl dfl)
[    0.338524] ACPI: INT_SRC_OVR (bus 0 bus_irq 5 global_irq 5 high level)
[    0.338525] ACPI: INT_SRC_OVR (bus 0 bus_irq 9 global_irq 9 high level)
[    0.338527] ACPI: INT_SRC_OVR (bus 0 bus_irq 10 global_irq 10 high level)
[    0.338528] ACPI: INT_SRC_OVR (bus 0 bus_irq 11 global_irq 11 high level)
[    0.338532] ACPI: Using ACPI (MADT) for SMP configuration information
[    0.338534] ACPI: HPET id: 0x8086a201 base: 0xfed00000
[    0.338566] smpboot: Allowing 2 CPUs, 0 hotplug CPUs
[    0.338620] kvm-guest: APIC: eoi() replaced with kvm_guest_apic_eoi_write()
[    0.338678] [mem 0xc0000000-0xfeffbfff] available for PCI devices
[    0.338680] Booting paravirtualized kernel on KVM
[    0.338681] clocksource: refined-jiffies: mask: 0xffffffff max_cycles: 0xffffffff, max_idle_ns: 19112604462750000 ns
[    0.342233] setup_percpu: NR_CPUS:256 nr_cpumask_bits:2 nr_cpu_ids:2 nr_node_ids:1
[    0.352580] percpu: Embedded 57 pages/cpu s195048 r8192 d30232 u1048576
[    0.352707] kvm-guest: PV spinlocks disabled, no host support
[    0.352709] Kernel command line: BOOT_IMAGE=vmlinuz-virt root=LABEL=/ modules=sd-mod,usb-storage,ext4 console=ttyS0,115200n8 initrd=initramfs-virt
[    0.352762] Unknown kernel command line parameters "BOOT_IMAGE=vmlinuz-virt modules=sd-mod,usb-storage,ext4", will be passed to user space.
[    0.373604] Dentry cache hash table entries: 524288 (order: 10, 4194304 bytes, linear)
[    0.390076] Inode-cache hash table entries: 262144 (order: 9, 2097152 bytes, linear)
[    0.390294] Built 1 zonelists, mobility grouping on.  Total pages: 1031898
[    0.402115] mem auto-init: stack:all(zero), heap alloc:on, heap free:off
[    0.402123] software IO TLB: area num 2.
[    0.773737] Memory: 4012160K/4193760K available (12288K kernel code, 1744K rwdata, 8008K rodata, 2640K init, 2300K bss, 181340K reserved, 0K cma-reserved)
[    0.779532] SLUB: HWalign=64, Order=0-3, MinObjects=0, CPUs=2, Nodes=1
[    0.779708] Kernel/User page tables isolation: enabled
[    0.782260] Dynamic Preempt: none
[    0.782474] rcu: Preemptible hierarchical RCU implementation.
[    0.782475] rcu: 	RCU restricting CPUs from NR_CPUS=256 to nr_cpu_ids=2.
[    0.782477] 	Trampoline variant of Tasks RCU enabled.
[    0.782485] 	Tracing variant of Tasks RCU enabled.
[    0.782486] rcu: RCU calculated value of scheduler-enlistment delay is 10 jiffies.
[    0.782487] rcu: Adjusting geometry for rcu_fanout_leaf=16, nr_cpu_ids=2
[    0.787087] NR_IRQS: 16640, nr_irqs: 440, preallocated irqs: 16
[    0.787641] rcu: srcu_init: Setting srcu_struct sizes based on contention.
[    0.787806] kfence: initialized - using 2097152 bytes for 255 objects at 0x(____ptrval____)-0x(____ptrval____)
[    0.812370] Console: colour VGA+ 80x25
[    0.812533] printk: console [ttyS0] enabled
[    1.136693] ACPI: Core revision 20230628
[    1.139484] clocksource: hpet: mask: 0xffffffff max_cycles: 0xffffffff, max_idle_ns: 19112604467 ns
[    1.144553] APIC: Switch to symmetric I/O mode setup
[    1.148615] x2apic enabled
[    1.151564] APIC: Switched APIC routing to: physical x2apic
[    1.160984] ..TIMER: vector=0x30 apic1=0 pin1=2 apic2=-1 pin2=-1
[    1.164220] clocksource: tsc-early: mask: 0xffffffffffffffff max_cycles: 0x285c3ee517e, max_idle_ns: 440795257231 ns
[    1.169669] Calibrating delay loop (skipped) preset value.. 5599.99 BogoMIPS (lpj=27999980)
[    1.180088] Last level iTLB entries: 4KB 0, 2MB 0, 4MB 0
[    1.182841] Last level dTLB entries: 4KB 0, 2MB 0, 4MB 0, 1GB 0
[    1.185916] Spectre V1 : Mitigation: usercopy/swapgs barriers and __user pointer sanitization
[    1.189668] Spectre V2 : Mitigation: Retpolines
[    1.192060] Spectre V2 : Spectre v2 / SpectreRSB mitigation: Filling RSB on context switch
[    1.196283] Spectre V2 : Spectre v2 / SpectreRSB : Filling RSB on VMEXIT
[    1.199667] Speculative Store Bypass: Vulnerable
[    1.202279] MDS: Vulnerable: Clear CPU buffers attempted, no microcode
[    1.205732] MMIO Stale Data: Unknown: No mitigations
[    1.208348] x86/fpu: x87 FPU will use FXSAVE
[    1.224611] Freeing SMP alternatives memory: 32K
[    1.227074] pid_max: default: 32768 minimum: 301
[    1.230073] LSM: initializing lsm=capability,landlock,lockdown,integrity
[    1.234347] landlock: Up and running.
[    1.236780] Mount-cache hash table entries: 8192 (order: 4, 65536 bytes, linear)
[    1.239995] Mountpoint-cache hash table entries: 8192 (order: 4, 65536 bytes, linear)
[    1.367532] smpboot: CPU0: Intel QEMU Virtual CPU version 2.5+ (family: 0xf, model: 0x6b, stepping: 0x1)
[    1.369664] RCU Tasks: Setting shift to 1 and lim to 1 rcu_task_cb_adjust=1.
[    1.369771] RCU Tasks Trace: Setting shift to 1 and lim to 1 rcu_task_cb_adjust=1.
[    1.373857] Performance Events: unsupported Netburst CPU model 107 no PMU driver, software events only.
[    1.378872] signal: max sigframe size: 1440
[    1.379955] rcu: Hierarchical SRCU implementation.
[    1.382522] rcu: 	Max phase no-delay instances is 1000.
[    1.386071] NMI watchdog: Perf NMI watchdog permanently disabled
[    1.389913] smp: Bringing up secondary CPUs ...
[    1.393441] smpboot: x86: Booting SMP configuration:
[    1.396045] .... node  #0, CPUs:      #1
[    1.411669] smp: Brought up 1 node, 2 CPUs
[    1.414012] smpboot: Max logical packages: 1
[    1.416244] ----------------
[    1.419670] | NMI testsuite:
[    1.421190] --------------------
[    1.422927]   remote IPI:  ok  |
[    1.424702]    local IPI:  ok  |
[    1.426452] --------------------
[    1.428171] Good, all   2 testcases passed! |
[    1.429672] ---------------------------------
[    1.431963] smpboot: Total of 2 processors activated (11199.99 BogoMIPS)
[    1.437044] devtmpfs: initialized
[    1.439773] x86/mm: Memory block size: 128MB
[    1.443221] clocksource: jiffies: mask: 0xffffffff max_cycles: 0xffffffff, max_idle_ns: 19112604462750000 ns
[    1.449842] futex hash table entries: 512 (order: 3, 32768 bytes, linear)
[    1.463359] NET: Registered PF_NETLINK/PF_ROUTE protocol family
[    1.466725] audit: initializing netlink subsys (disabled)
[    1.469814] audit: type=2000 audit(1772767276.970:1): state=initialized audit_enabled=0 res=1
[    1.469838] thermal_sys: Registered thermal governor 'step_wise'
[    1.474226] cpuidle: using governor ladder
[    1.481849] cpuidle: using governor menu
[    1.484149] acpiphp: ACPI Hot Plug PCI Controller Driver version: 0.5
[    1.490587] PCI: Using configuration type 1 for base access
[    1.493743] kprobes: kprobe jump-optimization is enabled. All kprobes are optimized if possible.
[    1.501950] HugeTLB: registered 2.00 MiB page size, pre-allocated 0 pages
[    1.503317] HugeTLB: 28 KiB vmemmap can be freed for a 2.00 MiB page
[    1.510036] ACPI: Added _OSI(Module Device)
[    1.512258] ACPI: Added _OSI(Processor Device)
[    1.514590] ACPI: Added _OSI(3.0 _SCP Extensions)
[    1.519669] ACPI: Added _OSI(Processor Aggregator Device)
[    1.523081] ACPI: 1 ACPI AML tables successfully acquired and loaded
[    1.528112] ACPI: _OSC evaluation for CPUs failed, trying _PDC
[    1.529735] ACPI: Interpreter enabled
[    1.531700] ACPI: PM: (supports S0 S3 S5)
[    1.533796] ACPI: Using IOAPIC for interrupt routing
[    1.536411] PCI: Using host bridge windows from ACPI; if necessary, use "pci=nocrs" and report a bug
[    1.539667] PCI: Using E820 reservations for host bridge windows
[    1.542909] ACPI: Enabled 2 GPEs in block 00 to 0F
[    1.552522] ACPI: PCI Root Bridge [PCI0] (domain 0000 [bus 00-ff])
[    1.555751] acpi PNP0A03:00: _OSC: OS supports [ASPM ClockPM Segments MSI HPX-Type3]
[    1.559667] acpi PNP0A03:00: _OSC: not requesting OS control; OS requires [ExtendedConfig ASPM ClockPM MSI]
[    1.564705] acpi PNP0A03:00: fail to add MMCONFIG information, can't access extended configuration space under this bridge
[    1.570181] acpiphp: Slot [3] registered
[    1.572310] acpiphp: Slot [4] registered
[    1.574473] acpiphp: Slot [5] registered
[    1.576594] acpiphp: Slot [6] registered
[    1.579728] acpiphp: Slot [7] registered
[    1.581931] acpiphp: Slot [8] registered
[    1.584095] acpiphp: Slot [9] registered
[    1.586233] acpiphp: Slot [10] registered
[    1.588413] acpiphp: Slot [11] registered
[    1.589727] acpiphp: Slot [12] registered
[    1.603562] acpiphp: Slot [13] registered
[    1.606037] acpiphp: Slot [14] registered
[    1.609745] acpiphp: Slot [15] registered
[    1.611957] acpiphp: Slot [16] registered
[    1.614152] acpiphp: Slot [17] registered
[    1.616439] acpiphp: Slot [18] registered
[    1.619750] acpiphp: Slot [19] registered
[    1.622051] acpiphp: Slot [20] registered
[    1.624307] acpiphp: Slot [21] registered
[    1.626699] acpiphp: Slot [22] registered
[    1.629044] acpiphp: Slot [23] registered
[    1.629761] acpiphp: Slot [24] registered
[    1.631929] acpiphp: Slot [25] registered
[    1.634119] acpiphp: Slot [26] registered
[    1.636280] acpiphp: Slot [27] registered
[    1.639717] acpiphp: Slot [28] registered
[    1.641936] acpiphp: Slot [29] registered
[    1.644120] acpiphp: Slot [30] registered
[    1.646324] acpiphp: Slot [31] registered
[    1.648701] PCI host bridge to bus 0000:00
[    1.649794] pci_bus 0000:00: root bus resource [io  0x0000-0x0cf7 window]
[    1.653473] pci_bus 0000:00: root bus resource [io  0x0d00-0xffff window]
[    1.663290] pci_bus 0000:00: root bus resource [mem 0x000a0000-0x000bffff window]
[    1.667336] pci_bus 0000:00: root bus resource [mem 0xc0000000-0xfebfffff window]
[    1.669669] pci_bus 0000:00: root bus resource [mem 0x140000000-0x1bfffffff window]
[    1.673982] pci_bus 0000:00: root bus resource [bus 00-ff]
[    1.677642] pci 0000:00:00.0: [8086:1237] type 00 class 0x060000
[    1.693398] pci 0000:00:01.0: [8086:7000] type 00 class 0x060100
[    1.701378] pci 0000:00:01.1: [8086:7010] type 00 class 0x010180
[    1.708369] pci 0000:00:01.1: reg 0x20: [io  0xc160-0xc16f]
[    1.711182] pci 0000:00:01.1: legacy IDE quirk: reg 0x10: [io  0x01f0-0x01f7]
[    1.715408] pci 0000:00:01.1: legacy IDE quirk: reg 0x14: [io  0x03f6]
[    1.719670] pci 0000:00:01.1: legacy IDE quirk: reg 0x18: [io  0x0170-0x0177]
[    1.723553] pci 0000:00:01.1: legacy IDE quirk: reg 0x1c: [io  0x0376]
[    1.727866] pci 0000:00:01.3: [8086:7113] type 00 class 0x068000
[    1.732193] pci 0000:00:01.3: quirk: [io  0x0600-0x063f] claimed by PIIX4 ACPI
[    1.735995] pci 0000:00:01.3: quirk: [io  0x0700-0x070f] claimed by PIIX4 SMB
[    1.740665] pci 0000:00:02.0: [1234:1111] type 00 class 0x030000
[    1.751443] pci 0000:00:02.0: reg 0x10: [mem 0xfd000000-0xfdffffff pref]
[    1.764806] pci 0000:00:02.0: reg 0x18: [mem 0xfeb90000-0xfeb90fff]
[    1.790882] pci 0000:00:02.0: reg 0x30: [mem 0xfeb80000-0xfeb8ffff pref]
[    1.796813] pci 0000:00:02.0: Video device with shadowed ROM at [mem 0x000c0000-0x000dffff]
[    1.806528] pci 0000:00:03.0: [1af4:1000] type 00 class 0x020000
[    1.811013] pci 0000:00:03.0: reg 0x10: [io  0xc140-0xc15f]
[    1.815050] pci 0000:00:03.0: reg 0x14: [mem 0xfeb91000-0xfeb91fff]
[    1.823513] pci 0000:00:03.0: reg 0x20: [mem 0xfe000000-0xfe003fff 64bit pref]
[    1.830673] pci 0000:00:03.0: reg 0x30: [mem 0xfeb00000-0xfeb7ffff pref]
[    1.840688] pci 0000:00:04.0: [1af4:1009] type 00 class 0x000200
[    1.845108] pci 0000:00:04.0: reg 0x10: [io  0xc100-0xc13f]
[    1.849003] pci 0000:00:04.0: reg 0x14: [mem 0xfeb92000-0xfeb92fff]
[    1.852791] pci 0000:00:04.0: reg 0x20: [mem 0xfe004000-0xfe007fff 64bit pref]
[    1.864727] pci 0000:00:05.0: [1af4:1001] type 00 class 0x010000
[    1.869673] pci 0000:00:05.0: reg 0x10: [io  0xc000-0xc07f]
[    1.874414] pci 0000:00:05.0: reg 0x14: [mem 0xfeb93000-0xfeb93fff]
[    1.882352] pci 0000:00:05.0: reg 0x20: [mem 0xfe008000-0xfe00bfff 64bit pref]
[    1.891735] pci 0000:00:06.0: [1af4:1001] type 00 class 0x010000
[    1.896911] pci 0000:00:06.0: reg 0x10: [io  0xc080-0xc0ff]
[    1.900925] pci 0000:00:06.0: reg 0x14: [mem 0xfeb94000-0xfeb94fff]
[    1.908460] pci 0000:00:06.0: reg 0x20: [mem 0xfe00c000-0xfe00ffff 64bit pref]
[    1.920901] ACPI: PCI: Interrupt link LNKA configured for IRQ 10
[    1.924353] ACPI: PCI: Interrupt link LNKB configured for IRQ 10
[    1.927742] ACPI: PCI: Interrupt link LNKC configured for IRQ 11
[    1.929913] ACPI: PCI: Interrupt link LNKD configured for IRQ 11
[    1.933189] ACPI: PCI: Interrupt link LNKS configured for IRQ 9
[    1.940526] iommu: Default domain type: Translated
[    1.943102] iommu: DMA domain TLB invalidation policy: lazy mode
[    1.948839] SCSI subsystem initialized
[    1.951723] pps_core: LinuxPPS API ver. 1 registered
[    1.953372] pps_core: Software ver. 5.3.6 - Copyright 2005-2007 Rodolfo Giometti <giometti@linux.it>
[    1.959722] PTP clock support registered
[    1.969746] PCI: Using ACPI for IRQ routing
[    1.973425] hpet: 3 channels of 0 reserved for per-cpu timers
[    1.980001] clocksource: Switched to clocksource kvm-clock
[    2.000021] VFS: Disk quotas dquot_6.6.0
[    2.002323] VFS: Dquot-cache hash table entries: 512 (order 0, 4096 bytes)
[    2.006497] pnp: PnP ACPI init
[    2.009126] pnp: PnP ACPI: found 6 devices
[    2.028184] clocksource: acpi_pm: mask: 0xffffff max_cycles: 0xffffff, max_idle_ns: 2085701024 ns
[    2.033269] NET: Registered PF_INET protocol family
[    2.038681] IP idents hash table entries: 65536 (order: 7, 524288 bytes, linear)
[    2.045135] tcp_listen_portaddr_hash hash table entries: 2048 (order: 3, 32768 bytes, linear)
[    2.050819] Table-perturb hash table entries: 65536 (order: 6, 262144 bytes, linear)
[    2.056132] TCP established hash table entries: 32768 (order: 6, 262144 bytes, linear)
[    2.065383] TCP bind hash table entries: 32768 (order: 8, 1048576 bytes, linear)
[    2.069342] TCP: Hash tables configured (established 32768 bind 32768)
[    2.074150] UDP hash table entries: 2048 (order: 4, 65536 bytes, linear)
[    2.077954] UDP-Lite hash table entries: 2048 (order: 4, 65536 bytes, linear)
[    2.082098] NET: Registered PF_UNIX/PF_LOCAL protocol family
[    2.085302] NET: Registered PF_XDP protocol family
[    2.087941] pci_bus 0000:00: resource 4 [io  0x0000-0x0cf7 window]
[    2.091130] pci_bus 0000:00: resource 5 [io  0x0d00-0xffff window]
[    2.094400] pci_bus 0000:00: resource 6 [mem 0x000a0000-0x000bffff window]
[    2.097958] pci_bus 0000:00: resource 7 [mem 0xc0000000-0xfebfffff window]
[    2.101495] pci_bus 0000:00: resource 8 [mem 0x140000000-0x1bfffffff window]
[    2.105371] pci 0000:00:01.0: PIIX3: Enabling Passive Release
[    2.108479] pci 0000:00:00.0: Limiting direct PCI/PCI transfers
[    2.111974] PCI: CLS 0 bytes, default 64
[    2.114252] PCI-DMA: Using software bounce buffering for IO (SWIOTLB)
[    2.115359] Unpacking initramfs...
[    2.117589] software IO TLB: mapped [mem 0x00000000bbfda000-0x00000000bffda000] (64MB)
[    2.123952] clocksource: tsc: mask: 0xffffffffffffffff max_cycles: 0x285c3ee517e, max_idle_ns: 440795257231 ns
[    2.130356] Initialise system trusted keyrings
[    2.133746] workingset: timestamp_bits=46 max_order=20 bucket_order=0
[    2.137242] zbud: loaded
[    2.139268] Key type asymmetric registered
[    2.141472] Asymmetric key parser 'x509' registered
[    2.144398] Block layer SCSI generic (bsg) driver version 0.4 loaded (major 247)
[    2.149153] io scheduler mq-deadline registered
[    2.151563] io scheduler kyber registered
[    2.153946] io scheduler bfq registered
[    2.157382] ERST DBG: ERST support is disabled.
[    2.172244] ACPI: \_SB_.LNKC: Enabled at IRQ 11
[    2.190666] ACPI: \_SB_.LNKD: Enabled at IRQ 10
[    2.208806] ACPI: \_SB_.LNKA: Enabled at IRQ 10
[    2.227142] ACPI: \_SB_.LNKB: Enabled at IRQ 11
[    2.235159] Serial: 8250/16550 driver, 4 ports, IRQ sharing enabled
[    2.240258] 00:04: ttyS0 at I/O 0x3f8 (irq = 4, base_baud = 115200) is a 16550A
[    2.249805] VMware PVSCSI driver - version 1.0.7.0-k
[    2.258543] scsi host0: ata_piix
[    2.262247] scsi host1: ata_piix
[    2.264770] ata1: PATA max MWDMA2 cmd 0x1f0 ctl 0x3f6 bmdma 0xc160 irq 14
[    2.269117] ata2: PATA max MWDMA2 cmd 0x170 ctl 0x376 bmdma 0xc168 irq 15
[    2.274600] i8042: PNP: PS/2 Controller [PNP0303:KBD,PNP0f13:MOU] at 0x60,0x64 irq 1,12
[    2.284114] serio: i8042 KBD port at 0x60,0x64 irq 1
[    2.287368] serio: i8042 AUX port at 0x60,0x64 irq 12
[    2.290977] rtc_cmos 00:05: RTC can wake from S4
[    2.298050] input: AT Translated Set 2 keyboard as /devices/platform/i8042/serio0/input/input0
[    2.303362] rtc_cmos 00:05: registered as rtc0
[    2.306363] rtc_cmos 00:05: setting system clock to 2026-03-06T03:21:17 UTC (1772767277)
[    2.311145] rtc_cmos 00:05: alarms up to one day, y3k, 242 bytes nvram, hpet irqs
[    2.315444] intel_pstate: CPU model not supported
[    2.318434] gre: GRE over IPv4 demultiplexor driver
[    2.367396] Key type dns_resolver registered
[    2.370011] IPI shorthand broadcast: enabled
[    2.374442] sched_clock: Marking stable (2020316895, 352002444)->(2376998013, -4678674)
[    2.391133] registered taskstats version 1
[    2.393772] Loading compiled-in X.509 certificates
[    2.443751] ata2: found unknown device (class 0)
[    2.449770] ata2.00: ATAPI: QEMU DVD-ROM, 2.5+, max UDMA/100
[    2.457349] Freeing initrd memory: 9096K
[    2.460483] scsi 1:0:0:0: CD-ROM            QEMU     QEMU DVD-ROM     2.5+ PQ: 0 ANSI: 5
[    2.482093] Loaded X.509 cert 'alpinelinux.org: Alpine Linux kernel key: d76a695f66ad9cd28f5c22a8508f36e91f521f7a'
[    2.490663] Key type .fscrypt registered
[    2.492841] Key type fscrypt-provisioning registered
[    2.526010] Freeing unused kernel image (initmem) memory: 2640K
[    2.582199] Write protecting the kernel read-only data: 20480k
[    2.585215] Freeing unused kernel image (rodata/data gap) memory: 184K
[    2.587356] rodata_test: all tests were successful
[    2.588921] Run /init as init process
[    2.606445] Alpine Init 3.9.0-r0
Alpine Init 3.9.0-r0
[    2.608675] Loading boot drivers...
 * Loading boot drivers: [    2.636962] ACPI: bus type USB registered
[    2.638436] usbcore: registered new interface driver usbfs
[    2.640207] usbcore: registered new interface driver hub
[    2.641987] usbcore: registered new device driver usb
[    2.646909] usbcore: registered new interface driver usb-storage
[    2.836000] loop: module loaded
[    2.878156] ACPI: bus type drm_connector registered
[    2.913111] Loading boot drivers: ok.
ok.
[    2.916620] Mounting root...
 * Mounting root: [    2.961431] piix4_smbus 0000:00:01.3: SMBus Host Controller at 0x700, revision 0
[    2.985998] [drm] Found bochs VGA, ID 0xb0c5.
[    2.987457] [drm] Framebuffer size 16384 kB @ 0xfd000000, mmio @ 0xfeb90000.
[    2.996099] [drm] Found EDID data blob.
[    2.997724] [drm] Initialized bochs-drm 1.0.0 20130925 for 0000:00:02.0 on minor 0
[    3.035607] Console: switching to colour frame buffer device 128x48
[    3.038220] bochs-drm 0000:00:02.0: [drm] fb0: bochs-drmdrmfb frame buffer device
[    3.204970] sr 1:0:0:0: [sr0] scsi3-mmc drive: 4x/4x cd/rw xa/form2 tray
[    3.207125] cdrom: Uniform CD-ROM driver Revision: 3.20
[    3.299706] virtio_blk virtio2: 2/0/0 default/read/poll queues
[    3.305208] virtio_blk virtio2: [vda] 8388608 512-byte logical blocks (4.29 GB/4.00 GiB)
[    3.314384] virtio_blk virtio3: 2/0/0 default/read/poll queues
[    3.319199] virtio_blk virtio3: [vdb] 736 512-byte logical blocks (377 kB/368 KiB)
[    3.398532] block sr0: the capability attribute has been deprecated.
[    6.579408] EXT4-fs (vda): mounted filesystem 367ceb5a-a72a-4cc6-9140-e18812d3c81b ro with ordered data mode. Quota mode: none.
[    6.583277] Mounting root: ok.
ok.

   OpenRC 0.52.1 is starting up Linux 6.6.4-1-virt (x86_64)

 * /proc is already mounted
 * Mounting /run ... [ ok ]
 * /run/openrc: creating directory
 * /run/lock: creating directory
 * /run/lock: correcting owner
 * Caching service dependencies ... [ ok ]
 * Remounting devtmpfs on /dev ... [ ok ]
 * Mounting /dev/mqueue ... [ ok ]
 * Mounting security filesystem ... [ ok ]
 * Mounting debug filesystem ... [ ok ]
 * Mounting persistent storage (pstore) filesystem ... [ ok ]
 * Starting busybox mdev ... [ ok ]
 * Scanning hardware for mdev ... [ ok ]
 * Loading hardware drivers ... [ ok ]
 * Loading modules ... [ ok ]
 * Setting system clock using the hardware clock [UTC] ... [ ok ]
 * Checking local filesystems  .../: clean, 8723/65536 files, 158031/262144 blocks
 [ ok ]
 * Remounting root filesystem read/write ... [ ok ]
 * Remounting filesystems ... [ ok ]
 * Activating swap devices ... [ ok ]
 * Mounting local filesystems ... [ ok ]
 * Starting busybox acpid ... [ ok ]
 * Configuring kernel parameters ... [ ok ]
 * Migrating /var/lock to /run/lock ... [ ok ]
 * Creating user login records ... [ ok ]
 * Cleaning /tmp directory ... [ ok ]
Cloud-init v. 23.4 running 'init-local' at Fri, 06 Mar 2026 03:21:26 +0000. Up 11.01 seconds.
 [ ok ]
 * Setting hostname ... [ ok ]
 * Starting busybox syslog ... [ ok ]
 * Mounting cgroup filesystem ... [ ok ]
 * Starting networking ... *   lo ... [ ok ]
 *   eth0 ... [ ok ]
 * /var/log/docker.log: creating file
 * /var/log/docker.log: correcting owner
 * Starting Docker Daemon ... [ ok ]
 * Starting benchmark agent ...
[1A[2Ka257f20c716c: Loading layer  557.1kB/81.04MB[1B[1A[2Ka257f20c716c: Loading layer  5.014MB/81.04MB[1B[1A[2Ka257f20c716c: Loading layer  8.913MB/81.04MB[1B[1A[2Ka257f20c716c: Loading layer  13.93MB/81.04MB[1B[1A[2Ka257f20c716c: Loading layer  18.38MB/81.04MB[1B[1A[2Ka257f20c716c: Loading layer  22.84MB/81.04MB[1B[1A[2Ka257f20c716c: Loading layer  26.74MB/81.04MB[1B[1A[2Ka257f20c716c: Loading layer  30.08MB/81.04MB[1B[1A[2Ka257f20c716c: Loading layer  34.54MB/81.04MB[1B[1A[2Ka257f20c716c: Loading layer  39.55MB/81.04MB[1B[1A[2Ka257f20c716c: Loading layer  45.68MB/81.04MB[1B[1A[2Ka257f20c716c: Loading layer  51.81MB/81.04MB[1B[1A[2Ka257f20c716c: Loading layer  57.93MB/81.04MB[1B[1A[2Ka257f20c716c: Loading layer   63.5MB/81.04MB[1B[1A[2Ka257f20c716c: Loading layer  66.29MB/81.04MB[1B[1A[2Ka257f20c716c: Loading layer   67.4MB/81.04MB[1B[1A[2Ka257f20c716c: Loading layer   71.3MB/81.04MB[1B[1A[2Ka257f20c716c: Loading layer  73.53MB/81.04MB[1B[1A[2Ka257f20c716c: Loading layer   75.2MB/81.04MB[1B[1A[2Ka257f20c716c: Loading layer  75.76MB/81.04MB[1B[1A[2Ka257f20c716c: Loading layer  76.87MB/81.04MB[1B[1A[2Ka257f20c716c: Loading layer   79.1MB/81.04MB[1B[1A[2Ka257f20c716c: Loading layer  81.04MB/81.04MB[1B
[1A[2Kb0c20bcd44fe: Loading layer  65.54kB/4.123MB[1B[1A[2Kb0c20bcd44fe: Loading layer  1.835MB/4.123MB[1B[1A[2Kb0c20bcd44fe: Loading layer  4.123MB/4.123MB[1B[1A[2Kb0c20bcd44fe: Loading layer  4.123MB/4.123MB[1B
[1A[2K5184c31ad48f: Loading layer  458.8kB/43.85MB[1B[1A[2K5184c31ad48f: Loading layer  2.294MB/43.85MB[1B[1A[2K5184c31ad48f: Loading layer  8.258MB/43.85MB[1B[1A[2K5184c31ad48f: Loading layer  10.09MB/43.85MB[1B[1A[2K5184c31ad48f: Loading layer  12.85MB/43.85MB[1B[1A[2K5184c31ad48f: Loading layer  17.43MB/43.85MB[1B[1A[2K5184c31ad48f: Loading layer   21.1MB/43.85MB[1B[1A[2K5184c31ad48f: Loading layer  24.31MB/43.85MB[1B[1A[2K5184c31ad48f: Loading layer  27.53MB/43.85MB[1B[1A[2K5184c31ad48f: Loading layer  30.74MB/43.85MB[1B[1A[2K5184c31ad48f: Loading layer  33.03MB/43.85MB[1B[1A[2K5184c31ad48f: Loading layer  34.41MB/43.85MB[1B[1A[2K5184c31ad48f: Loading layer  35.32MB/43.85MB[1B[1A[2K5184c31ad48f: Loading layer  37.16MB/43.85MB[1B[1A[2K5184c31ad48f: Loading layer  39.91MB/43.85MB[1B[1A[2K5184c31ad48f: Loading layer  43.58MB/43.85MB[1B[1A[2K5184c31ad48f: Loading layer  43.85MB/43.85MB[1B
[1A[2Kfa1d322086e6: Loading layer   5.12kB/5.12kB[1B[1A[2Kfa1d322086e6: Loading layer   5.12kB/5.12kB[1B
[1A[2Kbdf610394df6: Loading layer  22.02kB/22.02kB[1B[1A[2Kbdf610394df6: Loading layer  22.02kB/22.02kB[1B
[1A[2K9258f4176a00: Loading layer  10.75kB/10.75kB[1B[1A[2K9258f4176a00: Loading layer  10.75kB/10.75kB[1BLoaded image: bench-worker:latest
 [ ok ]
 * Starting chronyd ... [ ok ]
 * Starting cloud-init-hotplugd ... [ ok ]
Cloud-init v. 23.4 running 'init' at Fri, 06 Mar 2026 03:21:50 +0000. Up 34.51 seconds.
ci-info: +++++++++++++++++++++++++++++++++++++++Net device info+++++++++++++++++++++++++++++++++++++++
ci-info: +---------+-------+----------------------------+---------------+--------+-------------------+
ci-info: |  Device |   Up  |          Address           |      Mask     | Scope  |     Hw-Address    |
ci-info: +---------+-------+----------------------------+---------------+--------+-------------------+
ci-info: | docker0 | False |         172.17.0.1         |  255.255.0.0  | global | 02:42:25:6f:5f:73 |
ci-info: |   eth0  |  True |         10.0.2.15          | 255.255.255.0 | global | 52:54:00:12:34:56 |
ci-info: |   eth0  |  True | fec0::5054:ff:fe12:3456/64 |       .       |  site  | 52:54:00:12:34:56 |
ci-info: |   eth0  |  True | fe80::5054:ff:fe12:3456/64 |       .       |  link  | 52:54:00:12:34:56 |
ci-info: |    lo   |  True |         127.0.0.1          |   255.0.0.0   |  host  |         .         |
ci-info: |    lo   |  True |          ::1/128           |       .       |  host  |         .         |
ci-info: +---------+-------+----------------------------+---------------+--------+-------------------+
ci-info: +++++++++++++++++++++++++++Route IPv4 info++++++++++++++++++++++++++++
ci-info: +-------+-------------+----------+---------------+-----------+-------+
ci-info: | Route | Destination | Gateway  |    Genmask    | Interface | Flags |
ci-info: +-------+-------------+----------+---------------+-----------+-------+
ci-info: |   0   |   0.0.0.0   | 10.0.2.2 |    0.0.0.0    |    eth0   |   UG  |
ci-info: |   1   |   10.0.2.0  | 0.0.0.0  | 255.255.255.0 |    eth0   |   U   |
ci-info: |   2   |  172.17.0.0 | 0.0.0.0  |  255.255.0.0  |  docker0  |   U   |
ci-info: +-------+-------------+----------+---------------+-----------+-------+
ci-info: +++++++++++++++++++Route IPv6 info+++++++++++++++++++
ci-info: +-------+-------------+---------+-----------+-------+
ci-info: | Route | Destination | Gateway | Interface | Flags |
ci-info: +-------+-------------+---------+-----------+-------+
ci-info: |   0   |  fe80::/64  |    ::   |    eth0   |   U   |
ci-info: |   1   |  fec0::/64  |    ::   |    eth0   |   Ue  |
ci-info: |   2   |     ::/0    | fe80::2 |    eth0   |  UGe  |
ci-info: |   4   |    local    |    ::   |    eth0   |   U   |
ci-info: |   5   |    local    |    ::   |    eth0   |   U   |
ci-info: |   6   |  multicast  |    ::   |    eth0   |   U   |
ci-info: +-------+-------------+---------+-----------+-------+
2026-03-06 03:21:50,180 - cloud_config.py[WARNING]: Failed at merging in cloud config part from part-001: empty cloud config
Generating public/private rsa key pair.
Your identification has been saved in /etc/ssh/ssh_host_rsa_key
Your public key has been saved in /etc/ssh/ssh_host_rsa_key.pub
The key fingerprint is:
SHA256:L+T7cerS1inMe2o2y8WvW6X9bWqAQzCVjC90QzN9TfY root@agent-4
The key's randomart image is:
+---[RSA 3072]----+
|         ==o   oo|
|        = =o. ..o|
|       . = . .  E|
|        . o      |
|        So .    .|
|       o .o..  + |
|        o+oo+oo .|
|        .+X=+o. +|
|        .BOBo+ooo|
+----[SHA256]-----+
Generating public/private dsa key pair.
Your identification has been saved in /etc/ssh/ssh_host_dsa_key
Your public key has been saved in /etc/ssh/ssh_host_dsa_key.pub
The key fingerprint is:
SHA256:Ax/Z8TgAnsuibdvI2KHxMa9Ifwn6cg4Q6IBx5FyadxM root@agent-4
The key's randomart image is:
+---[DSA 1024]----+
|..o . E.. .      |
|o= + . o + +     |
|= = . * o + .    |
|o. . o = . .     |
|..  . o S        |
| . o..   .       |
|  =.*. .         |
| .o%.Oo          |
|  +=@oo          |
+----[SHA256]-----+
Generating public/private ecdsa key pair.
Your identification has been saved in /etc/ssh/ssh_host_ecdsa_key
Your public key has been saved in /etc/ssh/ssh_host_ecdsa_key.pub
The key fingerprint is:
SHA256:ezBObmD0SPE/acqZFCkqJZSScaj4S1PG/4BsOGaovVQ root@agent-4
The key's randomart image is:
+---[ECDSA 256]---+
|.+o.  .          |
|+o.    o .       |
|o.... + +        |
|o  o++ + o .     |
| o.=Eo+ S =      |
|. Oo+.oB O .     |
|.=.=   oX .      |
|..o    ...       |
|  ..             |
+----[SHA256]-----+
Generating public/private ed25519 key pair.
Your identification has been saved in /etc/ssh/ssh_host_ed25519_key
Your public key has been saved in /etc/ssh/ssh_host_ed25519_key.pub
The key fingerprint is:
SHA256:loHBbGQEaEKmMCoJ6Mdc0HqhznJHVmF5MVEtxpEIfqQ root@agent-4
The key's randomart image is:
+--[ED25519 256]--+
|*o o+*=++=*o+    |
|Ooo  =*=oo.= .   |
|*oo +.+Eo.. .    |
|.. * +  .o       |
|  + +   S        |
| . + . .         |
|  o .            |
|                 |
|                 |
+----[SHA256]-----+
 [ ok ]
Cloud-init v. 23.4 running 'modules:config' at Fri, 06 Mar 2026 03:21:51 +0000. Up 35.85 seconds.
 [ ok ]
Cloud-init v. 23.4 running 'modules:final' at Fri, 06 Mar 2026 03:21:51 +0000. Up 36.36 seconds.
ci-info: no authorized SSH keys fingerprints found for user alpine.
cloud-init: #############################################################
cloud-init: -----BEGIN SSH HOST KEY FINGERPRINTS-----
cloud-init: 1024 SHA256:Ax/Z8TgAnsuibdvI2KHxMa9Ifwn6cg4Q6IBx5FyadxM root@agent-4 (DSA)
cloud-init: 256 SHA256:ezBObmD0SPE/acqZFCkqJZSScaj4S1PG/4BsOGaovVQ root@agent-4 (ECDSA)
cloud-init: 256 SHA256:loHBbGQEaEKmMCoJ6Mdc0HqhznJHVmF5MVEtxpEIfqQ root@agent-4 (ED25519)
cloud-init: 3072 SHA256:L+T7cerS1inMe2o2y8WvW6X9bWqAQzCVjC90QzN9TfY root@agent-4 (RSA)
cloud-init: -----END SSH HOST KEY FINGERPRINTS-----
cloud-init: #############################################################
-----BEGIN SSH HOST KEY KEYS-----
ecdsa-sha2-nistp256 AAAAE2VjZHNhLXNoYTItbmlzdHAyNTYAAAAIbmlzdHAyNTYAAABBBDlfUkES3U3GpBL4LWnizoPlOCa81g7EHuxAFqJw5YA9xZOQuG97F5GDwGINplVHYM5YkV7sM658zlYlxQ0mGZI= root@agent-4
ssh-ed25519 AAAAC3NzaC1lZDI1NTE5AAAAIMpRY/ZGR2UgPU6vlz9M7yAn6/CTBG3bGRFh62kqpO8B root@agent-4
ssh-rsa AAAAB3NzaC1yc2EAAAADAQABAAABgQCr1J8qJAvx1BV+Gk0E1zgDEprSHL/DaQknKUSF71CSzhGeAvAmm7qmcc60Z8Exvn2+78+TE3VZ3V5g2MGPOf4QvqNOIPdSOc3z0dG/WROy8aXC3jRwWCMOZrjL0qirZoeh4yyLXKl/KO7HljCZriwO0QXXPxxJ9Rom5Rv2gle8CGE3c1BBYLJQttAzUGTsbc4GVb34BYJFJ5VHKFopRy59I6OZ+W2JKHIL6tuTGY24O8bpSkqbCQZ0sNuyI7VlZTXseDh9O0W5hsrg/4ygYUjDa6hGAR5svfhy7igbwLG8Ydxp+CY5THDYGHsGqwUSu2eOMNwtzzlTgUFRnI96W1GycBqLaW82yDdW8CBE3Xli88yCRqqdhKoY18q7/I+Kit0ZG/hG6ER9Ahr9hNo4YiO4vbU+NtAHMXo4mSLZBzuJF9XVgXLUGFiFwai++bt/cTHbZJ7S2aHzbFfd45RnS//+FkLQm7X/aNzLKF7+gR5o0aMVzeAVp/Mi83WU+0/0J88= root@agent-4
-----END SSH HOST KEY KEYS-----
Cloud-init v. 23.4 finished at Fri, 06 Mar 2026 03:21:52 +0000. Datasource DataSourceNoCloud [seed=/dev/vdb][dsmode=net].  Up 36.55 seconds
 [ ok ]

Welcome to Alpine Linux 3.19
Kernel 6.6.4-1-virt on an x86_64 (/dev/ttyS0)

agent-4 login: 