c[?7l[2J[0mSeaBIOS (version 1.15.0-1)


iPXE (https://ipxe.org) 00:03.0 CA00 PCI2.10 PnP PMM+BFF8B380+BFECB380 CA00
Press Ctrl-B to configure iPXE (PCI 00:03.0)...                                                                               


Booting from Hard Disk...

SYSLINUX 6.04 EDD 6.04-pre1 Copyright (C) 1994-2015 H. Peter Anvin et al

SYSLINUX 6.04 6.04-pre1 Copyright (C) 1994-2015 H. Peter Anvin et al
[2Je%@)0(B[0;37;40m[?25l[2J[23;16HAlpine will be booted automatically in [0;1m1[0m seconds[23;16H[.0;37;40mAlpine will be booted automatically in [0;1;37;40m1[0;37;40m seconds.[23;16H                                                 [23;16H[0;37;40m                                                  [?25h[24;1H[0m 
Loading vmlinuz-virt...Loading vmlinuz-virt...  ook
k
Loading initramfs-virt..Loading initramfs-virt....ookk

c[?7l[2J[    0.000000] Linux version 6.6.4-1-virt (buildozer@build-3-19-x86_64) (gcc (Alpine 13.2.1_git20231014) 13.2.1 20231014, GNU ld (GNU Binutils) 2.41) #2-Alpine SMP PREEMPT_DYNAMIC Tue, 05 Dec 2023 20:25:50 +0000
[    0.000000] Command line: BOOT_IMAGE=vmlinuz-virt root=LABEL=/ modules=sd-mod,usb-storage,ext4 console=ttyS0,115200n8 initrd=initramfs-virt
[    0.000000] BIOS-provided physical RAM map:
[    0.000000] BIOS-e820: [mem 0x0000000000000000-0x000000000009fbff] usable
[    0.000000] BIOS-e820: [mem 0x000000000009fc00-0x000000000009ffff] reserved
[    0.000000] BIOS-e820: [mem 0x00000000000f0000-0x00000000000fffff] reserved
[    0.000000] BIOS-e820: [mem 0x0000000000100000-0x00000000bffd9fff] usable
[    0.000000] BIOS-e820: [mem 0x00000000bffda000-0x00000000bfffffff] reserved
[    0.000000] BIOS-e820: [mem 0x00000000feffc000-0x00000000feffffff] reserved
[    0.000000] BIOS-e820: [mem 0x00000000fffc0000-0x00000000ffffffff] reserved
[    0.000000] BIOS-e820: [mem 0x0000000100000000-0x000000013fffffff] usable
[    0.000000] NX (Execute Disable) protection: active
[    0.000000] APIC: Static calls initialized
[    0.000000] SMBIOS 2.8 present.
[    0.000000] DMI: QEMU Standard PC (i440FX + PIIX, 1996), BIOS 1.15.0-1 04/01/2014
[    0.000000] Hypervisor detected: KVM
[    0.000000] kvm-clock: Using msrs 4b564d01 and 4b564d00
[    0.000001] kvm-clock: using sched offset of 2398903264 cycles
[    0.000003] clocksource: kvm-clock: mask: 0xffffffffffffffff max_cycles: 0x1cd42e4dffb, max_idle_ns: 881590591483 ns
[    0.000007] tsc: Detected 2799.998 MHz processor
[    0.000888] last_pfn = 0x140000 max_arch_pfn = 0x400000000
[    0.001284] MTRR map: 4 entries (3 fixed + 1 variable; max 19), built from 8 variable MTRRs
[    0.001299] x86/PAT: Configuration [0-7]: WB  WC  UC- UC  WB  WP  UC- WT  
[    0.001767] last_pfn = 0xbffda max_arch_pfn = 0x400000000
[    0.002068] RAMDISK: [mem 0x7f71e000-0x7fffffff]
[    0.002071] ACPI: Early table checksum verification disabled
[    0.002077] ACPI: RSDP 0x00000000000F59A0 000014 (v00 BOCHS )
[    0.002081] ACPI: RSDT 0x00000000BFFE1975 000034 (v01 BOCHS  BXPC     00000001 BXPC 00000001)
[    0.002088] ACPI: FACP 0x00000000BFFE1821 000074 (v01 BOCHS  BXPC     00000001 BXPC 00000001)
[    0.002118] ACPI: DSDT 0x00000000BFFE0040 0017E1 (v01 BOCHS  BXPC     00000001 BXPC 00000001)
[    0.002123] ACPI: FACS 0x00000000BFFE0000 000040
[    0.002126] ACPI: APIC 0x00000000BFFE1895 000080 (v01 BOCHS  BXPC     00000001 BXPC 00000001)
[    0.002129] ACPI: HPET 0x00000000BFFE1915 000038 (v01 BOCHS  BXPC     00000001 BXPC 00000001)
[    0.002132] ACPI: WAET 0x00000000BFFE194D 000028 (v01 BOCHS  BXPC     00000001 BXPC 00000001)
[    0.002134] ACPI: Reserving FACP table memory at [mem 0xbffe1821-0xbffe1894]
[    0.002136] ACPI: Reserving DSDT table memory at [mem 0xbffe0040-0xbffe1820]
[    0.002136] ACPI: Reserving FACS table memory at [mem 0xbffe0000-0xbffe003f]
[    0.002137] ACPI: Reserving APIC table memory at [mem 0xbffe1895-0xbffe1914]
[    0.002138] ACPI: Reserving HPET table memory at [mem 0xbffe1915-0xbffe194c]
[    0.002138] ACPI: Reserving WAET table memory at [mem 0xbffe194d-0xbffe1974]
[    0.002528] Zone ranges:
[    0.002530]   DMA      [mem 0x0000000000001000-0x0000000000ffffff]
[    0.002532]   DMA32    [mem 0x0000000001000000-0x00000000ffffffff]
[    0.002534]   Normal   [mem 0x0000000100000000-0x000000013fffffff]
[    0.002535] Movable zone start for each node
[    0.002536] Early memory node ranges
[    0.002536]   node   0: [mem 0x0000000000001000-0x000000000009efff]
[    0.002537]   node   0: [mem 0x0000000000100000-0x00000000bffd9fff]
[    0.002538]   node   0: [mem 0x0000000100000000-0x000000013fffffff]
[    0.002539] Initmem setup node 0 [mem 0x0000000000001000-0x000000013fffffff]
[    0.002629] On node 0, zone DMA: 1 pages in unavailable ranges
[    0.003842] On node 0, zone DMA: 97 pages in unavailable ranges
[    0.341693] On node 0, zone Normal: 38 pages in unavailable ranges
[    0.344870] ACPI: PM-Timer IO Port: 0x608
[    0.344908] ACPI: LAPIC_NMI (acpi_id[0xff] dfl dfl lint[0x1])
[    0.345076] IOAPIC[0]: apic_id 0, version 17, address 0xfec00000, GSI 0-23
[    0.345080] ACPI: INT_SRC_OVR (bus 0 bus_irq 0 global_irq 2 dfl dfl)
[    0.345083] ACPI: INT_SRC_OVR (bus 0 bus_irq 5 global_irq 5 high level)
[    0.345084] ACPI: INT_SRC_OVR (bus 0 bus_irq 9 global_irq 9 high level)
[    0.345086] ACPI: INT_SRC_OVR (bus 0 bus_irq 10 global_irq 10 high level)
[    0.345087] ACPI: INT_SRC_OVR (bus 0 bus_irq 11 global_irq 11 high level)
[    0.345091] ACPI: Using ACPI (MADT) for SMP configuration information
[    0.345092] ACPI: HPET id: 0x8086a201 base: 0xfed00000
[    0.345121] smpboot: Allowing 2 CPUs, 0 hotplug CPUs
[    0.345173] kvm-guest: APIC: eoi() replaced with kvm_guest_apic_eoi_write()
[    0.345247] [mem 0xc0000000-0xfeffbfff] available for PCI devices
[    0.345249] Booting paravirtualized kernel on KVM
[    0.345251] clocksource: refined-jiffies: mask: 0xffffffff max_cycles: 0xffffffff, max_idle_ns: 19112604462750000 ns
[    0.348865] setup_percpu: NR_CPUS:256 nr_cpumask_bits:2 nr_cpu_ids:2 nr_node_ids:1
[    0.359224] percpu: Embedded 57 pages/cpu s195048 r8192 d30232 u1048576
[    0.359343] kvm-guest: PV spinlocks disabled, no host support
[    0.359345] Kernel command line: BOOT_IMAGE=vmlinuz-virt root=LABEL=/ modules=sd-mod,usb-storage,ext4 console=ttyS0,115200n8 initrd=initramfs-virt
[    0.359413] Unknown kernel command line parameters "BOOT_IMAGE=vmlinuz-virt modules=sd-mod,usb-storage,ext4", will be passed to user space.
[    0.380014] Dentry cache hash table entries: 524288 (order: 10, 4194304 bytes, linear)
[    0.390292] Inode-cache hash table entries: 262144 (order: 9, 2097152 bytes, linear)
[    0.390520] Built 1 zonelists, mobility grouping on.  Total pages: 1031898
[    0.402347] mem auto-init: stack:all(zero), heap alloc:on, heap free:off
[    0.402358] software IO TLB: area num 2.
[    0.782366] Memory: 4012144K/4193760K available (12288K kernel code, 1744K rwdata, 8008K rodata, 2640K init, 2300K bss, 181356K reserved, 0K cma-reserved)
[    0.788928] SLUB: HWalign=64, Order=0-3, MinObjects=0, CPUs=2, Nodes=1
[    0.789185] Kernel/User page tables isolation: enabled
[    0.805992] Dynamic Preempt: none
[    0.806278] rcu: Preemptible hierarchical RCU implementation.
[    0.806279] rcu: 	RCU restricting CPUs from NR_CPUS=256 to nr_cpu_ids=2.
[    0.806281] 	Trampoline variant of Tasks RCU enabled.
[    0.806282] 	Tracing variant of Tasks RCU enabled.
[    0.806302] rcu: RCU calculated value of scheduler-enlistment delay is 10 jiffies.
[    0.806303] rcu: Adjusting geometry for rcu_fanout_leaf=16, nr_cpu_ids=2
[    0.810883] NR_IRQS: 16640, nr_irqs: 440, preallocated irqs: 16
[    0.811580] rcu: srcu_init: Setting srcu_struct sizes based on contention.
[    0.811873] kfence: initialized - using 2097152 bytes for 255 objects at 0x(____ptrval____)-0x(____ptrval____)
[    0.837224] Console: colour VGA+ 80x25
[    0.837625] printk: console [ttyS0] enabled
[    1.164566] ACPI: Core revision 20230628
[    1.167788] clocksource: hpet: mask: 0xffffffff max_cycles: 0xffffffff, max_idle_ns: 19112604467 ns
[    1.173408] APIC: Switch to symmetric I/O mode setup
[    1.177589] x2apic enabled
[    1.180774] APIC: Switched APIC routing to: physical x2apic
[    1.190438] ..TIMER: vector=0x30 apic1=0 pin1=2 apic2=-1 pin2=-1
[    1.193743] clocksource: tsc-early: mask: 0xffffffffffffffff max_cycles: 0x285c3ee517e, max_idle_ns: 440795257231 ns
[    1.199212] Calibrating delay loop (skipped) preset value.. 5599.99 BogoMIPS (lpj=27999980)
[    1.210276] Last level iTLB entries: 4KB 0, 2MB 0, 4MB 0
[    1.213094] Last level dTLB entries: 4KB 0, 2MB 0, 4MB 0, 1GB 0
[    1.216234] Spectre V1 : Mitigation: usercopy/swapgs barriers and __user pointer sanitization
[    1.219178] Spectre V2 : Mitigation: Retpolines
[    1.221603] Spectre V2 : Spectre v2 / SpectreRSB mitigation: Filling RSB on context switch
[    1.225917] Spectre V2 : Spectre v2 / SpectreRSB : Filling RSB on VMEXIT
[    1.229176] Speculative Store Bypass: Vulnerable
[    1.231604] MDS: Vulnerable: Clear CPU buffers attempted, no microcode
[    1.235012] MMIO Stale Data: Unknown: No mitigations
[    1.239177] x86/fpu: x87 FPU will use FXSAVE
[    1.276226] Freeing SMP alternatives memory: 32K
[    1.278704] pid_max: default: 32768 minimum: 301
[    1.279661] LSM: initializing lsm=capability,landlock,lockdown,integrity
[    1.283919] landlock: Up and running.
[    1.286351] Mount-cache hash table entries: 8192 (order: 4, 65536 bytes, linear)
[    1.289598] Mountpoint-cache hash table entries: 8192 (order: 4, 65536 bytes, linear)
[    1.419389] smpboot: CPU0: Intel QEMU Virtual CPU version 2.5+ (family: 0xf, model: 0x6b, stepping: 0x1)
[    1.425956] RCU Tasks: Setting shift to 1 and lim to 1 rcu_task_cb_adjust=1.
[    1.429278] RCU Tasks Trace: Setting shift to 1 and lim to 1 rcu_task_cb_adjust=1.
[    1.433347] Performance Events: unsupported Netburst CPU model 107 no PMU driver, software events only.
[    1.438390] signal: max sigframe size: 1440
[    1.439461] rcu: Hierarchical SRCU implementation.
[    1.441966] rcu: 	Max phase no-delay instances is 1000.
[    1.445498] NMI watchdog: Perf NMI watchdog permanently disabled
[    1.449405] smp: Bringing up secondary CPUs ...
[    1.453631] smpboot: x86: Booting SMP configuration:
[    1.456278] .... node  #0, CPUs:      #1
[    1.471175] smp: Brought up 1 node, 2 CPUs
[    1.473601] smpboot: Max logical packages: 1
[    1.479178] ----------------
[    1.480727] | NMI testsuite:
[    1.482283] --------------------
[    1.484003]   remote IPI:  ok  |
[    1.485779]    local IPI:  ok  |
[    1.487559] --------------------
[    1.489180] Good, all   2 testcases passed! |
[    1.491480] ---------------------------------
[    1.493826] smpboot: Total of 2 processors activated (11199.99 BogoMIPS)
[    1.499658] devtmpfs: initialized
[    1.501100] x86/mm: Memory block size: 128MB
[    1.504631] clocksource: jiffies: mask: 0xffffffff max_cycles: 0xffffffff, max_idle_ns: 19112604462750000 ns
[    1.509341] futex hash table entries: 512 (order: 3, 32768 bytes, linear)
[    1.523635] NET: Registered PF_NETLINK/PF_ROUTE protocol family
[    1.526072] audit: initializing netlink subsys (disabled)
[    1.529328] audit: type=2000 audit(1772767276.909:1): state=initialized audit_enabled=0 res=1
[    1.529328] thermal_sys: Registered thermal governor 'step_wise'
[    1.533758] cpuidle: using governor ladder
[    1.541419] cpuidle: using governor menu
[    1.543741] acpiphp: ACPI Hot Plug PCI Controller Driver version: 0.5
[    1.550117] PCI: Using configuration type 1 for base access
[    1.553317] kprobes: kprobe jump-optimization is enabled. All kprobes are optimized if possible.
[    1.561751] HugeTLB: registered 2.00 MiB page size, pre-allocated 0 pages
[    1.562792] HugeTLB: 28 KiB vmemmap can be freed for a 2.00 MiB page
[    1.569813] ACPI: Added _OSI(Module Device)
[    1.571497] ACPI: Added _OSI(Processor Device)
[    1.573872] ACPI: Added _OSI(3.0 _SCP Extensions)
[    1.576352] ACPI: Added _OSI(Processor Aggregator Device)
[    1.579806] ACPI: 1 ACPI AML tables successfully acquired and loaded
[    1.584829] ACPI: _OSC evaluation for CPUs failed, trying _PDC
[    1.589252] ACPI: Interpreter enabled
[    1.591247] ACPI: PM: (supports S0 S3 S5)
[    1.593398] ACPI: Using IOAPIC for interrupt routing
[    1.596038] PCI: Using host bridge windows from ACPI; if necessary, use "pci=nocrs" and report a bug
[    1.599175] PCI: Using E820 reservations for host bridge windows
[    1.602511] ACPI: Enabled 2 GPEs in block 00 to 0F
[    1.612685] ACPI: PCI Root Bridge [PCI0] (domain 0000 [bus 00-ff])
[    1.615966] acpi PNP0A03:00: _OSC: OS supports [ASPM ClockPM Segments MSI HPX-Type3]
[    1.619702] acpi PNP0A03:00: _OSC: not requesting OS control; OS requires [ExtendedConfig ASPM ClockPM MSI]
[    1.625343] acpi PNP0A03:00: fail to add MMCONFIG information, can't access extended configuration space under this bridge
[    1.630850] acpiphp: Slot [3] registered
[    1.633125] acpiphp: Slot [4] registered
[    1.639261] acpiphp: Slot [5] registered
[    1.642606] acpiphp: Slot [6] registered
[    1.644751] acpiphp: Slot [7] registered
[    1.646876] acpiphp: Slot [8] registered
[    1.649224] acpiphp: Slot [9] registered
[    1.651346] acpiphp: Slot [10] registered
[    1.653532] acpiphp: Slot [11] registered
[    1.655725] acpiphp: Slot [12] registered
[    1.659225] acpiphp: Slot [13] registered
[    1.661430] acpiphp: Slot [14] registered
[    1.663658] acpiphp: Slot [15] registered
[    1.665884] acpiphp: Slot [16] registered
[    1.668042] acpiphp: Slot [17] registered
[    1.669222] acpiphp: Slot [18] registered
[    1.671377] acpiphp: Slot [19] registered
[    1.673603] acpiphp: Slot [20] registered
[    1.675781] acpiphp: Slot [21] registered
[    1.679252] acpiphp: Slot [22] registered
[    1.681423] acpiphp: Slot [23] registered
[    1.683603] acpiphp: Slot [24] registered
[    1.685800] acpiphp: Slot [25] registered
[    1.687994] acpiphp: Slot [26] registered
[    1.689224] acpiphp: Slot [27] registered
[    1.691403] acpiphp: Slot [28] registered
[    1.693703] acpiphp: Slot [29] registered
[    1.699222] acpiphp: Slot [30] registered
[    1.701581] acpiphp: Slot [31] registered
[    1.703830] PCI host bridge to bus 0000:00
[    1.712197] pci_bus 0000:00: root bus resource [io  0x0000-0x0cf7 window]
[    1.715994] pci_bus 0000:00: root bus resource [io  0x0d00-0xffff window]
[    1.719176] pci_bus 0000:00: root bus resource [mem 0x000a0000-0x000bffff window]
[    1.723442] pci_bus 0000:00: root bus resource [mem 0xc0000000-0xfebfffff window]
[    1.727418] pci_bus 0000:00: root bus resource [mem 0x140000000-0x1bfffffff window]
[    1.729176] pci_bus 0000:00: root bus resource [bus 00-ff]
[    1.732494] pci 0000:00:00.0: [8086:1237] type 00 class 0x060000
[    1.742489] pci 0000:00:01.0: [8086:7000] type 00 class 0x060100
[    1.748700] pci 0000:00:01.1: [8086:7010] type 00 class 0x010180
[    1.752870] pci 0000:00:01.1: reg 0x20: [io  0xc160-0xc16f]
[    1.760512] pci 0000:00:01.1: legacy IDE quirk: reg 0x10: [io  0x01f0-0x01f7]
[    1.764534] pci 0000:00:01.1: legacy IDE quirk: reg 0x14: [io  0x03f6]
[    1.768085] pci 0000:00:01.1: legacy IDE quirk: reg 0x18: [io  0x0170-0x0177]
[    1.769176] pci 0000:00:01.1: legacy IDE quirk: reg 0x1c: [io  0x0376]
[    1.773627] pci 0000:00:01.3: [8086:7113] type 00 class 0x068000
[    1.781587] pci 0000:00:01.3: quirk: [io  0x0600-0x063f] claimed by PIIX4 ACPI
[    1.785566] pci 0000:00:01.3: quirk: [io  0x0700-0x070f] claimed by PIIX4 SMB
[    1.790224] pci 0000:00:02.0: [1234:1111] type 00 class 0x030000
[    1.810463] pci 0000:00:02.0: reg 0x10: [mem 0xfd000000-0xfdffffff pref]
[    1.820243] pci 0000:00:02.0: reg 0x18: [mem 0xfeb90000-0xfeb90fff]
[    1.835509] pci 0000:00:02.0: reg 0x30: [mem 0xfeb80000-0xfeb8ffff pref]
[    1.840660] pci 0000:00:02.0: Video device with shadowed ROM at [mem 0x000c0000-0x000dffff]
[    1.854924] pci 0000:00:03.0: [1af4:1000] type 00 class 0x020000
[    1.859556] pci 0000:00:03.0: reg 0x10: [io  0xc140-0xc15f]
[    1.863981] pci 0000:00:03.0: reg 0x14: [mem 0xfeb91000-0xfeb91fff]
[    1.871856] pci 0000:00:03.0: reg 0x20: [mem 0xfe000000-0xfe003fff 64bit pref]
[    1.877255] pci 0000:00:03.0: reg 0x30: [mem 0xfeb00000-0xfeb7ffff pref]
[    1.885144] pci 0000:00:04.0: [1af4:1009] type 00 class 0x000200
[    1.890569] pci 0000:00:04.0: reg 0x10: [io  0xc100-0xc13f]
[    1.895138] pci 0000:00:04.0: reg 0x14: [mem 0xfeb92000-0xfeb92fff]
[    1.902919] pci 0000:00:04.0: reg 0x20: [mem 0xfe004000-0xfe007fff 64bit pref]
[    1.913427] pci 0000:00:05.0: [1af4:1001] type 00 class 0x010000
[    1.919176] pci 0000:00:05.0: reg 0x10: [io  0xc000-0xc07f]
[    1.923924] pci 0000:00:05.0: reg 0x14: [mem 0xfeb93000-0xfeb93fff]
[    1.932312] pci 0000:00:05.0: reg 0x20: [mem 0xfe008000-0xfe00bfff 64bit pref]
[    1.943162] pci 0000:00:06.0: [1af4:1001] type 00 class 0x010000
[    1.948062] pci 0000:00:06.0: reg 0x10: [io  0xc080-0xc0ff]
[    1.950485] pci 0000:00:06.0: reg 0x14: [mem 0xfeb94000-0xfeb94fff]
[    1.960043] pci 0000:00:06.0: reg 0x20: [mem 0xfe00c000-0xfe00ffff 64bit pref]
[    1.971791] ACPI: PCI: Interrupt link LNKA configured for IRQ 10
[    1.975329] ACPI: PCI: Interrupt link LNKB configured for IRQ 10
[    1.978739] ACPI: PCI: Interrupt link LNKC configured for IRQ 11
[    1.979429] ACPI: PCI: Interrupt link LNKD configured for IRQ 11
[    1.982846] ACPI: PCI: Interrupt link LNKS configured for IRQ 9
[    1.991568] iommu: Default domain type: Translated
[    1.994401] iommu: DMA domain TLB invalidation policy: lazy mode
[    1.999965] SCSI subsystem initialized
[    2.002530] pps_core: LinuxPPS API ver. 1 registered
[    2.002530] pps_core: Software ver. 5.3.6 - Copyright 2005-2007 Rodolfo Giometti <giometti@linux.it>
[    2.007108] PTP clock support registered
[    2.012280] PCI: Using ACPI for IRQ routing
[    2.020659] hpet: 3 channels of 0 reserved for per-cpu timers
[    2.024152] clocksource: Switched to clocksource kvm-clock
[    2.036987] VFS: Disk quotas dquot_6.6.0
[    2.039473] VFS: Dquot-cache hash table entries: 512 (order 0, 4096 bytes)
[    2.043783] pnp: PnP ACPI init
[    2.046540] pnp: PnP ACPI: found 6 devices
[    2.065417] clocksource: acpi_pm: mask: 0xffffff max_cycles: 0xffffff, max_idle_ns: 2085701024 ns
[    2.070610] NET: Registered PF_INET protocol family
[    2.076200] IP idents hash table entries: 65536 (order: 7, 524288 bytes, linear)
[    2.082766] tcp_listen_portaddr_hash hash table entries: 2048 (order: 3, 32768 bytes, linear)
[    2.088649] Table-perturb hash table entries: 65536 (order: 6, 262144 bytes, linear)
[    2.094294] TCP established hash table entries: 32768 (order: 6, 262144 bytes, linear)
[    2.104133] TCP bind hash table entries: 32768 (order: 8, 1048576 bytes, linear)
[    2.108369] TCP: Hash tables configured (established 32768 bind 32768)
[    2.113200] UDP hash table entries: 2048 (order: 4, 65536 bytes, linear)
[    2.117143] UDP-Lite hash table entries: 2048 (order: 4, 65536 bytes, linear)
[    2.121472] NET: Registered PF_UNIX/PF_LOCAL protocol family
[    2.124683] NET: Registered PF_XDP protocol family
[    2.127363] pci_bus 0000:00: resource 4 [io  0x0000-0x0cf7 window]
[    2.130692] pci_bus 0000:00: resource 5 [io  0x0d00-0xffff window]
[    2.134002] pci_bus 0000:00: resource 6 [mem 0x000a0000-0x000bffff window]
[    2.137764] pci_bus 0000:00: resource 7 [mem 0xc0000000-0xfebfffff window]
[    2.141365] pci_bus 0000:00: resource 8 [mem 0x140000000-0x1bfffffff window]
[    2.145224] pci 0000:00:01.0: PIIX3: Enabling Passive Release
[    2.148518] pci 0000:00:00.0: Limiting direct PCI/PCI transfers
[    2.152116] PCI: CLS 0 bytes, default 64
[    2.154353] PCI-DMA: Using software bounce buffering for IO (SWIOTLB)
[    2.155036] Unpacking initramfs...
[    2.157806] software IO TLB: mapped [mem 0x00000000bbfda000-0x00000000bffda000] (64MB)
[    2.158134] clocksource: tsc: mask: 0xffffffffffffffff max_cycles: 0x285c3ee517e, max_idle_ns: 440795257231 ns
[    2.170349] Initialise system trusted keyrings
[    2.173914] workingset: timestamp_bits=46 max_order=20 bucket_order=0
[    2.177509] zbud: loaded
[    2.179524] Key type asymmetric registered
[    2.181736] Asymmetric key parser 'x509' registered
[    2.184617] Block layer SCSI generic (bsg) driver version 0.4 loaded (major 247)
[    2.188942] io scheduler mq-deadline registered
[    2.191415] io scheduler kyber registered
[    2.193649] io scheduler bfq registered
[    2.197310] ERST DBG: ERST support is disabled.
[    2.212948] ACPI: \_SB_.LNKC: Enabled at IRQ 11
[    2.231975] ACPI: \_SB_.LNKD: Enabled at IRQ 10
[    2.250465] ACPI: \_SB_.LNKA: Enabled at IRQ 10
[    2.269128] ACPI: \_SB_.LNKB: Enabled at IRQ 11
[    2.276312] Serial: 8250/16550 driver, 4 ports, IRQ sharing enabled
[    2.280716] 00:04: ttyS0 at I/O 0x3f8 (irq = 4, base_baud = 115200) is a 16550A
[    2.297824] VMware PVSCSI driver - version 1.0.7.0-k
[    2.304364] scsi host0: ata_piix
[    2.307025] scsi host1: ata_piix
[    2.308997] ata1: PATA max MWDMA2 cmd 0x1f0 ctl 0x3f6 bmdma 0xc160 irq 14
[    2.312595] ata2: PATA max MWDMA2 cmd 0x170 ctl 0x376 bmdma 0xc168 irq 15
[    2.316772] i8042: PNP: PS/2 Controller [PNP0303:KBD,PNP0f13:MOU] at 0x60,0x64 irq 1,12
[    2.324845] serio: i8042 KBD port at 0x60,0x64 irq 1
[    2.327469] serio: i8042 AUX port at 0x60,0x64 irq 12
[    2.330314] rtc_cmos 00:05: RTC can wake from S4
[    2.336596] input: AT Translated Set 2 keyboard as /devices/platform/i8042/serio0/input/input0
[    2.343281] rtc_cmos 00:05: registered as rtc0
[    2.346559] rtc_cmos 00:05: setting system clock to 2026-03-06T03:21:17 UTC (1772767277)
[    2.353054] rtc_cmos 00:05: alarms up to one day, y3k, 242 bytes nvram, hpet irqs
[    2.357915] intel_pstate: CPU model not supported
[    2.361289] gre: GRE over IPv4 demultiplexor driver
[    2.382334] Freeing initrd memory: 9096K
[    2.417383] Key type dns_resolver registered
[    2.419950] IPI shorthand broadcast: enabled
[    2.426205] sched_clock: Marking stable (2052151409, 367533122)->(2421775272, -2090741)
[    2.440697] registered taskstats version 1
[    2.443272] Loading compiled-in X.509 certificates
[    2.453981] Loaded X.509 cert 'alpinelinux.org: Alpine Linux kernel key: d76a695f66ad9cd28f5c22a8508f36e91f521f7a'
[    2.461035] Key type .fscrypt registered
[    2.463153] Key type fscrypt-provisioning registered
[    2.488329] ata2: found unknown device (class 0)
[    2.492228] ata2.00: ATAPI: QEMU DVD-ROM, 2.5+, max UDMA/100
[    2.498189] scsi 1:0:0:0: CD-ROM            QEMU     QEMU DVD-ROM     2.5+ PQ: 0 ANSI: 5
[    2.570458] Freeing unused kernel image (initmem) memory: 2640K
[    2.607754] Write protecting the kernel read-only data: 20480k
[    2.610830] Freeing unused kernel image (rodata/data gap) memory: 184K
[    2.613018] rodata_test: all tests were successful
[    2.614610] Run /init as init process
[    2.630755] Alpine Init 3.9.0-r0
Alpine Init 3.9.0-r0
[    2.633052] Loading boot drivers...
 * Loading boot drivers: [    2.667132] ACPI: bus type USB registered
[    2.668628] usbcore: registered new interface driver usbfs
[    2.670419] usbcore: registered new interface driver hub
[    2.672135] usbcore: registered new device driver usb
[    2.678346] usbcore: registered new interface driver usb-storage
[    2.906372] loop: module loaded
[    2.942984] ACPI: bus type drm_connector registered
[    2.992921] Loading boot drivers: ok.
ok.
[    2.996494] Mounting root...
 * Mounting root: [    3.040728] piix4_smbus 0000:00:01.3: SMBus Host Controller at 0x700, revision 0
[    3.056885] [drm] Found bochs VGA, ID 0xb0c5.
[    3.058552] [drm] Framebuffer size 16384 kB @ 0xfd000000, mmio @ 0xfeb90000.
[    3.067277] [drm] Found EDID data blob.
[    3.068993] [drm] Initialized bochs-drm 1.0.0 20130925 for 0000:00:02.0 on minor 0
[    3.106978] Console: switching to colour frame buffer device 128x48
[    3.110220] bochs-drm 0000:00:02.0: [drm] fb0: bochs-drmdrmfb frame buffer device
[    3.300286] sr 1:0:0:0: [sr0] scsi3-mmc drive: 4x/4x cd/rw xa/form2 tray
[    3.302469] cdrom: Uniform CD-ROM driver Revision: 3.20
[    3.394917] virtio_blk virtio2: 2/0/0 default/read/poll queues
[    3.400151] virtio_blk virtio2: [vda] 8388608 512-byte logical blocks (4.29 GB/4.00 GiB)
[    3.404673] virtio_blk virtio3: 2/0/0 default/read/poll queues
[    3.409554] virtio_blk virtio3: [vdb] 736 512-byte logical blocks (377 kB/368 KiB)
[    3.491586] block sr0: the capability attribute has been deprecated.
[    6.504184] EXT4-fs (vda): mounted filesystem 367ceb5a-a72a-4cc6-9140-e18812d3c81b ro with ordered data mode. Quota mode: none.
[    6.508100] Mounting root: ok.
ok.

   OpenRC 0.52.1 is starting up Linux 6.6.4-1-virt (x86_64)

 * /proc is already mounted
 * Mounting /run ... [ ok ]
 * /run/openrc: creating directory
 * /run/lock: creating directory
 * /run/lock: correcting owner
 * Caching service dependencies ... [ ok ]
 * Remounting devtmpfs on /dev ... [ ok ]
 * Mounting /dev/mqueue ... [ ok ]
 * Mounting security filesystem ... [ ok ]
 * Mounting debug filesystem ... [ ok ]
 * Mounting persistent storage (pstore) filesystem ... [ ok ]
 * Starting busybox mdev ... [ ok ]
 * Scanning hardware for mdev ... [ ok ]
 * Loading hardware drivers ... [ ok ]
 * Loading modules ... [ ok ]
 * Setting system clock using the hardware clock [UTC] ... [ ok ]
 * Checking local filesystems  .../: clean, 8723/65536 files, 158031/262144 blocks
 [ ok ]
 * Remounting root filesystem read/write ... [ ok ]
 * Remounting filesystems ... [ ok ]
 * Activating swap devices ... [ ok ]
 * Mounting local filesystems ... [ ok ]
 * Starting busybox acpid ... [ ok ]
 * Configuring kernel parameters ... [ ok ]
 * Migrating /var/lock to /run/lock ... [ ok ]
 * Creating user login records ... [ ok ]
 * Cleaning /tmp directory ... [ ok ]
Cloud-init v. 23.4 running 'init-local' at Fri, 06 Mar 2026 03:21:26 +0000. Up 11.34 seconds.
 [ ok ]
 * Setting hostname ... [ ok ]
 * Starting busybox syslog ... [ ok ]
 * Mounting cgroup filesystem ... [ ok ]
 * Starting networking ... *   lo ... [ ok ]
 *   eth0 ... [ ok ]
 * /var/log/docker.log: creating file
 * /var/log/docker.log: correcting owner
 * Starting Docker Daemon ... [ ok ]
 * Starting benchmark agent ...
[1A[2Ka257f20c716c: Loading layer  557.1kB/81.04MB[1B[1A[2Ka257f20c716c: Loading layer  4.456MB/81.04MB[1B[1A[2Ka257f20c716c: Loading layer  8.356MB/81.04MB[1B[1A[2Ka257f20c716c: Loading layer   11.7MB/81.04MB[1B[1A[2Ka257f20c716c: Loading layer  18.94MB/81.04MB[1B[1A[2Ka257f20c716c: Loading layer  24.51MB/81.04MB[1B[1A[2Ka257f20c716c: Loading layer  28.41MB/81.04MB[1B[1A[2Ka257f20c716c: Loading layer  32.87MB/81.04MB[1B[1A[2Ka257f20c716c: Loading layer  39.55MB/81.04MB[1B[1A[2Ka257f20c716c: Loading layer  46.24MB/81.04MB[1B[1A[2Ka257f20c716c: Loading layer  52.92MB/81.04MB[1B[1A[2Ka257f20c716c: Loading layer  58.49MB/81.04MB[1B[1A[2Ka257f20c716c: Loading layer  64.06MB/81.04MB[1B[1A[2Ka257f20c716c: Loading layer  66.29MB/81.04MB[1B[1A[2Ka257f20c716c: Loading layer   67.4MB/81.04MB[1B[1A[2Ka257f20c716c: Loading layer  73.53MB/81.04MB[1B[1A[2Ka257f20c716c: Loading layer   75.2MB/81.04MB[1B[1A[2Ka257f20c716c: Loading layer  75.76MB/81.04MB[1B[1A[2Ka257f20c716c: Loading layer  76.32MB/81.04MB[1B[1A[2Ka257f20c716c: Loading layer   79.1MB/81.04MB[1B[1A[2Ka257f20c716c: Loading layer  81.04MB/81.04MB[1B
[1A[2Kb0c20bcd44fe: Loading layer  65.54kB/4.123MB[1B[1A[2Kb0c20bcd44fe: Loading layer  1.835MB/4.123MB[1B[1A[2Kb0c20bcd44fe: Loading layer  4.123MB/4.123MB[1B[1A[2Kb0c20bcd44fe: Loading layer  4.123MB/4.123MB[1B
[1A[2K5184c31ad48f: Loading layer  458.8kB/43.85MB[1B[1A[2K5184c31ad48f: Loading layer  3.211MB/43.85MB[1B[1A[2K5184c31ad48f: Loading layer  8.716MB/43.85MB[1B[1A[2K5184c31ad48f: Loading layer  12.39MB/43.85MB[1B[1A[2K5184c31ad48f: Loading layer  17.43MB/43.85MB[1B[1A[2K5184c31ad48f: Loading layer  22.48MB/43.85MB[1B[1A[2K5184c31ad48f: Loading layer  25.23MB/43.85MB[1B[1A[2K5184c31ad48f: Loading layer  27.98MB/43.85MB[1B[1A[2K5184c31ad48f: Loading layer  31.65MB/43.85MB[1B[1A[2K5184c31ad48f: Loading layer  34.41MB/43.85MB[1B[1A[2K5184c31ad48f: Loading layer  36.24MB/43.85MB[1B[1A[2K5184c31ad48f: Loading layer  38.54MB/43.85MB[1B[1A[2K5184c31ad48f: Loading layer  41.75MB/43.85MB[1B[1A[2K5184c31ad48f: Loading layer  43.85MB/43.85MB[1B
[1A[2Kfa1d322086e6: Loading layer   5.12kB/5.12kB[1B[1A[2Kfa1d322086e6: Loading layer   5.12kB/5.12kB[1B
[1A[2Kbdf610394df6: Loading layer  22.02kB/22.02kB[1B[1A[2Kbdf610394df6: Loading layer  22.02kB/22.02kB[1B
[1A[2K9258f4176a00: Loading layer  10.75kB/10.75kB[1B[1A[2K9258f4176a00: Loading layer  10.75kB/10.75kB[1BLoaded image: bench-worker:latest
 [ ok ]
 * Starting chronyd ... [ ok ]
 * Starting cloud-init-hotplugd ... [ ok ]
Cloud-init v. 23.4 running 'init' at Fri, 06 Mar 2026 03:21:48 +0000. Up 33.28 seconds.
ci-info: +++++++++++++++++++++++++++++++++++++++Net device info+++++++++++++++++++++++++++++++++++++++
ci-info: +---------+-------+----------------------------+---------------+--------+-------------------+
ci-info: |  Device |   Up  |          Address           |      Mask     | Scope  |     Hw-Address    |
ci-info: +---------+-------+----------------------------+---------------+--------+-------------------+
ci-info: | docker0 | False |         172.17.0.1         |  255.255.0.0  | global | 02:42:43:f8:4c:c6 |
ci-info: |   eth0  |  True |         10.0.2.15          | 255.255.255.0 | global | 52:54:00:12:34:56 |
ci-info: |   eth0  |  True | fec0::5054:ff:fe12:3456/64 |       .       |  site  | 52:54:00:12:34:56 |
ci-info: |   eth0  |  True | fe80::5054:ff:fe12:3456/64 |       .       |  link  | 52:54:00:12:34:56 |
ci-info: |    lo   |  True |         127.0.0.1          |   255.0.0.0   |  host  |         .         |
ci-info: |    lo   |  True |          ::1/128           |       .       |  host  |         .         |
ci-info: +---------+-------+----------------------------+---------------+--------+-------------------+
ci-info: +++++++++++++++++++++++++++Route IPv4 info++++++++++++++++++++++++++++
ci-info: +-------+-------------+----------+---------------+-----------+-------+
ci-info: | Route | Destination | Gateway  |    Genmask    | Interface | Flags |
ci-info: +-------+-------------+----------+---------------+-----------+-------+
ci-info: |   0   |   0.0.0.0   | 10.0.2.2 |    0.0.0.0    |    eth0   |   UG  |
ci-info: |   1   |   10.0.2.0  | 0.0.0.0  | 255.255.255.0 |    eth0   |   U   |
ci-info: |   2   |  172.17.0.0 | 0.0.0.0  |  255.255.0.0  |  docker0  |   U   |
ci-info: +-------+-------------+----------+---------------+-----------+-------+
ci-info: +++++++++++++++++++Route IPv6 info+++++++++++++++++++
ci-info: +-------+-------------+---------+-----------+-------+
ci-info: | Route | Destination | Gateway | Interface | Flags |
ci-info: +-------+-------------+---------+-----------+-------+
ci-info: |   0   |  fe80::/64  |    ::   |    eth0   |   U   |
ci-info: |   1   |  fec0::/64  |    ::   |    eth0   |   Ue  |
ci-info: |   2   |     ::/0    | fe80::2 |    eth0   |  UGe  |
ci-info: |   4   |    local    |    ::   |    eth0   |   U   |
ci-info: |   5   |    local    |    ::   |    eth0   |   U   |
ci-info: |   6   |  multicast  |    ::   |    eth0   |   U   |
ci-info: +-------+-------------+---------+-----------+-------+
2026-03-06 03:21:48,934 - cloud_config.py[WARNING]: Failed at merging in cloud config part from part-001: empty cloud config
Generating public/private rsa key pair.
Your identification has been saved in /etc/ssh/ssh_host_rsa_key
Your public key has been saved in /etc/ssh/ssh_host_rsa_key.pub
The key fingerprint is:
SHA256:mm/Qx+6wJphdx2ACZpMmyODd/v7oCyQG85QqToge1vI root@agent-2
The key's randomart image is:
+---[RSA 3072]----+
|+.   .           |
|o.o X            |
| + O +           |
|o B . . o        |
|+* = o +S+       |
|* = o ooo =      |
| o E =o+.+       |
|    o =.+o.      |
|      .O=o.      |
+----[SHA256]-----+
Generating public/private dsa key pair.
Your identification has been saved in /etc/ssh/ssh_host_dsa_key
Your public key has been saved in /etc/ssh/ssh_host_dsa_key.pub
The key fingerprint is:
SHA256:Fhm+6vHIrIscx4yA3dY+QBLbTWds7XM84MR1UfDooKY root@agent-2
The key's randomart image is:
+---[DSA 1024]----+
|  .   ..+o .. ++.|
|   + o +oo=  . o |
|  o o ..++ o. . .|
|.. + .   o+.+o   |
|o . + . S oo ..  |
| . = o o o       |
|  o + = E        |
| . + + =         |
|  o oo= .        |
+----[SHA256]-----+
Generating public/private ecdsa key pair.
Your identification has been saved in /etc/ssh/ssh_host_ecdsa_key
Your public key has been saved in /etc/ssh/ssh_host_ecdsa_key.pub
The key fingerprint is:
SHA256:ARB8Q+Tj3V5K9gpaac/N0fcTOHkWMITFRYXQHftYFxc root@agent-2
The key's randomart image is:
+---[ECDSA 256]---+
|   .o=+     *=oE*|
|    ..o.   . +o =|
|     .o..     o.o|
|     . o o     +o|
|      . S + . + o|
|         = + = + |
|        = o o = o|
|       + + + . o.|
|      .   + o   o|
+----[SHA256]-----+
Generating public/private ed25519 key pair.
Your identification has been saved in /etc/ssh/ssh_host_ed25519_key
Your public key has been saved in /etc/ssh/ssh_host_ed25519_key.pub
The key fingerprint is:
SHA256:xGdkGewrufHt7pYmbfnDKFd/XlOBicKaZdfQJuPO4nY root@agent-2
The key's randomart image is:
+--[ED25519 256]--+
|         .++.    |
|       ..ooo+oo  |
|        o*+o++ . |
|       .=o+.    .|
|       oS.o.    .|
|        +..o  . .|
|        .=.o * o.|
|        .o+E@ o =|
|        . .@+..oo|
+----[SHA256]- [ ok ]
----+
Cloud-init v. 23.4 running 'modules:config' at Fri, 06 Mar 2026 03:21:49 +0000. Up 34.12 seconds.
 [ ok ]
Cloud-init v. 23.4 running 'modules:final' at Fri, 06 Mar 2026 03:21:50 +0000. Up 34.59 seconds.
ci-info: no authorized SSH keys fingerprints found for user alpine.
cloud-init: #############################################################
cloud-init: -----BEGIN SSH HOST KEY FINGERPRINTS-----
cloud-init: 1024 SHA256:Fhm+6vHIrIscx4yA3dY+QBLbTWds7XM84MR1UfDooKY root@agent-2 (DSA)
cloud-init: 256 SHA256:ARB8Q+Tj3V5K9gpaac/N0fcTOHkWMITFRYXQHftYFxc root@agent-2 (ECDSA)
cloud-init: 256 SHA256:xGdkGewrufHt7pYmbfnDKFd/XlOBicKaZdfQJuPO4nY root@agent-2 (ED25519)
cloud-init: 3072 SHA256:mm/Qx+6wJphdx2ACZpMmyODd/v7oCyQG85QqToge1vI root@agent-2 (RSA)
cloud-init: -----END SSH HOST KEY FINGERPRINTS-----
cloud-init: #############################################################
-----BEGIN SSH HOST KEY KEYS-----
ecdsa-sha2-nistp256 AAAAE2VjZHNhLXNoYTItbmlzdHAyNTYAAAAIbmlzdHAyNTYAAABBBHRQ8fRu2Vmi8v+k0azFP8IkPf4OL6zWNmsPG8W3PRDpgf7NdY8fPbmIjimAT+pmN34KeSb8Ur3ZNDFR2MBxqQw= root@agent-2
ssh-ed25519 AAAAC3NzaC1lZDI1NTE5AAAAIDp0HV8wV7demXc9AttZClOWw0gbRGp9w6rL7TyfasSM root@agent-2
ssh-rsa AAAAB3NzaC1yc2EAAAADAQABAAABgQDmwQrjuX/lpoxgwHAh8ihjX4cF7z2mpZSEo7S0/XEzqoOs6MGtAm9fbiL6x2e88f8s7lAJ9EXLnPYwyYXG3ZF8x+QFUzaB1vroZk4KUkcrRzijqU+MBaZ8fDNtxm0PiTec3uHol+ciMLVohHYTPsJ5Cc9J3jyMBpIQ1wz9HnJU1Y/2wNLrF9lJBVWoyFlUey5t1KMkzw5hXXawiGjBgIn0w+E78/WRiGIK3E+Sz0kyOSSmmA+D4yaa/+euGTJcXuqdLqqKL5KWCA+NAlQf9R0GQMlgOb5mK0L+JOTXluy0lvhT33Q3VszEHT09qvYTcwskkfwZNb9ULdkPK+98pE2EnL8ubVawmxSLl2Upf7TfYDExV/zw3UhAV/TPwbBFH4vTndH0PEcwO2NXsi2gcUF3L5GXG124QhAMYCj36bHNo6QrfqJYGoDfKI9dmtdmEyJUdevDM5fhoLds8byk10F+c0k+zsrbCoKjPhjvwePuZy0d49QAWMRVRHOH5zr8bSU= root@agent-2
-----END SSH HOST KEY KEYS-----
Cloud-init v. 23.4 finished at Fri, 06 Mar 2026 03:21:50 +0000. Datasource DataSourceNoCloud [seed=/dev/vdb][dsmode=net].  Up 34.77 seconds
 [ ok ]

Welcome to Alpine Linux 3.19
Kernel 6.6.4-1-virt on an x86_64 (/dev/ttyS0)

agent-2 login: 