c[?7l[2J[0mSeaBIOS (version 1.15.0-1)


iPXE (https://ipxe.org) 00:03.0 CA00 PCI2.10 PnP PMM+BFF8B380+BFECB380 CA00
Press Ctrl-B to configure iPXE (PCI 00:03.0)...                                                                               


Booting from Hard Disk...

SYSLINUX 6.04 EDD 6.04-pre1 Copyright (C) 1994-2015 H. Peter Anvin et al

SYSLINUX 6.04 6.04-pre1 Copyright (C) 1994-2015 H. Peter Anvin et al
[2Je%@)0(B[0;37;40m[?25l[2J[23;16HAlpine will be booted automatically in [0;1m1[0m seconds[23;16H[0;37;40mAlpine will be booted automatically .in [0;1;37;40m1[0;37;40m seconds.[23;16H                                                 [23;16H[0;37;40m                                                  [?25h[24;1H[0m 
Loading vmlinuz-virt...Loading vmlinuz-virt...  ookk

Loading initramfs-virt..Loading initramfs-virt....ookk

c[?7l[2J[    0.000000] Linux version 6.6.4-1-virt (buildozer@build-3-19-x86_64) (gcc (Alpine 13.2.1_git20231014) 13.2.1 20231014, GNU ld (GNU Binutils) 2.41) #2-Alpine SMP PREEMPT_DYNAMIC Tue, 05 Dec 2023 20:25:50 +0000
[    0.000000] Command line: BOOT_IMAGE=vmlinuz-virt root=LABEL=/ modules=sd-mod,usb-storage,ext4 console=ttyS0,115200n8 initrd=initramfs-virt
[    0.000000] BIOS-provided physical RAM map:
[    0.000000] BIOS-e820: [mem 0x0000000000000000-0x000000000009fbff] usable
[    0.000000] BIOS-e820: [mem 0x000000000009fc00-0x000000000009ffff] reserved
[    0.000000] BIOS-e820: [mem 0x00000000000f0000-0x00000000000fffff] reserved
[    0.000000] BIOS-e820: [mem 0x0000000000100000-0x00000000bffd9fff] usable
[    0.000000] BIOS-e820: [mem 0x00000000bffda000-0x00000000bfffffff] reserved
[    0.000000] BIOS-e820: [mem 0x00000000feffc000-0x00000000feffffff] reserved
[    0.000000] BIOS-e820: [mem 0x00000000fffc0000-0x00000000ffffffff] reserved
[    0.000000] BIOS-e820: [mem 0x0000000100000000-0x000000013fffffff] usable
[    0.000000] NX (Execute Disable) protection: active
[    0.000000] APIC: Static calls initialized
[    0.000000] SMBIOS 2.8 present.
[    0.000000] DMI: QEMU Standard PC (i440FX + PIIX, 1996), BIOS 1.15.0-1 04/01/2014
[    0.000000] Hypervisor detected: KVM
[    0.000000] kvm-clock: Using msrs 4b564d01 and 4b564d00
[    0.000001] kvm-clock: using sched offset of 2352706592 cycles
[    0.000003] clocksource: kvm-clock: mask: 0xffffffffffffffff max_cycles: 0x1cd42e4dffb, max_idle_ns: 881590591483 ns
[    0.000006] tsc: Detected 2799.998 MHz processor
[    0.001055] last_pfn = 0x140000 max_arch_pfn = 0x400000000
[    0.001456] MTRR map: 4 entries (3 fixed + 1 variable; max 19), built from 8 variable MTRRs
[    0.001474] x86/PAT: Configuration [0-7]: WB  WC  UC- UC  WB  WP  UC- WT  
[    0.001936] last_pfn = 0xbffda max_arch_pfn = 0x400000000
[    0.002301] RAMDISK: [mem 0x7f71e000-0x7fffffff]
[    0.002303] ACPI: Early table checksum verification disabled
[    0.002309] ACPI: RSDP 0x00000000000F59A0 000014 (v00 BOCHS )
[    0.002314] ACPI: RSDT 0x00000000BFFE1975 000034 (v01 BOCHS  BXPC     00000001 BXPC 00000001)
[    0.002320] ACPI: FACP 0x00000000BFFE1821 000074 (v01 BOCHS  BXPC     00000001 BXPC 00000001)
[    0.002351] ACPI: DSDT 0x00000000BFFE0040 0017E1 (v01 BOCHS  BXPC     00000001 BXPC 00000001)
[    0.002355] ACPI: FACS 0x00000000BFFE0000 000040
[    0.002358] ACPI: APIC 0x00000000BFFE1895 000080 (v01 BOCHS  BXPC     00000001 BXPC 00000001)
[    0.002361] ACPI: HPET 0x00000000BFFE1915 000038 (v01 BOCHS  BXPC     00000001 BXPC 00000001)
[    0.002364] ACPI: WAET 0x00000000BFFE194D 000028 (v01 BOCHS  BXPC     00000001 BXPC 00000001)
[    0.002366] ACPI: Reserving FACP table memory at [mem 0xbffe1821-0xbffe1894]
[    0.002368] ACPI: Reserving DSDT table memory at [mem 0xbffe0040-0xbffe1820]
[    0.002369] ACPI: Reserving FACS table memory at [mem 0xbffe0000-0xbffe003f]
[    0.002369] ACPI: Reserving APIC table memory at [mem 0xbffe1895-0xbffe1914]
[    0.002370] ACPI: Reserving HPET table memory at [mem 0xbffe1915-0xbffe194c]
[    0.002370] ACPI: Reserving WAET table memory at [mem 0xbffe194d-0xbffe1974]
[    0.002731] Zone ranges:
[    0.002732]   DMA      [mem 0x0000000000001000-0x0000000000ffffff]
[    0.002734]   DMA32    [mem 0x0000000001000000-0x00000000ffffffff]
[    0.002736]   Normal   [mem 0x0000000100000000-0x000000013fffffff]
[    0.002737] Movable zone start for each node
[    0.002737] Early memory node ranges
[    0.002738]   node   0: [mem 0x0000000000001000-0x000000000009efff]
[    0.002739]   node   0: [mem 0x0000000000100000-0x00000000bffd9fff]
[    0.002740]   node   0: [mem 0x0000000100000000-0x000000013fffffff]
[    0.002741] Initmem setup node 0 [mem 0x0000000000001000-0x000000013fffffff]
[    0.002819] On node 0, zone DMA: 1 pages in unavailable ranges
[    0.004008] On node 0, zone DMA: 97 pages in unavailable ranges
[    0.321583] On node 0, zone Normal: 38 pages in unavailable ranges
[    0.324692] ACPI: PM-Timer IO Port: 0x608
[    0.324732] ACPI: LAPIC_NMI (acpi_id[0xff] dfl dfl lint[0x1])
[    0.324896] IOAPIC[0]: apic_id 0, version 17, address 0xfec00000, GSI 0-23
[    0.324900] ACPI: INT_SRC_OVR (bus 0 bus_irq 0 global_irq 2 dfl dfl)
[    0.324902] ACPI: INT_SRC_OVR (bus 0 bus_irq 5 global_irq 5 high level)
[    0.324903] ACPI: INT_SRC_OVR (bus 0 bus_irq 9 global_irq 9 high level)
[    0.324904] ACPI: INT_SRC_OVR (bus 0 bus_irq 10 global_irq 10 high level)
[    0.324905] ACPI: INT_SRC_OVR (bus 0 bus_irq 11 global_irq 11 high level)
[    0.324909] ACPI: Using ACPI (MADT) for SMP configuration information
[    0.324911] ACPI: HPET id: 0x8086a201 base: 0xfed00000
[    0.324938] smpboot: Allowing 2 CPUs, 0 hotplug CPUs
[    0.324991] kvm-guest: APIC: eoi() replaced with kvm_guest_apic_eoi_write()
[    0.325045] [mem 0xc0000000-0xfeffbfff] available for PCI devices
[    0.325047] Booting paravirtualized kernel on KVM
[    0.325048] clocksource: refined-jiffies: mask: 0xffffffff max_cycles: 0xffffffff, max_idle_ns: 19112604462750000 ns
[    0.328619] setup_percpu: NR_CPUS:256 nr_cpumask_bits:2 nr_cpu_ids:2 nr_node_ids:1
[    0.338562] percpu: Embedded 57 pages/cpu s195048 r8192 d30232 u1048576
[    0.338674] kvm-guest: PV spinlocks disabled, no host support
[    0.338675] Kernel command line: BOOT_IMAGE=vmlinuz-virt root=LABEL=/ modules=sd-mod,usb-storage,ext4 console=ttyS0,115200n8 initrd=initramfs-virt
[    0.338732] Unknown kernel command line parameters "BOOT_IMAGE=vmlinuz-virt modules=sd-mod,usb-storage,ext4", will be passed to user space.
[    0.358462] Dentry cache hash table entries: 524288 (order: 10, 4194304 bytes, linear)
[    0.368230] Inode-cache hash table entries: 262144 (order: 9, 2097152 bytes, linear)
[    0.368450] Built 1 zonelists, mobility grouping on.  Total pages: 1031898
[    0.379593] mem auto-init: stack:all(zero), heap alloc:on, heap free:off
[    0.379601] software IO TLB: area num 2.
[    0.732758] Memory: 4012148K/4193760K available (12288K kernel code, 1744K rwdata, 8008K rodata, 2640K init, 2300K bss, 181352K reserved, 0K cma-reserved)
[    0.739926] SLUB: HWalign=64, Order=0-3, MinObjects=0, CPUs=2, Nodes=1
[    0.740325] Kernel/User page tables isolation: enabled
[    0.760220] Dynamic Preempt: none
[    0.760718] rcu: Preemptible hierarchical RCU implementation.
[    0.760737] rcu: 	RCU restricting CPUs from NR_CPUS=256 to nr_cpu_ids=2.
[    0.760776] 	Trampoline variant of Tasks RCU enabled.
[    0.760795] 	Tracing variant of Tasks RCU enabled.
[    0.760814] rcu: RCU calculated value of scheduler-enlistment delay is 10 jiffies.
[    0.760815] rcu: Adjusting geometry for rcu_fanout_leaf=16, nr_cpu_ids=2
[    0.771841] NR_IRQS: 16640, nr_irqs: 440, preallocated irqs: 16
[    0.772976] rcu: srcu_init: Setting srcu_struct sizes based on contention.
[    0.773402] kfence: initialized - using 2097152 bytes for 255 objects at 0x(____ptrval____)-0x(____ptrval____)
[    0.798488] Console: colour VGA+ 80x25
[    0.799017] printk: console [ttyS0] enabled
[    1.124208] ACPI: Core revision 20230628
[    1.127689] clocksource: hpet: mask: 0xffffffff max_cycles: 0xffffffff, max_idle_ns: 19112604467 ns
[    1.133722] APIC: Switch to symmetric I/O mode setup
[    1.138038] x2apic enabled
[    1.141318] APIC: Switched APIC routing to: physical x2apic
[    1.150732] ..TIMER: vector=0x30 apic1=0 pin1=2 apic2=-1 pin2=-1
[    1.154004] clocksource: tsc-early: mask: 0xffffffffffffffff max_cycles: 0x285c3ee517e, max_idle_ns: 440795257231 ns
[    1.159420] Calibrating delay loop (skipped) preset value.. 5599.99 BogoMIPS (lpj=27999980)
[    1.170554] Last level iTLB entries: 4KB 0, 2MB 0, 4MB 0
[    1.173305] Last level dTLB entries: 4KB 0, 2MB 0, 4MB 0, 1GB 0
[    1.176448] Spectre V1 : Mitigation: usercopy/swapgs barriers and __user pointer sanitization
[    1.179416] Spectre V2 : Mitigation: Retpolines
[    1.181800] Spectre V2 : Spectre v2 / SpectreRSB mitigation: Filling RSB on context switch
[    1.186072] Spectre V2 : Spectre v2 / SpectreRSB : Filling RSB on VMEXIT
[    1.189394] Speculative Store Bypass: Vulnerable
[    1.191839] MDS: Vulnerable: Clear CPU buffers attempted, no microcode
[    1.195238] MMIO Stale Data: Unknown: No mitigations
[    1.199420] x86/fpu: x87 FPU will use FXSAVE
[    1.246109] Freeing SMP alternatives memory: 32K
[    1.248557] pid_max: default: 32768 minimum: 301
[    1.250007] LSM: initializing lsm=capability,landlock,lockdown,integrity
[    1.254212] landlock: Up and running.
[    1.256671] Mount-cache hash table entries: 8192 (order: 4, 65536 bytes, linear)
[    1.259727] Mountpoint-cache hash table entries: 8192 (order: 4, 65536 bytes, linear)
[    1.389821] smpboot: CPU0: Intel QEMU Virtual CPU version 2.5+ (family: 0xf, model: 0x6b, stepping: 0x1)
[    1.397093] RCU Tasks: Setting shift to 1 and lim to 1 rcu_task_cb_adjust=1.
[    1.399508] RCU Tasks Trace: Setting shift to 1 and lim to 1 rcu_task_cb_adjust=1.
[    1.403579] Performance Events: unsupported Netburst CPU model 107 no PMU driver, software events only.
[    1.409709] signal: max sigframe size: 1440
[    1.412196] rcu: Hierarchical SRCU implementation.
[    1.414696] rcu: 	Max phase no-delay instances is 1000.
[    1.419115] NMI watchdog: Perf NMI watchdog permanently disabled
[    1.419629] smp: Bringing up secondary CPUs ...
[    1.423111] smpboot: x86: Booting SMP configuration:
[    1.425732] .... node  #0, CPUs:      #1
[    1.441769] smp: Brought up 1 node, 2 CPUs
[    1.449401] smpboot: Max logical packages: 1
[    1.451634] ----------------
[    1.453150] | NMI testsuite:
[    1.454699] --------------------
[    1.456390]   remote IPI:  ok  |
[    1.458168]    local IPI:  ok  |
[    1.459397] --------------------
[    1.461098] Good, all   2 testcases passed! |
[    1.463358] ---------------------------------
[    1.465605] smpboot: Total of 2 processors activated (11199.99 BogoMIPS)
[    1.471128] devtmpfs: initialized
[    1.471406] x86/mm: Memory block size: 128MB
[    1.475615] clocksource: jiffies: mask: 0xffffffff max_cycles: 0xffffffff, max_idle_ns: 19112604462750000 ns
[    1.479563] futex hash table entries: 512 (order: 3, 32768 bytes, linear)
[    1.500235] NET: Registered PF_NETLINK/PF_ROUTE protocol family
[    1.503781] audit: initializing netlink subsys (disabled)
[    1.506878] audit: type=2000 audit(1772765322.148:1): state=initialized audit_enabled=0 res=1
[    1.506878] thermal_sys: Registered thermal governor 'step_wise'
[    1.509441] cpuidle: using governor ladder
[    1.514971] cpuidle: using governor menu
[    1.519691] acpiphp: ACPI Hot Plug PCI Controller Driver version: 0.5
[    1.524061] PCI: Using configuration type 1 for base access
[    1.527455] kprobes: kprobe jump-optimization is enabled. All kprobes are optimized if possible.
[    1.530226] HugeTLB: registered 2.00 MiB page size, pre-allocated 0 pages
[    1.533811] HugeTLB: 28 KiB vmemmap can be freed for a 2.00 MiB page
[    1.539867] ACPI: Added _OSI(Module Device)
[    1.542093] ACPI: Added _OSI(Processor Device)
[    1.544497] ACPI: Added _OSI(3.0 _SCP Extensions)
[    1.544497] ACPI: Added _OSI(Processor Aggregator Device)
[    1.545558] ACPI: 1 ACPI AML tables successfully acquired and loaded
[    1.551103] ACPI: _OSC evaluation for CPUs failed, trying _PDC
[    1.552619] ACPI: Interpreter enabled
[    1.554677] ACPI: PM: (supports S0 S3 S5)
[    1.559418] ACPI: Using IOAPIC for interrupt routing
[    1.562104] PCI: Using host bridge windows from ACPI; if necessary, use "pci=nocrs" and report a bug
[    1.566869] PCI: Using E820 reservations for host bridge windows
[    1.569535] ACPI: Enabled 2 GPEs in block 00 to 0F
[    1.575517] ACPI: PCI Root Bridge [PCI0] (domain 0000 [bus 00-ff])
[    1.579402] acpi PNP0A03:00: _OSC: OS supports [ASPM ClockPM Segments MSI HPX-Type3]
[    1.583427] acpi PNP0A03:00: _OSC: not requesting OS control; OS requires [ExtendedConfig ASPM ClockPM MSI]
[    1.589402] acpi PNP0A03:00: fail to add MMCONFIG information, can't access extended configuration space under this bridge
[    1.595719] acpiphp: Slot [3] registered
[    1.597873] acpiphp: Slot [4] registered
[    1.599444] acpiphp: Slot [5] registered
[    1.601566] acpiphp: Slot [6] registered
[    1.604364] acpiphp: Slot [7] registered
[    1.606516] acpiphp: Slot [8] registered
[    1.609448] acpiphp: Slot [9] registered
[    1.611570] acpiphp: Slot [10] registered
[    1.613796] acpiphp: Slot [11] registered
[    1.615981] acpiphp: Slot [12] registered
[    1.618134] acpiphp: Slot [13] registered
[    1.619443] acpiphp: Slot [14] registered
[    1.621591] acpiphp: Slot [15] registered
[    1.623742] acpiphp: Slot [16] registered
[    1.625905] acpiphp: Slot [17] registered
[    1.628057] acpiphp: Slot [18] registered
[    1.629442] acpiphp: Slot [19] registered
[    1.631624] acpiphp: Slot [20] registered
[    1.633793] acpiphp: Slot [21] registered
[    1.635943] acpiphp: Slot [22] registered
[    1.639441] acpiphp: Slot [23] registered
[    1.641582] acpiphp: Slot [24] registered
[    1.643739] acpiphp: Slot [25] registered
[    1.645883] acpiphp: Slot [26] registered
[    1.648025] acpiphp: Slot [27] registered
[    1.649474] acpiphp: Slot [28] registered
[    1.651637] acpiphp: Slot [29] registered
[    1.653818] acpiphp: Slot [30] registered
[    1.655973] acpiphp: Slot [31] registered
[    1.659444] PCI host bridge to bus 0000:00
[    1.661574] pci_bus 0000:00: root bus resource [io  0x0000-0x0cf7 window]
[    1.665137] pci_bus 0000:00: root bus resource [io  0x0d00-0xffff window]
[    1.668673] pci_bus 0000:00: root bus resource [mem 0x000a0000-0x000bffff window]
[    1.669398] pci_bus 0000:00: root bus resource [mem 0xc0000000-0xfebfffff window]
[    1.673242] pci_bus 0000:00: root bus resource [mem 0x140000000-0x1bfffffff window]
[    1.679395] pci_bus 0000:00: root bus resource [bus 00-ff]
[    1.682435] pci 0000:00:00.0: [8086:1237] type 00 class 0x060000
[    1.689437] pci 0000:00:01.0: [8086:7000] type 00 class 0x060100
[    1.695482] pci 0000:00:01.1: [8086:7010] type 00 class 0x010180
[    1.702588] pci 0000:00:01.1: reg 0x20: [io  0xc160-0xc16f]
[    1.707037] pci 0000:00:01.1: legacy IDE quirk: reg 0x10: [io  0x01f0-0x01f7]
[    1.709396] pci 0000:00:01.1: legacy IDE quirk: reg 0x14: [io  0x03f6]
[    1.712764] pci 0000:00:01.1: legacy IDE quirk: reg 0x18: [io  0x0170-0x0177]
[    1.716443] pci 0000:00:01.1: legacy IDE quirk: reg 0x1c: [io  0x0376]
[    1.720142] pci 0000:00:01.3: [8086:7113] type 00 class 0x068000
[    1.725644] pci 0000:00:01.3: quirk: [io  0x0600-0x063f] claimed by PIIX4 ACPI
[    1.729440] pci 0000:00:01.3: quirk: [io  0x0700-0x070f] claimed by PIIX4 SMB
[    1.734091] pci 0000:00:02.0: [1234:1111] type 00 class 0x030000
[    1.750863] pci 0000:00:02.0: reg 0x10: [mem 0xfd000000-0xfdffffff pref]
[    1.771095] pci 0000:00:02.0: reg 0x18: [mem 0xfeb90000-0xfeb90fff]
[    1.784920] pci 0000:00:02.0: reg 0x30: [mem 0xfeb80000-0xfeb8ffff pref]
[    1.790903] pci 0000:00:02.0: Video device with shadowed ROM at [mem 0x000c0000-0x000dffff]
[    1.803647] pci 0000:00:03.0: [1af4:1000] type 00 class 0x020000
[    1.807973] pci 0000:00:03.0: reg 0x10: [io  0xc140-0xc15f]
[    1.810525] pci 0000:00:03.0: reg 0x14: [mem 0xfeb91000-0xfeb91fff]
[    1.817876] pci 0000:00:03.0: reg 0x20: [mem 0xfe000000-0xfe003fff 64bit pref]
[    1.830362] pci 0000:00:03.0: reg 0x30: [mem 0xfeb00000-0xfeb7ffff pref]
[    1.835204] pci 0000:00:04.0: [1af4:1009] type 00 class 0x000200
[    1.838141] pci 0000:00:04.0: reg 0x10: [io  0xc100-0xc13f]
[    1.840326] pci 0000:00:04.0: reg 0x14: [mem 0xfeb92000-0xfeb92fff]
[    1.846833] pci 0000:00:04.0: reg 0x20: [mem 0xfe004000-0xfe007fff 64bit pref]
[    1.854658] pci 0000:00:05.0: [1af4:1001] type 00 class 0x010000
[    1.861104] pci 0000:00:05.0: reg 0x10: [io  0xc000-0xc07f]
[    1.865696] pci 0000:00:05.0: reg 0x14: [mem 0xfeb93000-0xfeb93fff]
[    1.873885] pci 0000:00:05.0: reg 0x20: [mem 0xfe008000-0xfe00bfff 64bit pref]
[    1.883515] pci 0000:00:06.0: [1af4:1001] type 00 class 0x010000
[    1.888528] pci 0000:00:06.0: reg 0x10: [io  0xc080-0xc0ff]
[    1.890686] pci 0000:00:06.0: reg 0x14: [mem 0xfeb94000-0xfeb94fff]
[    1.900958] pci 0000:00:06.0: reg 0x20: [mem 0xfe00c000-0xfe00ffff 64bit pref]
[    1.913059] ACPI: PCI: Interrupt link LNKA configured for IRQ 10
[    1.916736] ACPI: PCI: Interrupt link LNKB configured for IRQ 10
[    1.919631] ACPI: PCI: Interrupt link LNKC configured for IRQ 11
[    1.922974] ACPI: PCI: Interrupt link LNKD configured for IRQ 11
[    1.926252] ACPI: PCI: Interrupt link LNKS configured for IRQ 9
[    1.932022] iommu: Default domain type: Translated
[    1.934618] iommu: DMA domain TLB invalidation policy: lazy mode
[    1.940635] SCSI subsystem initialized
[    1.949763] pps_core: LinuxPPS API ver. 1 registered
[    1.952435] pps_core: Software ver. 5.3.6 - Copyright 2005-2007 Rodolfo Giometti <giometti@linux.it>
[    1.957199] PTP clock support registered
[    1.962359] PCI: Using ACPI for IRQ routing
[    1.964626] hpet: 3 channels of 0 reserved for per-cpu timers
[    1.969471] clocksource: Switched to clocksource kvm-clock
[    1.985835] VFS: Disk quotas dquot_6.6.0
[    1.988127] VFS: Dquot-cache hash table entries: 512 (order 0, 4096 bytes)
[    1.992267] pnp: PnP ACPI init
[    1.994992] pnp: PnP ACPI: found 6 devices
[    2.014544] clocksource: acpi_pm: mask: 0xffffff max_cycles: 0xffffff, max_idle_ns: 2085701024 ns
[    2.019835] NET: Registered PF_INET protocol family
[    2.025272] IP idents hash table entries: 65536 (order: 7, 524288 bytes, linear)
[    2.031601] tcp_listen_portaddr_hash hash table entries: 2048 (order: 3, 32768 bytes, linear)
[    2.037328] Table-perturb hash table entries: 65536 (order: 6, 262144 bytes, linear)
[    2.042539] TCP established hash table entries: 32768 (order: 6, 262144 bytes, linear)
[    2.051747] TCP bind hash table entries: 32768 (order: 8, 1048576 bytes, linear)
[    2.055887] TCP: Hash tables configured (established 32768 bind 32768)
[    2.060863] UDP hash table entries: 2048 (order: 4, 65536 bytes, linear)
[    2.064709] UDP-Lite hash table entries: 2048 (order: 4, 65536 bytes, linear)
[    2.068878] NET: Registered PF_UNIX/PF_LOCAL protocol family
[    2.071947] NET: Registered PF_XDP protocol family
[    2.074644] pci_bus 0000:00: resource 4 [io  0x0000-0x0cf7 window]
[    2.077999] pci_bus 0000:00: resource 5 [io  0x0d00-0xffff window]
[    2.081253] pci_bus 0000:00: resource 6 [mem 0x000a0000-0x000bffff window]
[    2.084839] pci_bus 0000:00: resource 7 [mem 0xc0000000-0xfebfffff window]
[    2.088549] pci_bus 0000:00: resource 8 [mem 0x140000000-0x1bfffffff window]
[    2.092394] pci 0000:00:01.0: PIIX3: Enabling Passive Release
[    2.095537] pci 0000:00:00.0: Limiting direct PCI/PCI transfers
[    2.099160] PCI: CLS 0 bytes, default 64
[    2.101371] PCI-DMA: Using software bounce buffering for IO (SWIOTLB)
[    2.102038] Unpacking initramfs...
[    2.104728] software IO TLB: mapped [mem 0x00000000bbfda000-0x00000000bffda000] (64MB)
[    2.111064] clocksource: tsc: mask: 0xffffffffffffffff max_cycles: 0x285c3ee517e, max_idle_ns: 440795257231 ns
[    2.117662] Initialise system trusted keyrings
[    2.120600] workingset: timestamp_bits=46 max_order=20 bucket_order=0
[    2.124063] zbud: loaded
[    2.125815] Key type asymmetric registered
[    2.128149] Asymmetric key parser 'x509' registered
[    2.131050] Block layer SCSI generic (bsg) driver version 0.4 loaded (major 247)
[    2.135395] io scheduler mq-deadline registered
[    2.137872] io scheduler kyber registered
[    2.140093] io scheduler bfq registered
[    2.143254] ERST DBG: ERST support is disabled.
[    2.158692] ACPI: \_SB_.LNKC: Enabled at IRQ 11
[    2.178874] ACPI: \_SB_.LNKD: Enabled at IRQ 10
[    2.197151] ACPI: \_SB_.LNKA: Enabled at IRQ 10
[    2.215099] ACPI: \_SB_.LNKB: Enabled at IRQ 11
[    2.222693] Serial: 8250/16550 driver, 4 ports, IRQ sharing enabled
[    2.226789] 00:04: ttyS0 at I/O 0x3f8 (irq = 4, base_baud = 115200) is a 16550A
[    2.236672] VMware PVSCSI driver - version 1.0.7.0-k
[    2.244145] scsi host0: ata_piix
[    2.246845] scsi host1: ata_piix
[    2.248701] ata1: PATA max MWDMA2 cmd 0x1f0 ctl 0x3f6 bmdma 0xc160 irq 14
[    2.252276] ata2: PATA max MWDMA2 cmd 0x170 ctl 0x376 bmdma 0xc168 irq 15
[    2.256496] i8042: PNP: PS/2 Controller [PNP0303:KBD,PNP0f13:MOU] at 0x60,0x64 irq 1,12
[    2.266913] serio: i8042 KBD port at 0x60,0x64 irq 1
[    2.269568] serio: i8042 AUX port at 0x60,0x64 irq 12
[    2.272376] rtc_cmos 00:05: RTC can wake from S4
[    2.278404] input: AT Translated Set 2 keyboard as /devices/platform/i8042/serio0/input/input0
[    2.285142] rtc_cmos 00:05: registered as rtc0
[    2.287933] rtc_cmos 00:05: setting system clock to 2026-03-06T02:48:42 UTC (1772765322)
[    2.292598] rtc_cmos 00:05: alarms up to one day, y3k, 242 bytes nvram, hpet irqs
[    2.296591] intel_pstate: CPU model not supported
[    2.299357] gre: GRE over IPv4 demultiplexor driver
[    2.322824] Freeing initrd memory: 9096K
[    2.341828] Key type dns_resolver registered
[    2.344356] IPI shorthand broadcast: enabled
[    2.349457] sched_clock: Marking stable (1980353733, 366317871)->(2343937140, 2734464)
[    2.355265] registered taskstats version 1
[    2.357736] Loading compiled-in X.509 certificates
[    2.375274] Loaded X.509 cert 'alpinelinux.org: Alpine Linux kernel key: d76a695f66ad9cd28f5c22a8508f36e91f521f7a'
[    2.383659] Key type .fscrypt registered
[    2.385724] Key type fscrypt-provisioning registered
[    2.427110] ata2: found unknown device (class 0)
[    2.430862] ata2.00: ATAPI: QEMU DVD-ROM, 2.5+, max UDMA/100
[    2.436461] scsi 1:0:0:0: CD-ROM            QEMU     QEMU DVD-ROM     2.5+ PQ: 0 ANSI: 5
[    2.507652] Freeing unused kernel image (initmem) memory: 2640K
[    2.536464] Write protecting the kernel read-only data: 20480k
[    2.539393] Freeing unused kernel image (rodata/data gap) memory: 184K
[    2.541451] rodata_test: all tests were successful
[    2.542938] Run /init as init process
[    2.557740] Alpine Init 3.9.0-r0
Alpine Init 3.9.[    2.559081] Loading boot drivers...
0-r0
 * Loading boot drivers: [    2.596311] ACPI: bus type USB registered
[    2.598035] usbcore: registered new interface driver usbfs
[    2.599714] usbcore: registered new interface driver hub
[    2.601343] usbcore: registered new device driver usb
[    2.607273] usbcore: registered new interface driver usb-storage
[    2.810558] loop: module loaded
[    2.852071] ACPI: bus type drm_connector registered
[    2.879068] Loading boot drivers: ok.
ok.
[    2.882009] Mounting root...
 * Mounting root: [    2.921284] piix4_smbus 0000:00:01.3: SMBus Host Controller at 0x700, revision 0
[    2.942698] [drm] Found bochs VGA, ID 0xb0c5.
[    2.944089] [drm] Framebuffer size 16384 kB @ 0xfd000000, mmio @ 0xfeb90000.
[    2.952516] [drm] Found EDID data blob.
[    2.954048] [drm] Initialized bochs-drm 1.0.0 20130925 for 0000:00:02.0 on minor 0
[    2.985443] Console: switching to colour frame buffer device 128x48
[    2.988345] bochs-drm 0000:00:02.0: [drm] fb0: bochs-drmdrmfb frame buffer device
[    3.118938] sr 1:0:0:0: [sr0] scsi3-mmc drive: 4x/4x cd/rw xa/form2 tray
[    3.121014] cdrom: Uniform CD-ROM driver Revision: 3.20
[    3.213445] virtio_blk virtio2: 2/0/0 default/read/poll queues
[    3.218514] virtio_blk virtio2: [vda] 8388608 512-byte logical blocks (4.29 GB/4.00 GiB)
[    3.222754] virtio_blk virtio3: 2/0/0 default/read/poll queues
[    3.228780] virtio_blk virtio3: [vdb] 736 512-byte logical blocks (377 kB/368 KiB)
[    3.310324] block sr0: the capability attribute has been deprecated.
[    6.122415] EXT4-fs (vda): mounted filesystem 367ceb5a-a72a-4cc6-9140-e18812d3c81b ro with ordered data mode. Quota mode: none.
[    6.126187] Mounting root: ok.
ok.

   OpenRC 0.52.1 is starting up Linux 6.6.4-1-virt (x86_64)

 * /proc is already mounted
 * Mounting /run ... [ ok ]
 * /run/openrc: creating directory
 * /run/lock: creating directory
 * /run/lock: correcting owner
 * Caching service dependencies ... [ ok ]
 * Remounting devtmpfs on /dev ... [ ok ]
 * Mounting /dev/mqueue ... [ ok ]
 * Mounting security filesystem ... [ ok ]
 * Mounting debug filesystem ... [ ok ]
 * Mounting persistent storage (pstore) filesystem ... [ ok ]
 * Starting busybox mdev ... [ ok ]
 * Scanning hardware for mdev ... [ ok ]
 * Loading hardware drivers ... [ ok ]
 * Loading modules ... [ ok ]
 * Setting system clock using the hardware clock [UTC] ... [ ok ]
 * Checking local filesystems  .../: clean, 8723/65536 files, 158031/262144 blocks
 [ ok ]
 * Remounting root filesystem read/write ... [ ok ]
 * Remounting filesystems ... [ ok ]
 * Activating swap devices ... [ ok ]
 * Mounting local filesystems ... [ ok ]
 * Starting busybox acpid ... [ ok ]
 * Configuring kernel parameters ... [ ok ]
 * Migrating /var/lock to /run/lock ... [ ok ]
 * Creating user login records ... [ ok ]
 * Cleaning /tmp directory ... [ ok ]
Cloud-init v. 23.4 running 'init-local' at Fri, 06 Mar 2026 02:48:50 +0000. Up 10.97 seconds.
 [ ok ]
 * Setting hostname ... [ ok ]
 * Starting busybox syslog ... [ ok ]
 * Mounting cgroup filesystem ... [ ok ]
 * Starting networking ... *   lo ... [ ok ]
 *   eth0 ... [ ok ]
 * /var/log/docker.log: creating file
 * /var/log/docker.log: correcting owner
 * Starting Docker Daemon ... [ ok ]
 * Starting benchmark agent ...
[1A[2Ka257f20c716c: Loading layer  557.1kB/81.04MB[1B[1A[2Ka257f20c716c: Loading layer  6.685MB/81.04MB[1B[1A[2Ka257f20c716c: Loading layer  12.26MB/81.04MB[1B[1A[2Ka257f20c716c: Loading layer  18.94MB/81.04MB[1B[1A[2Ka257f20c716c: Loading layer  22.84MB/81.04MB[1B[1A[2Ka257f20c716c: Loading layer   27.3MB/81.04MB[1B[1A[2Ka257f20c716c: Loading layer  31.75MB/81.04MB[1B[1A[2Ka257f20c716c: Loading layer  38.44MB/81.04MB[1B[1A[2Ka257f20c716c: Loading layer  45.68MB/81.04MB[1B[1A[2Ka257f20c716c: Loading layer  52.36MB/81.04MB[1B[1A[2Ka257f20c716c: Loading layer  59.05MB/81.04MB[1B[1A[2Ka257f20c716c: Loading layer  64.62MB/81.04MB[1B[1A[2Ka257f20c716c: Loading layer  66.85MB/81.04MB[1B[1A[2Ka257f20c716c: Loading layer  67.96MB/81.04MB[1B[1A[2Ka257f20c716c: Loading layer  73.53MB/81.04MB[1B[1A[2Ka257f20c716c: Loading layer   75.2MB/81.04MB[1B[1A[2Ka257f20c716c: Loading layer  76.32MB/81.04MB[1B[1A[2Ka257f20c716c: Loading layer   79.1MB/81.04MB[1B[1A[2Ka257f20c716c: Loading layer  80.77MB/81.04MB[1B[1A[2Ka257f20c716c: Loading layer  81.04MB/81.04MB[1B
[1A[2Kb0c20bcd44fe: Loading layer  65.54kB/4.123MB[1B[1A[2Kb0c20bcd44fe: Loading layer  1.901MB/4.123MB[1B[1A[2Kb0c20bcd44fe: Loading layer  4.123MB/4.123MB[1B[1A[2Kb0c20bcd44fe: Loading layer  4.123MB/4.123MB[1B
[1A[2K5184c31ad48f: Loading layer  458.8kB/43.85MB[1B[1A[2K5184c31ad48f: Loading layer   3.67MB/43.85MB[1B[1A[2K5184c31ad48f: Loading layer  9.175MB/43.85MB[1B[1A[2K5184c31ad48f: Loading layer  11.93MB/43.85MB[1B[1A[2K5184c31ad48f: Loading layer  16.52MB/43.85MB[1B[1A[2K5184c31ad48f: Loading layer  20.19MB/43.85MB[1B[1A[2K5184c31ad48f: Loading layer  24.31MB/43.85MB[1B[1A[2K5184c31ad48f: Loading layer  27.53MB/43.85MB[1B[1A[2K5184c31ad48f: Loading layer  30.74MB/43.85MB[1B[1A[2K5184c31ad48f: Loading layer  33.49MB/43.85MB[1B[1A[2K5184c31ad48f: Loading layer  35.78MB/43.85MB[1B[1A[2K5184c31ad48f: Loading layer  38.54MB/43.85MB[1B[1A[2K5184c31ad48f: Loading layer  40.83MB/43.85MB[1B[1A[2K5184c31ad48f: Loading layer  43.58MB/43.85MB[1B[1A[2K5184c31ad48f: Loading layer  43.85MB/43.85MB[1B
[1A[2Kfa1d322086e6: Loading layer   5.12kB/5.12kB[1B[1A[2Kfa1d322086e6: Loading layer   5.12kB/5.12kB[1B
[1A[2Kbdf610394df6: Loading layer  22.02kB/22.02kB[1B[1A[2Kbdf610394df6: Loading layer  22.02kB/22.02kB[1B
[1A[2Keb067feb5b8d: Loading layer  9.728kB/9.728kB[1B[1A[2Keb067feb5b8d: Loading layer  9.728kB/9.728kB[1BLoaded image: bench-worker:latest
 [ ok ]
 * Starting chronyd ... [ ok ]
 * Starting cloud-init-hotplugd ... [ ok ]
Cloud-init v. 23.4 running 'init' at Fri, 06 Mar 2026 02:49:11 +0000. Up 31.39 seconds.
ci-info: +++++++++++++++++++++++++++++++++++++++Net device info+++++++++++++++++++++++++++++++++++++++
ci-info: +---------+-------+----------------------------+---------------+--------+-------------------+
ci-info: |  Device |   Up  |          Address           |      Mask     | Scope  |     Hw-Address    |
ci-info: +---------+-------+----------------------------+---------------+--------+-------------------+
ci-info: | docker0 | False |         172.17.0.1         |  255.255.0.0  | global | 02:42:f3:bb:2c:8d |
ci-info: |   eth0  |  True |         10.0.2.15          | 255.255.255.0 | global | 52:54:00:12:34:56 |
ci-info: |   eth0  |  True | fec0::5054:ff:fe12:3456/64 |       .       |  site  | 52:54:00:12:34:56 |
ci-info: |   eth0  |  True | fe80::5054:ff:fe12:3456/64 |       .       |  link  | 52:54:00:12:34:56 |
ci-info: |    lo   |  True |         127.0.0.1          |   255.0.0.0   |  host  |         .         |
ci-info: |    lo   |  True |          ::1/128           |       .       |  host  |         .         |
ci-info: +---------+-------+----------------------------+---------------+--------+-------------------+
ci-info: +++++++++++++++++++++++++++Route IPv4 info++++++++++++++++++++++++++++
ci-info: +-------+-------------+----------+---------------+-----------+-------+
ci-info: | Route | Destination | Gateway  |    Genmask    | Interface | Flags |
ci-info: +-------+-------------+----------+---------------+-----------+-------+
ci-info: |   0   |   0.0.0.0   | 10.0.2.2 |    0.0.0.0    |    eth0   |   UG  |
ci-info: |   1   |   10.0.2.0  | 0.0.0.0  | 255.255.255.0 |    eth0   |   U   |
ci-info: |   2   |  172.17.0.0 | 0.0.0.0  |  255.255.0.0  |  docker0  |   U   |
ci-info: +-------+-------------+----------+---------------+-----------+-------+
ci-info: +++++++++++++++++++Route IPv6 info+++++++++++++++++++
ci-info: +-------+-------------+---------+-----------+-------+
ci-info: | Route | Destination | Gateway | Interface | Flags |
ci-info: +-------+-------------+---------+-----------+-------+
ci-info: |   0   |  fe80::/64  |    ::   |    eth0   |   U   |
ci-info: |   1   |  fec0::/64  |    ::   |    eth0   |   Ue  |
ci-info: |   2   |     ::/0    | fe80::2 |    eth0   |  UGe  |
ci-info: |   4   |    local    |    ::   |    eth0   |   U   |
ci-info: |   5   |    local    |    ::   |    eth0   |   U   |
ci-info: |   6   |  multicast  |    ::   |    eth0   |   U   |
ci-info: +-------+-------------+---------+-----------+-------+
2026-03-06 02:49:11,493 - cloud_config.py[WARNING]: Failed at merging in cloud config part from part-001: empty cloud config
Generating public/private rsa key pair.
Your identification has been saved in /etc/ssh/ssh_host_rsa_key
Your public key has been saved in /etc/ssh/ssh_host_rsa_key.pub
The key fingerprint is:
SHA256:nMmyseiHpbOvQ8s+kq6JF/F07jHUO+kipfhFsR1MR6I root@agent-0
The key's randomart image is:
+---[RSA 3072]----+
|        o.o      |
|       + o       |
|      E.o        |
|  . . o*.+       |
|   + += So       |
|  . oo*=+        |
|   *.O++ .       |
|..=.@.+ .        |
|++.+*X..         |
+----[SHA256]-----+
Generating public/private dsa key pair.
Your identification has been saved in /etc/ssh/ssh_host_dsa_key
Your public key has been saved in /etc/ssh/ssh_host_dsa_key.pub
The key fingerprint is:
SHA256:HAalKkGnMnE2HhkKVkj+4jHURDNfdugpe3vjTqaDx+w root@agent-0
The key's randomart image is:
+---[DSA 1024]----+
|+o@O. .+o.       |
|+O+=+ o+.        |
|+o+. .o +        |
|.o.. o = .       |
| +... o S        |
|. +. . .         |
| .    = .o       |
|     . *+o       |
|      oE=o.      |
+----[SHA256]-----+
Generating public/private ecdsa key pair.
Your identification has been saved in /etc/ssh/ssh_host_ecdsa_key
Your public key has been saved in /etc/ssh/ssh_host_ecdsa_key.pub
The key fingerprint is:
SHA256:bxq9Tcms1qIZekPEa12V8maJGBzeJ0woV5kVOFqg3oc root@agent-0
The key's randomart image is:
+---[ECDSA 256]---+
|         .o=o=oo |
|        .o=+B o  |
|       ..o.=+*.. |
|       .o.o.oo=  |
|       .SoE..o   |
|        +o.+ .   |
|       oo +.=    |
|       .o*o=.    |
|      ..++o..    |
+----[SHA256]-----+
Generating public/private ed25519 key pair.
Your identification has been saved in /etc/ssh/ssh_host_ed25519_key
Your public key has been saved in /etc/ssh/ssh_host_ed25519_key.pub
The key fingerprint is:
SHA256:O1/rABAvMu+AYvkFvRnSMzedstMS6JmdB/8FyZHqoD8 root@agent-0
The key's randomart image is:
+--[ED25519 256]--+
|      .    ..    |
|    o .o. o.o    |
|   ooBo*.o.+     |
|  ..++@+X.  .    |
|.o. .Bo*S+   .   |
|... .+  ++. .    |
|   .  o o ...    |
|       E o o .   |
|        . ..o    |
+----[SHA256]-----+
 [ ok ]
Cloud-init v. 23.4 running 'modules:config' at Fri, 06 Mar 2026 02:49:12 +0000. Up 32.29 seconds.
 [ ok ]
Cloud-init v. 23.4 running 'modules:final' at Fri, 06 Mar 2026 02:49:12 +0000. Up 32.76 seconds.
ci-info: no authorized SSH keys fingerprints found for user alpine.
cloud-init: #############################################################
cloud-init: -----BEGIN SSH HOST KEY FINGERPRINTS-----
cloud-init: 1024 SHA256:HAalKkGnMnE2HhkKVkj+4jHURDNfdugpe3vjTqaDx+w root@agent-0 (DSA)
cloud-init: 256 SHA256:bxq9Tcms1qIZekPEa12V8maJGBzeJ0woV5kVOFqg3oc root@agent-0 (ECDSA)
cloud-init: 256 SHA256:O1/rABAvMu+AYvkFvRnSMzedstMS6JmdB/8FyZHqoD8 root@agent-0 (ED25519)
cloud-init: 3072 SHA256:nMmyseiHpbOvQ8s+kq6JF/F07jHUO+kipfhFsR1MR6I root@agent-0 (RSA)
cloud-init: -----END SSH HOST KEY FINGERPRINTS-----
cloud-init: #############################################################
-----BEGIN SSH HOST KEY KEYS-----
ecdsa-sha2-nistp256 AAAAE2VjZHNhLXNoYTItbmlzdHAyNTYAAAAIbmlzdHAyNTYAAABBBN57/Il2OblhX3aDmGFAKZjOOVXHCTp4WTHUsOH5jkBRsFA+axv5XU6D28a4G9KqUalS19AH5lgQrM9rLWbHU4E= root@agent-0
ssh-ed25519 AAAAC3NzaC1lZDI1NTE5AAAAILTaQqD4+EbdRqrQ8jUZPpoLSykO/wB+BaqaWzCwka+v root@agent-0
ssh-rsa AAAAB3NzaC1yc2EAAAADAQABAAABgQDdLpFcozWJ/bvHvvfYtGYZ+rNgJM+PhE3dGERy5fpY8GGOHna/yOxolQlsKC56iX4clubVhW8UTCGCSHIQ1AVSdOfjRzw/iUU3XfxW5Ee56gVnADbO9W+frOS/LnBZPsJ7mDMYtFumELGp7NPzX+XKtc2ZyCohQ5nlV/u+lh6wWV2lHvKykS/Ha4AK3oUZj0zvVvGMivSqmIjRTXEjlaQoEGLRsp5wUkZ5yOrt3ty8sDMTcLOrsucx0T15X40CZw/NNeZD05tdxwTpe7oe1m//1mxLvNbgiElPCnf0OZRqReoagB+46C+OFuuixyls1iEuIsgKNRtlBiTmGrIJvSvNDdtl7nxAG8XbY+iscDhAiNR8g8sVetJC5p0ANTTNsybVisIc+4sriZIIYMaGJTbUeS2UGBzz+GQ1XasF1kS8dCygG9g5xqh5U5/PL4Ada+NCUXZrFw4W+bMKsNvdOp9RCyHUaS10PNL8GxhGW9RX6RIVOcozn3xThMot2df/gZ8= root@agent-0
-----END SSH HOST KEY KEYS-----
Cloud-init v. 23.4 finished at Fri, 06 Mar 2026 02:49:12 +0000. Datasource DataSourceNoCloud [seed=/dev/vdb][dsmode=net].  Up 32.94 seconds
 [ ok ]

Welcome to Alpine Linux 3.19
Kernel 6.6.4-1-virt on an x86_64 (/dev/ttyS0)

agent-0 login: 