c[?7l[2J[0mSeaBIOS (version 1.15.0-1)


iPXE (https://ipxe.org) 00:03.0 CA00 PCI2.10 PnP PMM+BFF8B380+BFECB380 CA00
Press Ctrl-B to configure iPXE (PCI 00:03.0)...                                                                               


Booting from Hard Disk...

SYSLINUX 6.04 EDD 6.04-pre1 Copyright (C) 1994-2015 H. Peter Anvin et al

SYSLINUX 6.04 6.04-pre1 Copyright (C) 1994-2015 H. Peter Anvin et al
[2Je%@)0(B[0;37;40m[?25l[2J[23;16HAlpine will be booted automatically in [0;1m1[0m seconds[23;16H[0;37;40mAlpine will be booted automatica.lly in [0;1;37;40m1[0;37;40m seconds.[23;16H                                                 [23;16H[0;37;40m                                                  [?25h[24;1H[0m 
Loading vmlinuz-virt...Loading vmlinuz-virt...  ook
k
Loading initramfs-virt..Loading initramfs-virt....ookk

c[?7l[2J[    0.000000] Linux version 6.6.4-1-virt (buildozer@build-3-19-x86_64) (gcc (Alpine 13.2.1_git20231014) 13.2.1 20231014, GNU ld (GNU Binutils) 2.41) #2-Alpine SMP PREEMPT_DYNAMIC Tue, 05 Dec 2023 20:25:50 +0000
[    0.000000] Command line: BOOT_IMAGE=vmlinuz-virt root=LABEL=/ modules=sd-mod,usb-storage,ext4 console=ttyS0,115200n8 initrd=initramfs-virt
[    0.000000] BIOS-provided physical RAM map:
[    0.000000] BIOS-e820: [mem 0x0000000000000000-0x000000000009fbff] usable
[    0.000000] BIOS-e820: [mem 0x000000000009fc00-0x000000000009ffff] reserved
[    0.000000] BIOS-e820: [mem 0x00000000000f0000-0x00000000000fffff] reserved
[    0.000000] BIOS-e820: [mem 0x0000000000100000-0x00000000bffd9fff] usable
[    0.000000] BIOS-e820: [mem 0x00000000bffda000-0x00000000bfffffff] reserved
[    0.000000] BIOS-e820: [mem 0x00000000feffc000-0x00000000feffffff] reserved
[    0.000000] BIOS-e820: [mem 0x00000000fffc0000-0x00000000ffffffff] reserved
[    0.000000] BIOS-e820: [mem 0x0000000100000000-0x000000013fffffff] usable
[    0.000000] NX (Execute Disable) protection: active
[    0.000000] APIC: Static calls initialized
[    0.000000] SMBIOS 2.8 present.
[    0.000000] DMI: QEMU Standard PC (i440FX + PIIX, 1996), BIOS 1.15.0-1 04/01/2014
[    0.000000] Hypervisor detected: KVM
[    0.000000] kvm-clock: Using msrs 4b564d01 and 4b564d00
[    0.000001] kvm-clock: using sched offset of 2391751551 cycles
[    0.000003] clocksource: kvm-clock: mask: 0xffffffffffffffff max_cycles: 0x1cd42e4dffb, max_idle_ns: 881590591483 ns
[    0.000006] tsc: Detected 2799.998 MHz processor
[    0.000882] last_pfn = 0x140000 max_arch_pfn = 0x400000000
[    0.001261] MTRR map: 4 entries (3 fixed + 1 variable; max 19), built from 8 variable MTRRs
[    0.001276] x86/PAT: Configuration [0-7]: WB  WC  UC- UC  WB  WP  UC- WT  
[    0.001765] last_pfn = 0xbffda max_arch_pfn = 0x400000000
[    0.002119] RAMDISK: [mem 0x7f71e000-0x7fffffff]
[    0.002122] ACPI: Early table checksum verification disabled
[    0.002127] ACPI: RSDP 0x00000000000F59A0 000014 (v00 BOCHS )
[    0.002131] ACPI: RSDT 0x00000000BFFE1975 000034 (v01 BOCHS  BXPC     00000001 BXPC 00000001)
[    0.002138] ACPI: FACP 0x00000000BFFE1821 000074 (v01 BOCHS  BXPC     00000001 BXPC 00000001)
[    0.002169] ACPI: DSDT 0x00000000BFFE0040 0017E1 (v01 BOCHS  BXPC     00000001 BXPC 00000001)
[    0.002173] ACPI: FACS 0x00000000BFFE0000 000040
[    0.002176] ACPI: APIC 0x00000000BFFE1895 000080 (v01 BOCHS  BXPC     00000001 BXPC 00000001)
[    0.002179] ACPI: HPET 0x00000000BFFE1915 000038 (v01 BOCHS  BXPC     00000001 BXPC 00000001)
[    0.002182] ACPI: WAET 0x00000000BFFE194D 000028 (v01 BOCHS  BXPC     00000001 BXPC 00000001)
[    0.002184] ACPI: Reserving FACP table memory at [mem 0xbffe1821-0xbffe1894]
[    0.002186] ACPI: Reserving DSDT table memory at [mem 0xbffe0040-0xbffe1820]
[    0.002187] ACPI: Reserving FACS table memory at [mem 0xbffe0000-0xbffe003f]
[    0.002187] ACPI: Reserving APIC table memory at [mem 0xbffe1895-0xbffe1914]
[    0.002188] ACPI: Reserving HPET table memory at [mem 0xbffe1915-0xbffe194c]
[    0.002188] ACPI: Reserving WAET table memory at [mem 0xbffe194d-0xbffe1974]
[    0.002530] Zone ranges:
[    0.002532]   DMA      [mem 0x0000000000001000-0x0000000000ffffff]
[    0.002534]   DMA32    [mem 0x0000000001000000-0x00000000ffffffff]
[    0.002535]   Normal   [mem 0x0000000100000000-0x000000013fffffff]
[    0.002536] Movable zone start for each node
[    0.002537] Early memory node ranges
[    0.002537]   node   0: [mem 0x0000000000001000-0x000000000009efff]
[    0.002538]   node   0: [mem 0x0000000000100000-0x00000000bffd9fff]
[    0.002539]   node   0: [mem 0x0000000100000000-0x000000013fffffff]
[    0.002541] Initmem setup node 0 [mem 0x0000000000001000-0x000000013fffffff]
[    0.002627] On node 0, zone DMA: 1 pages in unavailable ranges
[    0.003849] On node 0, zone DMA: 97 pages in unavailable ranges
[    0.343334] On node 0, zone Normal: 38 pages in unavailable ranges
[    0.346494] ACPI: PM-Timer IO Port: 0x608
[    0.346544] ACPI: LAPIC_NMI (acpi_id[0xff] dfl dfl lint[0x1])
[    0.346710] IOAPIC[0]: apic_id 0, version 17, address 0xfec00000, GSI 0-23
[    0.346715] ACPI: INT_SRC_OVR (bus 0 bus_irq 0 global_irq 2 dfl dfl)
[    0.346717] ACPI: INT_SRC_OVR (bus 0 bus_irq 5 global_irq 5 high level)
[    0.346718] ACPI: INT_SRC_OVR (bus 0 bus_irq 9 global_irq 9 high level)
[    0.346720] ACPI: INT_SRC_OVR (bus 0 bus_irq 10 global_irq 10 high level)
[    0.346721] ACPI: INT_SRC_OVR (bus 0 bus_irq 11 global_irq 11 high level)
[    0.346725] ACPI: Using ACPI (MADT) for SMP configuration information
[    0.346727] ACPI: HPET id: 0x8086a201 base: 0xfed00000
[    0.346757] smpboot: Allowing 2 CPUs, 0 hotplug CPUs
[    0.346811] kvm-guest: APIC: eoi() replaced with kvm_guest_apic_eoi_write()
[    0.346864] [mem 0xc0000000-0xfeffbfff] available for PCI devices
[    0.346866] Booting paravirtualized kernel on KVM
[    0.346868] clocksource: refined-jiffies: mask: 0xffffffff max_cycles: 0xffffffff, max_idle_ns: 19112604462750000 ns
[    0.350634] setup_percpu: NR_CPUS:256 nr_cpumask_bits:2 nr_cpu_ids:2 nr_node_ids:1
[    0.361147] percpu: Embedded 57 pages/cpu s195048 r8192 d30232 u1048576
[    0.361262] kvm-guest: PV spinlocks disabled, no host support
[    0.361264] Kernel command line: BOOT_IMAGE=vmlinuz-virt root=LABEL=/ modules=sd-mod,usb-storage,ext4 console=ttyS0,115200n8 initrd=initramfs-virt
[    0.361317] Unknown kernel command line parameters "BOOT_IMAGE=vmlinuz-virt modules=sd-mod,usb-storage,ext4", will be passed to user space.
[    0.382161] Dentry cache hash table entries: 524288 (order: 10, 4194304 bytes, linear)
[    0.392458] Inode-cache hash table entries: 262144 (order: 9, 2097152 bytes, linear)
[    0.392682] Built 1 zonelists, mobility grouping on.  Total pages: 1031898
[    0.404478] mem auto-init: stack:all(zero), heap alloc:on, heap free:off
[    0.404485] software IO TLB: area num 2.
[    0.783912] Memory: 4012148K/4193760K available (12288K kernel code, 1744K rwdata, 8008K rodata, 2640K init, 2300K bss, 181352K reserved, 0K cma-reserved)
[    0.789864] SLUB: HWalign=64, Order=0-3, MinObjects=0, CPUs=2, Nodes=1
[    0.790024] Kernel/User page tables isolation: enabled
[    0.792589] Dynamic Preempt: none
[    0.792840] rcu: Preemptible hierarchical RCU implementation.
[    0.792841] rcu: 	RCU restricting CPUs from NR_CPUS=256 to nr_cpu_ids=2.
[    0.792843] 	Trampoline variant of Tasks RCU enabled.
[    0.792844] 	Tracing variant of Tasks RCU enabled.
[    0.792845] rcu: RCU calculated value of scheduler-enlistment delay is 10 jiffies.
[    0.792846] rcu: Adjusting geometry for rcu_fanout_leaf=16, nr_cpu_ids=2
[    0.797426] NR_IRQS: 16640, nr_irqs: 440, preallocated irqs: 16
[    0.797994] rcu: srcu_init: Setting srcu_struct sizes based on contention.
[    0.798155] kfence: initialized - using 2097152 bytes for 255 objects at 0x(____ptrval____)-0x(____ptrval____)
[    0.823264] Console: colour VGA+ 80x25
[    0.823425] printk: console [ttyS0] enabled
[    1.150318] ACPI: Core revision 20230628
[    1.153108] clocksource: hpet: mask: 0xffffffff max_cycles: 0xffffffff, max_idle_ns: 19112604467 ns
[    1.158257] APIC: Switch to symmetric I/O mode setup
[    1.162348] x2apic enabled
[    1.165298] APIC: Switched APIC routing to: physical x2apic
[    1.174723] ..TIMER: vector=0x30 apic1=0 pin1=2 apic2=-1 pin2=-1
[    1.177968] clocksource: tsc-early: mask: 0xffffffffffffffff max_cycles: 0x285c3ee517e, max_idle_ns: 440795257231 ns
[    1.183479] Calibrating delay loop (skipped) preset value.. 5599.99 BogoMIPS (lpj=27999980)
[    1.194102] Last level iTLB entries: 4KB 0, 2MB 0, 4MB 0
[    1.196881] Last level dTLB entries: 4KB 0, 2MB 0, 4MB 0, 1GB 0
[    1.199955] Spectre V1 : Mitigation: usercopy/swapgs barriers and __user pointer sanitization
[    1.203478] Spectre V2 : Mitigation: Retpolines
[    1.205835] Spectre V2 : Spectre v2 / SpectreRSB mitigation: Filling RSB on context switch
[    1.210145] Spectre V2 : Spectre v2 / SpectreRSB : Filling RSB on VMEXIT
[    1.213477] Speculative Store Bypass: Vulnerable
[    1.215888] MDS: Vulnerable: Clear CPU buffers attempted, no microcode
[    1.219285] MMIO Stale Data: Unknown: No mitigations
[    1.221882] x86/fpu: x87 FPU will use FXSAVE
[    1.238224] Freeing SMP alternatives memory: 32K
[    1.240669] pid_max: default: 32768 minimum: 301
[    1.243620] LSM: initializing lsm=capability,landlock,lockdown,integrity
[    1.247856] landlock: Up and running.
[    1.250279] Mount-cache hash table entries: 8192 (order: 4, 65536 bytes, linear)
[    1.253781] Mountpoint-cache hash table entries: 8192 (order: 4, 65536 bytes, linear)
[    1.381234] smpboot: CPU0: Intel QEMU Virtual CPU version 2.5+ (family: 0xf, model: 0x6b, stepping: 0x1)
[    1.383474] RCU Tasks: Setting shift to 1 and lim to 1 rcu_task_cb_adjust=1.
[    1.383584] RCU Tasks Trace: Setting shift to 1 and lim to 1 rcu_task_cb_adjust=1.
[    1.387693] Performance Events: unsupported Netburst CPU model 107 no PMU driver, software events only.
[    1.392746] signal: max sigframe size: 1440
[    1.393744] rcu: Hierarchical SRCU implementation.
[    1.396218] rcu: 	Max phase no-delay instances is 1000.
[    1.399731] NMI watchdog: Perf NMI watchdog permanently disabled
[    1.403704] smp: Bringing up secondary CPUs ...
[    1.407204] smpboot: x86: Booting SMP configuration:
[    1.409788] .... node  #0, CPUs:      #1
[    1.425477] smp: Brought up 1 node, 2 CPUs
[    1.427741] smpboot: Max logical packages: 1
[    1.429945] ----------------
[    1.433480] | NMI testsuite:
[    1.435002] --------------------
[    1.436691]   remote IPI:  ok  |
[    1.438406]    local IPI:  ok  |
[    1.440125] --------------------
[    1.441830] Good, all   2 testcases passed! |
[    1.443483] ---------------------------------
[    1.445739] smpboot: Total of 2 processors activated (11199.99 BogoMIPS)
[    1.450739] devtmpfs: initialized
[    1.453579] x86/mm: Memory block size: 128MB
[    1.456954] clocksource: jiffies: mask: 0xffffffff max_cycles: 0xffffffff, max_idle_ns: 19112604462750000 ns
[    1.463638] futex hash table entries: 512 (order: 3, 32768 bytes, linear)
[    1.477881] NET: Registered PF_NETLINK/PF_ROUTE protocol family
[    1.478487] audit: initializing netlink subsys (disabled)
[    1.483606] audit: type=2000 audit(1772752216.521:1): state=initialized audit_enabled=0 res=1
[    1.483636] thermal_sys: Registered thermal governor 'step_wise'
[    1.488035] cpuidle: using governor ladder
[    1.495866] cpuidle: using governor menu
[    1.498022] acpiphp: ACPI Hot Plug PCI Controller Driver version: 0.5
[    1.498151] PCI: Using configuration type 1 for base access
[    1.503837] kprobes: kprobe jump-optimization is enabled. All kprobes are optimized if possible.
[    1.508772] HugeTLB: registered 2.00 MiB page size, pre-allocated 0 pages
[    1.513478] HugeTLB: 28 KiB vmemmap can be freed for a 2.00 MiB page
[    1.516784] ACPI: Added _OSI(Module Device)
[    1.523479] ACPI: Added _OSI(Processor Device)
[    1.525810] ACPI: Added _OSI(3.0 _SCP Extensions)
[    1.528269] ACPI: Added _OSI(Processor Aggregator Device)
[    1.531614] ACPI: 1 ACPI AML tables successfully acquired and loaded
[    1.534981] ACPI: _OSC evaluation for CPUs failed, trying _PDC
[    1.536672] ACPI: Interpreter enabled
[    1.538622] ACPI: PM: (supports S0 S3 S5)
[    1.543480] ACPI: Using IOAPIC for interrupt routing
[    1.546065] PCI: Using host bridge windows from ACPI; if necessary, use "pci=nocrs" and report a bug
[    1.550772] PCI: Using E820 reservations for host bridge windows
[    1.553616] ACPI: Enabled 2 GPEs in block 00 to 0F
[    1.559418] ACPI: PCI Root Bridge [PCI0] (domain 0000 [bus 00-ff])
[    1.563483] acpi PNP0A03:00: _OSC: OS supports [ASPM ClockPM Segments MSI HPX-Type3]
[    1.567520] acpi PNP0A03:00: _OSC: not requesting OS control; OS requires [ExtendedConfig ASPM ClockPM MSI]
[    1.572526] acpi PNP0A03:00: fail to add MMCONFIG information, can't access extended configuration space under this bridge
[    1.574008] acpiphp: Slot [3] registered
[    1.576128] acpiphp: Slot [4] registered
[    1.578263] acpiphp: Slot [5] registered
[    1.583531] acpiphp: Slot [6] registered
[    1.585653] acpiphp: Slot [7] registered
[    1.587886] acpiphp: Slot [8] registered
[    1.590012] acpiphp: Slot [9] registered
[    1.593578] acpiphp: Slot [10] registered
[    1.595769] acpiphp: Slot [11] registered
[    1.597915] acpiphp: Slot [12] registered
[    1.600074] acpiphp: Slot [13] registered
[    1.605925] acpiphp: Slot [14] registered
[    1.608286] acpiphp: Slot [15] registered
[    1.613535] acpiphp: Slot [16] registered
[    1.615682] acpiphp: Slot [17] registered
[    1.617853] acpiphp: Slot [18] registered
[    1.623663] acpiphp: Slot [19] registered
[    1.625874] acpiphp: Slot [20] registered
[    1.628046] acpiphp: Slot [21] registered
[    1.630173] acpiphp: Slot [22] registered
[    1.632306] acpiphp: Slot [23] registered
[    1.633530] acpiphp: Slot [24] registered
[    1.635670] acpiphp: Slot [25] registered
[    1.637854] acpiphp: Slot [26] registered
[    1.640130] acpiphp: Slot [27] registered
[    1.643527] acpiphp: Slot [28] registered
[    1.645656] acpiphp: Slot [29] registered
[    1.647793] acpiphp: Slot [30] registered
[    1.650090] acpiphp: Slot [31] registered
[    1.652323] PCI host bridge to bus 0000:00
[    1.653617] pci_bus 0000:00: root bus resource [io  0x0000-0x0cf7 window]
[    1.657178] pci_bus 0000:00: root bus resource [io  0x0d00-0xffff window]
[    1.660647] pci_bus 0000:00: root bus resource [mem 0x000a0000-0x000bffff window]
[    1.663478] pci_bus 0000:00: root bus resource [mem 0xc0000000-0xfebfffff window]
[    1.667315] pci_bus 0000:00: root bus resource [mem 0x140000000-0x1bfffffff window]
[    1.671286] pci_bus 0000:00: root bus resource [bus 00-ff]
[    1.676822] pci 0000:00:00.0: [8086:1237] type 00 class 0x060000
[    1.684543] pci 0000:00:01.0: [8086:7000] type 00 class 0x060100
[    1.690502] pci 0000:00:01.1: [8086:7010] type 00 class 0x010180
[    1.697171] pci 0000:00:01.1: reg 0x20: [io  0xc160-0xc16f]
[    1.701539] pci 0000:00:01.1: legacy IDE quirk: reg 0x10: [io  0x01f0-0x01f7]
[    1.703480] pci 0000:00:01.1: legacy IDE quirk: reg 0x14: [io  0x03f6]
[    1.706857] pci 0000:00:01.1: legacy IDE quirk: reg 0x18: [io  0x0170-0x0177]
[    1.710574] pci 0000:00:01.1: legacy IDE quirk: reg 0x1c: [io  0x0376]
[    1.719465] pci 0000:00:01.3: [8086:7113] type 00 class 0x068000
[    1.725916] pci 0000:00:01.3: quirk: [io  0x0600-0x063f] claimed by PIIX4 ACPI
[    1.729695] pci 0000:00:01.3: quirk: [io  0x0700-0x070f] claimed by PIIX4 SMB
[    1.734458] pci 0000:00:02.0: [1234:1111] type 00 class 0x030000
[    1.744853] pci 0000:00:02.0: reg 0x10: [mem 0xfd000000-0xfdffffff pref]
[    1.756339] pci 0000:00:02.0: reg 0x18: [mem 0xfeb90000-0xfeb90fff]
[    1.771741] pci 0000:00:02.0: reg 0x30: [mem 0xfeb80000-0xfeb8ffff pref]
[    1.779185] pci 0000:00:02.0: Video device with shadowed ROM at [mem 0x000c0000-0x000dffff]
[    1.789571] pci 0000:00:03.0: [1af4:1000] type 00 class 0x020000
[    1.794715] pci 0000:00:03.0: reg 0x10: [io  0xc140-0xc15f]
[    1.798809] pci 0000:00:03.0: reg 0x14: [mem 0xfeb91000-0xfeb91fff]
[    1.805818] pci 0000:00:03.0: reg 0x20: [mem 0xfe000000-0xfe003fff 64bit pref]
[    1.810831] pci 0000:00:03.0: reg 0x30: [mem 0xfeb00000-0xfeb7ffff pref]
[    1.819189] pci 0000:00:04.0: [1af4:1009] type 00 class 0x000200
[    1.824395] pci 0000:00:04.0: reg 0x10: [io  0xc100-0xc13f]
[    1.828344] pci 0000:00:04.0: reg 0x14: [mem 0xfeb92000-0xfeb92fff]
[    1.834591] pci 0000:00:04.0: reg 0x20: [mem 0xfe004000-0xfe007fff 64bit pref]
[    1.843518] pci 0000:00:05.0: [1af4:1001] type 00 class 0x010000
[    1.848168] pci 0000:00:05.0: reg 0x10: [io  0xc000-0xc07f]
[    1.852632] pci 0000:00:05.0: reg 0x14: [mem 0xfeb93000-0xfeb93fff]
[    1.857887] pci 0000:00:05.0: reg 0x20: [mem 0xfe008000-0xfe00bfff 64bit pref]
[    1.869044] pci 0000:00:06.0: [1af4:1001] type 00 class 0x010000
[    1.874144] pci 0000:00:06.0: reg 0x10: [io  0xc080-0xc0ff]
[    1.878354] pci 0000:00:06.0: reg 0x14: [mem 0xfeb94000-0xfeb94fff]
[    1.885682] pci 0000:00:06.0: reg 0x20: [mem 0xfe00c000-0xfe00ffff 64bit pref]
[    1.897870] ACPI: PCI: Interrupt link LNKA configured for IRQ 10
[    1.901720] ACPI: PCI: Interrupt link LNKB configured for IRQ 10
[    1.903750] ACPI: PCI: Interrupt link LNKC configured for IRQ 11
[    1.907370] ACPI: PCI: Interrupt link LNKD configured for IRQ 11
[    1.910847] ACPI: PCI: Interrupt link LNKS configured for IRQ 9
[    1.916826] iommu: Default domain type: Translated
[    1.919772] iommu: DMA domain TLB invalidation policy: lazy mode
[    1.925962] SCSI subsystem initialized
[    1.928372] pps_core: LinuxPPS API ver. 1 registered
[    1.928372] pps_core: Software ver. 5.3.6 - Copyright 2005-2007 Rodolfo Giometti <giometti@linux.it>
[    1.933508] PTP clock support registered
[    1.949443] PCI: Using ACPI for IRQ routing
[    1.955054] hpet: 3 channels of 0 reserved for per-cpu timers
[    1.958629] clocksource: Switched to clocksource kvm-clock
[    1.970540] VFS: Disk quotas dquot_6.6.0
[    1.972927] VFS: Dquot-cache hash table entries: 512 (order 0, 4096 bytes)
[    1.977149] pnp: PnP ACPI init
[    1.979851] pnp: PnP ACPI: found 6 devices
[    1.998246] clocksource: acpi_pm: mask: 0xffffff max_cycles: 0xffffff, max_idle_ns: 2085701024 ns
[    2.003304] NET: Registered PF_INET protocol family
[    2.008684] IP idents hash table entries: 65536 (order: 7, 524288 bytes, linear)
[    2.015005] tcp_listen_portaddr_hash hash table entries: 2048 (order: 3, 32768 bytes, linear)
[    2.020789] Table-perturb hash table entries: 65536 (order: 6, 262144 bytes, linear)
[    2.026141] TCP established hash table entries: 32768 (order: 6, 262144 bytes, linear)
[    2.035351] TCP bind hash table entries: 32768 (order: 8, 1048576 bytes, linear)
[    2.039418] TCP: Hash tables configured (established 32768 bind 32768)
[    2.044099] UDP hash table entries: 2048 (order: 4, 65536 bytes, linear)
[    2.048041] UDP-Lite hash table entries: 2048 (order: 4, 65536 bytes, linear)
[    2.052147] NET: Registered PF_UNIX/PF_LOCAL protocol family
[    2.055358] NET: Registered PF_XDP protocol family
[    2.058077] pci_bus 0000:00: resource 4 [io  0x0000-0x0cf7 window]
[    2.061323] pci_bus 0000:00: resource 5 [io  0x0d00-0xffff window]
[    2.064569] pci_bus 0000:00: resource 6 [mem 0x000a0000-0x000bffff window]
[    2.068233] pci_bus 0000:00: resource 7 [mem 0xc0000000-0xfebfffff window]
[    2.071831] pci_bus 0000:00: resource 8 [mem 0x140000000-0x1bfffffff window]
[    2.075691] pci 0000:00:01.0: PIIX3: Enabling Passive Release
[    2.078830] pci 0000:00:00.0: Limiting direct PCI/PCI transfers
[    2.082367] PCI: CLS 0 bytes, default 64
[    2.084572] PCI-DMA: Using software bounce buffering for IO (SWIOTLB)
[    2.085232] Unpacking initramfs...
[    2.088014] software IO TLB: mapped [mem 0x00000000bbfda000-0x00000000bffda000] (64MB)
[    2.088319] clocksource: tsc: mask: 0xffffffffffffffff max_cycles: 0x285c3ee517e, max_idle_ns: 440795257231 ns
[    2.100563] Initialise system trusted keyrings
[    2.104017] workingset: timestamp_bits=46 max_order=20 bucket_order=0
[    2.107589] zbud: loaded
[    2.109514] Key type asymmetric registered
[    2.111723] Asymmetric key parser 'x509' registered
[    2.114610] Block layer SCSI generic (bsg) driver version 0.4 loaded (major 247)
[    2.118872] io scheduler mq-deadline registered
[    2.121266] io scheduler kyber registered
[    2.123499] io scheduler bfq registered
[    2.136393] ERST DBG: ERST support is disabled.
[    2.151569] ACPI: \_SB_.LNKC: Enabled at IRQ 11
[    2.169821] ACPI: \_SB_.LNKD: Enabled at IRQ 10
[    2.188028] ACPI: \_SB_.LNKA: Enabled at IRQ 10
[    2.206213] ACPI: \_SB_.LNKB: Enabled at IRQ 11
[    2.213150] Serial: 8250/16550 driver, 4 ports, IRQ sharing enabled
[    2.217510] 00:04: ttyS0 at I/O 0x3f8 (irq = 4, base_baud = 115200) is a 16550A
[    2.228163] VMware PVSCSI driver - version 1.0.7.0-k
[    2.236068] scsi host0: ata_piix
[    2.239100] scsi host1: ata_piix
[    2.241045] ata1: PATA max MWDMA2 cmd 0x1f0 ctl 0x3f6 bmdma 0xc160 irq 14
[    2.244579] ata2: PATA max MWDMA2 cmd 0x170 ctl 0x376 bmdma 0xc168 irq 15
[    2.248944] i8042: PNP: PS/2 Controller [PNP0303:KBD,PNP0f13:MOU] at 0x60,0x64 irq 1,12
[    2.256087] serio: i8042 KBD port at 0x60,0x64 irq 1
[    2.258865] serio: i8042 AUX port at 0x60,0x64 irq 12
[    2.261842] rtc_cmos 00:05: RTC can wake from S4
[    2.268748] rtc_cmos 00:05: registered as rtc0
[    2.271502] rtc_cmos 00:05: setting system clock to 2026-03-05T23:10:16 UTC (1772752216)
[    2.276123] rtc_cmos 00:05: alarms up to one day, y3k, 242 bytes nvram, hpet irqs
[    2.280112] intel_pstate: CPU model not supported
[    2.283018] gre: GRE over IPv4 demultiplexor driver
[    2.297919] Freeing initrd memory: 9096K
[    2.331592] input: AT Translated Set 2 keyboard as /devices/platform/i8042/serio0/input/input0
[    2.332254] Key type dns_resolver registered
[    2.338711] IPI shorthand broadcast: enabled
[    2.342773] sched_clock: Marking stable (1980706089, 355459278)->(2357858357, -21692990)
[    2.352612] registered taskstats version 1
[    2.355127] Loading compiled-in X.509 certificates
[    2.366344] Loaded X.509 cert 'alpinelinux.org: Alpine Linux kernel key: d76a695f66ad9cd28f5c22a8508f36e91f521f7a'
[    2.374749] Key type .fscrypt registered
[    2.376992] Key type fscrypt-provisioning registered
[    2.436215] ata2: found unknown device (class 0)
[    2.439620] ata2.00: ATAPI: QEMU DVD-ROM, 2.5+, max UDMA/100
[    2.445638] scsi 1:0:0:0: CD-ROM            QEMU     QEMU DVD-ROM     2.5+ PQ: 0 ANSI: 5
[    2.506848] Freeing unused kernel image (initmem) memory: 2640K
[    2.565582] Write protecting the kernel read-only data: 20480k
[    2.569102] Freeing unused kernel image (rodata/data gap) memory: 184K
[    2.571812] rodata_test: all tests were successful
[    2.573816] Run /init as init process
[    2.589920] Alpine Init 3.9.0-r0
Alpine Init 3.9.[    2.591217] Loading boot drivers...
0-r0
 * Loading boot drivers: [    2.642882] ACPI: bus type USB registered
[    2.644235] usbcore: registered new interface driver usbfs
[    2.646011] usbcore: registered new interface driver hub
[    2.647652] usbcore: registered new device driver usb
[    2.653561] usbcore: registered new interface driver usb-storage
[    2.824825] loop: module loaded
[    2.865780] ACPI: bus type drm_connector registered
[    2.893407] Loading boot drivers: ok.
ok.
[    2.896554] Mounting root...
 * Mounting root: [    2.968600] piix4_smbus 0000:00:01.3: SMBus Host Controller at 0x700, revision 0
[    3.005986] [drm] Found bochs VGA, ID 0xb0c5.
[    3.007437] [drm] Framebuffer size 16384 kB @ 0xfd000000, mmio @ 0xfeb90000.
[    3.016423] [drm] Found EDID data blob.
[    3.018802] [drm] Initialized bochs-drm 1.0.0 20130925 for 0000:00:02.0 on minor 0
[    3.055941] Console: switching to colour frame buffer device 128x48
[    3.058960] bochs-drm 0000:00:02.0: [drm] fb0: bochs-drmdrmfb frame buffer device
[    3.208124] sr 1:0:0:0: [sr0] scsi3-mmc drive: 4x/4x cd/rw xa/form2 tray
[    3.210289] cdrom: Uniform CD-ROM driver Revision: 3.20
[    3.303082] virtio_blk virtio2: 2/0/0 default/read/poll queues
[    3.310234] virtio_blk virtio2: [vda] 8388608 512-byte logical blocks (4.29 GB/4.00 GiB)
[    3.314607] virtio_blk virtio3: 2/0/0 default/read/poll queues
[    3.323338] virtio_blk virtio3: [vdb] 736 512-byte logical blocks (377 kB/368 KiB)
[    3.419817] block sr0: the capability attribute has been deprecated.
[    6.313581] EXT4-fs (vda): mounted filesystem 367ceb5a-a72a-4cc6-9140-e18812d3c81b ro with ordered data mode. Quota mode: none.
[    6.317457] Mounting root: ok.
ok.

   OpenRC 0.52.1 is starting up Linux 6.6.4-1-virt (x86_64)

 * /proc is already mounted
 * Mounting /run ... [ ok ]
 * /run/openrc: creating directory
 * /run/lock: creating directory
 * /run/lock: correcting owner
 * Caching service dependencies ... [ ok ]
 * Remounting devtmpfs on /dev ... [ ok ]
 * Mounting /dev/mqueue ... [ ok ]
 * Mounting security filesystem ... [ ok ]
 * Mounting debug filesystem ... [ ok ]
 * Mounting persistent storage (pstore) filesystem ... [ ok ]
 * Starting busybox mdev ... [ ok ]
 * Scanning hardware for mdev ... [ ok ]
 * Loading hardware drivers ... [ ok ]
 * Loading modules ... [ ok ]
 * Setting system clock using the hardware clock [UTC] ... [ ok ]
 * Checking local filesystems  .../: clean, 8723/65536 files, 158030/262144 blocks
 [ ok ]
 * Remounting root filesystem read/write ... [ ok ]
 * Remounting filesystems ... [ ok ]
 * Activating swap devices ... [ ok ]
 * Mounting local filesystems ... [ ok ]
 * Starting busybox acpid ... [ ok ]
 * Configuring kernel parameters ... [ ok ]
 * Migrating /var/lock to /run/lock ... [ ok ]
 * Creating user login records ... [ ok ]
 * Cleaning /tmp directory ... [ ok ]
Cloud-init v. 23.4 running 'init-local' at Thu, 05 Mar 2026 23:10:25 +0000. Up 11.42 seconds.
 [ ok ]
 * Setting hostname ... [ ok ]
 * Starting busybox syslog ... [ ok ]
 * Mounting cgroup filesystem ... [ ok ]
 * Starting networking ... *   lo ... [ ok ]
 *   eth0 ... [ ok ]
 * /var/log/docker.log: creating file
 * /var/log/docker.log: correcting owner
 * Starting Docker Daemon ... [ ok ]
 * Starting benchmark agent ...
[1A[2Ka257f20c716c: Loading layer  557.1kB/81.04MB[1B[1A[2Ka257f20c716c: Loading layer  6.128MB/81.04MB[1B[1A[2Ka257f20c716c: Loading layer  10.58MB/81.04MB[1B[1A[2Ka257f20c716c: Loading layer  17.27MB/81.04MB[1B[1A[2Ka257f20c716c: Loading layer  22.28MB/81.04MB[1B[1A[2Ka257f20c716c: Loading layer  26.18MB/81.04MB[1B[1A[2Ka257f20c716c: Loading layer  29.52MB/81.04MB[1B[1A[2Ka257f20c716c: Loading layer  34.54MB/81.04MB[1B[1A[2Ka257f20c716c: Loading layer  41.22MB/81.04MB[1B[1A[2Ka257f20c716c: Loading layer  48.46MB/81.04MB[1B[1A[2Ka257f20c716c: Loading layer  53.48MB/81.04MB[1B[1A[2Ka257f20c716c: Loading layer  58.49MB/81.04MB[1B[1A[2Ka257f20c716c: Loading layer   63.5MB/81.04MB[1B[1A[2Ka257f20c716c: Loading layer  66.29MB/81.04MB[1B[1A[2Ka257f20c716c: Loading layer   67.4MB/81.04MB[1B[1A[2Ka257f20c716c: Loading layer   71.3MB/81.04MB[1B[1A[2Ka257f20c716c: Loading layer  74.09MB/81.04MB[1B[1A[2Ka257f20c716c: Loading layer   75.2MB/81.04MB[1B[1A[2Ka257f20c716c: Loading layer  76.32MB/81.04MB[1B[1A[2Ka257f20c716c: Loading layer   79.1MB/81.04MB[1B[1A[2Ka257f20c716c: Loading layer  81.04MB/81.04MB[1B
[1A[2Kb0c20bcd44fe: Loading layer  65.54kB/4.123MB[1B[1A[2Kb0c20bcd44fe: Loading layer  1.835MB/4.123MB[1B[1A[2Kb0c20bcd44fe: Loading layer  4.123MB/4.123MB[1B[1A[2Kb0c20bcd44fe: Loading layer  4.123MB/4.123MB[1B
[1A[2K5184c31ad48f: Loading layer  458.8kB/43.85MB[1B[1A[2K5184c31ad48f: Loading layer   3.67MB/43.85MB[1B[1A[2K5184c31ad48f: Loading layer  9.175MB/43.85MB[1B[1A[2K5184c31ad48f: Loading layer  11.93MB/43.85MB[1B[1A[2K5184c31ad48f: Loading layer  16.52MB/43.85MB[1B[1A[2K5184c31ad48f: Loading layer  20.19MB/43.85MB[1B[1A[2K5184c31ad48f: Loading layer  24.77MB/43.85MB[1B[1A[2K5184c31ad48f: Loading layer  27.98MB/43.85MB[1B[1A[2K5184c31ad48f: Loading layer  32.11MB/43.85MB[1B[1A[2K5184c31ad48f: Loading layer  34.87MB/43.85MB[1B[1A[2K5184c31ad48f: Loading layer  37.16MB/43.85MB[1B[1A[2K5184c31ad48f: Loading layer  40.37MB/43.85MB[1B[1A[2K5184c31ad48f: Loading layer  43.85MB/43.85MB[1B
[1A[2Kfa1d322086e6: Loading layer   5.12kB/5.12kB[1B[1A[2Kfa1d322086e6: Loading layer   5.12kB/5.12kB[1B
[1A[2Kbdf610394df6: Loading layer  22.02kB/22.02kB[1B[1A[2Kbdf610394df6: Loading layer  22.02kB/22.02kB[1B
[1A[2Keb067feb5b8d: Loading layer  9.728kB/9.728kB[1B[1A[2Keb067feb5b8d: Loading layer  9.728kB/9.728kB[1BLoaded image: bench-worker:latest
 [ ok ]
 * Starting chronyd ... [ ok ]
 * Starting cloud-init-hotplugd ... [ ok ]
Cloud-init v. 23.4 running 'init' at Thu, 05 Mar 2026 23:10:47 +0000. Up 33.89 seconds.
ci-info: +++++++++++++++++++++++++++++++++++++++Net device info+++++++++++++++++++++++++++++++++++++++
ci-info: +---------+-------+----------------------------+---------------+--------+-------------------+
ci-info: |  Device |   Up  |          Address           |      Mask     | Scope  |     Hw-Address    |
ci-info: +---------+-------+----------------------------+---------------+--------+-------------------+
ci-info: | docker0 | False |         172.17.0.1         |  255.255.0.0  | global | 02:42:02:f4:7f:08 |
ci-info: |   eth0  |  True |         10.0.2.15          | 255.255.255.0 | global | 52:54:00:12:34:56 |
ci-info: |   eth0  |  True | fec0::5054:ff:fe12:3456/64 |       .       |  site  | 52:54:00:12:34:56 |
ci-info: |   eth0  |  True | fe80::5054:ff:fe12:3456/64 |       .       |  link  | 52:54:00:12:34:56 |
ci-info: |    lo   |  True |         127.0.0.1          |   255.0.0.0   |  host  |         .         |
ci-info: |    lo   |  True |          ::1/128           |       .       |  host  |         .         |
ci-info: +---------+-------+----------------------------+---------------+--------+-------------------+
ci-info: +++++++++++++++++++++++++++Route IPv4 info++++++++++++++++++++++++++++
ci-info: +-------+-------------+----------+---------------+-----------+-------+
ci-info: | Route | Destination | Gateway  |    Genmask    | Interface | Flags |
ci-info: +-------+-------------+----------+---------------+-----------+-------+
ci-info: |   0   |   0.0.0.0   | 10.0.2.2 |    0.0.0.0    |    eth0   |   UG  |
ci-info: |   1   |   10.0.2.0  | 0.0.0.0  | 255.255.255.0 |    eth0   |   U   |
ci-info: |   2   |  172.17.0.0 | 0.0.0.0  |  255.255.0.0  |  docker0  |   U   |
ci-info: +-------+-------------+----------+---------------+-----------+-------+
ci-info: +++++++++++++++++++Route IPv6 info+++++++++++++++++++
ci-info: +-------+-------------+---------+-----------+-------+
ci-info: | Route | Destination | Gateway | Interface | Flags |
ci-info: +-------+-------------+---------+-----------+-------+
ci-info: |   0   |  fe80::/64  |    ::   |    eth0   |   U   |
ci-info: |   1   |  fec0::/64  |    ::   |    eth0   |   Ue  |
ci-info: |   2   |     ::/0    | fe80::2 |    eth0   |  UGe  |
ci-info: |   4   |    local    |    ::   |    eth0   |   U   |
ci-info: |   5   |    local    |    ::   |    eth0   |   U   |
ci-info: |   6   |  multicast  |    ::   |    eth0   |   U   |
ci-info: +-------+-------------+---------+-----------+-------+
2026-03-05 23:10:47,859 - cloud_config.py[WARNING]: Failed at merging in cloud config part from part-001: empty cloud config
Generating public/private rsa key pair.
Your identification has been saved in /etc/ssh/ssh_host_rsa_key
Your public key has been saved in /etc/ssh/ssh_host_rsa_key.pub
The key fingerprint is:
SHA256:6Z+8bA7mpwRqq11jYVd1c+KdId0qzw1NEoAcFqj+TRg root@agent-1
The key's randomart image is:
+---[RSA 3072]----+
|         o++oo*oo|
|        ..o. oo*=|
|       .  .   .*.|
|      . Eo  . o .|
|     .+ So   + o |
|     o.=. .   o .|
|    o +.=o       |
|   o + =.=+.     |
|  ..o   o=B.     |
+----[SHA256]-----+
Generating public/private dsa key pair.
Your identification has been saved in /etc/ssh/ssh_host_dsa_key
Your public key has been saved in /etc/ssh/ssh_host_dsa_key.pub
The key fingerprint is:
SHA256:991beSqD5W1O+C3o8THKeCI5/BLhzWTeFDAIIcKZz1g root@agent-1
The key's randomart image is:
+---[DSA 1024]----+
| ..o. oo .o.     |
|  +.E.  .  ..    |
|   =         .   |
|  . o   . o .    |
|       .SB.o     |
|        o.+.oo ..|
|       . o ++o=.+|
|        * oo**+=+|
|         =o++==o.|
+----[SHA256]-----+
Generating public/private ecdsa key pair.
Your identification has been saved in /etc/ssh/ssh_host_ecdsa_key
Your public key has been saved in /etc/ssh/ssh_host_ecdsa_key.pub
The key fingerprint is:
SHA256:HPx1TsGVMDiqOmsuo2sujJMtQbgF1s8rLfyL/WeXFNY root@agent-1
The key's randomart image is:
+---[ECDSA 256]---+
|  .         .+o.o|
|.. .   .   o  oo |
|o.  o   o . + o  |
|...  o . + + E   |
|.o. . . S o . .  |
|o  + o .   .     |
|o+  + .   . .    |
|*o.oo=   o o     |
|+*o.===.o .      |
+----[SHA256]-----+
Generating public/private ed25519 key pair.
Your identification has been saved in /etc/ssh/ssh_host_ed25519_key
Your public key has been saved in /etc/ssh/ssh_host_ed25519_key.pub
The key fingerprint is:
SHA256:nSb+j40U4t/iS3VxkUDKXE/nL0EcsmUZWv5uzn6msdE root@agent-1
The key's randomart image is:
+--[ED25519 256]--+
|            o=O*o|
|          o oX=oo|
|           +o +.o|
|         . .   =.|
|        S = . o o|
|       o + o . + |
|        o o   o E|
|         =.=   Bo|
|         .B++ o+=|
+----[SHA256]-----+
 [ ok ]
Cloud-init v. 23.4 running 'modules:config' at Thu, 05 Mar 2026 23:10:49 +0000. Up 35.22 seconds.
 [ ok ]
Cloud-init v. 23.4 running 'modules:final' at Thu, 05 Mar 2026 23:10:49 +0000. Up 35.78 seconds.
ci-info: no authorized SSH keys fingerprints found for user alpine.
cloud-init: #############################################################
cloud-init: -----BEGIN SSH HOST KEY FINGERPRINTS-----
cloud-init: 1024 SHA256:991beSqD5W1O+C3o8THKeCI5/BLhzWTeFDAIIcKZz1g root@agent-1 (DSA)
cloud-init: 256 SHA256:HPx1TsGVMDiqOmsuo2sujJMtQbgF1s8rLfyL/WeXFNY root@agent-1 (ECDSA)
cloud-init: 256 SHA256:nSb+j40U4t/iS3VxkUDKXE/nL0EcsmUZWv5uzn6msdE root@agent-1 (ED25519)
cloud-init: 3072 SHA256:6Z+8bA7mpwRqq11jYVd1c+KdId0qzw1NEoAcFqj+TRg root@agent-1 (RSA)
cloud-init: -----END SSH HOST KEY FINGERPRINTS-----
cloud-init: #############################################################
-----BEGIN SSH HOST KEY KEYS-----
ecdsa-sha2-nistp256 AAAAE2VjZHNhLXNoYTItbmlzdHAyNTYAAAAIbmlzdHAyNTYAAABBBLmblC5lsrf5IC9TOw5iEoxfhraTMjTVy74HtL3bmcWSKZ30+i7UaALU/zo0pBpYNdWWutTfPtZ6+m5c3oeqVJA= root@agent-1
ssh-ed25519 AAAAC3NzaC1lZDI1NTE5AAAAIM2zADB4N453xxQVfuuBwFhyOZiXgwsIQgZyO1A837Mv root@agent-1
ssh-rsa AAAAB3NzaC1yc2EAAAADAQABAAABgQCwFtbO2GuWmQNdupd6q39+VPdtWyOwLhXv2+W/CvmuZQSy4Vcrd8IjKB75ltfwbeB9D/bs3SMpDSBvMF+48XgsXJTGrcz0Pb5LKQUYrXIAwiSqxA3jEusn+wnYs95rht0VdFVaqv1q0+NJjpuaKePi6ei+Y2kb+WWG1pcPhbGy5NxHUbFH0lelrP/A4w8MWqpI8trf5sc0s1p1HJsIGNQ7WSb0GHc1tA93Pf/W9fq5YRpuQeOifK2ElmOu3s8PAj9vHTu4Moy+3tIxuG3NUTur35YeBbEnxFTdouxDNxYjNvAq+J90DsyLSL5LrYD6GKj3vpTocib0m3/ryKmg402deVi3NRz2QVkE8Wh4gf2rFa5R8FRGRvA2Ba0yu8qXobVLVhp1/abE17NpO7TAyH0SnHaho4z1PX6gCTjmgsJIsHkt2Tbdgb8nrWGyVA7gv2N/LnXqbVVQ0xr35/oKrtQVf328/60D5fPGywm61rlx86gNIA5mc02OGJ0oh3PW+Ys= root@agent-1
-----END SSH HOST KEY KEYS-----
Cloud-init v. 23.4 finished at Thu, 05 Mar 2026 23:10:49 +0000. Datasource DataSourceNoCloud [seed=/dev/vdb][dsmode=net].  Up 35.97 seconds
 [ ok ]

Welcome to Alpine Linux 3.19
Kernel 6.6.4-1-virt on an x86_64 (/dev/ttyS0)

agent-1 login: 