c[?7l[2J[0mSeaBIOS (version 1.15.0-1)


iPXE (https://ipxe.org) 00:03.0 CA00 PCI2.10 PnP PMM+BFF8B380+BFECB380 CA00
Press Ctrl-B to configure iPXE (PCI 00:03.0)...                                                                               


Booting from Hard Disk...

SYSLINUX 6.04 EDD 6.04-pre1 Copyright (C) 1994-2015 H. Peter Anvin et al

SYSLINUX 6.04 6.04-pre1 Copyright (C) 1994-2015 H. Peter Anvin et al
[2Je%@)0(B[0;37;40m[?25l[2J[23;16HAlpine will be booted automatically in [0;1m1[0m seconds[23;16H[0;37;40mAlpine will be boot.ed automatically in [0;1;37;40m1[0;37;40m seconds.[23;16H                                                 [23;16H[0;37;40m                                                  [?25h[24;1H[0m 
Loading vmlinuz-virt...Loading vmlinuz-virt...  ook
k
Loading initramfs-virt..Loading initramfs-virt....ookk

c[?7l[2J[    0.000000] Linux version 6.6.4-1-virt (buildozer@build-3-19-x86_64) (gcc (Alpine 13.2.1_git20231014) 13.2.1 20231014, GNU ld (GNU Binutils) 2.41) #2-Alpine SMP PREEMPT_DYNAMIC Tue, 05 Dec 2023 20:25:50 +0000
[    0.000000] Command line: BOOT_IMAGE=vmlinuz-virt root=LABEL=/ modules=sd-mod,usb-storage,ext4 console=ttyS0,115200n8 initrd=initramfs-virt
[    0.000000] BIOS-provided physical RAM map:
[    0.000000] BIOS-e820: [mem 0x0000000000000000-0x000000000009fbff] usable
[    0.000000] BIOS-e820: [mem 0x000000000009fc00-0x000000000009ffff] reserved
[    0.000000] BIOS-e820: [mem 0x00000000000f0000-0x00000000000fffff] reserved
[    0.000000] BIOS-e820: [mem 0x0000000000100000-0x00000000bffd9fff] usable
[    0.000000] BIOS-e820: [mem 0x00000000bffda000-0x00000000bfffffff] reserved
[    0.000000] BIOS-e820: [mem 0x00000000feffc000-0x00000000feffffff] reserved
[    0.000000] BIOS-e820: [mem 0x00000000fffc0000-0x00000000ffffffff] reserved
[    0.000000] BIOS-e820: [mem 0x0000000100000000-0x000000013fffffff] usable
[    0.000000] NX (Execute Disable) protection: active
[    0.000000] APIC: Static calls initialized
[    0.000000] SMBIOS 2.8 present.
[    0.000000] DMI: QEMU Standard PC (i440FX + PIIX, 1996), BIOS 1.15.0-1 04/01/2014
[    0.000000] Hypervisor detected: KVM
[    0.000000] kvm-clock: Using msrs 4b564d01 and 4b564d00
[    0.000001] kvm-clock: using sched offset of 2406485243 cycles
[    0.000003] clocksource: kvm-clock: mask: 0xffffffffffffffff max_cycles: 0x1cd42e4dffb, max_idle_ns: 881590591483 ns
[    0.000023] tsc: Detected 2799.998 MHz processor
[    0.000888] last_pfn = 0x140000 max_arch_pfn = 0x400000000
[    0.001279] MTRR map: 4 entries (3 fixed + 1 variable; max 19), built from 8 variable MTRRs
[    0.001295] x86/PAT: Configuration [0-7]: WB  WC  UC- UC  WB  WP  UC- WT  
[    0.001760] last_pfn = 0xbffda max_arch_pfn = 0x400000000
[    0.002098] RAMDISK: [mem 0x7f71e000-0x7fffffff]
[    0.002101] ACPI: Early table checksum verification disabled
[    0.002107] ACPI: RSDP 0x00000000000F59A0 000014 (v00 BOCHS )
[    0.002112] ACPI: RSDT 0x00000000BFFE1975 000034 (v01 BOCHS  BXPC     00000001 BXPC 00000001)
[    0.002118] ACPI: FACP 0x00000000BFFE1821 000074 (v01 BOCHS  BXPC     00000001 BXPC 00000001)
[    0.002149] ACPI: DSDT 0x00000000BFFE0040 0017E1 (v01 BOCHS  BXPC     00000001 BXPC 00000001)
[    0.002153] ACPI: FACS 0x00000000BFFE0000 000040
[    0.002156] ACPI: APIC 0x00000000BFFE1895 000080 (v01 BOCHS  BXPC     00000001 BXPC 00000001)
[    0.002159] ACPI: HPET 0x00000000BFFE1915 000038 (v01 BOCHS  BXPC     00000001 BXPC 00000001)
[    0.002162] ACPI: WAET 0x00000000BFFE194D 000028 (v01 BOCHS  BXPC     00000001 BXPC 00000001)
[    0.002182] ACPI: Reserving FACP table memory at [mem 0xbffe1821-0xbffe1894]
[    0.002183] ACPI: Reserving DSDT table memory at [mem 0xbffe0040-0xbffe1820]
[    0.002184] ACPI: Reserving FACS table memory at [mem 0xbffe0000-0xbffe003f]
[    0.002185] ACPI: Reserving APIC table memory at [mem 0xbffe1895-0xbffe1914]
[    0.002185] ACPI: Reserving HPET table memory at [mem 0xbffe1915-0xbffe194c]
[    0.002186] ACPI: Reserving WAET table memory at [mem 0xbffe194d-0xbffe1974]
[    0.002556] Zone ranges:
[    0.002558]   DMA      [mem 0x0000000000001000-0x0000000000ffffff]
[    0.002560]   DMA32    [mem 0x0000000001000000-0x00000000ffffffff]
[    0.002561]   Normal   [mem 0x0000000100000000-0x000000013fffffff]
[    0.002562] Movable zone start for each node
[    0.002563] Early memory node ranges
[    0.002563]   node   0: [mem 0x0000000000001000-0x000000000009efff]
[    0.002565]   node   0: [mem 0x0000000000100000-0x00000000bffd9fff]
[    0.002565]   node   0: [mem 0x0000000100000000-0x000000013fffffff]
[    0.002567] Initmem setup node 0 [mem 0x0000000000001000-0x000000013fffffff]
[    0.002648] On node 0, zone DMA: 1 pages in unavailable ranges
[    0.003860] On node 0, zone DMA: 97 pages in unavailable ranges
[    0.334636] On node 0, zone Normal: 38 pages in unavailable ranges
[    0.337815] ACPI: PM-Timer IO Port: 0x608
[    0.337854] ACPI: LAPIC_NMI (acpi_id[0xff] dfl dfl lint[0x1])
[    0.338034] IOAPIC[0]: apic_id 0, version 17, address 0xfec00000, GSI 0-23
[    0.338039] ACPI: INT_SRC_OVR (bus 0 bus_irq 0 global_irq 2 dfl dfl)
[    0.338041] ACPI: INT_SRC_OVR (bus 0 bus_irq 5 global_irq 5 high level)
[    0.338042] ACPI: INT_SRC_OVR (bus 0 bus_irq 9 global_irq 9 high level)
[    0.338044] ACPI: INT_SRC_OVR (bus 0 bus_irq 10 global_irq 10 high level)
[    0.338045] ACPI: INT_SRC_OVR (bus 0 bus_irq 11 global_irq 11 high level)
[    0.338049] ACPI: Using ACPI (MADT) for SMP configuration information
[    0.338050] ACPI: HPET id: 0x8086a201 base: 0xfed00000
[    0.338087] smpboot: Allowing 2 CPUs, 0 hotplug CPUs
[    0.338140] kvm-guest: APIC: eoi() replaced with kvm_guest_apic_eoi_write()
[    0.338197] [mem 0xc0000000-0xfeffbfff] available for PCI devices
[    0.338199] Booting paravirtualized kernel on KVM
[    0.338201] clocksource: refined-jiffies: mask: 0xffffffff max_cycles: 0xffffffff, max_idle_ns: 19112604462750000 ns
[    0.341984] setup_percpu: NR_CPUS:256 nr_cpumask_bits:2 nr_cpu_ids:2 nr_node_ids:1
[    0.352321] percpu: Embedded 57 pages/cpu s195048 r8192 d30232 u1048576
[    0.352435] kvm-guest: PV spinlocks disabled, no host support
[    0.352436] Kernel command line: BOOT_IMAGE=vmlinuz-virt root=LABEL=/ modules=sd-mod,usb-storage,ext4 console=ttyS0,115200n8 initrd=initramfs-virt
[    0.352489] Unknown kernel command line parameters "BOOT_IMAGE=vmlinuz-virt modules=sd-mod,usb-storage,ext4", will be passed to user space.
[    0.372966] Dentry cache hash table entries: 524288 (order: 10, 4194304 bytes, linear)
[    0.383325] Inode-cache hash table entries: 262144 (order: 9, 2097152 bytes, linear)
[    0.383531] Built 1 zonelists, mobility grouping on.  Total pages: 1031898
[    0.395264] mem auto-init: stack:all(zero), heap alloc:on, heap free:off
[    0.395272] software IO TLB: area num 2.
[    0.775266] Memory: 4012148K/4193760K available (12288K kernel code, 1744K rwdata, 8008K rodata, 2640K init, 2300K bss, 181352K reserved, 0K cma-reserved)
[    0.782443] SLUB: HWalign=64, Order=0-3, MinObjects=0, CPUs=2, Nodes=1
[    0.782838] Kernel/User page tables isolation: enabled
[    0.802881] Dynamic Preempt: none
[    0.803364] rcu: Preemptible hierarchical RCU implementation.
[    0.803383] rcu: 	RCU restricting CPUs from NR_CPUS=256 to nr_cpu_ids=2.
[    0.803429] 	Trampoline variant of Tasks RCU enabled.
[    0.803448] 	Tracing variant of Tasks RCU enabled.
[    0.803468] rcu: RCU calculated value of scheduler-enlistment delay is 10 jiffies.
[    0.803469] rcu: Adjusting geometry for rcu_fanout_leaf=16, nr_cpu_ids=2
[    0.814484] NR_IRQS: 16640, nr_irqs: 440, preallocated irqs: 16
[    0.815611] rcu: srcu_init: Setting srcu_struct sizes based on contention.
[    0.816040] kfence: initialized - using 2097152 bytes for 255 objects at 0x(____ptrval____)-0x(____ptrval____)
[    0.841539] Console: colour VGA+ 80x25
[    0.842060] printk: console [ttyS0] enabled
[    1.169538] ACPI: Core revision 20230628
[    1.173041] clocksource: hpet: mask: 0xffffffff max_cycles: 0xffffffff, max_idle_ns: 19112604467 ns
[    1.178567] APIC: Switch to symmetric I/O mode setup
[    1.182935] x2apic enabled
[    1.186261] APIC: Switched APIC routing to: physical x2apic
[    1.195855] ..TIMER: vector=0x30 apic1=0 pin1=2 apic2=-1 pin2=-1
[    1.199259] clocksource: tsc-early: mask: 0xffffffffffffffff max_cycles: 0x285c3ee517e, max_idle_ns: 440795257231 ns
[    1.204739] Calibrating delay loop (skipped) preset value.. 5599.99 BogoMIPS (lpj=27999980)
[    1.215889] Last level iTLB entries: 4KB 0, 2MB 0, 4MB 0
[    1.218714] Last level dTLB entries: 4KB 0, 2MB 0, 4MB 0, 1GB 0
[    1.221932] Spectre V1 : Mitigation: usercopy/swapgs barriers and __user pointer sanitization
[    1.224742] Spectre V2 : Mitigation: Retpolines
[    1.227147] Spectre V2 : Spectre v2 / SpectreRSB mitigation: Filling RSB on context switch
[    1.231435] Spectre V2 : Spectre v2 / SpectreRSB : Filling RSB on VMEXIT
[    1.234718] Speculative Store Bypass: Vulnerable
[    1.237220] MDS: Vulnerable: Clear CPU buffers attempted, no microcode
[    1.240624] MMIO Stale Data: Unknown: No mitigations
[    1.244743] x86/fpu: x87 FPU will use FXSAVE
[    1.294970] Freeing SMP alternatives memory: 32K
[    1.297387] pid_max: default: 32768 minimum: 301
[    1.300397] LSM: initializing lsm=capability,landlock,lockdown,integrity
[    1.304619] landlock: Up and running.
[    1.305246] Mount-cache hash table entries: 8192 (order: 4, 65536 bytes, linear)
[    1.309353] Mountpoint-cache hash table entries: 8192 (order: 4, 65536 bytes, linear)
[    1.438369] smpboot: CPU0: Intel QEMU Virtual CPU version 2.5+ (family: 0xf, model: 0x6b, stepping: 0x1)
[    1.444716] RCU Tasks: Setting shift to 1 and lim to 1 rcu_task_cb_adjust=1.
[    1.444818] RCU Tasks Trace: Setting shift to 1 and lim to 1 rcu_task_cb_adjust=1.
[    1.448934] Performance Events: unsupported Netburst CPU model 107 no PMU driver, software events only.
[    1.456053] signal: max sigframe size: 1440
[    1.458535] rcu: Hierarchical SRCU implementation.
[    1.461080] rcu: 	Max phase no-delay instances is 1000.
[    1.465634] NMI watchdog: Perf NMI watchdog permanently disabled
[    1.471206] smp: Bringing up secondary CPUs ...
[    1.474723] smpboot: x86: Booting SMP configuration:
[    1.477379] .... node  #0, CPUs:      #1
[    1.494927] smp: Brought up 1 node, 2 CPUs
[    1.499075] smpboot: Max logical packages: 1
[    1.501326] ----------------
[    1.502892] | NMI testsuite:
[    1.504723] --------------------
[    1.506442]   remote IPI:  ok  |
[    1.508242]    local IPI:  ok  |
[    1.509996] --------------------
[    1.511710] Good, all   2 testcases passed! |
[    1.513994] ---------------------------------
[    1.514724] smpboot: Total of 2 processors activated (11199.99 BogoMIPS)
[    1.519912] devtmpfs: initialized
[    1.519912] x86/mm: Memory block size: 128MB
[    1.526631] clocksource: jiffies: mask: 0xffffffff max_cycles: 0xffffffff, max_idle_ns: 19112604462750000 ns
[    1.530204] futex hash table entries: 512 (order: 3, 32768 bytes, linear)
[    1.550028] NET: Registered PF_NETLINK/PF_ROUTE protocol family
[    1.553556] audit: initializing netlink subsys (disabled)
[    1.554856] audit: type=2000 audit(1772752216.717:1): state=initialized audit_enabled=0 res=1
[    1.554937] thermal_sys: Registered thermal governor 'step_wise'
[    1.559507] cpuidle: using governor ladder
[    1.564754] cpuidle: using governor menu
[    1.567161] acpiphp: ACPI Hot Plug PCI Controller Driver version: 0.5
[    1.571506] PCI: Using configuration type 1 for base access
[    1.579979] kprobes: kprobe jump-optimization is enabled. All kprobes are optimized if possible.
[    1.589564] HugeTLB: registered 2.00 MiB page size, pre-allocated 0 pages
[    1.594720] HugeTLB: 28 KiB vmemmap can be freed for a 2.00 MiB page
[    1.598344] ACPI: Added _OSI(Module Device)
[    1.598344] ACPI: Added _OSI(Processor Device)
[    1.604721] ACPI: Added _OSI(3.0 _SCP Extensions)
[    1.609358] ACPI: Added _OSI(Processor Aggregator Device)
[    1.615384] ACPI: 1 ACPI AML tables successfully acquired and loaded
[    1.620620] ACPI: _OSC evaluation for CPUs failed, trying _PDC
[    1.624809] ACPI: Interpreter enabled
[    1.626845] ACPI: PM: (supports S0 S3 S5)
[    1.629107] ACPI: Using IOAPIC for interrupt routing
[    1.631868] PCI: Using host bridge windows from ACPI; if necessary, use "pci=nocrs" and report a bug
[    1.634742] PCI: Using E820 reservations for host bridge windows
[    1.638182] ACPI: Enabled 2 GPEs in block 00 to 0F
[    1.648383] ACPI: PCI Root Bridge [PCI0] (domain 0000 [bus 00-ff])
[    1.651739] acpi PNP0A03:00: _OSC: OS supports [ASPM ClockPM Segments MSI HPX-Type3]
[    1.654749] acpi PNP0A03:00: _OSC: not requesting OS control; OS requires [ExtendedConfig ASPM ClockPM MSI]
[    1.659799] acpi PNP0A03:00: fail to add MMCONFIG information, can't access extended configuration space under this bridge
[    1.665632] acpiphp: Slot [3] registered
[    1.667776] acpiphp: Slot [4] registered
[    1.669926] acpiphp: Slot [5] registered
[    1.672232] acpiphp: Slot [6] registered
[    1.674770] acpiphp: Slot [7] registered
[    1.676887] acpiphp: Slot [8] registered
[    1.679036] acpiphp: Slot [9] registered
[    1.681206] acpiphp: Slot [10] registered
[    1.684796] acpiphp: Slot [11] registered
[    1.686973] acpiphp: Slot [12] registered
[    1.689268] acpiphp: Slot [13] registered
[    1.691470] acpiphp: Slot [14] registered
[    1.693673] acpiphp: Slot [15] registered
[    1.694774] acpiphp: Slot [16] registered
[    1.696966] acpiphp: Slot [17] registered
[    1.699200] acpiphp: Slot [18] registered
[    1.701385] acpiphp: Slot [19] registered
[    1.704768] acpiphp: Slot [20] registered
[    1.706946] acpiphp: Slot [21] registered
[    1.709122] acpiphp: Slot [22] registered
[    1.711300] acpiphp: Slot [23] registered
[    1.713467] acpiphp: Slot [24] registered
[    1.714771] acpiphp: Slot [25] registered
[    1.716964] acpiphp: Slot [26] registered
[    1.719142] acpiphp: Slot [27] registered
[    1.721308] acpiphp: Slot [28] registered
[    1.724772] acpiphp: Slot [29] registered
[    1.726959] acpiphp: Slot [30] registered
[    1.729155] acpiphp: Slot [31] registered
[    1.731336] PCI host bridge to bus 0000:00
[    1.733501] pci_bus 0000:00: root bus resource [io  0x0000-0x0cf7 window]
[    1.734721] pci_bus 0000:00: root bus resource [io  0x0d00-0xffff window]
[    1.738297] pci_bus 0000:00: root bus resource [mem 0x000a0000-0x000bffff window]
[    1.744719] pci_bus 0000:00: root bus resource [mem 0xc0000000-0xfebfffff window]
[    1.748601] pci_bus 0000:00: root bus resource [mem 0x140000000-0x1bfffffff window]
[    1.752577] pci_bus 0000:00: root bus resource [bus 00-ff]
[    1.755545] pci 0000:00:00.0: [8086:1237] type 00 class 0x060000
[    1.763646] pci 0000:00:01.0: [8086:7000] type 00 class 0x060100
[    1.768040] pci 0000:00:01.1: [8086:7010] type 00 class 0x010180
[    1.778421] pci 0000:00:01.1: reg 0x20: [io  0xc160-0xc16f]
[    1.783223] pci 0000:00:01.1: legacy IDE quirk: reg 0x10: [io  0x01f0-0x01f7]
[    1.784725] pci 0000:00:01.1: legacy IDE quirk: reg 0x14: [io  0x03f6]
[    1.788321] pci 0000:00:01.1: legacy IDE quirk: reg 0x18: [io  0x0170-0x0177]
[    1.794719] pci 0000:00:01.1: legacy IDE quirk: reg 0x1c: [io  0x0376]
[    1.799784] pci 0000:00:01.3: [8086:7113] type 00 class 0x068000
[    1.806238] pci 0000:00:01.3: quirk: [io  0x0600-0x063f] claimed by PIIX4 ACPI
[    1.810054] pci 0000:00:01.3: quirk: [io  0x0700-0x070f] claimed by PIIX4 SMB
[    1.814858] pci 0000:00:02.0: [1234:1111] type 00 class 0x030000
[    1.834996] pci 0000:00:02.0: reg 0x10: [mem 0xfd000000-0xfdffffff pref]
[    1.844307] pci 0000:00:02.0: reg 0x18: [mem 0xfeb90000-0xfeb90fff]
[    1.858527] pci 0000:00:02.0: reg 0x30: [mem 0xfeb80000-0xfeb8ffff pref]
[    1.866493] pci 0000:00:02.0: Video device with shadowed ROM at [mem 0x000c0000-0x000dffff]
[    1.878123] pci 0000:00:03.0: [1af4:1000] type 00 class 0x020000
[    1.882560] pci 0000:00:03.0: reg 0x10: [io  0xc140-0xc15f]
[    1.885676] pci 0000:00:03.0: reg 0x14: [mem 0xfeb91000-0xfeb91fff]
[    1.893087] pci 0000:00:03.0: reg 0x20: [mem 0xfe000000-0xfe003fff 64bit pref]
[    1.896898] pci 0000:00:03.0: reg 0x30: [mem 0xfeb00000-0xfeb7ffff pref]
[    1.909128] pci 0000:00:04.0: [1af4:1009] type 00 class 0x000200
[    1.913547] pci 0000:00:04.0: reg 0x10: [io  0xc100-0xc13f]
[    1.915743] pci 0000:00:04.0: reg 0x14: [mem 0xfeb92000-0xfeb92fff]
[    1.922450] pci 0000:00:04.0: reg 0x20: [mem 0xfe004000-0xfe007fff 64bit pref]
[    1.930896] pci 0000:00:05.0: [1af4:1001] type 00 class 0x010000
[    1.936381] pci 0000:00:05.0: reg 0x10: [io  0xc000-0xc07f]
[    1.941107] pci 0000:00:05.0: reg 0x14: [mem 0xfeb93000-0xfeb93fff]
[    1.948689] pci 0000:00:05.0: reg 0x20: [mem 0xfe008000-0xfe00bfff 64bit pref]
[    1.960002] pci 0000:00:06.0: [1af4:1001] type 00 class 0x010000
[    1.965410] pci 0000:00:06.0: reg 0x10: [io  0xc080-0xc0ff]
[    1.969598] pci 0000:00:06.0: reg 0x14: [mem 0xfeb94000-0xfeb94fff]
[    1.977352] pci 0000:00:06.0: reg 0x20: [mem 0xfe00c000-0xfe00ffff 64bit pref]
[    1.989865] ACPI: PCI: Interrupt link LNKA configured for IRQ 10
[    1.993314] ACPI: PCI: Interrupt link LNKB configured for IRQ 10
[    1.994953] ACPI: PCI: Interrupt link LNKC configured for IRQ 11
[    1.998340] ACPI: PCI: Interrupt link LNKD configured for IRQ 11
[    2.001612] ACPI: PCI: Interrupt link LNKS configured for IRQ 9
[    2.007285] iommu: Default domain type: Translated
[    2.009891] iommu: DMA domain TLB invalidation policy: lazy mode
[    2.016868] SCSI subsystem initialized
[    2.019109] pps_core: LinuxPPS API ver. 1 registered
[    2.024721] pps_core: Software ver. 5.3.6 - Copyright 2005-2007 Rodolfo Giometti <giometti@linux.it>
[    2.029549] PTP clock support registered
[    2.031902] PCI: Using ACPI for IRQ routing
[    2.036121] hpet: 3 channels of 0 reserved for per-cpu timers
[    2.045113] clocksource: Switched to clocksource kvm-clock
[    2.061202] VFS: Disk quotas dquot_6.6.0
[    2.063558] VFS: Dquot-cache hash table entries: 512 (order 0, 4096 bytes)
[    2.067702] pnp: PnP ACPI init
[    2.070466] pnp: PnP ACPI: found 6 devices
[    2.089469] clocksource: acpi_pm: mask: 0xffffff max_cycles: 0xffffff, max_idle_ns: 2085701024 ns
[    2.094499] NET: Registered PF_INET protocol family
[    2.100010] IP idents hash table entries: 65536 (order: 7, 524288 bytes, linear)
[    2.106289] tcp_listen_portaddr_hash hash table entries: 2048 (order: 3, 32768 bytes, linear)
[    2.112100] Table-perturb hash table entries: 65536 (order: 6, 262144 bytes, linear)
[    2.117483] TCP established hash table entries: 32768 (order: 6, 262144 bytes, linear)
[    2.127216] TCP bind hash table entries: 32768 (order: 8, 1048576 bytes, linear)
[    2.131299] TCP: Hash tables configured (established 32768 bind 32768)
[    2.136086] UDP hash table entries: 2048 (order: 4, 65536 bytes, linear)
[    2.140078] UDP-Lite hash table entries: 2048 (order: 4, 65536 bytes, linear)
[    2.144103] NET: Registered PF_UNIX/PF_LOCAL protocol family
[    2.147317] NET: Registered PF_XDP protocol family
[    2.150080] pci_bus 0000:00: resource 4 [io  0x0000-0x0cf7 window]
[    2.153349] pci_bus 0000:00: resource 5 [io  0x0d00-0xffff window]
[    2.156593] pci_bus 0000:00: resource 6 [mem 0x000a0000-0x000bffff window]
[    2.160291] pci_bus 0000:00: resource 7 [mem 0xc0000000-0xfebfffff window]
[    2.163892] pci_bus 0000:00: resource 8 [mem 0x140000000-0x1bfffffff window]
[    2.167701] pci 0000:00:01.0: PIIX3: Enabling Passive Release
[    2.170937] pci 0000:00:00.0: Limiting direct PCI/PCI transfers
[    2.174512] PCI: CLS 0 bytes, default 64
[    2.176730] PCI-DMA: Using software bounce buffering for IO (SWIOTLB)
[    2.177552] Unpacking initramfs...
[    2.180290] software IO TLB: mapped [mem 0x00000000bbfda000-0x00000000bffda000] (64MB)
[    2.180642] clocksource: tsc: mask: 0xffffffffffffffff max_cycles: 0x285c3ee517e, max_idle_ns: 440795257231 ns
[    2.192910] Initialise system trusted keyrings
[    2.195955] workingset: timestamp_bits=46 max_order=20 bucket_order=0
[    2.199565] zbud: loaded
[    2.201731] Key type asymmetric registered
[    2.203961] Asymmetric key parser 'x509' registered
[    2.206867] Block layer SCSI generic (bsg) driver version 0.4 loaded (major 247)
[    2.211255] io scheduler mq-deadline registered
[    2.213687] io scheduler kyber registered
[    2.216010] io scheduler bfq registered
[    2.220173] ERST DBG: ERST support is disabled.
[    2.234754] ACPI: \_SB_.LNKC: Enabled at IRQ 11
[    2.253193] ACPI: \_SB_.LNKD: Enabled at IRQ 10
[    2.271340] ACPI: \_SB_.LNKA: Enabled at IRQ 10
[    2.289572] ACPI: \_SB_.LNKB: Enabled at IRQ 11
[    2.298225] Serial: 8250/16550 driver, 4 ports, IRQ sharing enabled
[    2.302540] 00:04: ttyS0 at I/O 0x3f8 (irq = 4, base_baud = 115200) is a 16550A
[    2.316703] VMware PVSCSI driver - version 1.0.7.0-k
[    2.325005] scsi host0: ata_piix
[    2.328229] scsi host1: ata_piix
[    2.331119] ata1: PATA max MWDMA2 cmd 0x1f0 ctl 0x3f6 bmdma 0xc160 irq 14
[    2.334751] ata2: PATA max MWDMA2 cmd 0x170 ctl 0x376 bmdma 0xc168 irq 15
[    2.338947] i8042: PNP: PS/2 Controller [PNP0303:KBD,PNP0f13:MOU] at 0x60,0x64 irq 1,12
[    2.347438] serio: i8042 KBD port at 0x60,0x64 irq 1
[    2.350153] serio: i8042 AUX port at 0x60,0x64 irq 12
[    2.352986] rtc_cmos 00:05: RTC can wake from S4
[    2.358950] input: AT Translated Set 2 keyboard as /devices/platform/i8042/serio0/input/input0
[    2.363826] rtc_cmos 00:05: registered as rtc0
[    2.366802] rtc_cmos 00:05: setting system clock to 2026-03-05T23:10:17 UTC (1772752217)
[    2.371466] rtc_cmos 00:05: alarms up to one day, y3k, 242 bytes nvram, hpet irqs
[    2.375669] intel_pstate: CPU model not supported
[    2.378613] gre: GRE over IPv4 demultiplexor driver
[    2.430958] Key type dns_resolver registered
[    2.434021] IPI shorthand broadcast: enabled
[    2.442510] sched_clock: Marking stable (2070029407, 369010591)->(2437397406, 1642592)
[    2.448304] registered taskstats version 1
[    2.451423] Loading compiled-in X.509 certificates
[    2.461595] Freeing initrd memory: 9096K
[    2.486155] Loaded X.509 cert 'alpinelinux.org: Alpine Linux kernel key: d76a695f66ad9cd28f5c22a8508f36e91f521f7a'
[    2.494608] Key type .fscrypt registered
[    2.496693] Key type fscrypt-provisioning registered
[    2.510509] ata2: found unknown device (class 0)
[    2.514092] ata2.00: ATAPI: QEMU DVD-ROM, 2.5+, max UDMA/100
[    2.519949] scsi 1:0:0:0: CD-ROM            QEMU     QEMU DVD-ROM     2.5+ PQ: 0 ANSI: 5
[    2.585489] Freeing unused kernel image (initmem) memory: 2640K
[    2.609168] Write protecting the kernel read-only data: 20480k
[    2.612905] Freeing unused kernel image (rodata/data gap) memory: 184K
[    2.614972] rodata_test: all tests were successful
[    2.616756] Run /init as init process
[    2.633466] Alpine Init 3.9.0-r0
Alpine Init 3.9.0-r0
[    2.635600] Loading boot drivers...
 * Loading boot drivers: [    2.670066] ACPI: bus type USB registered
[    2.671443] usbcore: registered new interface driver usbfs
[    2.673154] usbcore: registered new interface driver hub
[    2.674833] usbcore: registered new device driver usb
[    2.680840] usbcore: registered new interface driver usb-storage
[    2.972403] loop: module loaded
[    3.032655] ACPI: bus type drm_connector registered
[    3.078024] Loading boot drivers: ok.
ok.
[    3.083831] Mounting root...
 * Mounting root: [    3.152405] piix4_smbus 0000:00:01.3: SMBus Host Controller at 0x700, revision 0
[    3.173712] [drm] Found bochs VGA, ID 0xb0c5.
[    3.175206] [drm] Framebuffer size 16384 kB @ 0xfd000000, mmio @ 0xfeb90000.
[    3.183936] [drm] Found EDID data blob.
[    3.185642] [drm] Initialized bochs-drm 1.0.0 20130925 for 0000:00:02.0 on minor 0
[    3.230566] Console: switching to colour frame buffer device 128x48
[    3.233490] bochs-drm 0000:00:02.0: [drm] fb0: bochs-drmdrmfb frame buffer device
[    3.392397] sr 1:0:0:0: [sr0] scsi3-mmc drive: 4x/4x cd/rw xa/form2 tray
[    3.394550] cdrom: Uniform CD-ROM driver Revision: 3.20
[    3.476345] virtio_blk virtio2: 2/0/0 default/read/poll queues
[    3.483392] virtio_blk virtio2: [vda] 8388608 512-byte logical blocks (4.29 GB/4.00 GiB)
[    3.487813] virtio_blk virtio3: 2/0/0 default/read/poll queues
[    3.494125] virtio_blk virtio3: [vdb] 736 512-byte logical blocks (377 kB/368 KiB)
[    3.570498] block sr0: the capability attribute has been deprecated.
[    6.599891] EXT4-fs (vda): mounted filesystem 367ceb5a-a72a-4cc6-9140-e18812d3c81b ro with ordered data mode. Quota mode: none.
[    6.604967] Mounting root: ok.
ok.

   OpenRC 0.52.1 is starting up Linux 6.6.4-1-virt (x86_64)

 * /proc is already mounted
 * Mounting /run ... [ ok ]
 * /run/openrc: creating directory
 * /run/lock: creating directory
 * /run/lock: correcting owner
 * Caching service dependencies ... [ ok ]
 * Remounting devtmpfs on /dev ... [ ok ]
 * Mounting /dev/mqueue ... [ ok ]
 * Mounting security filesystem ... [ ok ]
 * Mounting debug filesystem ... [ ok ]
 * Mounting persistent storage (pstore) filesystem ... [ ok ]
 * Starting busybox mdev ... [ ok ]
 * Scanning hardware for mdev ... [ ok ]
 * Loading hardware drivers ... [ ok ]
 * Loading modules ... [ ok ]
 * Setting system clock using the hardware clock [UTC] ... [ ok ]
 * Checking local filesystems  .../: clean, 8723/65536 files, 158030/262144 blocks
 [ ok ]
 * Remounting root filesystem read/write ... [ ok ]
 * Remounting filesystems ... [ ok ]
 * Activating swap devices ... [ ok ]
 * Mounting local filesystems ... [ ok ]
 * Starting busybox acpid ... [ ok ]
 * Configuring kernel parameters ... [ ok ]
 * Migrating /var/lock to /run/lock ... [ ok ]
 * Creating user login records ... [ ok ]
 * Cleaning /tmp directory ... [ ok ]
Cloud-init v. 23.4 running 'init-local' at Thu, 05 Mar 2026 23:10:27 +0000. Up 11.78 seconds.
 [ ok ]
 * Setting hostname ... [ ok ]
 * Starting busybox syslog ... [ ok ]
 * Mounting cgroup filesystem ... [ ok ]
 * Starting networking ... *   lo ... [ ok ]
 *   eth0 ... [ ok ]
 * /var/log/docker.log: creating file
 * /var/log/docker.log: correcting owner
 * Starting Docker Daemon ... [ ok ]
 * Starting benchmark agent ...
[1A[2Ka257f20c716c: Loading layer  557.1kB/81.04MB[1B[1A[2Ka257f20c716c: Loading layer  5.571MB/81.04MB[1B[1A[2Ka257f20c716c: Loading layer  8.913MB/81.04MB[1B[1A[2Ka257f20c716c: Loading layer  12.26MB/81.04MB[1B[1A[2Ka257f20c716c: Loading layer  17.83MB/81.04MB[1B[1A[2Ka257f20c716c: Loading layer  22.84MB/81.04MB[1B[1A[2Ka257f20c716c: Loading layer  26.18MB/81.04MB[1B[1A[2Ka257f20c716c: Loading layer  29.52MB/81.04MB[1B[1A[2Ka257f20c716c: Loading layer  34.54MB/81.04MB[1B[1A[2Ka257f20c716c: Loading layer  40.67MB/81.04MB[1B[1A[2Ka257f20c716c: Loading layer  47.35MB/81.04MB[1B[1A[2Ka257f20c716c: Loading layer  52.36MB/81.04MB[1B[1A[2Ka257f20c716c: Loading layer  57.93MB/81.04MB[1B[1A[2Ka257f20c716c: Loading layer   63.5MB/81.04MB[1B[1A[2Ka257f20c716c: Loading layer  66.29MB/81.04MB[1B[1A[2Ka257f20c716c: Loading layer   67.4MB/81.04MB[1B[1A[2Ka257f20c716c: Loading layer  71.86MB/81.04MB[1B[1A[2Ka257f20c716c: Loading layer  74.09MB/81.04MB[1B[1A[2Ka257f20c716c: Loading layer  75.76MB/81.04MB[1B[1A[2Ka257f20c716c: Loading layer  77.99MB/81.04MB[1B[1A[2Ka257f20c716c: Loading layer   79.1MB/81.04MB[1B[1A[2Ka257f20c716c: Loading layer  81.04MB/81.04MB[1B
[1A[2Kb0c20bcd44fe: Loading layer  65.54kB/4.123MB[1B[1A[2Kb0c20bcd44fe: Loading layer  1.769MB/4.123MB[1B[1A[2Kb0c20bcd44fe: Loading layer  4.123MB/4.123MB[1B[1A[2Kb0c20bcd44fe: Loading layer  4.123MB/4.123MB[1B
[1A[2K5184c31ad48f: Loading layer  458.8kB/43.85MB[1B[1A[2K5184c31ad48f: Loading layer  2.753MB/43.85MB[1B[1A[2K5184c31ad48f: Loading layer  8.716MB/43.85MB[1B[1A[2K5184c31ad48f: Loading layer  11.47MB/43.85MB[1B[1A[2K5184c31ad48f: Loading layer  16.06MB/43.85MB[1B[1A[2K5184c31ad48f: Loading layer  19.27MB/43.85MB[1B[1A[2K5184c31ad48f: Loading layer  24.31MB/43.85MB[1B[1A[2K5184c31ad48f: Loading layer  27.53MB/43.85MB[1B[1A[2K5184c31ad48f: Loading layer   31.2MB/43.85MB[1B[1A[2K5184c31ad48f: Loading layer  33.95MB/43.85MB[1B[1A[2K5184c31ad48f: Loading layer  35.78MB/43.85MB[1B[1A[2K5184c31ad48f: Loading layer  38.54MB/43.85MB[1B[1A[2K5184c31ad48f: Loading layer  41.29MB/43.85MB[1B[1A[2K5184c31ad48f: Loading layer  43.85MB/43.85MB[1B
[1A[2Kfa1d322086e6: Loading layer   5.12kB/5.12kB[1B[1A[2Kfa1d322086e6: Loading layer   5.12kB/5.12kB[1B
[1A[2Kbdf610394df6: Loading layer  22.02kB/22.02kB[1B[1A[2Kbdf610394df6: Loading layer  22.02kB/22.02kB[1B
[1A[2Keb067feb5b8d: Loading layer  9.728kB/9.728kB[1B[1A[2Keb067feb5b8d: Loading layer  9.728kB/9.728kB[1BLoaded image: bench-worker:latest
 [ ok ]
 * Starting chronyd ... [ ok ]
 * Starting cloud-init-hotplugd ... [ ok ]
Cloud-init v. 23.4 running 'init' at Thu, 05 Mar 2026 23:10:49 +0000. Up 33.83 seconds.
ci-info: +++++++++++++++++++++++++++++++++++++++Net device info+++++++++++++++++++++++++++++++++++++++
ci-info: +---------+-------+----------------------------+---------------+--------+-------------------+
ci-info: |  Device |   Up  |          Address           |      Mask     | Scope  |     Hw-Address    |
ci-info: +---------+-------+----------------------------+---------------+--------+-------------------+
ci-info: | docker0 | False |         172.17.0.1         |  255.255.0.0  | global | 02:42:b3:51:91:e1 |
ci-info: |   eth0  |  True |         10.0.2.15          | 255.255.255.0 | global | 52:54:00:12:34:56 |
ci-info: |   eth0  |  True | fec0::5054:ff:fe12:3456/64 |       .       |  site  | 52:54:00:12:34:56 |
ci-info: |   eth0  |  True | fe80::5054:ff:fe12:3456/64 |       .       |  link  | 52:54:00:12:34:56 |
ci-info: |    lo   |  True |         127.0.0.1          |   255.0.0.0   |  host  |         .         |
ci-info: |    lo   |  True |          ::1/128           |       .       |  host  |         .         |
ci-info: +---------+-------+----------------------------+---------------+--------+-------------------+
ci-info: +++++++++++++++++++++++++++Route IPv4 info++++++++++++++++++++++++++++
ci-info: +-------+-------------+----------+---------------+-----------+-------+
ci-info: | Route | Destination | Gateway  |    Genmask    | Interface | Flags |
ci-info: +-------+-------------+----------+---------------+-----------+-------+
ci-info: |   0   |   0.0.0.0   | 10.0.2.2 |    0.0.0.0    |    eth0   |   UG  |
ci-info: |   1   |   10.0.2.0  | 0.0.0.0  | 255.255.255.0 |    eth0   |   U   |
ci-info: |   2   |  172.17.0.0 | 0.0.0.0  |  255.255.0.0  |  docker0  |   U   |
ci-info: +-------+-------------+----------+---------------+-----------+-------+
ci-info: +++++++++++++++++++Route IPv6 info+++++++++++++++++++
ci-info: +-------+-------------+---------+-----------+-------+
ci-info: | Route | Destination | Gateway | Interface | Flags |
ci-info: +-------+-------------+---------+-----------+-------+
ci-info: |   0   |  fe80::/64  |    ::   |    eth0   |   U   |
ci-info: |   1   |  fec0::/64  |    ::   |    eth0   |   Ue  |
ci-info: |   2   |     ::/0    | fe80::2 |    eth0   |  UGe  |
ci-info: |   4   |    local    |    ::   |    eth0   |   U   |
ci-info: |   5   |    local    |    ::   |    eth0   |   U   |
ci-info: |   6   |  multicast  |    ::   |    eth0   |   U   |
ci-info: +-------+-------------+---------+-----------+-------+
2026-03-05 23:10:49,359 - cloud_config.py[WARNING]: Failed at merging in cloud config part from part-001: empty cloud config
Generating public/private rsa key pair.
Your identification has been saved in /etc/ssh/ssh_host_rsa_key
Your public key has been saved in /etc/ssh/ssh_host_rsa_key.pub
The key fingerprint is:
SHA256:P4mnVsYyI5ME4UcspFVsc/rRTWTiH7aZcsnQJReXvJk root@agent-4
The key's randomart image is:
+---[RSA 3072]----+
|   .+=o   ..+ =.o|
|   +o.= .. +.+ + |
|  . .+.+ .oo+   +|
|     .o . .=.* E |
|     . oSo. O    |
|      + =o++     |
|       o.*=      |
|        .o .     |
|       ..        |
+----[SHA256]-----+
Generating public/private dsa key pair.
Your identification has been saved in /etc/ssh/ssh_host_dsa_key
Your public key has been saved in /etc/ssh/ssh_host_dsa_key.pub
The key fingerprint is:
SHA256:vwM5mcTTldCqy2kMGcPz+1eM/lyeQoorq60sEgr9/S0 root@agent-4
The key's randomart image is:
+---[DSA 1024]----+
|          .o .   |
|            +    |
|     . . . o     |
|      = + o      |
| .     BS*   o   |
|...   o O.  ..o  |
|o .. . + *o.o.  .|
|.. .o o.Eo.ooo o.|
|  . .+o=++=o .+..|
+----[SHA256]-----+
Generating public/private ecdsa key pair.
Your identification has been saved in /etc/ssh/ssh_host_ecdsa_key
Your public key has been saved in /etc/ssh/ssh_host_ecdsa_key.pub
The key fingerprint is:
SHA256:X3w/t7p3+ZcFm9G0pxhkUWv3G1nQ0zvzFkP9d+CSXOE root@agent-4
The key's randomart image is:
+---[ECDSA 256]---+
|            .o+oo|
|            o.o==|
|           + +E+B|
|           .=.+OX|
|        S   o+.O@|
|         . ...+.*|
|          .    +*|
|               +*|
|             o+.=|
+----[SHA256]-----+
Generating public/private ed25519 key pair.
Your identification has been saved in /etc/ssh/ssh_host_ed25519_key
Your public key has been saved in /etc/ssh/ssh_host_ed25519_key.pub
The key fingerprint is:
SHA256:+GmU8qLg4oyNQFvmNiOWaFfNBj37zrxcKUG16//paBA root@agent-4
The key's randomart image is:
+--[ED25519 256]--+
|           .     |
|      .   . .    |
|     . o . .     |
|      +.+. E.    |
| . o .o=S. ..    |
|o * . .=..o..    |
|o*.*  . =o +.    |
|B++.o. o= o ... .|
|++o .    *. .oo+ |
+----[SHA256]-----+
 [ ok ]
Cloud-init v. 23.4 running 'modules:config' at Thu, 05 Mar 2026 23:10:50 +0000. Up 34.81 seconds.
 [ ok ]
Cloud-init v. 23.4 running 'modules:final' at Thu, 05 Mar 2026 23:10:50 +0000. Up 35.30 seconds.
ci-info: no authorized SSH keys fingerprints found for user alpine.
cloud-init: #############################################################
cloud-init: -----BEGIN SSH HOST KEY FINGERPRINTS-----
cloud-init: 1024 SHA256:vwM5mcTTldCqy2kMGcPz+1eM/lyeQoorq60sEgr9/S0 root@agent-4 (DSA)
cloud-init: 256 SHA256:X3w/t7p3+ZcFm9G0pxhkUWv3G1nQ0zvzFkP9d+CSXOE root@agent-4 (ECDSA)
cloud-init: 256 SHA256:+GmU8qLg4oyNQFvmNiOWaFfNBj37zrxcKUG16//paBA root@agent-4 (ED25519)
cloud-init: 3072 SHA256:P4mnVsYyI5ME4UcspFVsc/rRTWTiH7aZcsnQJReXvJk root@agent-4 (RSA)
cloud-init: -----END SSH HOST KEY FINGERPRINTS-----
cloud-init: #############################################################
-----BEGIN SSH HOST KEY KEYS-----
ecdsa-sha2-nistp256 AAAAE2VjZHNhLXNoYTItbmlzdHAyNTYAAAAIbmlzdHAyNTYAAABBBGun8WphTW+SivIqWBQLJJrlsneAEl2rANZqSmnRHlCZ1UrV8jIBbyriLtRiir7l+1QhbUDAhCGcKs5fwwIQZ0M= root@agent-4
ssh-ed25519 AAAAC3NzaC1lZDI1NTE5AAAAIBWMvTsWakKv228nVgTs+FbWFcsGUPwnUx9IOmSzwDOh root@agent-4
ssh-rsa AAAAB3NzaC1yc2EAAAADAQABAAABgQC20tDzNoRovuBKT5I3ye+mfL/zq/y2o5TfjLmOE5+f8PQWykKgxTmkm8CEJI5Qj/YEEKCB2uEl/4seOruzIHJjVqY/LqVcE6JEzVcQv7bYHWJ1qscqCbwMdpG36IqdGQ9vhwiFNA54GNufezG3QSguWDjuFmG1l3PKEODZYHMGcIAmr0uWJQRSIuWnwUxVkMB712OgRtUg8AArqbtMbb2OBBqydaG1IjLBeZh+CWYWQ2LAfc8n6p7tIBeQvpFmKMvz7sLmYZpydg+4xbgjUFYcOqUb3Yhj/RMaXfGDrbYP7H81gsqPxPxMn4Cu1+jqtIrahEjQAkEdexSCMltMiEQGvO7LHmwnKL0P7tu5eMbp9ZHiV7fFFhb2QqrVToeKNjwBBKtFEbDCTfcZDyfwEOq4z3xmnKK2Hra0PS1fZMeKqihPd5hsqjPWuBO4McSrxC5QVZyVIVgrry+NLGPzk8ya3j+nuJTqncsO+xRII9JSWyPtyFP0fDph264NM/NDfN8= root@agent-4
-----END SSH HOST KEY KEYS-----
Cloud-init v. 23.4 finished at Thu, 05 Mar 2026 23:10:50 +0000. Datasource DataSourceNoCloud [seed=/dev/vdb][dsmode=net].  Up 35.43 seconds
 [ ok ]

Welcome to Alpine Linux 3.19
Kernel 6.6.4-1-virt on an x86_64 (/dev/ttyS0)

agent-4 login: 