c[?7l[2J[0mSeaBIOS (version 1.15.0-1)


iPXE (https://ipxe.org) 00:03.0 CA00 PCI2.10 PnP PMM+BFF8B380+BFECB380 CA00
Press Ctrl-B to configure iPXE (PCI 00:03.0)...                                                                               


Booting from Hard Disk...

SYSLINUX 6.04 EDD 6.04-pre1 Copyright (C) 1994-2015 H. Peter Anvin et al

SYSLINUX 6.04 6.04-pre1 Copyright (C) 1994-2015 H. Peter Anvin et al
[2Je%@)0(B[0;37;40m[?25l[2J[23;16HAlpine will be booted automatically in [0;1m1[0m seconds[23;16H[0;37;40mAlpine will be booted automatically in [0;1;37;40m1[0;37;40m seconds..[23;16H                                                 [23;16H[0;37;40m                                                  [?25h[24;1H[0m 
Loading vmlinuz-virt...Loading vmlinuz-virt...  ook
k
Loading initramfs-virt..Loading initramfs-virt....ookk

c[?7l[2J[    0.000000] Linux version 6.6.4-1-virt (buildozer@build-3-19-x86_64) (gcc (Alpine 13.2.1_git20231014) 13.2.1 20231014, GNU ld (GNU Binutils) 2.41) #2-Alpine SMP PREEMPT_DYNAMIC Tue, 05 Dec 2023 20:25:50 +0000
[    0.000000] Command line: BOOT_IMAGE=vmlinuz-virt root=LABEL=/ modules=sd-mod,usb-storage,ext4 console=ttyS0,115200n8 initrd=initramfs-virt
[    0.000000] BIOS-provided physical RAM map:
[    0.000000] BIOS-e820: [mem 0x0000000000000000-0x000000000009fbff] usable
[    0.000000] BIOS-e820: [mem 0x000000000009fc00-0x000000000009ffff] reserved
[    0.000000] BIOS-e820: [mem 0x00000000000f0000-0x00000000000fffff] reserved
[    0.000000] BIOS-e820: [mem 0x0000000000100000-0x00000000bffd9fff] usable
[    0.000000] BIOS-e820: [mem 0x00000000bffda000-0x00000000bfffffff] reserved
[    0.000000] BIOS-e820: [mem 0x00000000feffc000-0x00000000feffffff] reserved
[    0.000000] BIOS-e820: [mem 0x00000000fffc0000-0x00000000ffffffff] reserved
[    0.000000] BIOS-e820: [mem 0x0000000100000000-0x000000013fffffff] usable
[    0.000000] NX (Execute Disable) protection: active
[    0.000000] APIC: Static calls initialized
[    0.000000] SMBIOS 2.8 present.
[    0.000000] DMI: QEMU Standard PC (i440FX + PIIX, 1996), BIOS 1.15.0-1 04/01/2014
[    0.000000] Hypervisor detected: KVM
[    0.000000] kvm-clock: Using msrs 4b564d01 and 4b564d00
[    0.000001] kvm-clock: using sched offset of 2679165264 cycles
[    0.000003] clocksource: kvm-clock: mask: 0xffffffffffffffff max_cycles: 0x1cd42e4dffb, max_idle_ns: 881590591483 ns
[    0.000007] tsc: Detected 2799.998 MHz processor
[    0.001255] last_pfn = 0x140000 max_arch_pfn = 0x400000000
[    0.001639] MTRR map: 4 entries (3 fixed + 1 variable; max 19), built from 8 variable MTRRs
[    0.001655] x86/PAT: Configuration [0-7]: WB  WC  UC- UC  WB  WP  UC- WT  
[    0.002143] last_pfn = 0xbffda max_arch_pfn = 0x400000000
[    0.002686] RAMDISK: [mem 0x7f71e000-0x7fffffff]
[    0.002689] ACPI: Early table checksum verification disabled
[    0.002695] ACPI: RSDP 0x00000000000F59A0 000014 (v00 BOCHS )
[    0.002700] ACPI: RSDT 0x00000000BFFE1975 000034 (v01 BOCHS  BXPC     00000001 BXPC 00000001)
[    0.002706] ACPI: FACP 0x00000000BFFE1821 000074 (v01 BOCHS  BXPC     00000001 BXPC 00000001)
[    0.002758] ACPI: DSDT 0x00000000BFFE0040 0017E1 (v01 BOCHS  BXPC     00000001 BXPC 00000001)
[    0.002762] ACPI: FACS 0x00000000BFFE0000 000040
[    0.002765] ACPI: APIC 0x00000000BFFE1895 000080 (v01 BOCHS  BXPC     00000001 BXPC 00000001)
[    0.002768] ACPI: HPET 0x00000000BFFE1915 000038 (v01 BOCHS  BXPC     00000001 BXPC 00000001)
[    0.002771] ACPI: WAET 0x00000000BFFE194D 000028 (v01 BOCHS  BXPC     00000001 BXPC 00000001)
[    0.002773] ACPI: Reserving FACP table memory at [mem 0xbffe1821-0xbffe1894]
[    0.002775] ACPI: Reserving DSDT table memory at [mem 0xbffe0040-0xbffe1820]
[    0.002776] ACPI: Reserving FACS table memory at [mem 0xbffe0000-0xbffe003f]
[    0.002776] ACPI: Reserving APIC table memory at [mem 0xbffe1895-0xbffe1914]
[    0.002777] ACPI: Reserving HPET table memory at [mem 0xbffe1915-0xbffe194c]
[    0.002777] ACPI: Reserving WAET table memory at [mem 0xbffe194d-0xbffe1974]
[    0.003196] Zone ranges:
[    0.003198]   DMA      [mem 0x0000000000001000-0x0000000000ffffff]
[    0.003200]   DMA32    [mem 0x0000000001000000-0x00000000ffffffff]
[    0.003201]   Normal   [mem 0x0000000100000000-0x000000013fffffff]
[    0.003202] Movable zone start for each node
[    0.003203] Early memory node ranges
[    0.003203]   node   0: [mem 0x0000000000001000-0x000000000009efff]
[    0.003205]   node   0: [mem 0x0000000000100000-0x00000000bffd9fff]
[    0.003205]   node   0: [mem 0x0000000100000000-0x000000013fffffff]
[    0.003207] Initmem setup node 0 [mem 0x0000000000001000-0x000000013fffffff]
[    0.003347] On node 0, zone DMA: 1 pages in unavailable ranges
[    0.004957] On node 0, zone DMA: 97 pages in unavailable ranges
[    0.485682] On node 0, zone Normal: 38 pages in unavailable ranges
[    0.488900] ACPI: PM-Timer IO Port: 0x608
[    0.488940] ACPI: LAPIC_NMI (acpi_id[0xff] dfl dfl lint[0x1])
[    0.489147] IOAPIC[0]: apic_id 0, version 17, address 0xfec00000, GSI 0-23
[    0.489151] ACPI: INT_SRC_OVR (bus 0 bus_irq 0 global_irq 2 dfl dfl)
[    0.489153] ACPI: INT_SRC_OVR (bus 0 bus_irq 5 global_irq 5 high level)
[    0.489155] ACPI: INT_SRC_OVR (bus 0 bus_irq 9 global_irq 9 high level)
[    0.489156] ACPI: INT_SRC_OVR (bus 0 bus_irq 10 global_irq 10 high level)
[    0.489156] ACPI: INT_SRC_OVR (bus 0 bus_irq 11 global_irq 11 high level)
[    0.489161] ACPI: Using ACPI (MADT) for SMP configuration information
[    0.489163] ACPI: HPET id: 0x8086a201 base: 0xfed00000
[    0.489208] smpboot: Allowing 2 CPUs, 0 hotplug CPUs
[    0.489263] kvm-guest: APIC: eoi() replaced with kvm_guest_apic_eoi_write()
[    0.489325] [mem 0xc0000000-0xfeffbfff] available for PCI devices
[    0.489327] Booting paravirtualized kernel on KVM
[    0.489328] clocksource: refined-jiffies: mask: 0xffffffff max_cycles: 0xffffffff, max_idle_ns: 19112604462750000 ns
[    0.492980] setup_percpu: NR_CPUS:256 nr_cpumask_bits:2 nr_cpu_ids:2 nr_node_ids:1
[    0.507121] percpu: Embedded 57 pages/cpu s195048 r8192 d30232 u1048576
[    0.507245] kvm-guest: PV spinlocks disabled, no host support
[    0.507247] Kernel command line: BOOT_IMAGE=vmlinuz-virt root=LABEL=/ modules=sd-mod,usb-storage,ext4 console=ttyS0,115200n8 initrd=initramfs-virt
[    0.507302] Unknown kernel command line parameters "BOOT_IMAGE=vmlinuz-virt modules=sd-mod,usb-storage,ext4", will be passed to user space.
[    0.534812] Dentry cache hash table entries: 524288 (order: 10, 4194304 bytes, linear)
[    0.554595] Inode-cache hash table entries: 262144 (order: 9, 2097152 bytes, linear)
[    0.554832] Built 1 zonelists, mobility grouping on.  Total pages: 1031898
[    0.570074] mem auto-init: stack:all(zero), heap alloc:on, heap free:off
[    0.570086] software IO TLB: area num 2.
[    0.992003] Memory: 4012148K/4193760K available (12288K kernel code, 1744K rwdata, 8008K rodata, 2640K init, 2300K bss, 181352K reserved, 0K cma-reserved)
[    0.997965] SLUB: HWalign=64, Order=0-3, MinObjects=0, CPUs=2, Nodes=1
[    0.998148] Kernel/User page tables isolation: enabled
[    1.001124] Dynamic Preempt: none
[    1.001340] rcu: Preemptible hierarchical RCU implementation.
[    1.001341] rcu: 	RCU restricting CPUs from NR_CPUS=256 to nr_cpu_ids=2.
[    1.001343] 	Trampoline variant of Tasks RCU enabled.
[    1.001344] 	Tracing variant of Tasks RCU enabled.
[    1.001344] rcu: RCU calculated value of scheduler-enlistment delay is 10 jiffies.
[    1.001345] rcu: Adjusting geometry for rcu_fanout_leaf=16, nr_cpu_ids=2
[    1.006061] NR_IRQS: 16640, nr_irqs: 440, preallocated irqs: 16
[    1.006645] rcu: srcu_init: Setting srcu_struct sizes based on contention.
[    1.006800] kfence: initialized - using 2097152 bytes for 255 objects at 0x(____ptrval____)-0x(____ptrval____)
[    1.032977] Console: colour VGA+ 80x25
[    1.033168] printk: console [ttyS0] enabled
[    1.380251] ACPI: Core revision 20230628
[    1.386757] clocksource: hpet: mask: 0xffffffff max_cycles: 0xffffffff, max_idle_ns: 19112604467 ns
[    1.396962] APIC: Switch to symmetric I/O mode setup
[    1.407742] x2apic enabled
[    1.412903] APIC: Switched APIC routing to: physical x2apic
[    1.430517] ..TIMER: vector=0x30 apic1=0 pin1=2 apic2=-1 pin2=-1
[    1.436561] clocksource: tsc-early: mask: 0xffffffffffffffff max_cycles: 0x285c3ee517e, max_idle_ns: 440795257231 ns
[    1.442938] Calibrating delay loop (skipped) preset value.. 5599.99 BogoMIPS (lpj=27999980)
[    1.450307] Last level iTLB entries: 4KB 0, 2MB 0, 4MB 0
[    1.462497] Last level dTLB entries: 4KB 0, 2MB 0, 4MB 0, 1GB 0
[    1.466047] Spectre V1 : Mitigation: usercopy/swapgs barriers and __user pointer sanitization
[    1.470725] Spectre V2 : Mitigation: Retpolines
[    1.472473] Spectre V2 : Spectre v2 / SpectreRSB mitigation: Filling RSB on context switch
[    1.477035] Spectre V2 : Spectre v2 / SpectreRSB : Filling RSB on VMEXIT
[    1.480604] Speculative Store Bypass: Vulnerable
[    1.482585] MDS: Vulnerable: Clear CPU buffers attempted, no microcode
[    1.486242] MMIO Stale Data: Unknown: No mitigations
[    1.489263] x86/fpu: x87 FPU will use FXSAVE
[    1.712661] Freeing SMP alternatives memory: 32K
[    1.715285] pid_max: default: 32768 minimum: 301
[    1.718568] LSM: initializing lsm=capability,landlock,lockdown,integrity
[    1.723286] landlock: Up and running.
[    1.726045] Mount-cache hash table entries: 8192 (order: 4, 65536 bytes, linear)
[    1.732813] Mountpoint-cache hash table entries: 8192 (order: 4, 65536 bytes, linear)
[    1.866401] smpboot: CPU0: Intel QEMU Virtual CPU version 2.5+ (family: 0xf, model: 0x6b, stepping: 0x1)
[    1.872993] RCU Tasks: Setting shift to 1 and lim to 1 rcu_task_cb_adjust=1.
[    1.876907] RCU Tasks Trace: Setting shift to 1 and lim to 1 rcu_task_cb_adjust=1.
[    1.881208] Performance Events: unsupported Netburst CPU model 107 no PMU driver, software events only.
[    1.882794] signal: max sigframe size: 1440
[    1.885407] rcu: Hierarchical SRCU implementation.
[    1.888017] rcu: 	Max phase no-delay instances is 1000.
[    1.898876] NMI watchdog: Perf NMI watchdog permanently disabled
[    1.902811] smp: Bringing up secondary CPUs ...
[    1.906507] smpboot: x86: Booting SMP configuration:
[    1.909135] .... node  #0, CPUs:      #1
[    1.924469] smp: Brought up 1 node, 2 CPUs
[    1.926870] smpboot: Max logical packages: 1
[    1.932478] ----------------
[    1.934081] | NMI testsuite:
[    1.935658] --------------------
[    1.937444]   remote IPI:  ok  |
[    1.937507]    local IPI:  ok  |
[    1.937507] --------------------
[    1.942472] Good, all   2 testcases passed! |
[    1.944754] ---------------------------------
[    1.947024] smpboot: Total of 2 processors activated (11199.99 BogoMIPS)
[    1.953706] devtmpfs: initialized
[    1.954409] x86/mm: Memory block size: 128MB
[    1.958794] clocksource: jiffies: mask: 0xffffffff max_cycles: 0xffffffff, max_idle_ns: 19112604462750000 ns
[    1.962639] futex hash table entries: 512 (order: 3, 32768 bytes, linear)
[    1.988908] NET: Registered PF_NETLINK/PF_ROUTE protocol family
[    1.993768] audit: initializing netlink subsys (disabled)
[    1.996756] audit: type=2000 audit(1772765683.895:1): state=initialized audit_enabled=0 res=1
[    2.002958] thermal_sys: Registered thermal governor 'step_wise'
[    2.007094] cpuidle: using governor ladder
[    2.012484] cpuidle: using governor menu
[    2.014966] acpiphp: ACPI Hot Plug PCI Controller Driver version: 0.5
[    2.019921] PCI: Using configuration type 1 for base access
[    2.023056] kprobes: kprobe jump-optimization is enabled. All kprobes are optimized if possible.
[    2.034810] HugeTLB: registered 2.00 MiB page size, pre-allocated 0 pages
[    2.036139] HugeTLB: 28 KiB vmemmap can be freed for a 2.00 MiB page
[    2.043225] ACPI: Added _OSI(Module Device)
[    2.045571] ACPI: Added _OSI(Processor Device)
[    2.045571] ACPI: Added _OSI(3.0 _SCP Extensions)
[    2.047370] ACPI: Added _OSI(Processor Aggregator Device)
[    2.053246] ACPI: 1 ACPI AML tables successfully acquired and loaded
[    2.062505] ACPI: _OSC evaluation for CPUs failed, trying _PDC
[    2.065727] ACPI: Interpreter enabled
[    2.067802] ACPI: PM: (supports S0 S3 S5)
[    2.067802] ACPI: Using IOAPIC for interrupt routing
[    2.067802] PCI: Using host bridge windows from ACPI; if necessary, use "pci=nocrs" and report a bug
[    2.072469] PCI: Using E820 reservations for host bridge windows
[    2.075777] ACPI: Enabled 2 GPEs in block 00 to 0F
[    2.083817] ACPI: PCI Root Bridge [PCI0] (domain 0000 [bus 00-ff])
[    2.087153] acpi PNP0A03:00: _OSC: OS supports [ASPM ClockPM Segments MSI HPX-Type3]
[    2.091238] acpi PNP0A03:00: _OSC: not requesting OS control; OS requires [ExtendedConfig ASPM ClockPM MSI]
[    2.092478] acpi PNP0A03:00: fail to add MMCONFIG information, can't access extended configuration space under this bridge
[    2.102863] acpiphp: Slot [3] registered
[    2.105030] acpiphp: Slot [4] registered
[    2.107159] acpiphp: Slot [5] registered
[    2.109535] acpiphp: Slot [6] registered
[    2.111681] acpiphp: Slot [7] registered
[    2.112529] acpiphp: Slot [8] registered
[    2.114732] acpiphp: Slot [9] registered
[    2.116893] acpiphp: Slot [10] registered
[    2.120730] acpiphp: Slot [11] registered
[    2.122520] acpiphp: Slot [12] registered
[    2.124707] acpiphp: Slot [13] registered
[    2.127059] acpiphp: Slot [14] registered
[    2.129316] acpiphp: Slot [15] registered
[    2.132519] acpiphp: Slot [16] registered
[    2.134748] acpiphp: Slot [17] registered
[    2.137066] acpiphp: Slot [18] registered
[    2.139381] acpiphp: Slot [19] registered
[    2.142524] acpiphp: Slot [20] registered
[    2.144847] acpiphp: Slot [21] registered
[    2.147112] acpiphp: Slot [22] registered
[    2.149330] acpiphp: Slot [23] registered
[    2.151568] acpiphp: Slot [24] registered
[    2.152522] acpiphp: Slot [25] registered
[    2.154874] acpiphp: Slot [26] registered
[    2.157321] acpiphp: Slot [27] registered
[    2.159840] acpiphp: Slot [28] registered
[    2.162519] acpiphp: Slot [29] registered
[    2.164764] acpiphp: Slot [30] registered
[    2.167009] acpiphp: Slot [31] registered
[    2.169282] PCI host bridge to bus 0000:00
[    2.172474] pci_bus 0000:00: root bus resource [io  0x0000-0x0cf7 window]
[    2.176075] pci_bus 0000:00: root bus resource [io  0x0d00-0xffff window]
[    2.179760] pci_bus 0000:00: root bus resource [mem 0x000a0000-0x000bffff window]
[    2.182472] pci_bus 0000:00: root bus resource [mem 0xc0000000-0xfebfffff window]
[    2.186371] pci_bus 0000:00: root bus resource [mem 0x140000000-0x1bfffffff window]
[    2.192515] pci_bus 0000:00: root bus resource [bus 00-ff]
[    2.196036] pci 0000:00:00.0: [8086:1237] type 00 class 0x060000
[    2.203524] pci 0000:00:01.0: [8086:7000] type 00 class 0x060100
[    2.210284] pci 0000:00:01.1: [8086:7010] type 00 class 0x010180
[    2.216802] pci 0000:00:01.1: reg 0x20: [io  0xc160-0xc16f]
[    2.223034] pci 0000:00:01.1: legacy IDE quirk: reg 0x10: [io  0x01f0-0x01f7]
[    2.227466] pci 0000:00:01.1: legacy IDE quirk: reg 0x14: [io  0x03f6]
[    2.231172] pci 0000:00:01.1: legacy IDE quirk: reg 0x18: [io  0x0170-0x0177]
[    2.232476] pci 0000:00:01.1: legacy IDE quirk: reg 0x1c: [io  0x0376]
[    2.237295] pci 0000:00:01.3: [8086:7113] type 00 class 0x068000
[    2.245193] pci 0000:00:01.3: quirk: [io  0x0600-0x063f] claimed by PIIX4 ACPI
[    2.249181] pci 0000:00:01.3: quirk: [io  0x0700-0x070f] claimed by PIIX4 SMB
[    2.253600] pci 0000:00:02.0: [1234:1111] type 00 class 0x030000
[    2.282884] pci 0000:00:02.0: reg 0x10: [mem 0xfd000000-0xfdffffff pref]
[    2.294213] pci 0000:00:02.0: reg 0x18: [mem 0xfeb90000-0xfeb90fff]
[    2.314322] pci 0000:00:02.0: reg 0x30: [mem 0xfeb80000-0xfeb8ffff pref]
[    2.332562] pci 0000:00:02.0: Video device with shadowed ROM at [mem 0x000c0000-0x000dffff]
[    2.344627] pci 0000:00:03.0: [1af4:1000] type 00 class 0x020000
[    2.349517] pci 0000:00:03.0: reg 0x10: [io  0xc140-0xc15f]
[    2.353723] pci 0000:00:03.0: reg 0x14: [mem 0xfeb91000-0xfeb91fff]
[    2.361533] pci 0000:00:03.0: reg 0x20: [mem 0xfe000000-0xfe003fff 64bit pref]
[    2.363449] pci 0000:00:03.0: reg 0x30: [mem 0xfeb00000-0xfeb7ffff pref]
[    2.379341] pci 0000:00:04.0: [1af4:1009] type 00 class 0x000200
[    2.383886] pci 0000:00:04.0: reg 0x10: [io  0xc100-0xc13f]
[    2.388273] pci 0000:00:04.0: reg 0x14: [mem 0xfeb92000-0xfeb92fff]
[    2.395509] pci 0000:00:04.0: reg 0x20: [mem 0xfe004000-0xfe007fff 64bit pref]
[    2.405347] pci 0000:00:05.0: [1af4:1001] type 00 class 0x010000
[    2.410798] pci 0000:00:05.0: reg 0x10: [io  0xc000-0xc07f]
[    2.413943] pci 0000:00:05.0: reg 0x14: [mem 0xfeb93000-0xfeb93fff]
[    2.423674] pci 0000:00:05.0: reg 0x20: [mem 0xfe008000-0xfe00bfff 64bit pref]
[    2.436024] pci 0000:00:06.0: [1af4:1001] type 00 class 0x010000
[    2.441721] pci 0000:00:06.0: reg 0x10: [io  0xc080-0xc0ff]
[    2.443977] pci 0000:00:06.0: reg 0x14: [mem 0xfeb94000-0xfeb94fff]
[    2.455402] pci 0000:00:06.0: reg 0x20: [mem 0xfe00c000-0xfe00ffff 64bit pref]
[    2.470273] ACPI: PCI: Interrupt link LNKA configured for IRQ 10
[    2.472729] ACPI: PCI: Interrupt link LNKB configured for IRQ 10
[    2.476490] ACPI: PCI: Interrupt link LNKC configured for IRQ 11
[    2.480168] ACPI: PCI: Interrupt link LNKD configured for IRQ 11
[    2.482600] ACPI: PCI: Interrupt link LNKS configured for IRQ 9
[    2.492798] iommu: Default domain type: Translated
[    2.495611] iommu: DMA domain TLB invalidation policy: lazy mode
[    2.501516] SCSI subsystem initialized
[    2.505053] pps_core: LinuxPPS API ver. 1 registered
[    2.506095] pps_core: Software ver. 5.3.6 - Copyright 2005-2007 Rodolfo Giometti <giometti@linux.it>
[    2.512506] PTP clock support registered
[    2.515987] PCI: Using ACPI for IRQ routing
[    2.525022] hpet: 3 channels of 0 reserved for per-cpu timers
[    2.532577] clocksource: Switched to clocksource kvm-clock
[    2.552341] VFS: Disk quotas dquot_6.6.0
[    2.554596] VFS: Dquot-cache hash table entries: 512 (order 0, 4096 bytes)
[    2.559127] pnp: PnP ACPI init
[    2.562675] pnp: PnP ACPI: found 6 devices
[    2.587096] clocksource: acpi_pm: mask: 0xffffff max_cycles: 0xffffff, max_idle_ns: 2085701024 ns
[    2.592665] NET: Registered PF_INET protocol family
[    2.598993] IP idents hash table entries: 65536 (order: 7, 524288 bytes, linear)
[    2.605589] tcp_listen_portaddr_hash hash table entries: 2048 (order: 3, 32768 bytes, linear)
[    2.612656] Table-perturb hash table entries: 65536 (order: 6, 262144 bytes, linear)
[    2.622002] TCP established hash table entries: 32768 (order: 6, 262144 bytes, linear)
[    2.637928] TCP bind hash table entries: 32768 (order: 8, 1048576 bytes, linear)
[    2.642277] TCP: Hash tables configured (established 32768 bind 32768)
[    2.649709] UDP hash table entries: 2048 (order: 4, 65536 bytes, linear)
[    2.653964] UDP-Lite hash table entries: 2048 (order: 4, 65536 bytes, linear)
[    2.658704] NET: Registered PF_UNIX/PF_LOCAL protocol family
[    2.661949] NET: Registered PF_XDP protocol family
[    2.664796] pci_bus 0000:00: resource 4 [io  0x0000-0x0cf7 window]
[    2.668349] pci_bus 0000:00: resource 5 [io  0x0d00-0xffff window]
[    2.671846] pci_bus 0000:00: resource 6 [mem 0x000a0000-0x000bffff window]
[    2.675594] pci_bus 0000:00: resource 7 [mem 0xc0000000-0xfebfffff window]
[    2.679373] pci_bus 0000:00: resource 8 [mem 0x140000000-0x1bfffffff window]
[    2.683397] pci 0000:00:01.0: PIIX3: Enabling Passive Release
[    2.686941] pci 0000:00:00.0: Limiting direct PCI/PCI transfers
[    2.691147] PCI: CLS 0 bytes, default 64
[    2.693870] PCI-DMA: Using software bounce buffering for IO (SWIOTLB)
[    2.694938] Unpacking initramfs...
[    2.697927] software IO TLB: mapped [mem 0x00000000bbfd9000-0x00000000bffd9000] (64MB)
[    2.698937] clocksource: tsc: mask: 0xffffffffffffffff max_cycles: 0x285c3ee517e, max_idle_ns: 440795257231 ns
[    2.713616] Initialise system trusted keyrings
[    2.717539] workingset: timestamp_bits=46 max_order=20 bucket_order=0
[    2.721756] zbud: loaded
[    2.723914] Key type asymmetric registered
[    2.726587] Asymmetric key parser 'x509' registered
[    2.731640] Block layer SCSI generic (bsg) driver version 0.4 loaded (major 247)
[    2.736895] io scheduler mq-deadline registered
[    2.739840] io scheduler kyber registered
[    2.742612] io scheduler bfq registered
[    2.747527] ERST DBG: ERST support is disabled.
[    2.765947] ACPI: \_SB_.LNKC: Enabled at IRQ 11
[    2.785219] ACPI: \_SB_.LNKD: Enabled at IRQ 10
[    2.803734] ACPI: \_SB_.LNKA: Enabled at IRQ 10
[    2.822310] ACPI: \_SB_.LNKB: Enabled at IRQ 11
[    2.829660] Serial: 8250/16550 driver, 4 ports, IRQ sharing enabled
[    2.833934] 00:04: ttyS0 at I/O 0x3f8 (irq = 4, base_baud = 115200) is a 16550A
[    2.845700] VMware PVSCSI driver - version 1.0.7.0-k
[    2.854829] scsi host0: ata_piix
[    2.865011] scsi host1: ata_piix
[    2.867171] ata1: PATA max MWDMA2 cmd 0x1f0 ctl 0x3f6 bmdma 0xc160 irq 14
[    2.870872] ata2: PATA max MWDMA2 cmd 0x170 ctl 0x376 bmdma 0xc168 irq 15
[    2.876429] i8042: PNP: PS/2 Controller [PNP0303:KBD,PNP0f13:MOU] at 0x60,0x64 irq 1,12
[    2.891913] serio: i8042 KBD port at 0x60,0x64 irq 1
[    2.894716] serio: i8042 AUX port at 0x60,0x64 irq 12
[    2.898222] rtc_cmos 00:05: RTC can wake from S4
[    2.912032] input: AT Translated Set 2 keyboard as /devices/platform/i8042/serio0/input/input0
[    2.919298] rtc_cmos 00:05: registered as rtc0
[    2.922197] rtc_cmos 00:05: setting system clock to 2026-03-06T02:54:44 UTC (1772765684)
[    2.927120] rtc_cmos 00:05: alarms up to one day, y3k, 242 bytes nvram, hpet irqs
[    2.931352] intel_pstate: CPU model not supported
[    2.935635] gre: GRE over IPv4 demultiplexor driver
[    3.011571] Key type dns_resolver registered
[    3.014414] IPI shorthand broadcast: enabled
[    3.025055] sched_clock: Marking stable (2611036114, 405800652)->(3025281197, -8444431)
[    3.085533] ata2: found unknown device (class 0)
[    3.108650] ata2.00: ATAPI: QEMU DVD-ROM, 2.5+, max UDMA/100
[    3.119019] registered taskstats version 1
[    3.122747] Loading compiled-in X.509 certificates
[    3.148311] scsi 1:0:0:0: CD-ROM            QEMU     QEMU DVD-ROM     2.5+ PQ: 0 ANSI: 5
[    3.183802] Freeing initrd memory: 9096K
[    3.218805] Loaded X.509 cert 'alpinelinux.org: Alpine Linux kernel key: d76a695f66ad9cd28f5c22a8508f36e91f521f7a'
[    3.229031] Key type .fscrypt registered
[    3.231908] Key type fscrypt-provisioning registered
[    3.258701] Freeing unused kernel image (initmem) memory: 2640K
[    3.315982] Write protecting the kernel read-only data: 20480k
[    3.319132] Freeing unused kernel image (rodata/data gap) memory: 184K
[    3.321349] rodata_test: all tests were successful
[    3.322989] Run /init as init process
[    3.348011] Alpine Init 3.9.0-r0
Alpine Init 3.9.[    3.349409] Loading boot drivers...
0-r0
 * Loading boot drivers: [    3.408395] ACPI: bus type USB registered
[    3.409941] usbcore: registered new interface driver usbfs
[    3.411748] usbcore: registered new interface driver hub
[    3.413461] usbcore: registered new device driver usb
[    3.433100] usbcore: registered new interface driver usb-storage
[    3.616919] loop: module loaded
[    3.655601] ACPI: bus type drm_connector registered
[    3.689905] Loading boot drivers: ok.
ok.
[    3.693798] Mounting root...
 * Mounting root: [    3.731579] piix4_smbus 0000:00:01.3: SMBus Host Controller at 0x700, revision 0
[    3.747218] [drm] Found bochs VGA, ID 0xb0c5.
[    3.748729] [drm] Framebuffer size 16384 kB @ 0xfd000000, mmio @ 0xfeb90000.
[    3.757424] [drm] Found EDID data blob.
[    3.758900] [drm] Initialized bochs-drm 1.0.0 20130925 for 0000:00:02.0 on minor 0
[    3.795579] Console: switching to colour frame buffer device 128x48
[    3.799421] bochs-drm 0000:00:02.0: [drm] fb0: bochs-drmdrmfb frame buffer device
[    3.988328] sr 1:0:0:0: [sr0] scsi3-mmc drive: 4x/4x cd/rw xa/form2 tray
[    3.990381] cdrom: Uniform CD-ROM driver Revision: 3.20
[    4.072459] virtio_blk virtio2: 2/0/0 default/read/poll queues
[    4.079284] virtio_blk virtio2: [vda] 8388608 512-byte logical blocks (4.29 GB/4.00 GiB)
[    4.083750] virtio_blk virtio3: 2/0/0 default/read/poll queues
[    4.089830] virtio_blk virtio3: [vdb] 736 512-byte logical blocks (377 kB/368 KiB)
[    4.169376] block sr0: the capability attribute has been deprecated.
[    6.982420] EXT4-fs (vda): mounted filesystem 367ceb5a-a72a-4cc6-9140-e18812d3c81b ro with ordered data mode. Quota mode: none.
[    6.986390] Mounting root: ok.
ok.

   OpenRC 0.52.1 is starting up Linux 6.6.4-1-virt (x86_64)

 * /proc is already mounted
 * Mounting /run ... [ ok ]
 * /run/openrc: creating directory
 * /run/lock: creating directory
 * /run/lock: correcting owner
 * Caching service dependencies ... [ ok ]
 * Remounting devtmpfs on /dev ... [ ok ]
 * Mounting /dev/mqueue ... [ ok ]
 * Mounting security filesystem ... [ ok ]
 * Mounting debug filesystem ... [ ok ]
 * Mounting persistent storage (pstore) filesystem ... [ ok ]
 * Starting busybox mdev ... [ ok ]
 * Scanning hardware for mdev ... [ ok ]
 * Loading hardware drivers ... [ ok ]
 * Loading modules ... [ ok ]
 * Setting system clock using the hardware clock [UTC] ... [ ok ]
 * Checking local filesystems  .../: clean, 8723/65536 files, 158031/262144 blocks
 [ ok ]
 * Remounting root filesystem read/write ... [ ok ]
 * Remounting filesystems ... [ ok ]
 * Activating swap devices ... [ ok ]
 * Mounting local filesystems ... [ ok ]
 * Starting busybox acpid ... [ ok ]
 * Configuring kernel parameters ... [ ok ]
 * Migrating /var/lock to /run/lock ... [ ok ]
 * Creating user login records ... [ ok ]
 * Cleaning /tmp directory ... [ ok ]
Cloud-init v. 23.4 running 'init-local' at Fri, 06 Mar 2026 02:54:52 +0000. Up 11.69 seconds.
 [ ok ]
 * Setting hostname ... [ ok ]
 * Starting busybox syslog ... [ ok ]
 * Mounting cgroup filesystem ... [ ok ]
 * Starting networking ... *   lo ... [ ok ]
 *   eth0 ... [ ok ]
 * /var/log/docker.log: creating file
 * /var/log/docker.log: correcting owner
 * Starting Docker Daemon ... [ ok ]
 * Starting benchmark agent ...
[1A[2Ka257f20c716c: Loading layer  557.1kB/81.04MB[1B[1A[2Ka257f20c716c: Loading layer  3.342MB/81.04MB[1B[1A[2Ka257f20c716c: Loading layer  6.685MB/81.04MB[1B[1A[2Ka257f20c716c: Loading layer  10.03MB/81.04MB[1B[1A[2Ka257f20c716c: Loading layer  12.81MB/81.04MB[1B[1A[2Ka257f20c716c: Loading layer  16.15MB/81.04MB[1B[1A[2Ka257f20c716c: Loading layer   19.5MB/81.04MB[1B[1A[2Ka257f20c716c: Loading layer  22.84MB/81.04MB[1B[1A[2Ka257f20c716c: Loading layer  25.62MB/81.04MB[1B[1A[2Ka257f20c716c: Loading layer  27.85MB/81.04MB[1B[1A[2Ka257f20c716c: Loading layer  30.64MB/81.04MB[1B[1A[2Ka257f20c716c: Loading layer  34.54MB/81.04MB[1B[1A[2Ka257f20c716c: Loading layer  38.99MB/81.04MB[1B[1A[2Ka257f20c716c: Loading layer  43.45MB/81.04MB[1B[1A[2Ka257f20c716c: Loading layer  46.79MB/81.04MB[1B[1A[2Ka257f20c716c: Loading layer  51.81MB/81.04MB[1B[1A[2Ka257f20c716c: Loading layer  56.26MB/81.04MB[1B[1A[2Ka257f20c716c: Loading layer  61.28MB/81.04MB[1B[1A[2Ka257f20c716c: Loading layer  64.06MB/81.04MB[1B[1A[2Ka257f20c716c: Loading layer  66.29MB/81.04MB[1B[1A[2Ka257f20c716c: Loading layer  66.85MB/81.04MB[1B[1A[2Ka257f20c716c: Loading layer  67.96MB/81.04MB[1B[1A[2Ka257f20c716c: Loading layer  72.42MB/81.04MB[1B[1A[2Ka257f20c716c: Loading layer  74.09MB/81.04MB[1B[1A[2Ka257f20c716c: Loading layer  75.76MB/81.04MB[1B[1A[2Ka257f20c716c: Loading layer  76.87MB/81.04MB[1B[1A[2Ka257f20c716c: Loading layer  78.54MB/81.04MB[1B[1A[2Ka257f20c716c: Loading layer   79.1MB/81.04MB[1B[1A[2Ka257f20c716c: Loading layer  79.66MB/81.04MB[1B[1A[2Ka257f20c716c: Loading layer  81.04MB/81.04MB[1B
[1A[2Kb0c20bcd44fe: Loading layer  65.54kB/4.123MB[1B[1A[2Kb0c20bcd44fe: Loading layer  1.638MB/4.123MB[1B[1A[2Kb0c20bcd44fe: Loading layer  3.998MB/4.123MB[1B[1A[2Kb0c20bcd44fe: Loading layer  4.123MB/4.123MB[1B[1A[2Kb0c20bcd44fe: Loading layer  4.123MB/4.123MB[1B
[1A[2K5184c31ad48f: Loading layer  458.8kB/43.85MB[1B[1A[2K5184c31ad48f: Loading layer  1.835MB/43.85MB[1B[1A[2K5184c31ad48f: Loading layer  6.423MB/43.85MB[1B[1A[2K5184c31ad48f: Loading layer  9.634MB/43.85MB[1B[1A[2K5184c31ad48f: Loading layer  12.39MB/43.85MB[1B[1A[2K5184c31ad48f: Loading layer  16.97MB/43.85MB[1B[1A[2K5184c31ad48f: Loading layer  20.64MB/43.85MB[1B[1A[2K5184c31ad48f: Loading layer  24.31MB/43.85MB[1B[1A[2K5184c31ad48f: Loading layer  27.53MB/43.85MB[1B[1A[2K5184c31ad48f: Loading layer  30.28MB/43.85MB[1B[1A[2K5184c31ad48f: Loading layer  33.03MB/43.85MB[1B[1A[2K5184c31ad48f: Loading layer  35.32MB/43.85MB[1B[1A[2K5184c31ad48f: Loading layer  37.16MB/43.85MB[1B[1A[2K5184c31ad48f: Loading layer  39.45MB/43.85MB[1B[1A[2K5184c31ad48f: Loading layer  42.21MB/43.85MB[1B[1A[2K5184c31ad48f: Loading layer  43.85MB/43.85MB[1B
[1A[2Kfa1d322086e6: Loading layer   5.12kB/5.12kB[1B[1A[2Kfa1d322086e6: Loading layer   5.12kB/5.12kB[1B
[1A[2Kbdf610394df6: Loading layer  22.02kB/22.02kB[1B[1A[2Kbdf610394df6: Loading layer  22.02kB/22.02kB[1B
[1A[2Keb067feb5b8d: Loading layer  9.728kB/9.728kB[1B[1A[2Keb067feb5b8d: Loading layer  9.728kB/9.728kB[1BLoaded image: bench-worker:latest
 [ ok ]
 * Starting chronyd ... [ ok ]
 * Starting cloud-init-hotplugd ... [ ok ]
Cloud-init v. 23.4 running 'init' at Fri, 06 Mar 2026 02:55:23 +0000. Up 42.82 seconds.
ci-info: +++++++++++++++++++++++++++++++++++++++Net device info+++++++++++++++++++++++++++++++++++++++
ci-info: +---------+-------+----------------------------+---------------+--------+-------------------+
ci-info: |  Device |   Up  |          Address           |      Mask     | Scope  |     Hw-Address    |
ci-info: +---------+-------+----------------------------+---------------+--------+-------------------+
ci-info: | docker0 | False |         172.17.0.1         |  255.255.0.0  | global | 02:42:84:4a:a1:21 |
ci-info: |   eth0  |  True |         10.0.2.15          | 255.255.255.0 | global | 52:54:00:12:34:56 |
ci-info: |   eth0  |  True | fec0::5054:ff:fe12:3456/64 |       .       |  site  | 52:54:00:12:34:56 |
ci-info: |   eth0  |  True | fe80::5054:ff:fe12:3456/64 |       .       |  link  | 52:54:00:12:34:56 |
ci-info: |    lo   |  True |         127.0.0.1          |   255.0.0.0   |  host  |         .         |
ci-info: |    lo   |  True |          ::1/128           |       .       |  host  |         .         |
ci-info: +---------+-------+----------------------------+---------------+--------+-------------------+
ci-info: +++++++++++++++++++++++++++Route IPv4 info++++++++++++++++++++++++++++
ci-info: +-------+-------------+----------+---------------+-----------+-------+
ci-info: | Route | Destination | Gateway  |    Genmask    | Interface | Flags |
ci-info: +-------+-------------+----------+---------------+-----------+-------+
ci-info: |   0   |   0.0.0.0   | 10.0.2.2 |    0.0.0.0    |    eth0   |   UG  |
ci-info: |   1   |   10.0.2.0  | 0.0.0.0  | 255.255.255.0 |    eth0   |   U   |
ci-info: |   2   |  172.17.0.0 | 0.0.0.0  |  255.255.0.0  |  docker0  |   U   |
ci-info: +-------+-------------+----------+---------------+-----------+-------+
ci-info: +++++++++++++++++++Route IPv6 info+++++++++++++++++++
ci-info: +-------+-------------+---------+-----------+-------+
ci-info: | Route | Destination | Gateway | Interface | Flags |
ci-info: +-------+-------------+---------+-----------+-------+
ci-info: |   0   |  fe80::/64  |    ::   |    eth0   |   U   |
ci-info: |   1   |  fec0::/64  |    ::   |    eth0   |   Ue  |
ci-info: |   2   |     ::/0    | fe80::2 |    eth0   |  UGe  |
ci-info: |   4   |    local    |    ::   |    eth0   |   U   |
ci-info: |   5   |    local    |    ::   |    eth0   |   U   |
ci-info: |   6   |  multicast  |    ::   |    eth0   |   U   |
ci-info: +-------+-------------+---------+-----------+-------+
2026-03-06 02:55:24,010 - cloud_config.py[WARNING]: Failed at merging in cloud config part from part-001: empty cloud config
Generating public/private rsa key pair.
Your identification has been saved in /etc/ssh/ssh_host_rsa_key
Your public key has been saved in /etc/ssh/ssh_host_rsa_key.pub
The key fingerprint is:
SHA256:EF64sNTBlABjyPF2PEr6P0zqPVfnNl5dDzH6ZFShyUc root@agent-11
The key's randomart image is:
+---[RSA 3072]----+
|.o=..=++.      Eo|
|.o..+.=o    . +. |
|   = *o.     ++. |
|  + + o.     o.o |
| . .    S   . + .|
|  .  .   . . +..o|
|   .+   . o  ....|
|   .o+ .   +.    |
|  .. o+   o..    |
+----[SHA256]-----+
Generating public/private dsa key pair.
Your identification has been saved in /etc/ssh/ssh_host_dsa_key
Your public key has been saved in /etc/ssh/ssh_host_dsa_key.pub
The key fingerprint is:
SHA256:1TOyEYWxc2ny3akSzB02HDwsMjQlixq2IreumE6YoSk root@agent-11
The key's randomart image is:
+---[DSA 1024]----+
|        .++=+.   |
|        .o==.=.  |
|     o . .X O=.  |
|    . +  .oXo+o..|
|.. o o  S .+.....|
|o+o o       . .  |
|E. .       . .   |
|+..         .    |
|+o..             |
+----[SHA256]-----+
Generating public/private ecdsa key pair.
Your identification has been saved in /etc/ssh/ssh_host_ecdsa_key
Your public key has been saved in /etc/ssh/ssh_host_ecdsa_key.pub
The key fingerprint is:
SHA256:J3kZkLw6wjULugkOaWCPIzvGk9Za777uF1XA0GSKz/4 root@agent-11
The key's randomart image is:
+---[ECDSA 256]---+
|       o*=.      |
|      . =+ .     |
|     . . .o      |
|..  . = .o o     |
|o.oo o *S +      |
|=+..o =. +       |
|*o++ . o.        |
|oB+..  ..        |
|ooo =Bo  E       |
+----[SHA256]-----+
Generating public/private ed25519 key pair.
Your identification has been saved in /etc/ssh/ssh_host_ed25519_key
Your public key has been saved in /etc/ssh/ssh_host_ed25519_key.pub
The key fingerprint is:
SHA256:+WudmUvlgfKLNQs/zuf1Lig+gPqRFbYj3Vp+1lmffik root@agent-11
The key's randomart image is:
+--[ED25519 256]--+
|                 |
|                 |
|        o        |
|       o =   .   |
|      ..S + . o .|
|      .+.* o + +o|
|     .o ..+.B=+.+|
|    .  .  +@BE+oo|
|     ..  o++B=o++|
+----[SHA256]-----+
 [ ok ]
Cloud-init v. 23.4 running 'modules:config' at Fri, 06 Mar 2026 02:55:24 +0000. Up 43.68 seconds.
 [ ok ]
Cloud-init v. 23.4 running 'modules:final' at Fri, 06 Mar 2026 02:55:25 +0000. Up 44.17 seconds.
ci-info: no authorized SSH keys fingerprints found for user alpine.
cloud-init: #############################################################
cloud-init: -----BEGIN SSH HOST KEY FINGERPRINTS-----
cloud-init: 1024 SHA256:1TOyEYWxc2ny3akSzB02HDwsMjQlixq2IreumE6YoSk root@agent-11 (DSA)
cloud-init: 256 SHA256:J3kZkLw6wjULugkOaWCPIzvGk9Za777uF1XA0GSKz/4 root@agent-11 (ECDSA)
cloud-init: 256 SHA256:+WudmUvlgfKLNQs/zuf1Lig+gPqRFbYj3Vp+1lmffik root@agent-11 (ED25519)
cloud-init: 3072 SHA256:EF64sNTBlABjyPF2PEr6P0zqPVfnNl5dDzH6ZFShyUc root@agent-11 (RSA)
cloud-init: -----END SSH HOST KEY FINGERPRINTS-----
cloud-init: #############################################################
-----BEGIN SSH HOST KEY KEYS-----
ecdsa-sha2-nistp256 AAAAE2VjZHNhLXNoYTItbmlzdHAyNTYAAAAIbmlzdHAyNTYAAABBBIAr6K2urmfycxDpjA9R1cOjxk03gEWBEH+wBBds/BO/Rt4pXLDBEjvczkRLD5E/QcQZajWeZ+n55pvRC+mlG74= root@agent-11
ssh-ed25519 AAAAC3NzaC1lZDI1NTE5AAAAINuq+yK4BWPs5WRNi70d9Abs5ej2hAITZmKQDYdb981n root@agent-11
ssh-rsa AAAAB3NzaC1yc2EAAAADAQABAAABgQDZAAZd1jXorCNwsN0rDDJahTMfKIMiQRNGacZezrRCwE35O/DhhRg3YRH7fvPsrPFv1Y67fBPzEL6aSQzyKVX97T7gO3MvHc8pp7qV1J5hV7j/ri9r/1fTg/Q0Sfbfi6ZhBNDRT9UYOtt3GOAtKwSuXgdqgM3GyiD0ut3V9fpjf1jc50gG9p4CoBWNX2Z96ULcfyGpxG+vcwxUJ/09APWmwM87liHfb/WO1fDfN6lRRfFnAQ4Xht1PAhgyuVIrHW2uf+Py8hynnwQJZdI5MkG3es5rsMmX99IizcvD1AuYmYtPzrahuUkH7g/miJ04X/cIrgyuZ1A6W3KLWZnOECAxMegg11ia2hHwkgeJFc7QYshF7a3SAK6PNaytsB7ARWyzGyl9w5sH0bFSCH3Woa2xTkIFRccx5X7oG4U+/ucKMeCM/r4tXOdFU1vmzz+jyGWhCIYYgCSbKJ4lvNJ61vynisqKrw44Ho6STYtPQat330uZqezL/Crr+Z5lim6+1Gc= root@agent-11
-----END SSH HOST KEY KEYS-----
Cloud-init v. 23.4 finished at Fri, 06 Mar 2026 02:55:25 +0000. Datasource DataSourceNoCloud [seed=/dev/vdb][dsmode=net].  Up 44.30 seconds
 [ ok ]

Welcome to Alpine Linux 3.19
Kernel 6.6.4-1-virt on an x86_64 (/dev/ttyS0)

agent-11 login: 