c[?7l[2J[0mSeaBIOS (version 1.15.0-1)


iPXE (https://ipxe.org) 00:03.0 CA00 PCI2.10 PnP PMM+BFF8B380+BFECB380 CA00
Press Ctrl-B to configure iPXE (PCI 00:03.0)...                                                                               


Booting from Hard Disk...

SYSLINUX 6.04 EDD 6.04-pre1 Copyright (C) 1994-2015 H. Peter Anvin et al

SYSLINUX 6.04 6.04-pre1 Copyright (C) 1994-2015 H. Peter Anvin et al
[2Je%@)0(B[0;37;40m[?25l[2J[23;16HAlpine will be booted automatically in [0;1m1[0m seconds[23;16H[0;37;40mAl.pine will be booted automatically in [0;1;37;40m1[0;37;40m seconds.[23;16H                                                 [23;16H[0;37;40m                                                  [?25h[24;1H[0m 
Loading vmlinuz-virt...Loading vmlinuz-virt...  ook
k
Loading initramfs-virt..Loading initramfs-virt....ookk

c[?7l[2J[    0.000000] Linux version 6.6.4-1-virt (buildozer@build-3-19-x86_64) (gcc (Alpine 13.2.1_git20231014) 13.2.1 20231014, GNU ld (GNU Binutils) 2.41) #2-Alpine SMP PREEMPT_DYNAMIC Tue, 05 Dec 2023 20:25:50 +0000
[    0.000000] Command line: BOOT_IMAGE=vmlinuz-virt root=LABEL=/ modules=sd-mod,usb-storage,ext4 console=ttyS0,115200n8 initrd=initramfs-virt
[    0.000000] BIOS-provided physical RAM map:
[    0.000000] BIOS-e820: [mem 0x0000000000000000-0x000000000009fbff] usable
[    0.000000] BIOS-e820: [mem 0x000000000009fc00-0x000000000009ffff] reserved
[    0.000000] BIOS-e820: [mem 0x00000000000f0000-0x00000000000fffff] reserved
[    0.000000] BIOS-e820: [mem 0x0000000000100000-0x00000000bffd9fff] usable
[    0.000000] BIOS-e820: [mem 0x00000000bffda000-0x00000000bfffffff] reserved
[    0.000000] BIOS-e820: [mem 0x00000000feffc000-0x00000000feffffff] reserved
[    0.000000] BIOS-e820: [mem 0x00000000fffc0000-0x00000000ffffffff] reserved
[    0.000000] BIOS-e820: [mem 0x0000000100000000-0x000000013fffffff] usable
[    0.000000] NX (Execute Disable) protection: active
[    0.000000] APIC: Static calls initialized
[    0.000000] SMBIOS 2.8 present.
[    0.000000] DMI: QEMU Standard PC (i440FX + PIIX, 1996), BIOS 1.15.0-1 04/01/2014
[    0.000000] Hypervisor detected: KVM
[    0.000000] kvm-clock: Using msrs 4b564d01 and 4b564d00
[    0.000001] kvm-clock: using sched offset of 2640277877 cycles
[    0.000003] clocksource: kvm-clock: mask: 0xffffffffffffffff max_cycles: 0x1cd42e4dffb, max_idle_ns: 881590591483 ns
[    0.000006] tsc: Detected 2799.998 MHz processor
[    0.001020] last_pfn = 0x140000 max_arch_pfn = 0x400000000
[    0.001473] MTRR map: 4 entries (3 fixed + 1 variable; max 19), built from 8 variable MTRRs
[    0.001490] x86/PAT: Configuration [0-7]: WB  WC  UC- UC  WB  WP  UC- WT  
[    0.001981] last_pfn = 0xbffda max_arch_pfn = 0x400000000
[    0.002335] RAMDISK: [mem 0x7f71e000-0x7fffffff]
[    0.002338] ACPI: Early table checksum verification disabled
[    0.002343] ACPI: RSDP 0x00000000000F59A0 000014 (v00 BOCHS )
[    0.002348] ACPI: RSDT 0x00000000BFFE1975 000034 (v01 BOCHS  BXPC     00000001 BXPC 00000001)
[    0.002354] ACPI: FACP 0x00000000BFFE1821 000074 (v01 BOCHS  BXPC     00000001 BXPC 00000001)
[    0.002391] ACPI: DSDT 0x00000000BFFE0040 0017E1 (v01 BOCHS  BXPC     00000001 BXPC 00000001)
[    0.002395] ACPI: FACS 0x00000000BFFE0000 000040
[    0.002398] ACPI: APIC 0x00000000BFFE1895 000080 (v01 BOCHS  BXPC     00000001 BXPC 00000001)
[    0.002401] ACPI: HPET 0x00000000BFFE1915 000038 (v01 BOCHS  BXPC     00000001 BXPC 00000001)
[    0.002404] ACPI: WAET 0x00000000BFFE194D 000028 (v01 BOCHS  BXPC     00000001 BXPC 00000001)
[    0.002406] ACPI: Reserving FACP table memory at [mem 0xbffe1821-0xbffe1894]
[    0.002408] ACPI: Reserving DSDT table memory at [mem 0xbffe0040-0xbffe1820]
[    0.002409] ACPI: Reserving FACS table memory at [mem 0xbffe0000-0xbffe003f]
[    0.002409] ACPI: Reserving APIC table memory at [mem 0xbffe1895-0xbffe1914]
[    0.002410] ACPI: Reserving HPET table memory at [mem 0xbffe1915-0xbffe194c]
[    0.002411] ACPI: Reserving WAET table memory at [mem 0xbffe194d-0xbffe1974]
[    0.002815] Zone ranges:
[    0.002816]   DMA      [mem 0x0000000000001000-0x0000000000ffffff]
[    0.002819]   DMA32    [mem 0x0000000001000000-0x00000000ffffffff]
[    0.002820]   Normal   [mem 0x0000000100000000-0x000000013fffffff]
[    0.002821] Movable zone start for each node
[    0.002822] Early memory node ranges
[    0.002822]   node   0: [mem 0x0000000000001000-0x000000000009efff]
[    0.002824]   node   0: [mem 0x0000000000100000-0x00000000bffd9fff]
[    0.002825]   node   0: [mem 0x0000000100000000-0x000000013fffffff]
[    0.002826] Initmem setup node 0 [mem 0x0000000000001000-0x000000013fffffff]
[    0.002938] On node 0, zone DMA: 1 pages in unavailable ranges
[    0.005572] On node 0, zone DMA: 97 pages in unavailable ranges
[    0.463796] On node 0, zone Normal: 38 pages in unavailable ranges
[    0.468908] ACPI: PM-Timer IO Port: 0x608
[    0.469503] ACPI: LAPIC_NMI (acpi_id[0xff] dfl dfl lint[0x1])
[    0.469997] IOAPIC[0]: apic_id 0, version 17, address 0xfec00000, GSI 0-23
[    0.470051] ACPI: INT_SRC_OVR (bus 0 bus_irq 0 global_irq 2 dfl dfl)
[    0.470053] ACPI: INT_SRC_OVR (bus 0 bus_irq 5 global_irq 5 high level)
[    0.470130] ACPI: INT_SRC_OVR (bus 0 bus_irq 9 global_irq 9 high level)
[    0.470184] ACPI: INT_SRC_OVR (bus 0 bus_irq 10 global_irq 10 high level)
[    0.470186] ACPI: INT_SRC_OVR (bus 0 bus_irq 11 global_irq 11 high level)
[    0.470240] ACPI: Using ACPI (MADT) for SMP configuration information
[    0.470297] ACPI: HPET id: 0x8086a201 base: 0xfed00000
[    0.470741] smpboot: Allowing 2 CPUs, 0 hotplug CPUs
[    0.471719] kvm-guest: APIC: eoi() replaced with kvm_guest_apic_eoi_write()
[    0.472858] [mem 0xc0000000-0xfeffbfff] available for PCI devices
[    0.472910] Booting paravirtualized kernel on KVM
[    0.473067] clocksource: refined-jiffies: mask: 0xffffffff max_cycles: 0xffffffff, max_idle_ns: 19112604462750000 ns
[    0.488009] setup_percpu: NR_CPUS:256 nr_cpumask_bits:2 nr_cpu_ids:2 nr_node_ids:1
[    0.507967] percpu: Embedded 57 pages/cpu s195048 r8192 d30232 u1048576
[    0.508434] kvm-guest: PV spinlocks disabled, no host support
[    0.508469] Kernel command line: BOOT_IMAGE=vmlinuz-virt root=LABEL=/ modules=sd-mod,usb-storage,ext4 console=ttyS0,115200n8 initrd=initramfs-virt
[    0.510760] Unknown kernel command line parameters "BOOT_IMAGE=vmlinuz-virt modules=sd-mod,usb-storage,ext4", will be passed to user space.
[    0.540150] Dentry cache hash table entries: 524288 (order: 10, 4194304 bytes, linear)
[    0.554682] Inode-cache hash table entries: 262144 (order: 9, 2097152 bytes, linear)
[    0.555611] Built 1 zonelists, mobility grouping on.  Total pages: 1031898
[    0.573968] mem auto-init: stack:all(zero), heap alloc:on, heap free:off
[    0.574224] software IO TLB: area num 2.
[    1.037815] Memory: 4012148K/4193760K available (12288K kernel code, 1744K rwdata, 8008K rodata, 2640K init, 2300K bss, 181352K reserved, 0K cma-reserved)
[    1.044297] SLUB: HWalign=64, Order=0-3, MinObjects=0, CPUs=2, Nodes=1
[    1.044669] Kernel/User page tables isolation: enabled
[    1.070714] Dynamic Preempt: none
[    1.071195] rcu: Preemptible hierarchical RCU implementation.
[    1.071216] rcu: 	RCU restricting CPUs from NR_CPUS=256 to nr_cpu_ids=2.
[    1.071238] 	Trampoline variant of Tasks RCU enabled.
[    1.071259] 	Tracing variant of Tasks RCU enabled.
[    1.071284] rcu: RCU calculated value of scheduler-enlistment delay is 10 jiffies.
[    1.071285] rcu: Adjusting geometry for rcu_fanout_leaf=16, nr_cpu_ids=2
[    1.086754] NR_IRQS: 16640, nr_irqs: 440, preallocated irqs: 16
[    1.087700] rcu: srcu_init: Setting srcu_struct sizes based on contention.
[    1.088042] kfence: initialized - using 2097152 bytes for 255 objects at 0x(____ptrval____)-0x(____ptrval____)
[    1.114726] Console: colour VGA+ 80x25
[    1.115242] printk: console [ttyS0] enabled
[    1.453159] ACPI: Core revision 20230628
[    1.456501] clocksource: hpet: mask: 0xffffffff max_cycles: 0xffffffff, max_idle_ns: 19112604467 ns
[    1.462125] APIC: Switch to symmetric I/O mode setup
[    1.466456] x2apic enabled
[    1.469673] APIC: Switched APIC routing to: physical x2apic
[    1.479453] ..TIMER: vector=0x30 apic1=0 pin1=2 apic2=-1 pin2=-1
[    1.482828] clocksource: tsc-early: mask: 0xffffffffffffffff max_cycles: 0x285c3ee517e, max_idle_ns: 440795257231 ns
[    1.488406] Calibrating delay loop (skipped) preset value.. 5599.99 BogoMIPS (lpj=27999980)
[    1.499535] Last level iTLB entries: 4KB 0, 2MB 0, 4MB 0
[    1.502407] Last level dTLB entries: 4KB 0, 2MB 0, 4MB 0, 1GB 0
[    1.505656] Spectre V1 : Mitigation: usercopy/swapgs barriers and __user pointer sanitization
[    1.512075] Spectre V2 : Mitigation: Retpolines
[    1.514517] Spectre V2 : Spectre v2 / SpectreRSB mitigation: Filling RSB on context switch
[    1.518382] Spectre V2 : Spectre v2 / SpectreRSB : Filling RSB on VMEXIT
[    1.521885] Speculative Store Bypass: Vulnerable
[    1.524378] MDS: Vulnerable: Clear CPU buffers attempted, no microcode
[    1.528381] MMIO Stale Data: Unknown: No mitigations
[    1.531040] x86/fpu: x87 FPU will use FXSAVE
[    1.585075] Freeing SMP alternatives memory: 32K
[    1.587555] pid_max: default: 32768 minimum: 301
[    1.588941] LSM: initializing lsm=capability,landlock,lockdown,integrity
[    1.593269] landlock: Up and running.
[    1.595735] Mount-cache hash table entries: 8192 (order: 4, 65536 bytes, linear)
[    1.598699] Mountpoint-cache hash table entries: 8192 (order: 4, 65536 bytes, linear)
[    1.728947] smpboot: CPU0: Intel QEMU Virtual CPU version 2.5+ (family: 0xf, model: 0x6b, stepping: 0x1)
[    1.736137] RCU Tasks: Setting shift to 1 and lim to 1 rcu_task_cb_adjust=1.
[    1.738500] RCU Tasks Trace: Setting shift to 1 and lim to 1 rcu_task_cb_adjust=1.
[    1.743003] Performance Events: unsupported Netburst CPU model 107 no PMU driver, software events only.
[    1.748734] signal: max sigframe size: 1440
[    1.751540] rcu: Hierarchical SRCU implementation.
[    1.754316] rcu: 	Max phase no-delay instances is 1000.
[    1.761188] NMI watchdog: Perf NMI watchdog permanently disabled
[    1.764926] smp: Bringing up secondary CPUs ...
[    1.768859] smpboot: x86: Booting SMP configuration:
[    1.771791] .... node  #0, CPUs:      #1
[    1.783547] smp: Brought up 1 node, 2 CPUs
[    1.790565] smpboot: Max logical packages: 1
[    1.792838] ----------------
[    1.794395] | NMI testsuite:
[    1.795925] --------------------
[    1.798384]   remote IPI:  ok  |
[    1.800158]    local IPI:  ok  |
[    1.801923] --------------------
[    1.803687] Good, all   2 testcases passed! |
[    1.805984] ---------------------------------
[    1.808383] smpboot: Total of 2 processors activated (11199.99 BogoMIPS)
[    1.813815] devtmpfs: initialized
[    1.813815] x86/mm: Memory block size: 128MB
[    1.819658] clocksource: jiffies: mask: 0xffffffff max_cycles: 0xffffffff, max_idle_ns: 19112604462750000 ns
[    1.824161] futex hash table entries: 512 (order: 3, 32768 bytes, linear)
[    1.860458] NET: Registered PF_NETLINK/PF_ROUTE protocol family
[    1.867650] audit: initializing netlink subsys (disabled)
[    1.868542] audit: type=2000 audit(1772765683.541:1): state=initialized audit_enabled=0 res=1
[    1.868617] thermal_sys: Registered thermal governor 'step_wise'
[    1.873807] cpuidle: using governor ladder
[    1.880802] cpuidle: using governor menu
[    1.883999] acpiphp: ACPI Hot Plug PCI Controller Driver version: 0.5
[    1.889387] PCI: Using configuration type 1 for base access
[    1.893072] kprobes: kprobe jump-optimization is enabled. All kprobes are optimized if possible.
[    1.902571] HugeTLB: registered 2.00 MiB page size, pre-allocated 0 pages
[    1.908385] HugeTLB: 28 KiB vmemmap can be freed for a 2.00 MiB page
[    1.918873] ACPI: Added _OSI(Module Device)
[    1.921343] ACPI: Added _OSI(Processor Device)
[    1.924066] ACPI: Added _OSI(3.0 _SCP Extensions)
[    1.928382] ACPI: Added _OSI(Processor Aggregator Device)
[    1.932302] ACPI: 1 ACPI AML tables successfully acquired and loaded
[    1.939065] ACPI: _OSC evaluation for CPUs failed, trying _PDC
[    1.942675] ACPI: Interpreter enabled
[    1.944788] ACPI: PM: (supports S0 S3 S5)
[    1.947321] ACPI: Using IOAPIC for interrupt routing
[    1.948473] PCI: Using host bridge windows from ACPI; if necessary, use "pci=nocrs" and report a bug
[    1.953825] PCI: Using E820 reservations for host bridge windows
[    1.958679] ACPI: Enabled 2 GPEs in block 00 to 0F
[    1.969957] ACPI: PCI Root Bridge [PCI0] (domain 0000 [bus 00-ff])
[    1.973235] acpi PNP0A03:00: _OSC: OS supports [ASPM ClockPM Segments MSI HPX-Type3]
[    1.977323] acpi PNP0A03:00: _OSC: not requesting OS control; OS requires [ExtendedConfig ASPM ClockPM MSI]
[    1.978396] acpi PNP0A03:00: fail to add MMCONFIG information, can't access extended configuration space under this bridge
[    1.994041] acpiphp: Slot [3] registered
[    1.996225] acpiphp: Slot [4] registered
[    1.998392] acpiphp: Slot [5] registered
[    2.000727] acpiphp: Slot [6] registered
[    2.002919] acpiphp: Slot [7] registered
[    2.005078] acpiphp: Slot [8] registered
[    2.007313] acpiphp: Slot [9] registered
[    2.008432] acpiphp: Slot [10] registered
[    2.012567] acpiphp: Slot [11] registered
[    2.014892] acpiphp: Slot [12] registered
[    2.017208] acpiphp: Slot [13] registered
[    2.018443] acpiphp: Slot [14] registered
[    2.020711] acpiphp: Slot [15] registered
[    2.022871] acpiphp: Slot [16] registered
[    2.025070] acpiphp: Slot [17] registered
[    2.028448] acpiphp: Slot [18] registered
[    2.031011] acpiphp: Slot [19] registered
[    2.033324] acpiphp: Slot [20] registered
[    2.035575] acpiphp: Slot [21] registered
[    2.038452] acpiphp: Slot [22] registered
[    2.040765] acpiphp: Slot [23] registered
[    2.043210] acpiphp: Slot [24] registered
[    2.045622] acpiphp: Slot [25] registered
[    2.048436] acpiphp: Slot [26] registered
[    2.050673] acpiphp: Slot [27] registered
[    2.052865] acpiphp: Slot [28] registered
[    2.055181] acpiphp: Slot [29] registered
[    2.057398] acpiphp: Slot [30] registered
[    2.058460] acpiphp: Slot [31] registered
[    2.060663] PCI host bridge to bus 0000:00
[    2.062831] pci_bus 0000:00: root bus resource [io  0x0000-0x0cf7 window]
[    2.068395] pci_bus 0000:00: root bus resource [io  0x0d00-0xffff window]
[    2.071966] pci_bus 0000:00: root bus resource [mem 0x000a0000-0x000bffff window]
[    2.075898] pci_bus 0000:00: root bus resource [mem 0xc0000000-0xfebfffff window]
[    2.078385] pci_bus 0000:00: root bus resource [mem 0x140000000-0x1bfffffff window]
[    2.082400] pci_bus 0000:00: root bus resource [bus 00-ff]
[    2.085509] pci 0000:00:00.0: [8086:1237] type 00 class 0x060000
[    2.091327] pci 0000:00:01.0: [8086:7000] type 00 class 0x060100
[    2.099223] pci 0000:00:01.1: [8086:7010] type 00 class 0x010180
[    2.106026] pci 0000:00:01.1: reg 0x20: [io  0xc160-0xc16f]
[    2.109858] pci 0000:00:01.1: legacy IDE quirk: reg 0x10: [io  0x01f0-0x01f7]
[    2.113938] pci 0000:00:01.1: legacy IDE quirk: reg 0x14: [io  0x03f6]
[    2.117404] pci 0000:00:01.1: legacy IDE quirk: reg 0x18: [io  0x0170-0x0177]
[    2.118381] pci 0000:00:01.1: legacy IDE quirk: reg 0x1c: [io  0x0376]
[    2.122750] pci 0000:00:01.3: [8086:7113] type 00 class 0x068000
[    2.130835] pci 0000:00:01.3: quirk: [io  0x0600-0x063f] claimed by PIIX4 ACPI
[    2.134839] pci 0000:00:01.3: quirk: [io  0x0700-0x070f] claimed by PIIX4 SMB
[    2.139400] pci 0000:00:02.0: [1234:1111] type 00 class 0x030000
[    2.149841] pci 0000:00:02.0: reg 0x10: [mem 0xfd000000-0xfdffffff pref]
[    2.170395] pci 0000:00:02.0: reg 0x18: [mem 0xfeb90000-0xfeb90fff]
[    2.188857] pci 0000:00:02.0: reg 0x30: [mem 0xfeb80000-0xfeb8ffff pref]
[    2.196769] pci 0000:00:02.0: Video device with shadowed ROM at [mem 0x000c0000-0x000dffff]
[    2.209145] pci 0000:00:03.0: [1af4:1000] type 00 class 0x020000
[    2.213824] pci 0000:00:03.0: reg 0x10: [io  0xc140-0xc15f]
[    2.218938] pci 0000:00:03.0: reg 0x14: [mem 0xfeb91000-0xfeb91fff]
[    2.227873] pci 0000:00:03.0: reg 0x20: [mem 0xfe000000-0xfe003fff 64bit pref]
[    2.229520] pci 0000:00:03.0: reg 0x30: [mem 0xfeb00000-0xfeb7ffff pref]
[    2.242292] pci 0000:00:04.0: [1af4:1009] type 00 class 0x000200
[    2.247301] pci 0000:00:04.0: reg 0x10: [io  0xc100-0xc13f]
[    2.249510] pci 0000:00:04.0: reg 0x14: [mem 0xfeb92000-0xfeb92fff]
[    2.259776] pci 0000:00:04.0: reg 0x20: [mem 0xfe004000-0xfe007fff 64bit pref]
[    2.270137] pci 0000:00:05.0: [1af4:1001] type 00 class 0x010000
[    2.275299] pci 0000:00:05.0: reg 0x10: [io  0xc000-0xc07f]
[    2.279728] pci 0000:00:05.0: reg 0x14: [mem 0xfeb93000-0xfeb93fff]
[    2.287767] pci 0000:00:05.0: reg 0x20: [mem 0xfe008000-0xfe00bfff 64bit pref]
[    2.294017] pci 0000:00:06.0: [1af4:1001] type 00 class 0x010000
[    2.300149] pci 0000:00:06.0: reg 0x10: [io  0xc080-0xc0ff]
[    2.304462] pci 0000:00:06.0: reg 0x14: [mem 0xfeb94000-0xfeb94fff]
[    2.312738] pci 0000:00:06.0: reg 0x20: [mem 0xfe00c000-0xfe00ffff 64bit pref]
[    2.329739] ACPI: PCI: Interrupt link LNKA configured for IRQ 10
[    2.333266] ACPI: PCI: Interrupt link LNKB configured for IRQ 10
[    2.336639] ACPI: PCI: Interrupt link LNKC configured for IRQ 11
[    2.338613] ACPI: PCI: Interrupt link LNKD configured for IRQ 11
[    2.341994] ACPI: PCI: Interrupt link LNKS configured for IRQ 9
[    2.349748] iommu: Default domain type: Translated
[    2.352534] iommu: DMA domain TLB invalidation policy: lazy mode
[    2.358453] SCSI subsystem initialized
[    2.360785] pps_core: LinuxPPS API ver. 1 registered
[    2.368383] pps_core: Software ver. 5.3.6 - Copyright 2005-2007 Rodolfo Giometti <giometti@linux.it>
[    2.373402] PTP clock support registered
[    2.375904] PCI: Using ACPI for IRQ routing
[    2.389399] hpet: 3 channels of 0 reserved for per-cpu timers
[    2.393284] clocksource: Switched to clocksource kvm-clock
[    2.412401] VFS: Disk quotas dquot_6.6.0
[    2.414769] VFS: Dquot-cache hash table entries: 512 (order 0, 4096 bytes)
[    2.420303] pnp: PnP ACPI init
[    2.424631] pnp: PnP ACPI: found 6 devices
[    2.460489] clocksource: acpi_pm: mask: 0xffffff max_cycles: 0xffffff, max_idle_ns: 2085701024 ns
[    2.467772] NET: Registered PF_INET protocol family
[    2.474708] IP idents hash table entries: 65536 (order: 7, 524288 bytes, linear)
[    2.484503] tcp_listen_portaddr_hash hash table entries: 2048 (order: 3, 32768 bytes, linear)
[    2.492575] Table-perturb hash table entries: 65536 (order: 6, 262144 bytes, linear)
[    2.500258] TCP established hash table entries: 32768 (order: 6, 262144 bytes, linear)
[    2.524942] TCP bind hash table entries: 32768 (order: 8, 1048576 bytes, linear)
[    2.533130] TCP: Hash tables configured (established 32768 bind 32768)
[    2.538546] UDP hash table entries: 2048 (order: 4, 65536 bytes, linear)
[    2.543050] UDP-Lite hash table entries: 2048 (order: 4, 65536 bytes, linear)
[    2.547793] NET: Registered PF_UNIX/PF_LOCAL protocol family
[    2.551292] NET: Registered PF_XDP protocol family
[    2.554501] pci_bus 0000:00: resource 4 [io  0x0000-0x0cf7 window]
[    2.558170] pci_bus 0000:00: resource 5 [io  0x0d00-0xffff window]
[    2.561788] pci_bus 0000:00: resource 6 [mem 0x000a0000-0x000bffff window]
[    2.566073] pci_bus 0000:00: resource 7 [mem 0xc0000000-0xfebfffff window]
[    2.570303] pci_bus 0000:00: resource 8 [mem 0x140000000-0x1bfffffff window]
[    2.574690] pci 0000:00:01.0: PIIX3: Enabling Passive Release
[    2.579701] pci 0000:00:00.0: Limiting direct PCI/PCI transfers
[    2.585464] PCI: CLS 0 bytes, default 64
[    2.587968] PCI-DMA: Using software bounce buffering for IO (SWIOTLB)
[    2.589008] Unpacking initramfs...
[    2.591731] software IO TLB: mapped [mem 0x00000000bbfda000-0x00000000bffda000] (64MB)
[    2.592161] clocksource: tsc: mask: 0xffffffffffffffff max_cycles: 0x285c3ee517e, max_idle_ns: 440795257231 ns
[    2.606610] Initialise system trusted keyrings
[    2.614653] workingset: timestamp_bits=46 max_order=20 bucket_order=0
[    2.618502] zbud: loaded
[    2.620715] Key type asymmetric registered
[    2.623185] Asymmetric key parser 'x509' registered
[    2.627591] Block layer SCSI generic (bsg) driver version 0.4 loaded (major 247)
[    2.632676] io scheduler mq-deadline registered
[    2.635131] io scheduler kyber registered
[    2.637495] io scheduler bfq registered
[    2.641499] ERST DBG: ERST support is disabled.
[    2.663690] ACPI: \_SB_.LNKC: Enabled at IRQ 11
[    2.688444] ACPI: \_SB_.LNKD: Enabled at IRQ 10
[    2.708455] ACPI: \_SB_.LNKA: Enabled at IRQ 10
[    2.733034] ACPI: \_SB_.LNKB: Enabled at IRQ 11
[    2.742731] Serial: 8250/16550 driver, 4 ports, IRQ sharing enabled
[    2.748594] 00:04: ttyS0 at I/O 0x3f8 (irq = 4, base_baud = 115200) is a 16550A
[    2.758732] VMware PVSCSI driver - version 1.0.7.0-k
[    2.769445] scsi host0: ata_piix
[    2.773546] scsi host1: ata_piix
[    2.776508] ata1: PATA max MWDMA2 cmd 0x1f0 ctl 0x3f6 bmdma 0xc160 irq 14
[    2.781225] ata2: PATA max MWDMA2 cmd 0x170 ctl 0x376 bmdma 0xc168 irq 15
[    2.786509] i8042: PNP: PS/2 Controller [PNP0303:KBD,PNP0f13:MOU] at 0x60,0x64 irq 1,12
[    2.800333] serio: i8042 KBD port at 0x60,0x64 irq 1
[    2.803957] serio: i8042 AUX port at 0x60,0x64 irq 12
[    2.807795] rtc_cmos 00:05: RTC can wake from S4
[    2.815760] input: AT Translated Set 2 keyboard as /devices/platform/i8042/serio0/input/input0
[    2.822480] rtc_cmos 00:05: registered as rtc0
[    2.826139] rtc_cmos 00:05: setting system clock to 2026-03-06T02:54:44 UTC (1772765684)
[    2.832168] rtc_cmos 00:05: alarms up to one day, y3k, 242 bytes nvram, hpet irqs
[    2.837685] intel_pstate: CPU model not supported
[    2.841477] gre: GRE over IPv4 demultiplexor driver
[    2.902571] Freeing initrd memory: 9096K
[    2.925572] Key type dns_resolver registered
[    2.928307] IPI shorthand broadcast: enabled
[    2.933142] sched_clock: Marking stable (2550113531, 380594501)->(2939578082, -8870050)
[    2.946931] registered taskstats version 1
[    2.949940] Loading compiled-in X.509 certificates
[    2.969122] Loaded X.509 cert 'alpinelinux.org: Alpine Linux kernel key: d76a695f66ad9cd28f5c22a8508f36e91f521f7a'
[    2.980791] ata2: found unknown device (class 0)
[    2.980874] Key type .fscrypt registered
[    2.986093] Key type fscrypt-provisioning registered
[    2.987651] ata2.00: ATAPI: QEMU DVD-ROM, 2.5+, max UDMA/100
[    2.999060] scsi 1:0:0:0: CD-ROM            QEMU     QEMU DVD-ROM     2.5+ PQ: 0 ANSI: 5
[    3.085679] Freeing unused kernel image (initmem) memory: 2640K
[    3.100835] Write protecting the kernel read-only data: 20480k
[    3.104215] Freeing unused kernel image (rodata/data gap) memory: 184K
[    3.106505] rodata_test: all tests were successful
[    3.108155] Run /init as init process
[    3.131186] Alpine Init 3.9.0-r0
Alpine Init 3.9.0-r0
[    3.133525] Loading boot drivers...
 * Loading boot drivers: [    3.208138] ACPI: bus type USB registered
[    3.210099] usbcore: registered new interface driver usbfs
[    3.212548] usbcore: registered new interface driver hub
[    3.214730] usbcore: registered new device driver usb
[    3.222567] usbcore: registered new interface driver usb-storage
[    3.518842] loop: module loaded
[    3.591385] ACPI: bus type drm_connector registered
[    3.630224] Loading boot drivers: ok.
ok.
[    3.634389] Mounting root...
 * Mounting root: [    3.694045] piix4_smbus 0000:00:01.3: SMBus Host Controller at 0x700, revision 0
[    3.715284] [drm] Found bochs VGA, ID 0xb0c5.
[    3.716863] [drm] Framebuffer size 16384 kB @ 0xfd000000, mmio @ 0xfeb90000.
[    3.728656] [drm] Found EDID data blob.
[    3.730566] [drm] Initialized bochs-drm 1.0.0 20130925 for 0000:00:02.0 on minor 0
[    3.777154] Console: switching to colour frame buffer device 128x48
[    3.780243] bochs-drm 0000:00:02.0: [drm] fb0: bochs-drmdrmfb frame buffer device
[    3.993709] sr 1:0:0:0: [sr0] scsi3-mmc drive: 4x/4x cd/rw xa/form2 tray
[    3.995989] cdrom: Uniform CD-ROM driver Revision: 3.20
[    4.094203] virtio_blk virtio2: 2/0/0 default/read/poll queues
[    4.100929] virtio_blk virtio2: [vda] 8388608 512-byte logical blocks (4.29 GB/4.00 GiB)
[    4.107385] virtio_blk virtio3: 2/0/0 default/read/poll queues
[    4.114372] virtio_blk virtio3: [vdb] 736 512-byte logical blocks (377 kB/368 KiB)
[    4.204630] block sr0: the capability attribute has been deprecated.
[    7.077071] EXT4-fs (vda): mounted filesystem 367ceb5a-a72a-4cc6-9140-e18812d3c81b ro with ordered data mode. Quota mode: none.
[    7.080895] Mounting root: ok.
ok.

   OpenRC 0.52.1 is starting up Linux 6.6.4-1-virt (x86_64)

 * /proc is already mounted
 * Mounting /run ... [ ok ]
 * /run/openrc: creating directory
 * /run/lock: creating directory
 * /run/lock: correcting owner
 * Caching service dependencies ... [ ok ]
 * Remounting devtmpfs on /dev ... [ ok ]
 * Mounting /dev/mqueue ... [ ok ]
 * Mounting security filesystem ... [ ok ]
 * Mounting debug filesystem ... [ ok ]
 * Mounting persistent storage (pstore) filesystem ... [ ok ]
 * Starting busybox mdev ... [ ok ]
 * Scanning hardware for mdev ... [ ok ]
 * Loading hardware drivers ... [ ok ]
 * Loading modules ... [ ok ]
 * Setting system clock using the hardware clock [UTC] ... [ ok ]
 * Checking local filesystems  .../: clean, 8723/65536 files, 158031/262144 blocks
 [ ok ]
 * Remounting root filesystem read/write ... [ ok ]
 * Remounting filesystems ... [ ok ]
 * Activating swap devices ... [ ok ]
 * Mounting local filesystems ... [ ok ]
 * Starting busybox acpid ... [ ok ]
 * Configuring kernel parameters ... [ ok ]
 * Migrating /var/lock to /run/lock ... [ ok ]
 * Creating user login records ... [ ok ]
 * Cleaning /tmp directory ... [ ok ]
Cloud-init v. 23.4 running 'init-local' at Fri, 06 Mar 2026 02:54:53 +0000. Up 11.68 seconds.
 [ ok ]
 * Setting hostname ... [ ok ]
 * Starting busybox syslog ... [ ok ]
 * Mounting cgroup filesystem ... [ ok ]
 * Starting networking ... *   lo ... [ ok ]
 *   eth0 ... [ ok ]
 * /var/log/docker.log: creating file
 * /var/log/docker.log: correcting owner
 * Starting Docker Daemon ... [ ok ]
 * Starting benchmark agent ...
[1A[2Ka257f20c716c: Loading layer  557.1kB/81.04MB[1B[1A[2Ka257f20c716c: Loading layer  3.899MB/81.04MB[1B[1A[2Ka257f20c716c: Loading layer  7.799MB/81.04MB[1B[1A[2Ka257f20c716c: Loading layer   11.7MB/81.04MB[1B[1A[2Ka257f20c716c: Loading layer  16.15MB/81.04MB[1B[1A[2Ka257f20c716c: Loading layer  18.94MB/81.04MB[1B[1A[2Ka257f20c716c: Loading layer  22.28MB/81.04MB[1B[1A[2Ka257f20c716c: Loading layer  25.07MB/81.04MB[1B[1A[2Ka257f20c716c: Loading layer  27.85MB/81.04MB[1B[1A[2Ka257f20c716c: Loading layer   31.2MB/81.04MB[1B[1A[2Ka257f20c716c: Loading layer  35.65MB/81.04MB[1B[1A[2Ka257f20c716c: Loading layer  41.78MB/81.04MB[1B[1A[2Ka257f20c716c: Loading layer  44.01MB/81.04MB[1B[1A[2Ka257f20c716c: Loading layer  48.46MB/81.04MB[1B[1A[2Ka257f20c716c: Loading layer  51.25MB/81.04MB[1B[1A[2Ka257f20c716c: Loading layer  55.15MB/81.04MB[1B[1A[2Ka257f20c716c: Loading layer  60.16MB/81.04MB[1B[1A[2Ka257f20c716c: Loading layer  64.06MB/81.04MB[1B[1A[2Ka257f20c716c: Loading layer  66.29MB/81.04MB[1B[1A[2Ka257f20c716c: Loading layer  66.85MB/81.04MB[1B[1A[2Ka257f20c716c: Loading layer  67.96MB/81.04MB[1B[1A[2Ka257f20c716c: Loading layer  70.75MB/81.04MB[1B[1A[2Ka257f20c716c: Loading layer  73.53MB/81.04MB[1B[1A[2Ka257f20c716c: Loading layer  74.65MB/81.04MB[1B[1A[2Ka257f20c716c: Loading layer   75.2MB/81.04MB[1B[1A[2Ka257f20c716c: Loading layer  75.76MB/81.04MB[1B[1A[2Ka257f20c716c: Loading layer  76.32MB/81.04MB[1B[1A[2Ka257f20c716c: Loading layer  78.54MB/81.04MB[1B[1A[2Ka257f20c716c: Loading layer   79.1MB/81.04MB[1B[1A[2Ka257f20c716c: Loading layer  80.77MB/81.04MB[1B[1A[2Ka257f20c716c: Loading layer  81.04MB/81.04MB[1B
[1A[2Kb0c20bcd44fe: Loading layer  65.54kB/4.123MB[1B[1A[2Kb0c20bcd44fe: Loading layer  917.5kB/4.123MB[1B[1A[2Kb0c20bcd44fe: Loading layer  2.228MB/4.123MB[1B[1A[2Kb0c20bcd44fe: Loading layer  4.123MB/4.123MB[1B[1A[2Kb0c20bcd44fe: Loading layer  4.123MB/4.123MB[1B
[1A[2K5184c31ad48f: Loading layer  458.8kB/43.85MB[1B[1A[2K5184c31ad48f: Loading layer  1.376MB/43.85MB[1B[1A[2K5184c31ad48f: Loading layer  3.211MB/43.85MB[1B[1A[2K5184c31ad48f: Loading layer  7.799MB/43.85MB[1B[1A[2K5184c31ad48f: Loading layer  10.55MB/43.85MB[1B[1A[2K5184c31ad48f: Loading layer  12.85MB/43.85MB[1B[1A[2K5184c31ad48f: Loading layer  16.52MB/43.85MB[1B[1A[2K5184c31ad48f: Loading layer  18.35MB/43.85MB[1B[1A[2K5184c31ad48f: Loading layer  21.56MB/43.85MB[1B[1A[2K5184c31ad48f: Loading layer  24.31MB/43.85MB[1B[1A[2K5184c31ad48f: Loading layer  27.07MB/43.85MB[1B[1A[2K5184c31ad48f: Loading layer  28.44MB/43.85MB[1B[1A[2K5184c31ad48f: Loading layer   31.2MB/43.85MB[1B[1A[2K5184c31ad48f: Loading layer  33.49MB/43.85MB[1B[1A[2K5184c31ad48f: Loading layer  35.32MB/43.85MB[1B[1A[2K5184c31ad48f: Loading layer  37.16MB/43.85MB[1B[1A[2K5184c31ad48f: Loading layer  38.54MB/43.85MB[1B[1A[2K5184c31ad48f: Loading layer  40.83MB/43.85MB[1B[1A[2K5184c31ad48f: Loading layer  43.58MB/43.85MB[1B[1A[2K5184c31ad48f: Loading layer  43.85MB/43.85MB[1B
[1A[2Kfa1d322086e6: Loading layer   5.12kB/5.12kB[1B[1A[2Kfa1d322086e6: Loading layer   5.12kB/5.12kB[1B
[1A[2Kbdf610394df6: Loading layer  22.02kB/22.02kB[1B[1A[2Kbdf610394df6: Loading layer  22.02kB/22.02kB[1B
[1A[2Keb067feb5b8d: Loading layer  9.728kB/9.728kB[1B[1A[2Keb067feb5b8d: Loading layer  9.728kB/9.728kB[1BLoaded image: bench-worker:latest
 [ ok ]
 * Starting chronyd ... [ ok ]
 * Starting cloud-init-hotplugd ... [ ok ]
Cloud-init v. 23.4 running 'init' at Fri, 06 Mar 2026 02:55:27 +0000. Up 45.60 seconds.
ci-info: +++++++++++++++++++++++++++++++++++++++Net device info+++++++++++++++++++++++++++++++++++++++
ci-info: +---------+-------+----------------------------+---------------+--------+-------------------+
ci-info: |  Device |   Up  |          Address           |      Mask     | Scope  |     Hw-Address    |
ci-info: +---------+-------+----------------------------+---------------+--------+-------------------+
ci-info: | docker0 | False |         172.17.0.1         |  255.255.0.0  | global | 02:42:63:4d:3e:9a |
ci-info: |   eth0  |  True |         10.0.2.15          | 255.255.255.0 | global | 52:54:00:12:34:56 |
ci-info: |   eth0  |  True | fec0::5054:ff:fe12:3456/64 |       .       |  site  | 52:54:00:12:34:56 |
ci-info: |   eth0  |  True | fe80::5054:ff:fe12:3456/64 |       .       |  link  | 52:54:00:12:34:56 |
ci-info: |    lo   |  True |         127.0.0.1          |   255.0.0.0   |  host  |         .         |
ci-info: |    lo   |  True |          ::1/128           |       .       |  host  |         .         |
ci-info: +---------+-------+----------------------------+---------------+--------+-------------------+
ci-info: +++++++++++++++++++++++++++Route IPv4 info++++++++++++++++++++++++++++
ci-info: +-------+-------------+----------+---------------+-----------+-------+
ci-info: | Route | Destination | Gateway  |    Genmask    | Interface | Flags |
ci-info: +-------+-------------+----------+---------------+-----------+-------+
ci-info: |   0   |   0.0.0.0   | 10.0.2.2 |    0.0.0.0    |    eth0   |   UG  |
ci-info: |   1   |   10.0.2.0  | 0.0.0.0  | 255.255.255.0 |    eth0   |   U   |
ci-info: |   2   |  172.17.0.0 | 0.0.0.0  |  255.255.0.0  |  docker0  |   U   |
ci-info: +-------+-------------+----------+---------------+-----------+-------+
ci-info: +++++++++++++++++++Route IPv6 info+++++++++++++++++++
ci-info: +-------+-------------+---------+-----------+-------+
ci-info: | Route | Destination | Gateway | Interface | Flags |
ci-info: +-------+-------------+---------+-----------+-------+
ci-info: |   0   |  fe80::/64  |    ::   |    eth0   |   U   |
ci-info: |   1   |  fec0::/64  |    ::   |    eth0   |   Ue  |
ci-info: |   2   |     ::/0    | fe80::2 |    eth0   |  UGe  |
ci-info: |   4   |    local    |    ::   |    eth0   |   U   |
ci-info: |   5   |    local    |    ::   |    eth0   |   U   |
ci-info: |   6   |  multicast  |    ::   |    eth0   |   U   |
ci-info: +-------+-------------+---------+-----------+-------+
2026-03-06 02:55:27,743 - cloud_config.py[WARNING]: Failed at merging in cloud config part from part-001: empty cloud config
Generating public/private rsa key pair.
Your identification has been saved in /etc/ssh/ssh_host_rsa_key
Your public key has been saved in /etc/ssh/ssh_host_rsa_key.pub
The key fingerprint is:
SHA256:zfpAhY2kZrCEDiNv5dHbHCr9gZKDBQ7VrjugOIGsyiw root@agent-7
The key's randomart image is:
+---[RSA 3072]----+
|..o+o.  .        |
|+o..=o.o.+       |
|.=.*.++*o.o      |
|  = Bo= ++       |
|o. . + .S.o      |
|+..    ...       |
|+o .    o        |
|E o      o       |
|++ .      .      |
+----[SHA256]-----+
Generating public/private dsa key pair.
Your identification has been saved in /etc/ssh/ssh_host_dsa_key
Your public key has been saved in /etc/ssh/ssh_host_dsa_key.pub
The key fingerprint is:
SHA256:eHog/fHZCvVWqFukj0NLREdQlgze9UWSt7RwNIeB1tk root@agent-7
The key's randomart image is:
+---[DSA 1024]----+
|          o*++=X+|
|         ..o*o==E|
|         ..o. +.+|
|     . .  .  . o |
|    . + S.. o .  |
|     . = +oB .   |
|      . +o=.=    |
|       . .oB     |
|          +..    |
+----[SHA256]-----+
Generating public/private ecdsa key pair.
Your identification has been saved in /etc/ssh/ssh_host_ecdsa_key
Your public key has been saved in /etc/ssh/ssh_host_ecdsa_key.pub
The key fingerprint is:
SHA256:MUiVysiZE/Lxy7Lb8Yjt+W+0pk2IbjRlte1op8c5JZg root@agent-7
The key's randomart image is:
+---[ECDSA 256]---+
|      ....       |
|  . o. .. .      |
|   + O..o. o     |
|    B + oo. .    |
|     o +S  =     |
|    . =. .E + .  |
|     +o..o.= +   |
|    .=.= o= =    |
|    o+B.+=o. .   |
+----[SHA256]-----+
Generating public/private ed25519 key pair.
Your identification has been saved in /etc/ssh/ssh_host_ed25519_key
Your public key has been saved in /etc/ssh/ssh_host_ed25519_key.pub
The key fingerprint is:
SHA256:DWIulQ5uZZm2p1mpuD5uiR5KBhz0RfnKnrX9+G4PfNc root@agent-7
The key's randomart image is:
+--[ED25519 256]--+
| .  .o.          |
|. . .. +         |
| . .. % .        |
|. .. X + +       |
|..  = = S .      |
|.  . = B  .     .|
| o..o.* o  o . .E|
|o...++ . ...o .  |
|...++.   .=+..   |
+----[SHA256]-----+
 [ ok ]
Cloud-init v. 23.4 running 'modules:config' at Fri, 06 Mar 2026 02:55:28 +0000. Up 46.68 seconds.
 [ ok ]
Cloud-init v. 23.4 running 'modules:final' at Fri, 06 Mar 2026 02:55:29 +0000. Up 47.16 seconds.
ci-info: no authorized SSH keys fingerprints found for user alpine.
cloud-init: #############################################################
cloud-init: -----BEGIN SSH HOST KEY FINGERPRINTS-----
cloud-init: 1024 SHA256:eHog/fHZCvVWqFukj0NLREdQlgze9UWSt7RwNIeB1tk root@agent-7 (DSA)
cloud-init: 256 SHA256:MUiVysiZE/Lxy7Lb8Yjt+W+0pk2IbjRlte1op8c5JZg root@agent-7 (ECDSA)
cloud-init: 256 SHA256:DWIulQ5uZZm2p1mpuD5uiR5KBhz0RfnKnrX9+G4PfNc root@agent-7 (ED25519)
cloud-init: 3072 SHA256:zfpAhY2kZrCEDiNv5dHbHCr9gZKDBQ7VrjugOIGsyiw root@agent-7 (RSA)
cloud-init: -----END SSH HOST KEY FINGERPRINTS-----
cloud-init: #############################################################
-----BEGIN SSH HOST KEY KEYS-----
ecdsa-sha2-nistp256 AAAAE2VjZHNhLXNoYTItbmlzdHAyNTYAAAAIbmlzdHAyNTYAAABBBEEVdKs9gfgzZgz/49rWBYXGXY+pHXJibucZRC8toJkcGly066rHYK+hW5KeV/Bzm0XyO2s0hX9i2h1vhKf6HZM= root@agent-7
ssh-ed25519 AAAAC3NzaC1lZDI1NTE5AAAAIN9HlyOsk3s2segqrVjhIkRP4HaKasSjlFVuTCDvohLv root@agent-7
ssh-rsa AAAAB3NzaC1yc2EAAAADAQABAAABgQCzV252FyP5pODrpZ1L9rdJJEZDrJtMZE8MNu/ZjjSyLZ1bTjxYI6cYz+yvKBvGOktVQsHUQt0fT1CvcSTLjliStvQZokFDucXn38QHk9DyHMYztO1TWUFGCjIXGn5KfT0XGyqky2vKoVqbFSRzKnNHQeKUOOB2j6wNixaRYvgoH81TaMPV3RkKKRvYfk+KR3ksyGEJOaabQOVSh/KY6q4kLuMaB430P3vBSLYN4Iu3ySrhdN2K8jvRpk2nhSjlASBdQdkyafb77hDSE2YEVf1cu72Sxa6ZJngmtGJAw0AfVwtBLYSW4RjXr1Okv/nUVql8OyBxcNDPCf9Jb/CdrzELYzAWjGxieFISlld/1sn5W6fAMNVXVOhcsMSE0eg1j7kPRGsJ3+4mkJMHBm+ZPMoGICNl/QLe+an0xuSKYMK4abr9bEfiHtE/f3cykurQ/eACWGkU8J9dnc3+qq8F2xJzYWnsMmaIBtAjYHxs+MuTqAEmNn7FDkO6zaNccdNDl1M= root@agent-7
-----END SSH HOST KEY KEYS-----
Cloud-init v. 23.4 finished at Fri, 06 Mar 2026 02:55:29 +0000. Datasource DataSourceNoCloud [seed=/dev/vdb][dsmode=net].  Up 47.34 seconds
 [ ok ]

Welcome to Alpine Linux 3.19
Kernel 6.6.4-1-virt on an x86_64 (/dev/ttyS0)

agent-7 login: 