c[?7l[2J[0mSeaBIOS (version 1.15.0-1)


iPXE (https://ipxe.org) 00:03.0 CA00 PCI2.10 PnP PMM+BFF8B380+BFECB380 CA00
Press Ctrl-B to configure iPXE (PCI 00:03.0)...                                                                               


Booting from Hard Disk...

SYSLINUX 6.04 EDD 6.04-pre1 Copyright (C) 1994-2015 H. Peter Anvin et al

SYSLINUX 6.04 6.04-pre1 Copyright (C) 1994-2015 H. Peter Anvin et al
[2Je%@)0(B[0;37;40m[?25l[2J[23;16HAlpine will be booted automatically in [0;1m1[0m seconds[23;16H.[0;37;40mAlpine will be booted automatically in [0;1;37;40m1[0;37;40m seconds.[23;16H                                                 [23;16H[0;37;40m                                                  [?25h[24;1H[0m 
Loading vmlinuz-virt...Loading vmlinuz-virt...  ook
k
Loading initramfs-virt..Loading initramfs-virt....ookk

c[?7l[2J[    0.000000] Linux version 6.6.4-1-virt (buildozer@build-3-19-x86_64) (gcc (Alpine 13.2.1_git20231014) 13.2.1 20231014, GNU ld (GNU Binutils) 2.41) #2-Alpine SMP PREEMPT_DYNAMIC Tue, 05 Dec 2023 20:25:50 +0000
[    0.000000] Command line: BOOT_IMAGE=vmlinuz-virt root=LABEL=/ modules=sd-mod,usb-storage,ext4 console=ttyS0,115200n8 initrd=initramfs-virt
[    0.000000] BIOS-provided physical RAM map:
[    0.000000] BIOS-e820: [mem 0x0000000000000000-0x000000000009fbff] usable
[    0.000000] BIOS-e820: [mem 0x000000000009fc00-0x000000000009ffff] reserved
[    0.000000] BIOS-e820: [mem 0x00000000000f0000-0x00000000000fffff] reserved
[    0.000000] BIOS-e820: [mem 0x0000000000100000-0x00000000bffd9fff] usable
[    0.000000] BIOS-e820: [mem 0x00000000bffda000-0x00000000bfffffff] reserved
[    0.000000] BIOS-e820: [mem 0x00000000feffc000-0x00000000feffffff] reserved
[    0.000000] BIOS-e820: [mem 0x00000000fffc0000-0x00000000ffffffff] reserved
[    0.000000] BIOS-e820: [mem 0x0000000100000000-0x000000013fffffff] usable
[    0.000000] NX (Execute Disable) protection: active
[    0.000000] APIC: Static calls initialized
[    0.000000] SMBIOS 2.8 present.
[    0.000000] DMI: QEMU Standard PC (i440FX + PIIX, 1996), BIOS 1.15.0-1 04/01/2014
[    0.000000] Hypervisor detected: KVM
[    0.000000] kvm-clock: Using msrs 4b564d01 and 4b564d00
[    0.000001] kvm-clock: using sched offset of 2675172087 cycles
[    0.000003] clocksource: kvm-clock: mask: 0xffffffffffffffff max_cycles: 0x1cd42e4dffb, max_idle_ns: 881590591483 ns
[    0.000007] tsc: Detected 2799.998 MHz processor
[    0.001073] last_pfn = 0x140000 max_arch_pfn = 0x400000000
[    0.001485] MTRR map: 4 entries (3 fixed + 1 variable; max 19), built from 8 variable MTRRs
[    0.001503] x86/PAT: Configuration [0-7]: WB  WC  UC- UC  WB  WP  UC- WT  
[    0.001999] last_pfn = 0xbffda max_arch_pfn = 0x400000000
[    0.002417] RAMDISK: [mem 0x7f71e000-0x7fffffff]
[    0.002419] ACPI: Early table checksum verification disabled
[    0.002425] ACPI: RSDP 0x00000000000F59A0 000014 (v00 BOCHS )
[    0.002430] ACPI: RSDT 0x00000000BFFE1975 000034 (v01 BOCHS  BXPC     00000001 BXPC 00000001)
[    0.002436] ACPI: FACP 0x00000000BFFE1821 000074 (v01 BOCHS  BXPC     00000001 BXPC 00000001)
[    0.002470] ACPI: DSDT 0x00000000BFFE0040 0017E1 (v01 BOCHS  BXPC     00000001 BXPC 00000001)
[    0.002474] ACPI: FACS 0x00000000BFFE0000 000040
[    0.002477] ACPI: APIC 0x00000000BFFE1895 000080 (v01 BOCHS  BXPC     00000001 BXPC 00000001)
[    0.002480] ACPI: HPET 0x00000000BFFE1915 000038 (v01 BOCHS  BXPC     00000001 BXPC 00000001)
[    0.002483] ACPI: WAET 0x00000000BFFE194D 000028 (v01 BOCHS  BXPC     00000001 BXPC 00000001)
[    0.002485] ACPI: Reserving FACP table memory at [mem 0xbffe1821-0xbffe1894]
[    0.002487] ACPI: Reserving DSDT table memory at [mem 0xbffe0040-0xbffe1820]
[    0.002488] ACPI: Reserving FACS table memory at [mem 0xbffe0000-0xbffe003f]
[    0.002488] ACPI: Reserving APIC table memory at [mem 0xbffe1895-0xbffe1914]
[    0.002489] ACPI: Reserving HPET table memory at [mem 0xbffe1915-0xbffe194c]
[    0.002489] ACPI: Reserving WAET table memory at [mem 0xbffe194d-0xbffe1974]
[    0.002936] Zone ranges:
[    0.002938]   DMA      [mem 0x0000000000001000-0x0000000000ffffff]
[    0.002940]   DMA32    [mem 0x0000000001000000-0x00000000ffffffff]
[    0.002942]   Normal   [mem 0x0000000100000000-0x000000013fffffff]
[    0.002943] Movable zone start for each node
[    0.002943] Early memory node ranges
[    0.002944]   node   0: [mem 0x0000000000001000-0x000000000009efff]
[    0.002945]   node   0: [mem 0x0000000000100000-0x00000000bffd9fff]
[    0.002946]   node   0: [mem 0x0000000100000000-0x000000013fffffff]
[    0.002947] Initmem setup node 0 [mem 0x0000000000001000-0x000000013fffffff]
[    0.003100] On node 0, zone DMA: 1 pages in unavailable ranges
[    0.004715] On node 0, zone DMA: 97 pages in unavailable ranges
[    0.481734] On node 0, zone Normal: 38 pages in unavailable ranges
[    0.486641] ACPI: PM-Timer IO Port: 0x608
[    0.487202] ACPI: LAPIC_NMI (acpi_id[0xff] dfl dfl lint[0x1])
[    0.487684] IOAPIC[0]: apic_id 0, version 17, address 0xfec00000, GSI 0-23
[    0.487736] ACPI: INT_SRC_OVR (bus 0 bus_irq 0 global_irq 2 dfl dfl)
[    0.487738] ACPI: INT_SRC_OVR (bus 0 bus_irq 5 global_irq 5 high level)
[    0.487793] ACPI: INT_SRC_OVR (bus 0 bus_irq 9 global_irq 9 high level)
[    0.487843] ACPI: INT_SRC_OVR (bus 0 bus_irq 10 global_irq 10 high level)
[    0.487845] ACPI: INT_SRC_OVR (bus 0 bus_irq 11 global_irq 11 high level)
[    0.487898] ACPI: Using ACPI (MADT) for SMP configuration information
[    0.487953] ACPI: HPET id: 0x8086a201 base: 0xfed00000
[    0.488395] smpboot: Allowing 2 CPUs, 0 hotplug CPUs
[    0.489301] kvm-guest: APIC: eoi() replaced with kvm_guest_apic_eoi_write()
[    0.490313] [mem 0xc0000000-0xfeffbfff] available for PCI devices
[    0.490357] Booting paravirtualized kernel on KVM
[    0.490507] clocksource: refined-jiffies: mask: 0xffffffff max_cycles: 0xffffffff, max_idle_ns: 19112604462750000 ns
[    0.504460] setup_percpu: NR_CPUS:256 nr_cpumask_bits:2 nr_cpu_ids:2 nr_node_ids:1
[    0.518046] percpu: Embedded 57 pages/cpu s195048 r8192 d30232 u1048576
[    0.518462] kvm-guest: PV spinlocks disabled, no host support
[    0.518489] Kernel command line: BOOT_IMAGE=vmlinuz-virt root=LABEL=/ modules=sd-mod,usb-storage,ext4 console=ttyS0,115200n8 initrd=initramfs-virt
[    0.520466] Unknown kernel command line parameters "BOOT_IMAGE=vmlinuz-virt modules=sd-mod,usb-storage,ext4", will be passed to user space.
[    0.545206] Dentry cache hash table entries: 524288 (order: 10, 4194304 bytes, linear)
[    0.557180] Inode-cache hash table entries: 262144 (order: 9, 2097152 bytes, linear)
[    0.557988] Built 1 zonelists, mobility grouping on.  Total pages: 1031898
[    0.571621] mem auto-init: stack:all(zero), heap alloc:on, heap free:off
[    0.571805] software IO TLB: area num 2.
[    0.984407] Memory: 4012148K/4193760K available (12288K kernel code, 1744K rwdata, 8008K rodata, 2640K init, 2300K bss, 181352K reserved, 0K cma-reserved)
[    0.990751] SLUB: HWalign=64, Order=0-3, MinObjects=0, CPUs=2, Nodes=1
[    0.991140] Kernel/User page tables isolation: enabled
[    1.012372] Dynamic Preempt: none
[    1.012823] rcu: Preemptible hierarchical RCU implementation.
[    1.012843] rcu: 	RCU restricting CPUs from NR_CPUS=256 to nr_cpu_ids=2.
[    1.012865] 	Trampoline variant of Tasks RCU enabled.
[    1.012885] 	Tracing variant of Tasks RCU enabled.
[    1.012905] rcu: RCU calculated value of scheduler-enlistment delay is 10 jiffies.
[    1.012906] rcu: Adjusting geometry for rcu_fanout_leaf=16, nr_cpu_ids=2
[    1.032542] NR_IRQS: 16640, nr_irqs: 440, preallocated irqs: 16
[    1.033497] rcu: srcu_init: Setting srcu_struct sizes based on contention.
[    1.033832] kfence: initialized - using 2097152 bytes for 255 objects at 0x(____ptrval____)-0x(____ptrval____)
[    1.060047] Console: colour VGA+ 80x25
[    1.060556] printk: console [ttyS0] enabled
[    1.400517] ACPI: Core revision 20230628
[    1.404185] clocksource: hpet: mask: 0xffffffff max_cycles: 0xffffffff, max_idle_ns: 19112604467 ns
[    1.410172] APIC: Switch to symmetric I/O mode setup
[    1.414743] x2apic enabled
[    1.418161] APIC: Switched APIC routing to: physical x2apic
[    1.428429] ..TIMER: vector=0x30 apic1=0 pin1=2 apic2=-1 pin2=-1
[    1.431754] clocksource: tsc-early: mask: 0xffffffffffffffff max_cycles: 0x285c3ee517e, max_idle_ns: 440795257231 ns
[    1.437315] Calibrating delay loop (skipped) preset value.. 5599.99 BogoMIPS (lpj=27999980)
[    1.448412] Last level iTLB entries: 4KB 0, 2MB 0, 4MB 0
[    1.451279] Last level dTLB entries: 4KB 0, 2MB 0, 4MB 0, 1GB 0
[    1.457398] Spectre V1 : Mitigation: usercopy/swapgs barriers and __user pointer sanitization
[    1.461864] Spectre V2 : Mitigation: Retpolines
[    1.464290] Spectre V2 : Spectre v2 / SpectreRSB mitigation: Filling RSB on context switch
[    1.467286] Spectre V2 : Spectre v2 / SpectreRSB : Filling RSB on VMEXIT
[    1.470817] Speculative Store Bypass: Vulnerable
[    1.473424] MDS: Vulnerable: Clear CPU buffers attempted, no microcode
[    1.477286] MMIO Stale Data: Unknown: No mitigations
[    1.480276] x86/fpu: x87 FPU will use FXSAVE
[    1.556275] Freeing SMP alternatives memory: 32K
[    1.557292] pid_max: default: 32768 minimum: 301
[    1.560609] LSM: initializing lsm=capability,landlock,lockdown,integrity
[    1.565282] landlock: Up and running.
[    1.571399] Mount-cache hash table entries: 8192 (order: 4, 65536 bytes, linear)
[    1.578068] Mountpoint-cache hash table entries: 8192 (order: 4, 65536 bytes, linear)
[    1.706725] smpboot: CPU0: Intel QEMU Virtual CPU version 2.5+ (family: 0xf, model: 0x6b, stepping: 0x1)
[    1.707282] RCU Tasks: Setting shift to 1 and lim to 1 rcu_task_cb_adjust=1.
[    1.707408] RCU Tasks Trace: Setting shift to 1 and lim to 1 rcu_task_cb_adjust=1.
[    1.711548] Performance Events: unsupported Netburst CPU model 107 no PMU driver, software events only.
[    1.717619] signal: max sigframe size: 1440
[    1.720188] rcu: Hierarchical SRCU implementation.
[    1.722726] rcu: 	Max phase no-delay instances is 1000.
[    1.727343] NMI watchdog: Perf NMI watchdog permanently disabled
[    1.730767] smp: Bringing up secondary CPUs ...
[    1.734340] smpboot: x86: Booting SMP configuration:
[    1.736953] .... node  #0, CPUs:      #1
[    1.750142] smp: Brought up 1 node, 2 CPUs
[    1.757292] smpboot: Max logical packages: 1
[    1.759584] ----------------
[    1.761145] | NMI testsuite:
[    1.762724] --------------------
[    1.764473]   remote IPI:  ok  |
[    1.767286]    local IPI:  ok  |
[    1.769051] --------------------
[    1.770816] Good, all   2 testcases passed! |
[    1.773157] ---------------------------------
[    1.775545] smpboot: Total of 2 processors activated (11199.99 BogoMIPS)
[    1.780255] devtmpfs: initialized
[    1.780255] x86/mm: Memory block size: 128MB
[    1.790794] clocksource: jiffies: mask: 0xffffffff max_cycles: 0xffffffff, max_idle_ns: 19112604462750000 ns
[    1.792862] futex hash table entries: 512 (order: 3, 32768 bytes, linear)
[    1.815694] NET: Registered PF_NETLINK/PF_ROUTE protocol family
[    1.819175] audit: initializing netlink subsys (disabled)
[    1.827455] audit: type=2000 audit(1772765683.845:1): state=initialized audit_enabled=0 res=1
[    1.827625] thermal_sys: Registered thermal governor 'step_wise'
[    1.837306] cpuidle: using governor ladder
[    1.844383] cpuidle: using governor menu
[    1.847782] acpiphp: ACPI Hot Plug PCI Controller Driver version: 0.5
[    1.852153] PCI: Using configuration type 1 for base access
[    1.857624] kprobes: kprobe jump-optimization is enabled. All kprobes are optimized if possible.
[    1.865836] HugeTLB: registered 2.00 MiB page size, pre-allocated 0 pages
[    1.867285] HugeTLB: 28 KiB vmemmap can be freed for a 2.00 MiB page
[    1.870763] ACPI: Added _OSI(Module Device)
[    1.877285] ACPI: Added _OSI(Processor Device)
[    1.879740] ACPI: Added _OSI(3.0 _SCP Extensions)
[    1.882296] ACPI: Added _OSI(Processor Aggregator Device)
[    1.885845] ACPI: 1 ACPI AML tables successfully acquired and loaded
[    1.888898] ACPI: _OSC evaluation for CPUs failed, trying _PDC
[    1.890727] ACPI: Interpreter enabled
[    1.897341] ACPI: PM: (supports S0 S3 S5)
[    1.899587] ACPI: Using IOAPIC for interrupt routing
[    1.902551] PCI: Using host bridge windows from ACPI; if necessary, use "pci=nocrs" and report a bug
[    1.907286] PCI: Using E820 reservations for host bridge windows
[    1.910706] ACPI: Enabled 2 GPEs in block 00 to 0F
[    1.919694] ACPI: PCI Root Bridge [PCI0] (domain 0000 [bus 00-ff])
[    1.923335] acpi PNP0A03:00: _OSC: OS supports [ASPM ClockPM Segments MSI HPX-Type3]
[    1.927286] acpi PNP0A03:00: _OSC: not requesting OS control; OS requires [ExtendedConfig ASPM ClockPM MSI]
[    1.932860] acpi PNP0A03:00: fail to add MMCONFIG information, can't access extended configuration space under this bridge
[    1.937878] acpiphp: Slot [3] registered
[    1.940145] acpiphp: Slot [4] registered
[    1.942630] acpiphp: Slot [5] registered
[    1.944861] acpiphp: Slot [6] registered
[    1.947341] acpiphp: Slot [7] registered
[    1.949508] acpiphp: Slot [8] registered
[    1.951855] acpiphp: Slot [9] registered
[    1.954204] acpiphp: Slot [10] registered
[    1.957976] acpiphp: Slot [11] registered
[    1.960212] acpiphp: Slot [12] registered
[    1.962396] acpiphp: Slot [13] registered
[    1.964779] acpiphp: Slot [14] registered
[    1.967335] acpiphp: Slot [15] registered
[    1.969662] acpiphp: Slot [16] registered
[    1.972034] acpiphp: Slot [17] registered
[    1.974371] acpiphp: Slot [18] registered
[    1.977295] acpiphp: Slot [19] registered
[    1.979538] acpiphp: Slot [20] registered
[    1.981779] acpiphp: Slot [21] registered
[    1.984035] acpiphp: Slot [22] registered
[    1.986297] acpiphp: Slot [23] registered
[    1.987334] acpiphp: Slot [24] registered
[    1.989563] acpiphp: Slot [25] registered
[    1.992406] acpiphp: Slot [26] registered
[    1.994674] acpiphp: Slot [27] registered
[    1.997354] acpiphp: Slot [28] registered
[    1.999633] acpiphp: Slot [29] registered
[    2.001857] acpiphp: Slot [30] registered
[    2.004170] acpiphp: Slot [31] registered
[    2.006373] PCI host bridge to bus 0000:00
[    2.007289] pci_bus 0000:00: root bus resource [io  0x0000-0x0cf7 window]
[    2.010895] pci_bus 0000:00: root bus resource [io  0x0d00-0xffff window]
[    2.014598] pci_bus 0000:00: root bus resource [mem 0x000a0000-0x000bffff window]
[    2.017286] pci_bus 0000:00: root bus resource [mem 0xc0000000-0xfebfffff window]
[    2.021264] pci_bus 0000:00: root bus resource [mem 0x140000000-0x1bfffffff window]
[    2.027285] pci_bus 0000:00: root bus resource [bus 00-ff]
[    2.030679] pci 0000:00:00.0: [8086:1237] type 00 class 0x060000
[    2.039497] pci 0000:00:01.0: [8086:7000] type 00 class 0x060100
[    2.046020] pci 0000:00:01.1: [8086:7010] type 00 class 0x010180
[    2.050976] pci 0000:00:01.1: reg 0x20: [io  0xc160-0xc16f]
[    2.058238] pci 0000:00:01.1: legacy IDE quirk: reg 0x10: [io  0x01f0-0x01f7]
[    2.062738] pci 0000:00:01.1: legacy IDE quirk: reg 0x14: [io  0x03f6]
[    2.066409] pci 0000:00:01.1: legacy IDE quirk: reg 0x18: [io  0x0170-0x0177]
[    2.067289] pci 0000:00:01.1: legacy IDE quirk: reg 0x1c: [io  0x0376]
[    2.071540] pci 0000:00:01.3: [8086:7113] type 00 class 0x068000
[    2.079714] pci 0000:00:01.3: quirk: [io  0x0600-0x063f] claimed by PIIX4 ACPI
[    2.083684] pci 0000:00:01.3: quirk: [io  0x0700-0x070f] claimed by PIIX4 SMB
[    2.091301] pci 0000:00:02.0: [1234:1111] type 00 class 0x030000
[    2.108673] pci 0000:00:02.0: reg 0x10: [mem 0xfd000000-0xfdffffff pref]
[    2.119128] pci 0000:00:02.0: reg 0x18: [mem 0xfeb90000-0xfeb90fff]
[    2.144046] pci 0000:00:02.0: reg 0x30: [mem 0xfeb80000-0xfeb8ffff pref]
[    2.167760] pci 0000:00:02.0: Video device with shadowed ROM at [mem 0x000c0000-0x000dffff]
[    2.190293] pci 0000:00:03.0: [1af4:1000] type 00 class 0x020000
[    2.195735] pci 0000:00:03.0: reg 0x10: [io  0xc140-0xc15f]
[    2.198446] pci 0000:00:03.0: reg 0x14: [mem 0xfeb91000-0xfeb91fff]
[    2.208482] pci 0000:00:03.0: reg 0x20: [mem 0xfe000000-0xfe003fff 64bit pref]
[    2.213994] pci 0000:00:03.0: reg 0x30: [mem 0xfeb00000-0xfeb7ffff pref]
[    2.221842] pci 0000:00:04.0: [1af4:1009] type 00 class 0x000200
[    2.227855] pci 0000:00:04.0: reg 0x10: [io  0xc100-0xc13f]
[    2.233587] pci 0000:00:04.0: reg 0x14: [mem 0xfeb92000-0xfeb92fff]
[    2.240022] pci 0000:00:04.0: reg 0x20: [mem 0xfe004000-0xfe007fff 64bit pref]
[    2.251554] pci 0000:00:05.0: [1af4:1001] type 00 class 0x010000
[    2.256432] pci 0000:00:05.0: reg 0x10: [io  0xc000-0xc07f]
[    2.258682] pci 0000:00:05.0: reg 0x14: [mem 0xfeb93000-0xfeb93fff]
[    2.269350] pci 0000:00:05.0: reg 0x20: [mem 0xfe008000-0xfe00bfff 64bit pref]
[    2.281625] pci 0000:00:06.0: [1af4:1001] type 00 class 0x010000
[    2.286504] pci 0000:00:06.0: reg 0x10: [io  0xc080-0xc0ff]
[    2.288876] pci 0000:00:06.0: reg 0x14: [mem 0xfeb94000-0xfeb94fff]
[    2.298762] pci 0000:00:06.0: reg 0x20: [mem 0xfe00c000-0xfe00ffff 64bit pref]
[    2.317628] ACPI: PCI: Interrupt link LNKA configured for IRQ 10
[    2.321972] ACPI: PCI: Interrupt link LNKB configured for IRQ 10
[    2.326083] ACPI: PCI: Interrupt link LNKC configured for IRQ 11
[    2.327500] ACPI: PCI: Interrupt link LNKD configured for IRQ 11
[    2.331423] ACPI: PCI: Interrupt link LNKS configured for IRQ 9
[    2.340856] iommu: Default domain type: Translated
[    2.343824] iommu: DMA domain TLB invalidation policy: lazy mode
[    2.350543] SCSI subsystem initialized
[    2.357708] pps_core: LinuxPPS API ver. 1 registered
[    2.360577] pps_core: Software ver. 5.3.6 - Copyright 2005-2007 Rodolfo Giometti <giometti@linux.it>
[    2.367477] PTP clock support registered
[    2.377417] PCI: Using ACPI for IRQ routing
[    2.381357] hpet: 3 channels of 0 reserved for per-cpu timers
[    2.388429] clocksource: Switched to clocksource kvm-clock
[    2.395466] VFS: Disk quotas dquot_6.6.0
[    2.397525] VFS: Dquot-cache hash table entries: 512 (order 0, 4096 bytes)
[    2.402073] pnp: PnP ACPI init
[    2.406754] pnp: PnP ACPI: found 6 devices
[    2.420656] clocksource: acpi_pm: mask: 0xffffff max_cycles: 0xffffff, max_idle_ns: 2085701024 ns
[    2.426007] NET: Registered PF_INET protocol family
[    2.433303] IP idents hash table entries: 65536 (order: 7, 524288 bytes, linear)
[    2.439967] tcp_listen_portaddr_hash hash table entries: 2048 (order: 3, 32768 bytes, linear)
[    2.446515] Table-perturb hash table entries: 65536 (order: 6, 262144 bytes, linear)
[    2.452155] TCP established hash table entries: 32768 (order: 6, 262144 bytes, linear)
[    2.462533] TCP bind hash table entries: 32768 (order: 8, 1048576 bytes, linear)
[    2.466640] TCP: Hash tables configured (established 32768 bind 32768)
[    2.471792] UDP hash table entries: 2048 (order: 4, 65536 bytes, linear)
[    2.476490] UDP-Lite hash table entries: 2048 (order: 4, 65536 bytes, linear)
[    2.480741] NET: Registered PF_UNIX/PF_LOCAL protocol family
[    2.483939] NET: Registered PF_XDP protocol family
[    2.486740] pci_bus 0000:00: resource 4 [io  0x0000-0x0cf7 window]
[    2.490044] pci_bus 0000:00: resource 5 [io  0x0d00-0xffff window]
[    2.493421] pci_bus 0000:00: resource 6 [mem 0x000a0000-0x000bffff window]
[    2.497152] pci_bus 0000:00: resource 7 [mem 0xc0000000-0xfebfffff window]
[    2.500891] pci_bus 0000:00: resource 8 [mem 0x140000000-0x1bfffffff window]
[    2.504967] pci 0000:00:01.0: PIIX3: Enabling Passive Release
[    2.508263] pci 0000:00:00.0: Limiting direct PCI/PCI transfers
[    2.512047] PCI: CLS 0 bytes, default 64
[    2.516180] PCI-DMA: Using software bounce buffering for IO (SWIOTLB)
[    2.519593] software IO TLB: mapped [mem 0x00000000bbfda000-0x00000000bffda000] (64MB)
[    2.520813] Unpacking initramfs...
[    2.524871] clocksource: tsc: mask: 0xffffffffffffffff max_cycles: 0x285c3ee517e, max_idle_ns: 440795257231 ns
[    2.537016] Initialise system trusted keyrings
[    2.541360] workingset: timestamp_bits=46 max_order=20 bucket_order=0
[    2.545404] zbud: loaded
[    2.548334] Key type asymmetric registered
[    2.550669] Asymmetric key parser 'x509' registered
[    2.553965] Block layer SCSI generic (bsg) driver version 0.4 loaded (major 247)
[    2.558796] io scheduler mq-deadline registered
[    2.561384] io scheduler kyber registered
[    2.563878] io scheduler bfq registered
[    2.567911] ERST DBG: ERST support is disabled.
[    2.584579] ACPI: \_SB_.LNKC: Enabled at IRQ 11
[    2.605625] ACPI: \_SB_.LNKD: Enabled at IRQ 10
[    2.626366] ACPI: \_SB_.LNKA: Enabled at IRQ 10
[    2.650203] ACPI: \_SB_.LNKB: Enabled at IRQ 11
[    2.658682] Serial: 8250/16550 driver, 4 ports, IRQ sharing enabled
[    2.664211] 00:04: ttyS0 at I/O 0x3f8 (irq = 4, base_baud = 115200) is a 16550A
[    2.674067] VMware PVSCSI driver - version 1.0.7.0-k
[    2.683223] scsi host0: ata_piix
[    2.686557] scsi host1: ata_piix
[    2.688577] ata1: PATA max MWDMA2 cmd 0x1f0 ctl 0x3f6 bmdma 0xc160 irq 14
[    2.692527] ata2: PATA max MWDMA2 cmd 0x170 ctl 0x376 bmdma 0xc168 irq 15
[    2.697352] i8042: PNP: PS/2 Controller [PNP0303:KBD,PNP0f13:MOU] at 0x60,0x64 irq 1,12
[    2.711145] serio: i8042 KBD port at 0x60,0x64 irq 1
[    2.714015] serio: i8042 AUX port at 0x60,0x64 irq 12
[    2.717143] rtc_cmos 00:05: RTC can wake from S4
[    2.727570] input: AT Translated Set 2 keyboard as /devices/platform/i8042/serio0/input/input0
[    2.733552] rtc_cmos 00:05: registered as rtc0
[    2.736683] rtc_cmos 00:05: setting system clock to 2026-03-06T02:54:44 UTC (1772765684)
[    2.741659] rtc_cmos 00:05: alarms up to one day, y3k, 242 bytes nvram, hpet irqs
[    2.745968] intel_pstate: CPU model not supported
[    2.748967] gre: GRE over IPv4 demultiplexor driver
[    2.825461] Freeing initrd memory: 9096K
[    2.830937] Key type dns_resolver registered
[    2.833650] IPI shorthand broadcast: enabled
[    2.837957] sched_clock: Marking stable (2452397068, 383703405)->(2850905192, -14804719)
[    2.859562] registered taskstats version 1
[    2.862324] Loading compiled-in X.509 certificates
[    2.874544] ata2: found unknown device (class 0)
[    2.880214] ata2.00: ATAPI: QEMU DVD-ROM, 2.5+, max UDMA/100
[    2.881015] Loaded X.509 cert 'alpinelinux.org: Alpine Linux kernel key: d76a695f66ad9cd28f5c22a8508f36e91f521f7a'
[    2.891475] scsi 1:0:0:0: CD-ROM            QEMU     QEMU DVD-ROM     2.5+ PQ: 0 ANSI: 5
[    2.893864] Key type .fscrypt registered
[    2.898723] Key type fscrypt-provisioning registered
[    2.987710] Freeing unused kernel image (initmem) memory: 2640K
[    3.003898] Write protecting the kernel read-only data: 20480k
[    3.008392] Freeing unused kernel image (rodata/data gap) memory: 184K
[    3.011312] rodata_test: all tests were successful
[    3.013401] Run /init as init process
[    3.049959] Alpine Init 3.9.0-r0
Alpine Init 3.9.0-r0
[    3.053215] Loading boot drivers...
 * Loading boot drivers: [    3.128320] ACPI: bus type USB registered
[    3.130206] usbcore: registered new interface driver usbfs
[    3.132668] usbcore: registered new interface driver hub
[    3.135473] usbcore: registered new device driver usb
[    3.141421] usbcore: registered new interface driver usb-storage
[    3.309800] loop: module loaded
[    3.355078] ACPI: bus type drm_connector registered
[    3.392977] Loading boot drivers: ok.
ok.
[    3.397060] Mounting root...
 * Mounting root: [    3.451896] piix4_smbus 0000:00:01.3: SMBus Host Controller at 0x700, revision 0
[    3.477255] [drm] Found bochs VGA, ID 0xb0c5.
[    3.479083] [drm] Framebuffer size 16384 kB @ 0xfd000000, mmio @ 0xfeb90000.
[    3.490069] [drm] Found EDID data blob.
[    3.492345] [drm] Initialized bochs-drm 1.0.0 20130925 for 0000:00:02.0 on minor 0
[    3.541865] Console: switching to colour frame buffer device 128x48
[    3.544967] bochs-drm 0000:00:02.0: [drm] fb0: bochs-drmdrmfb frame buffer device
[    3.706861] sr 1:0:0:0: [sr0] scsi3-mmc drive: 4x/4x cd/rw xa/form2 tray
[    3.709037] cdrom: Uniform CD-ROM driver Revision: 3.20
[    3.792501] virtio_blk virtio2: 2/0/0 default/read/poll queues
[    3.801948] virtio_blk virtio2: [vda] 8388608 512-byte logical blocks (4.29 GB/4.00 GiB)
[    3.806399] virtio_blk virtio3: 2/0/0 default/read/poll queues
[    3.812657] virtio_blk virtio3: [vdb] 736 512-byte logical blocks (377 kB/368 KiB)
[    3.928132] block sr0: the capability attribute has been deprecated.
[    6.911641] EXT4-fs (vda): mounted filesystem 367ceb5a-a72a-4cc6-9140-e18812d3c81b ro with ordered data mode. Quota mode: none.
[    6.915943] Mounting root: ok.
ok.

   OpenRC 0.52.1 is starting up Linux 6.6.4-1-virt (x86_64)

 * /proc is already mounted
 * Mounting /run ... [ ok ]
 * /run/openrc: creating directory
 * /run/lock: creating directory
 * /run/lock: correcting owner
 * Caching service dependencies ... [ ok ]
 * Remounting devtmpfs on /dev ... [ ok ]
 * Mounting /dev/mqueue ... [ ok ]
 * Mounting security filesystem ... [ ok ]
 * Mounting debug filesystem ... [ ok ]
 * Mounting persistent storage (pstore) filesystem ... [ ok ]
 * Starting busybox mdev ... [ ok ]
 * Scanning hardware for mdev ... [ ok ]
 * Loading hardware drivers ... [ ok ]
 * Loading modules ... [ ok ]
 * Setting system clock using the hardware clock [UTC] ... [ ok ]
 * Checking local filesystems  .../: clean, 8723/65536 files, 158031/262144 blocks
 [ ok ]
 * Remounting root filesystem read/write ... [ ok ]
 * Remounting filesystems ... [ ok ]
 * Activating swap devices ... [ ok ]
 * Mounting local filesystems ... [ ok ]
 * Starting busybox acpid ... [ ok ]
 * Configuring kernel parameters ... [ ok ]
 * Migrating /var/lock to /run/lock ... [ ok ]
 * Creating user login records ... [ ok ]
 * Cleaning /tmp directory ... [ ok ]
Cloud-init v. 23.4 running 'init-local' at Fri, 06 Mar 2026 02:54:52 +0000. Up 11.54 seconds.
 [ ok ]
 * Setting hostname ... [ ok ]
 * Starting busybox syslog ... [ ok ]
 * Mounting cgroup filesystem ... [ ok ]
 * Starting networking ... *   lo ... [ ok ]
 *   eth0 ... [ ok ]
 * /var/log/docker.log: creating file
 * /var/log/docker.log: correcting owner
 * Starting Docker Daemon ... [ ok ]
 * Starting benchmark agent ...
[1A[2Ka257f20c716c: Loading layer  557.1kB/81.04MB[1B[1A[2Ka257f20c716c: Loading layer  3.899MB/81.04MB[1B[1A[2Ka257f20c716c: Loading layer  6.685MB/81.04MB[1B[1A[2Ka257f20c716c: Loading layer  10.03MB/81.04MB[1B[1A[2Ka257f20c716c: Loading layer  11.14MB/81.04MB[1B[1A[2Ka257f20c716c: Loading layer   15.6MB/81.04MB[1B[1A[2Ka257f20c716c: Loading layer  18.38MB/81.04MB[1B[1A[2Ka257f20c716c: Loading layer  21.73MB/81.04MB[1B[1A[2Ka257f20c716c: Loading layer  24.51MB/81.04MB[1B[1A[2Ka257f20c716c: Loading layer  28.41MB/81.04MB[1B[1A[2Ka257f20c716c: Loading layer   31.2MB/81.04MB[1B[1A[2Ka257f20c716c: Loading layer  35.65MB/81.04MB[1B[1A[2Ka257f20c716c: Loading layer  39.55MB/81.04MB[1B[1A[2Ka257f20c716c: Loading layer  44.01MB/81.04MB[1B[1A[2Ka257f20c716c: Loading layer  48.46MB/81.04MB[1B[1A[2Ka257f20c716c: Loading layer  52.36MB/81.04MB[1B[1A[2Ka257f20c716c: Loading layer  56.82MB/81.04MB[1B[1A[2Ka257f20c716c: Loading layer  61.83MB/81.04MB[1B[1A[2Ka257f20c716c: Loading layer  65.18MB/81.04MB[1B[1A[2Ka257f20c716c: Loading layer  66.29MB/81.04MB[1B[1A[2Ka257f20c716c: Loading layer  66.85MB/81.04MB[1B[1A[2Ka257f20c716c: Loading layer   67.4MB/81.04MB[1B[1A[2Ka257f20c716c: Loading layer  69.63MB/81.04MB[1B[1A[2Ka257f20c716c: Loading layer  72.97MB/81.04MB[1B[1A[2Ka257f20c716c: Loading layer  74.09MB/81.04MB[1B[1A[2Ka257f20c716c: Loading layer   75.2MB/81.04MB[1B[1A[2Ka257f20c716c: Loading layer  75.76MB/81.04MB[1B[1A[2Ka257f20c716c: Loading layer  76.32MB/81.04MB[1B[1A[2Ka257f20c716c: Loading layer   79.1MB/81.04MB[1B[1A[2Ka257f20c716c: Loading layer  80.77MB/81.04MB[1B[1A[2Ka257f20c716c: Loading layer  81.04MB/81.04MB[1B
[1A[2Kb0c20bcd44fe: Loading layer  65.54kB/4.123MB[1B[1A[2Kb0c20bcd44fe: Loading layer  1.573MB/4.123MB[1B[1A[2Kb0c20bcd44fe: Loading layer   3.08MB/4.123MB[1B[1A[2Kb0c20bcd44fe: Loading layer  4.123MB/4.123MB[1B[1A[2Kb0c20bcd44fe: Loading layer  4.123MB/4.123MB[1B
[1A[2K5184c31ad48f: Loading layer  458.8kB/43.85MB[1B[1A[2K5184c31ad48f: Loading layer  1.835MB/43.85MB[1B[1A[2K5184c31ad48f: Loading layer  5.964MB/43.85MB[1B[1A[2K5184c31ad48f: Loading layer  9.634MB/43.85MB[1B[1A[2K5184c31ad48f: Loading layer  12.39MB/43.85MB[1B[1A[2K5184c31ad48f: Loading layer  16.06MB/43.85MB[1B[1A[2K5184c31ad48f: Loading layer  18.35MB/43.85MB[1B[1A[2K5184c31ad48f: Loading layer  22.02MB/43.85MB[1B[1A[2K5184c31ad48f: Loading layer  24.77MB/43.85MB[1B[1A[2K5184c31ad48f: Loading layer  27.53MB/43.85MB[1B[1A[2K5184c31ad48f: Loading layer  29.82MB/43.85MB[1B[1A[2K5184c31ad48f: Loading layer  32.57MB/43.85MB[1B[1A[2K5184c31ad48f: Loading layer  34.41MB/43.85MB[1B[1A[2K5184c31ad48f: Loading layer  36.24MB/43.85MB[1B[1A[2K5184c31ad48f: Loading layer  38.08MB/43.85MB[1B[1A[2K5184c31ad48f: Loading layer  40.83MB/43.85MB[1B[1A[2K5184c31ad48f: Loading layer  42.66MB/43.85MB[1B[1A[2K5184c31ad48f: Loading layer  43.85MB/43.85MB[1B
[1A[2Kfa1d322086e6: Loading layer   5.12kB/5.12kB[1B[1A[2Kfa1d322086e6: Loading layer   5.12kB/5.12kB[1B
[1A[2Kbdf610394df6: Loading layer  22.02kB/22.02kB[1B[1A[2Kbdf610394df6: Loading layer  22.02kB/22.02kB[1B
[1A[2Keb067feb5b8d: Loading layer  9.728kB/9.728kB[1B[1A[2Keb067feb5b8d: Loading layer  9.728kB/9.728kB[1BLoaded image: bench-worker:latest
 [ ok ]
 * Starting chronyd ... [ ok ]
 * Starting cloud-init-hotplugd ... [ ok ]
Cloud-init v. 23.4 running 'init' at Fri, 06 Mar 2026 02:55:26 +0000. Up 44.97 seconds.
ci-info: +++++++++++++++++++++++++++++++++++++++Net device info+++++++++++++++++++++++++++++++++++++++
ci-info: +---------+-------+----------------------------+---------------+--------+-------------------+
ci-info: |  Device |   Up  |          Address           |      Mask     | Scope  |     Hw-Address    |
ci-info: +---------+-------+----------------------------+---------------+--------+-------------------+
ci-info: | docker0 | False |         172.17.0.1         |  255.255.0.0  | global | 02:42:c4:c0:a3:12 |
ci-info: |   eth0  |  True |         10.0.2.15          | 255.255.255.0 | global | 52:54:00:12:34:56 |
ci-info: |   eth0  |  True | fec0::5054:ff:fe12:3456/64 |       .       |  site  | 52:54:00:12:34:56 |
ci-info: |   eth0  |  True | fe80::5054:ff:fe12:3456/64 |       .       |  link  | 52:54:00:12:34:56 |
ci-info: |    lo   |  True |         127.0.0.1          |   255.0.0.0   |  host  |         .         |
ci-info: |    lo   |  True |          ::1/128           |       .       |  host  |         .         |
ci-info: +---------+-------+----------------------------+---------------+--------+-------------------+
ci-info: +++++++++++++++++++++++++++Route IPv4 info++++++++++++++++++++++++++++
ci-info: +-------+-------------+----------+---------------+-----------+-------+
ci-info: | Route | Destination | Gateway  |    Genmask    | Interface | Flags |
ci-info: +-------+-------------+----------+---------------+-----------+-------+
ci-info: |   0   |   0.0.0.0   | 10.0.2.2 |    0.0.0.0    |    eth0   |   UG  |
ci-info: |   1   |   10.0.2.0  | 0.0.0.0  | 255.255.255.0 |    eth0   |   U   |
ci-info: |   2   |  172.17.0.0 | 0.0.0.0  |  255.255.0.0  |  docker0  |   U   |
ci-info: +-------+-------------+----------+---------------+-----------+-------+
ci-info: +++++++++++++++++++Route IPv6 info+++++++++++++++++++
ci-info: +-------+-------------+---------+-----------+-------+
ci-info: | Route | Destination | Gateway | Interface | Flags |
ci-info: +-------+-------------+---------+-----------+-------+
ci-info: |   0   |  fe80::/64  |    ::   |    eth0   |   U   |
ci-info: |   1   |  fec0::/64  |    ::   |    eth0   |   Ue  |
ci-info: |   2   |     ::/0    | fe80::2 |    eth0   |  UGe  |
ci-info: |   4   |    local    |    ::   |    eth0   |   U   |
ci-info: |   5   |    local    |    ::   |    eth0   |   U   |
ci-info: |   6   |  multicast  |    ::   |    eth0   |   U   |
ci-info: +-------+-------------+---------+-----------+-------+
2026-03-06 02:55:26,291 - cloud_config.py[WARNING]: Failed at merging in cloud config part from part-001: empty cloud config
Generating public/private rsa key pair.
Your identification has been saved in /etc/ssh/ssh_host_rsa_key
Your public key has been saved in /etc/ssh/ssh_host_rsa_key.pub
The key fingerprint is:
SHA256:YHog6kXvNMANsvLWoSmG54zuCXPy3jr+eW22z4GnBTU root@agent-13
The key's randomart image is:
+---[RSA 3072]----+
| . .             |
|  + o            |
|...+o.o   E      |
|oo.=o= . . .     |
|+.*.o+. S        |
|oB. o..  o       |
|=.+  . .. +      |
|o=o. .. += .     |
|.*=++. oooo      |
+----[SHA256]-----+
Generating public/private dsa key pair.
Your identification has been saved in /etc/ssh/ssh_host_dsa_key
Your public key has been saved in /etc/ssh/ssh_host_dsa_key.pub
The key fingerprint is:
SHA256:TVYcqq6ntHdZFOvn1UW/HbjK3Q0wvgwAVmOZUtHsz00 root@agent-13
The key's randomart image is:
+---[DSA 1024]----+
|       o** .o.   |
|      +.o.ooo   .|
|     . o .+  o...|
|        .=. =.E.o|
|        S..* =. *|
|       .  . *.+.+|
|      . . .=o+.o.|
|     . oo ooo....|
|      ++ .       |
+----[SHA256]-----+
Generating public/private ecdsa key pair.
Your identification has been saved in /etc/ssh/ssh_host_ecdsa_key
Your public key has been saved in /etc/ssh/ssh_host_ecdsa_key.pub
The key fingerprint is:
SHA256:dIGX6APjok5RI7AA0TSp6ZGpeUDyMVi+n+xD15NjWiA root@agent-13
The key's randomart image is:
+---[ECDSA 256]---+
|*B+.     o..     |
|++*.o o o o.     |
|+++= o +...      |
|++o.E o.o.       |
|oooo o oSo       |
|o.+o... B        |
| + .+. + o       |
|  ... .          |
|    ..           |
+----[SHA256]-----+
Generating public/private ed25519 key pair.
Your identification has been saved in /etc/ssh/ssh_host_ed25519_key
Your public key has been saved in /etc/ssh/ssh_host_ed25519_key.pub
The key fingerprint is:
SHA256:1arFSNZO3VRYiI9ATnA9PEpTq9gQvZl3qxY15BjdNLY root@agent-13
The key's randomart image is:
+--[ED25519 256]--+
|        o+++.o.X+|
|         *=oB+* +|
|        +.=B+X.E |
|       o X=o+ *  |
|        S B. o o |
|         o  . .  |
|        .    o   |
|            o    |
|           .     |
+----[SHA256]-----+
 [ ok ]
Cloud-init v. 23.4 running 'modules:config' at Fri, 06 Mar 2026 02:55:27 +0000. Up 46.50 seconds.
 [ ok ]
Cloud-init v. 23.4 running 'modules:final' at Fri, 06 Mar 2026 02:55:28 +0000. Up 46.96 seconds.
ci-info: no authorized SSH keys fingerprints found for user alpine.
cloud-init: #############################################################
cloud-init: -----BEGIN SSH HOST KEY FINGERPRINTS-----
cloud-init: 1024 SHA256:TVYcqq6ntHdZFOvn1UW/HbjK3Q0wvgwAVmOZUtHsz00 root@agent-13 (DSA)
cloud-init: 256 SHA256:dIGX6APjok5RI7AA0TSp6ZGpeUDyMVi+n+xD15NjWiA root@agent-13 (ECDSA)
cloud-init: 256 SHA256:1arFSNZO3VRYiI9ATnA9PEpTq9gQvZl3qxY15BjdNLY root@agent-13 (ED25519)
cloud-init: 3072 SHA256:YHog6kXvNMANsvLWoSmG54zuCXPy3jr+eW22z4GnBTU root@agent-13 (RSA)
cloud-init: -----END SSH HOST KEY FINGERPRINTS-----
cloud-init: #############################################################
-----BEGIN SSH HOST KEY KEYS-----
ecdsa-sha2-nistp256 AAAAE2VjZHNhLXNoYTItbmlzdHAyNTYAAAAIbmlzdHAyNTYAAABBBLilOfvIQ6OSdIqJge8285WTF9Ow+1WoxZYqnf5L8lqYawDLOoQDDnj3cb0o5unDOLGdupJqpxjJ/dsXxHpOxv4= root@agent-13
ssh-ed25519 AAAAC3NzaC1lZDI1NTE5AAAAILpeoifsVEtiiaG2VsIHPsB3wE2SSpIh3D3e1CUyfdzs root@agent-13
ssh-rsa AAAAB3NzaC1yc2EAAAADAQABAAABgQDMEZat2lwevpCIs6jZXdL5oDEWEaRSS4H3j6uHE2/6+5SjenbLvvKzipNC/65VxS34Rxw4YX9n0+9ecIhAkZ6fWpL9R6UDfgN2ZHWjhGDHq0GgFjdCv7XzuYgmzlmFrCQlyLzv0+57N8fUEIn8K7FykUQ+RoP6kMCAXoPH0FOj2vylbjiFtemEfO4JVv6eH+yufUNmU1M92Cc4HwWhitrtZ4EmKzvXxXvYYOtpR0SgU6iGwf58P0lcG+WnpOSqSGIYARCU4P49btRK8cT+ZmxIztFLc3rHvQK4Nq+LxW93fWyu6Iu6rNRSJl6b//rfmq7S8gLYIucBnk4sQnbnjeRWKiTaq5Gh+F/irTSw5tRUxE1aaEaHlrBrRhOi8XwSRTqorBWbNGPq5nrJh4vGmjjUJvN46yX7NoVe9S3BztA14S0r0mxnV+MF8APzk9GD8UJ+P+pGIi0D4NPwf8p0McEzbMazrgeyN6/BNpO++4w7252X6j87RFVvny8NENpD5PM= root@agent-13
-----END SSH HOST KEY KEYS-----
Cloud-init v. 23.4 finished at Fri, 06 Mar 2026 02:55:28 +0000. Datasource DataSourceNoCloud [seed=/dev/vdb][dsmode=net].  Up 47.08 seconds
 [ ok ]

Welcome to Alpine Linux 3.19
Kernel 6.6.4-1-virt on an x86_64 (/dev/ttyS0)

agent-13 login: 