c[?7l[2J[0mSeaBIOS (version 1.15.0-1)


iPXE (https://ipxe.org) 00:03.0 CA00 PCI2.10 PnP PMM+BFF8B380+BFECB380 CA00
Press Ctrl-B to configure iPXE (PCI 00:03.0)...                                                                               


Booting from Hard Disk...

SYSLINUX 6.04 EDD 6.04-pre1 Copyright (C) 1994-2015 H. Peter Anvin et al

SYSLINUX 6.04 6.04-pre1 Copyright (C) 1994-2015 H. Peter Anvin et al
[2Je%@)0(B[0;37;40m[?25l[2J[23;16HAlpine will be booted a[23;38H[23;39Hutomatically in [0;1m1[0m seconds[23;16H[0;37;40mAlpine will be booted automatically in [0;1;37;40m1[0;37;40m seconds..[23;16H                                                 [23;16H[0;37;40m                                                  [?25h[24;1H[0m 
Loading vmlinuz-virt...Loading vmlinuz-virt...  ook
k
Loading initramfs-virt..Loading initramfs-virt....ookk

c[?7l[2J[    0.000000] Linux version 6.6.4-1-virt (buildozer@build-3-19-x86_64) (gcc (Alpine 13.2.1_git20231014) 13.2.1 20231014, GNU ld (GNU Binutils) 2.41) #2-Alpine SMP PREEMPT_DYNAMIC Tue, 05 Dec 2023 20:25:50 +0000
[    0.000000] Command line: BOOT_IMAGE=vmlinuz-virt root=LABEL=/ modules=sd-mod,usb-storage,ext4 console=ttyS0,115200n8 initrd=initramfs-virt
[    0.000000] BIOS-provided physical RAM map:
[    0.000000] BIOS-e820: [mem 0x0000000000000000-0x000000000009fbff] usable
[    0.000000] BIOS-e820: [mem 0x000000000009fc00-0x000000000009ffff] reserved
[    0.000000] BIOS-e820: [mem 0x00000000000f0000-0x00000000000fffff] reserved
[    0.000000] BIOS-e820: [mem 0x0000000000100000-0x00000000bffd9fff] usable
[    0.000000] BIOS-e820: [mem 0x00000000bffda000-0x00000000bfffffff] reserved
[    0.000000] BIOS-e820: [mem 0x00000000feffc000-0x00000000feffffff] reserved
[    0.000000] BIOS-e820: [mem 0x00000000fffc0000-0x00000000ffffffff] reserved
[    0.000000] BIOS-e820: [mem 0x0000000100000000-0x000000013fffffff] usable
[    0.000000] NX (Execute Disable) protection: active
[    0.000000] APIC: Static calls initialized
[    0.000000] SMBIOS 2.8 present.
[    0.000000] DMI: QEMU Standard PC (i440FX + PIIX, 1996), BIOS 1.15.0-1 04/01/2014
[    0.000000] Hypervisor detected: KVM
[    0.000000] kvm-clock: Using msrs 4b564d01 and 4b564d00
[    0.000001] kvm-clock: using sched offset of 2662240989 cycles
[    0.000003] clocksource: kvm-clock: mask: 0xffffffffffffffff max_cycles: 0x1cd42e4dffb, max_idle_ns: 881590591483 ns
[    0.000007] tsc: Detected 2799.998 MHz processor
[    0.000965] last_pfn = 0x140000 max_arch_pfn = 0x400000000
[    0.001347] MTRR map: 4 entries (3 fixed + 1 variable; max 19), built from 8 variable MTRRs
[    0.001363] x86/PAT: Configuration [0-7]: WB  WC  UC- UC  WB  WP  UC- WT  
[    0.001862] last_pfn = 0xbffda max_arch_pfn = 0x400000000
[    0.002178] RAMDISK: [mem 0x7f71e000-0x7fffffff]
[    0.002181] ACPI: Early table checksum verification disabled
[    0.002187] ACPI: RSDP 0x00000000000F59A0 000014 (v00 BOCHS )
[    0.002192] ACPI: RSDT 0x00000000BFFE1975 000034 (v01 BOCHS  BXPC     00000001 BXPC 00000001)
[    0.002198] ACPI: FACP 0x00000000BFFE1821 000074 (v01 BOCHS  BXPC     00000001 BXPC 00000001)
[    0.002231] ACPI: DSDT 0x00000000BFFE0040 0017E1 (v01 BOCHS  BXPC     00000001 BXPC 00000001)
[    0.002236] ACPI: FACS 0x00000000BFFE0000 000040
[    0.002239] ACPI: APIC 0x00000000BFFE1895 000080 (v01 BOCHS  BXPC     00000001 BXPC 00000001)
[    0.002242] ACPI: HPET 0x00000000BFFE1915 000038 (v01 BOCHS  BXPC     00000001 BXPC 00000001)
[    0.002245] ACPI: WAET 0x00000000BFFE194D 000028 (v01 BOCHS  BXPC     00000001 BXPC 00000001)
[    0.002247] ACPI: Reserving FACP table memory at [mem 0xbffe1821-0xbffe1894]
[    0.002249] ACPI: Reserving DSDT table memory at [mem 0xbffe0040-0xbffe1820]
[    0.002250] ACPI: Reserving FACS table memory at [mem 0xbffe0000-0xbffe003f]
[    0.002251] ACPI: Reserving APIC table memory at [mem 0xbffe1895-0xbffe1914]
[    0.002251] ACPI: Reserving HPET table memory at [mem 0xbffe1915-0xbffe194c]
[    0.002252] ACPI: Reserving WAET table memory at [mem 0xbffe194d-0xbffe1974]
[    0.002688] Zone ranges:
[    0.002690]   DMA      [mem 0x0000000000001000-0x0000000000ffffff]
[    0.002691]   DMA32    [mem 0x0000000001000000-0x00000000ffffffff]
[    0.002693]   Normal   [mem 0x0000000100000000-0x000000013fffffff]
[    0.002694] Movable zone start for each node
[    0.002695] Early memory node ranges
[    0.002695]   node   0: [mem 0x0000000000001000-0x000000000009efff]
[    0.002697]   node   0: [mem 0x0000000000100000-0x00000000bffd9fff]
[    0.002698]   node   0: [mem 0x0000000100000000-0x000000013fffffff]
[    0.002699] Initmem setup node 0 [mem 0x0000000000001000-0x000000013fffffff]
[    0.002815] On node 0, zone DMA: 1 pages in unavailable ranges
[    0.004250] On node 0, zone DMA: 97 pages in unavailable ranges
[    0.451173] On node 0, zone Normal: 38 pages in unavailable ranges
[    0.456052] ACPI: PM-Timer IO Port: 0x608
[    0.456608] ACPI: LAPIC_NMI (acpi_id[0xff] dfl dfl lint[0x1])
[    0.457062] IOAPIC[0]: apic_id 0, version 17, address 0xfec00000, GSI 0-23
[    0.457114] ACPI: INT_SRC_OVR (bus 0 bus_irq 0 global_irq 2 dfl dfl)
[    0.457117] ACPI: INT_SRC_OVR (bus 0 bus_irq 5 global_irq 5 high level)
[    0.457166] ACPI: INT_SRC_OVR (bus 0 bus_irq 9 global_irq 9 high level)
[    0.457212] ACPI: INT_SRC_OVR (bus 0 bus_irq 10 global_irq 10 high level)
[    0.457213] ACPI: INT_SRC_OVR (bus 0 bus_irq 11 global_irq 11 high level)
[    0.457261] ACPI: Using ACPI (MADT) for SMP configuration information
[    0.457309] ACPI: HPET id: 0x8086a201 base: 0xfed00000
[    0.457721] smpboot: Allowing 2 CPUs, 0 hotplug CPUs
[    0.458605] kvm-guest: APIC: eoi() replaced with kvm_guest_apic_eoi_write()
[    0.459557] [mem 0xc0000000-0xfeffbfff] available for PCI devices
[    0.459603] Booting paravirtualized kernel on KVM
[    0.459740] clocksource: refined-jiffies: mask: 0xffffffff max_cycles: 0xffffffff, max_idle_ns: 19112604462750000 ns
[    0.472700] setup_percpu: NR_CPUS:256 nr_cpumask_bits:2 nr_cpu_ids:2 nr_node_ids:1
[    0.494604] percpu: Embedded 57 pages/cpu s195048 r8192 d30232 u1048576
[    0.495038] kvm-guest: PV spinlocks disabled, no host support
[    0.495065] Kernel command line: BOOT_IMAGE=vmlinuz-virt root=LABEL=/ modules=sd-mod,usb-storage,ext4 console=ttyS0,115200n8 initrd=initramfs-virt
[    0.497144] Unknown kernel command line parameters "BOOT_IMAGE=vmlinuz-virt modules=sd-mod,usb-storage,ext4", will be passed to user space.
[    0.524815] Dentry cache hash table entries: 524288 (order: 10, 4194304 bytes, linear)
[    0.542931] Inode-cache hash table entries: 262144 (order: 9, 2097152 bytes, linear)
[    0.543855] Built 1 zonelists, mobility grouping on.  Total pages: 1031898
[    0.560452] mem auto-init: stack:all(zero), heap alloc:on, heap free:off
[    0.560703] software IO TLB: area num 2.
[    1.053353] Memory: 4012148K/4193760K available (12288K kernel code, 1744K rwdata, 8008K rodata, 2640K init, 2300K bss, 181352K reserved, 0K cma-reserved)
[    1.059827] SLUB: HWalign=64, Order=0-3, MinObjects=0, CPUs=2, Nodes=1
[    1.060237] Kernel/User page tables isolation: enabled
[    1.083188] Dynamic Preempt: none
[    1.083706] rcu: Preemptible hierarchical RCU implementation.
[    1.083728] rcu: 	RCU restricting CPUs from NR_CPUS=256 to nr_cpu_ids=2.
[    1.083751] 	Trampoline variant of Tasks RCU enabled.
[    1.083773] 	Tracing variant of Tasks RCU enabled.
[    1.083797] rcu: RCU calculated value of scheduler-enlistment delay is 10 jiffies.
[    1.083799] rcu: Adjusting geometry for rcu_fanout_leaf=16, nr_cpu_ids=2
[    1.097582] NR_IRQS: 16640, nr_irqs: 440, preallocated irqs: 16
[    1.098605] rcu: srcu_init: Setting srcu_struct sizes based on contention.
[    1.098972] kfence: initialized - using 2097152 bytes for 255 objects at 0x(____ptrval____)-0x(____ptrval____)
[    1.126093] Console: colour VGA+ 80x25
[    1.126643] printk: console [ttyS0] enabled
[    1.465702] ACPI: Core revision 20230628
[    1.469050] clocksource: hpet: mask: 0xffffffff max_cycles: 0xffffffff, max_idle_ns: 19112604467 ns
[    1.474665] APIC: Switch to symmetric I/O mode setup
[    1.478951] x2apic enabled
[    1.482174] APIC: Switched APIC routing to: physical x2apic
[    1.491953] ..TIMER: vector=0x30 apic1=0 pin1=2 apic2=-1 pin2=-1
[    1.495350] clocksource: tsc-early: mask: 0xffffffffffffffff max_cycles: 0x285c3ee517e, max_idle_ns: 440795257231 ns
[    1.500933] Calibrating delay loop (skipped) preset value.. 5599.99 BogoMIPS (lpj=27999980)
[    1.512077] Last level iTLB entries: 4KB 0, 2MB 0, 4MB 0
[    1.514896] Last level dTLB entries: 4KB 0, 2MB 0, 4MB 0, 1GB 0
[    1.518111] Spectre V1 : Mitigation: usercopy/swapgs barriers and __user pointer sanitization
[    1.520910] Spectre V2 : Mitigation: Retpolines
[    1.523354] Spectre V2 : Spectre v2 / SpectreRSB mitigation: Filling RSB on context switch
[    1.527701] Spectre V2 : Spectre v2 / SpectreRSB : Filling RSB on VMEXIT
[    1.530936] Speculative Store Bypass: Vulnerable
[    1.533428] MDS: Vulnerable: Clear CPU buffers attempted, no microcode
[    1.536874] MMIO Stale Data: Unknown: No mitigations
[    1.540934] x86/fpu: x87 FPU will use FXSAVE
[    1.595785] Freeing SMP alternatives memory: 32K
[    1.598302] pid_max: default: 32768 minimum: 301
[    1.601440] LSM: initializing lsm=capability,landlock,lockdown,integrity
[    1.605787] landlock: Up and running.
[    1.608354] Mount-cache hash table entries: 8192 (order: 4, 65536 bytes, linear)
[    1.611236] Mountpoint-cache hash table entries: 8192 (order: 4, 65536 bytes, linear)
[    1.740264] smpboot: CPU0: Intel QEMU Virtual CPU version 2.5+ (family: 0xf, model: 0x6b, stepping: 0x1)
[    1.740904] RCU Tasks: Setting shift to 1 and lim to 1 rcu_task_cb_adjust=1.
[    1.741016] RCU Tasks Trace: Setting shift to 1 and lim to 1 rcu_task_cb_adjust=1.
[    1.745200] Performance Events: unsupported Netburst CPU model 107 no PMU driver, software events only.
[    1.751237] signal: max sigframe size: 1440
[    1.753833] rcu: Hierarchical SRCU implementation.
[    1.756405] rcu: 	Max phase no-delay instances is 1000.
[    1.761198] NMI watchdog: Perf NMI watchdog permanently disabled
[    1.764678] smp: Bringing up secondary CPUs ...
[    1.768300] smpboot: x86: Booting SMP configuration:
[    1.770911] .... node  #0, CPUs:      #1
[    1.783288] smp: Brought up 1 node, 2 CPUs
[    1.790921] smpboot: Max logical packages: 1
[    1.793279] ----------------
[    1.794845] | NMI testsuite:
[    1.796457] --------------------
[    1.798434]   remote IPI:  ok  |
[    1.800911]    local IPI:  ok  |
[    1.802759] --------------------
[    1.804559] Good, all   2 testcases passed! |
[    1.806861] ---------------------------------
[    1.809175] smpboot: Total of 2 processors activated (11199.99 BogoMIPS)
[    1.815823] devtmpfs: initialized
[    1.821093] x86/mm: Memory block size: 128MB
[    1.827069] clocksource: jiffies: mask: 0xffffffff max_cycles: 0xffffffff, max_idle_ns: 19112604462750000 ns
[    1.835906] futex hash table entries: 512 (order: 3, 32768 bytes, linear)
[    1.853892] NET: Registered PF_NETLINK/PF_ROUTE protocol family
[    1.857725] audit: initializing netlink subsys (disabled)
[    1.861341] audit: type=2000 audit(1772765683.393:1): state=initialized audit_enabled=0 res=1
[    1.861683] thermal_sys: Registered thermal governor 'step_wise'
[    1.870927] cpuidle: using governor ladder
[    1.876662] cpuidle: using governor menu
[    1.881250] acpiphp: ACPI Hot Plug PCI Controller Driver version: 0.5
[    1.886006] PCI: Using configuration type 1 for base access
[    1.890136] kprobes: kprobe jump-optimization is enabled. All kprobes are optimized if possible.
[    1.891523] HugeTLB: registered 2.00 MiB page size, pre-allocated 0 pages
[    1.895548] HugeTLB: 28 KiB vmemmap can be freed for a 2.00 MiB page
[    1.901436] ACPI: Added _OSI(Module Device)
[    1.903567] ACPI: Added _OSI(Processor Device)
[    1.903567] ACPI: Added _OSI(3.0 _SCP Extensions)
[    1.905810] ACPI: Added _OSI(Processor Aggregator Device)
[    1.911408] ACPI: 1 ACPI AML tables successfully acquired and loaded
[    1.920950] ACPI: _OSC evaluation for CPUs failed, trying _PDC
[    1.924107] ACPI: Interpreter enabled
[    1.926086] ACPI: PM: (supports S0 S3 S5)
[    1.926086] ACPI: Using IOAPIC for interrupt routing
[    1.926086] PCI: Using host bridge windows from ACPI; if necessary, use "pci=nocrs" and report a bug
[    1.930908] PCI: Using E820 reservations for host bridge windows
[    1.934213] ACPI: Enabled 2 GPEs in block 00 to 0F
[    1.941452] ACPI: PCI Root Bridge [PCI0] (domain 0000 [bus 00-ff])
[    1.944742] acpi PNP0A03:00: _OSC: OS supports [ASPM ClockPM Segments MSI HPX-Type3]
[    1.948918] acpi PNP0A03:00: _OSC: not requesting OS control; OS requires [ExtendedConfig ASPM ClockPM MSI]
[    1.951342] acpi PNP0A03:00: fail to add MMCONFIG information, can't access extended configuration space under this bridge
[    1.961561] acpiphp: Slot [3] registered
[    1.963774] acpiphp: Slot [4] registered
[    1.965896] acpiphp: Slot [5] registered
[    1.968260] acpiphp: Slot [6] registered
[    1.970701] acpiphp: Slot [7] registered
[    1.970973] acpiphp: Slot [8] registered
[    1.973446] acpiphp: Slot [9] registered
[    1.980922] acpiphp: Slot [10] registered
[    1.983378] acpiphp: Slot [11] registered
[    1.985812] acpiphp: Slot [12] registered
[    1.988035] acpiphp: Slot [13] registered
[    1.990973] acpiphp: Slot [14] registered
[    1.993522] acpiphp: Slot [15] registered
[    1.996000] acpiphp: Slot [16] registered
[    1.998449] acpiphp: Slot [17] registered
[    2.001017] acpiphp: Slot [18] registered
[    2.003568] acpiphp: Slot [19] registered
[    2.006005] acpiphp: Slot [20] registered
[    2.008451] acpiphp: Slot [21] registered
[    2.010976] acpiphp: Slot [22] registered
[    2.013512] acpiphp: Slot [23] registered
[    2.015940] acpiphp: Slot [24] registered
[    2.018387] acpiphp: Slot [25] registered
[    2.021005] acpiphp: Slot [26] registered
[    2.023356] acpiphp: Slot [27] registered
[    2.025712] acpiphp: Slot [28] registered
[    2.028199] acpiphp: Slot [29] registered
[    2.030968] acpiphp: Slot [30] registered
[    2.033327] acpiphp: Slot [31] registered
[    2.035758] PCI host bridge to bus 0000:00
[    2.038058] pci_bus 0000:00: root bus resource [io  0x0000-0x0cf7 window]
[    2.040910] pci_bus 0000:00: root bus resource [io  0x0d00-0xffff window]
[    2.046813] pci_bus 0000:00: root bus resource [mem 0x000a0000-0x000bffff window]
[    2.050913] pci_bus 0000:00: root bus resource [mem 0xc0000000-0xfebfffff window]
[    2.055491] pci_bus 0000:00: root bus resource [mem 0x140000000-0x1bfffffff window]
[    2.060913] pci_bus 0000:00: root bus resource [bus 00-ff]
[    2.064426] pci 0000:00:00.0: [8086:1237] type 00 class 0x060000
[    2.072184] pci 0000:00:01.0: [8086:7000] type 00 class 0x060100
[    2.079050] pci 0000:00:01.1: [8086:7010] type 00 class 0x010180
[    2.084917] pci 0000:00:01.1: reg 0x20: [io  0xc160-0xc16f]
[    2.091036] pci 0000:00:01.1: legacy IDE quirk: reg 0x10: [io  0x01f0-0x01f7]
[    2.095226] pci 0000:00:01.1: legacy IDE quirk: reg 0x14: [io  0x03f6]
[    2.098631] pci 0000:00:01.1: legacy IDE quirk: reg 0x18: [io  0x0170-0x0177]
[    2.100911] pci 0000:00:01.1: legacy IDE quirk: reg 0x1c: [io  0x0376]
[    2.105174] pci 0000:00:01.3: [8086:7113] type 00 class 0x068000
[    2.112527] pci 0000:00:01.3: quirk: [io  0x0600-0x063f] claimed by PIIX4 ACPI
[    2.116330] pci 0000:00:01.3: quirk: [io  0x0700-0x070f] claimed by PIIX4 SMB
[    2.121259] pci 0000:00:02.0: [1234:1111] type 00 class 0x030000
[    2.142579] pci 0000:00:02.0: reg 0x10: [mem 0xfd000000-0xfdffffff pref]
[    2.157139] pci 0000:00:02.0: reg 0x18: [mem 0xfeb90000-0xfeb90fff]
[    2.172549] pci 0000:00:02.0: reg 0x30: [mem 0xfeb80000-0xfeb8ffff pref]
[    2.182678] pci 0000:00:02.0: Video device with shadowed ROM at [mem 0x000c0000-0x000dffff]
[    2.193678] pci 0000:00:03.0: [1af4:1000] type 00 class 0x020000
[    2.198270] pci 0000:00:03.0: reg 0x10: [io  0xc140-0xc15f]
[    2.201895] pci 0000:00:03.0: reg 0x14: [mem 0xfeb91000-0xfeb91fff]
[    2.209245] pci 0000:00:03.0: reg 0x20: [mem 0xfe000000-0xfe003fff 64bit pref]
[    2.212395] pci 0000:00:03.0: reg 0x30: [mem 0xfeb00000-0xfeb7ffff pref]
[    2.223518] pci 0000:00:04.0: [1af4:1009] type 00 class 0x000200
[    2.228002] pci 0000:00:04.0: reg 0x10: [io  0xc100-0xc13f]
[    2.231905] pci 0000:00:04.0: reg 0x14: [mem 0xfeb92000-0xfeb92fff]
[    2.238403] pci 0000:00:04.0: reg 0x20: [mem 0xfe004000-0xfe007fff 64bit pref]
[    2.250951] pci 0000:00:05.0: [1af4:1001] type 00 class 0x010000
[    2.259382] pci 0000:00:05.0: reg 0x10: [io  0xc000-0xc07f]
[    2.262574] pci 0000:00:05.0: reg 0x14: [mem 0xfeb93000-0xfeb93fff]
[    2.272418] pci 0000:00:05.0: reg 0x20: [mem 0xfe008000-0xfe00bfff 64bit pref]
[    2.283030] pci 0000:00:06.0: [1af4:1001] type 00 class 0x010000
[    2.288220] pci 0000:00:06.0: reg 0x10: [io  0xc080-0xc0ff]
[    2.293660] pci 0000:00:06.0: reg 0x14: [mem 0xfeb94000-0xfeb94fff]
[    2.304093] pci 0000:00:06.0: reg 0x20: [mem 0xfe00c000-0xfe00ffff 64bit pref]
[    2.317727] ACPI: PCI: Interrupt link LNKA configured for IRQ 10
[    2.321171] ACPI: PCI: Interrupt link LNKB configured for IRQ 10
[    2.324609] ACPI: PCI: Interrupt link LNKC configured for IRQ 11
[    2.328002] ACPI: PCI: Interrupt link LNKD configured for IRQ 11
[    2.331056] ACPI: PCI: Interrupt link LNKS configured for IRQ 9
[    2.336931] iommu: Default domain type: Translated
[    2.339553] iommu: DMA domain TLB invalidation policy: lazy mode
[    2.343891] SCSI subsystem initialized
[    2.351269] pps_core: LinuxPPS API ver. 1 registered
[    2.354147] pps_core: Software ver. 5.3.6 - Copyright 2005-2007 Rodolfo Giometti <giometti@linux.it>
[    2.357281] PTP clock support registered
[    2.378454] PCI: Using ACPI for IRQ routing
[    2.391122] hpet: 3 channels of 0 reserved for per-cpu timers
[    2.391795] clocksource: Switched to clocksource kvm-clock
[    2.400185] VFS: Disk quotas dquot_6.6.0
[    2.401923] VFS: Dquot-cache hash table entries: 512 (order 0, 4096 bytes)
[    2.406451] pnp: PnP ACPI init
[    2.419333] pnp: PnP ACPI: found 6 devices
[    2.443966] clocksource: acpi_pm: mask: 0xffffff max_cycles: 0xffffff, max_idle_ns: 2085701024 ns
[    2.449515] NET: Registered PF_INET protocol family
[    2.455801] IP idents hash table entries: 65536 (order: 7, 524288 bytes, linear)
[    2.462511] tcp_listen_portaddr_hash hash table entries: 2048 (order: 3, 32768 bytes, linear)
[    2.468436] Table-perturb hash table entries: 65536 (order: 6, 262144 bytes, linear)
[    2.474423] TCP established hash table entries: 32768 (order: 6, 262144 bytes, linear)
[    2.484537] TCP bind hash table entries: 32768 (order: 8, 1048576 bytes, linear)
[    2.488571] TCP: Hash tables configured (established 32768 bind 32768)
[    2.493548] UDP hash table entries: 2048 (order: 4, 65536 bytes, linear)
[    2.497895] UDP-Lite hash table entries: 2048 (order: 4, 65536 bytes, linear)
[    2.504933] NET: Registered PF_UNIX/PF_LOCAL protocol family
[    2.508947] NET: Registered PF_XDP protocol family
[    2.511889] pci_bus 0000:00: resource 4 [io  0x0000-0x0cf7 window]
[    2.515292] pci_bus 0000:00: resource 5 [io  0x0d00-0xffff window]
[    2.518634] pci_bus 0000:00: resource 6 [mem 0x000a0000-0x000bffff window]
[    2.522495] pci_bus 0000:00: resource 7 [mem 0xc0000000-0xfebfffff window]
[    2.526235] pci_bus 0000:00: resource 8 [mem 0x140000000-0x1bfffffff window]
[    2.530192] pci 0000:00:01.0: PIIX3: Enabling Passive Release
[    2.533586] pci 0000:00:00.0: Limiting direct PCI/PCI transfers
[    2.537426] PCI: CLS 0 bytes, default 64
[    2.539985] PCI-DMA: Using software bounce buffering for IO (SWIOTLB)
[    2.541213] Unpacking initramfs...
[    2.543728] software IO TLB: mapped [mem 0x00000000bbfda000-0x00000000bffda000] (64MB)
[    2.544222] clocksource: tsc: mask: 0xffffffffffffffff max_cycles: 0x285c3ee517e, max_idle_ns: 440795257231 ns
[    2.558417] Initialise system trusted keyrings
[    2.561792] workingset: timestamp_bits=46 max_order=20 bucket_order=0
[    2.565428] zbud: loaded
[    2.571688] Key type asymmetric registered
[    2.574104] Asymmetric key parser 'x509' registered
[    2.578869] Block layer SCSI generic (bsg) driver version 0.4 loaded (major 247)
[    2.585342] io scheduler mq-deadline registered
[    2.587899] io scheduler kyber registered
[    2.592146] io scheduler bfq registered
[    2.600154] ERST DBG: ERST support is disabled.
[    2.617119] ACPI: \_SB_.LNKC: Enabled at IRQ 11
[    2.637908] ACPI: \_SB_.LNKD: Enabled at IRQ 10
[    2.659151] ACPI: \_SB_.LNKA: Enabled at IRQ 10
[    2.690365] ACPI: \_SB_.LNKB: Enabled at IRQ 11
[    2.700935] Serial: 8250/16550 driver, 4 ports, IRQ sharing enabled
[    2.707763] 00:04: ttyS0 at I/O 0x3f8 (irq = 4, base_baud = 115200) is a 16550A
[    2.730953] VMware PVSCSI driver - version 1.0.7.0-k
[    2.738623] scsi host0: ata_piix
[    2.741903] scsi host1: ata_piix
[    2.743954] ata1: PATA max MWDMA2 cmd 0x1f0 ctl 0x3f6 bmdma 0xc160 irq 14
[    2.747629] ata2: PATA max MWDMA2 cmd 0x170 ctl 0x376 bmdma 0xc168 irq 15
[    2.752442] i8042: PNP: PS/2 Controller [PNP0303:KBD,PNP0f13:MOU] at 0x60,0x64 irq 1,12
[    2.760172] serio: i8042 KBD port at 0x60,0x64 irq 1
[    2.762958] serio: i8042 AUX port at 0x60,0x64 irq 12
[    2.766083] rtc_cmos 00:05: RTC can wake from S4
[    2.776523] rtc_cmos 00:05: registered as rtc0
[    2.779449] rtc_cmos 00:05: setting system clock to 2026-03-06T02:54:44 UTC (1772765684)
[    2.784142] rtc_cmos 00:05: alarms up to one day, y3k, 242 bytes nvram, hpet irqs
[    2.792414] intel_pstate: CPU model not supported
[    2.795656] gre: GRE over IPv4 demultiplexor driver
[    2.880956] input: AT Translated Set 2 keyboard as /devices/platform/i8042/serio0/input/input0
[    2.888124] Key type dns_resolver registered
[    2.889552] Freeing initrd memory: 9096K
[    2.891234] IPI shorthand broadcast: enabled
[    2.902545] sched_clock: Marking stable (2520031763, 382204823)->(2911926386, -9689800)
[    2.925900] registered taskstats version 1
[    2.928648] Loading compiled-in X.509 certificates
[    2.942994] ata2: found unknown device (class 0)
[    2.943335] Loaded X.509 cert 'alpinelinux.org: Alpine Linux kernel key: d76a695f66ad9cd28f5c22a8508f36e91f521f7a'
[    2.947548] ata2.00: ATAPI: QEMU DVD-ROM, 2.5+, max UDMA/100
[    2.952616] Key type .fscrypt registered
[    2.956513] Key type fscrypt-provisioning registered
[    2.961269] scsi 1:0:0:0: CD-ROM            QEMU     QEMU DVD-ROM     2.5+ PQ: 0 ANSI: 5
[    3.013769] Freeing unused kernel image (initmem) memory: 2640K
[    3.032364] Write protecting the kernel read-only data: 20480k
[    3.036335] Freeing unused kernel image (rodata/data gap) memory: 184K
[    3.040074] rodata_test: all tests were successful
[    3.041759] Run /init as init process
[    3.063797] Alpine Init 3.9.0-r0
Alpine Init 3.9.[    3.065199] Loading boot drivers...
0-r0
 * Loading boot drivers: [    3.113654] ACPI: bus type USB registered
[    3.115390] usbcore: registered new interface driver usbfs
[    3.117603] usbcore: registered new interface driver hub
[    3.119639] usbcore: registered new device driver usb
[    3.129336] usbcore: registered new interface driver usb-storage
[    3.353464] loop: module loaded
[    3.410100] ACPI: bus type drm_connector registered
[    3.449940] Loading boot drivers: ok.
ok.
[    3.455565] Mounting root...
 * Mounting root: [    3.551717] piix4_smbus 0000:00:01.3: SMBus Host Controller at 0x700, revision 0
[    3.579280] [drm] Found bochs VGA, ID 0xb0c5.
[    3.581157] [drm] Framebuffer size 16384 kB @ 0xfd000000, mmio @ 0xfeb90000.
[    3.592631] [drm] Found EDID data blob.
[    3.594654] [drm] Initialized bochs-drm 1.0.0 20130925 for 0000:00:02.0 on minor 0
[    3.640826] Console: switching to colour frame buffer device 128x48
[    3.643952] bochs-drm 0000:00:02.0: [drm] fb0: bochs-drmdrmfb frame buffer device
[    3.835024] sr 1:0:0:0: [sr0] scsi3-mmc drive: 4x/4x cd/rw xa/form2 tray
[    3.837230] cdrom: Uniform CD-ROM driver Revision: 3.20
[    3.920191] virtio_blk virtio2: 2/0/0 default/read/poll queues
[    3.927226] virtio_blk virtio2: [vda] 8388608 512-byte logical blocks (4.29 GB/4.00 GiB)
[    3.931551] virtio_blk virtio3: 2/0/0 default/read/poll queues
[    3.938794] virtio_blk virtio3: [vdb] 736 512-byte logical blocks (377 kB/368 KiB)
[    4.019025] block sr0: the capability attribute has been deprecated.
[    6.949249] EXT4-fs (vda): mounted filesystem 367ceb5a-a72a-4cc6-9140-e18812d3c81b ro with ordered data mode. Quota mode: none.
[    6.953102] Mounting root: ok.
ok.

   OpenRC 0.52.1 is starting up Linux 6.6.4-1-virt (x86_64)

 * /proc is already mounted
 * Mounting /run ... [ ok ]
 * /run/openrc: creating directory
 * /run/lock: creating directory
 * /run/lock: correcting owner
 * Caching service dependencies ... [ ok ]
 * Remounting devtmpfs on /dev ... [ ok ]
 * Mounting /dev/mqueue ... [ ok ]
 * Mounting security filesystem ... [ ok ]
 * Mounting debug filesystem ... [ ok ]
 * Mounting persistent storage (pstore) filesystem ... [ ok ]
 * Starting busybox mdev ... [ ok ]
 * Scanning hardware for mdev ... [ ok ]
 * Loading hardware drivers ... [ ok ]
 * Loading modules ... [ ok ]
 * Setting system clock using the hardware clock [UTC] ... [ ok ]
 * Checking local filesystems  .../: clean, 8723/65536 files, 158031/262144 blocks
 [ ok ]
 * Remounting root filesystem read/write ... [ ok ]
 * Remounting filesystems ... [ ok ]
 * Activating swap devices ... [ ok ]
 * Mounting local filesystems ... [ ok ]
 * Starting busybox acpid ... [ ok ]
 * Configuring kernel parameters ... [ ok ]
 * Migrating /var/lock to /run/lock ... [ ok ]
 * Creating user login records ... [ ok ]
 * Cleaning /tmp directory ... [ ok ]
Cloud-init v. 23.4 running 'init-local' at Fri, 06 Mar 2026 02:54:53 +0000. Up 11.91 seconds.
 [ ok ]
 * Setting hostname ... [ ok ]
 * Starting busybox syslog ... [ ok ]
 * Mounting cgroup filesystem ... [ ok ]
 * Starting networking ... *   lo ... [ ok ]
 *   eth0 ... [ ok ]
 * /var/log/docker.log: creating file
 * /var/log/docker.log: correcting owner
 * Starting Docker Daemon ... [ ok ]
 * Starting benchmark agent ...
[1A[2Ka257f20c716c: Loading layer  557.1kB/81.04MB[1B[1A[2Ka257f20c716c: Loading layer  4.456MB/81.04MB[1B[1A[2Ka257f20c716c: Loading layer  7.799MB/81.04MB[1B[1A[2Ka257f20c716c: Loading layer  10.58MB/81.04MB[1B[1A[2Ka257f20c716c: Loading layer  12.81MB/81.04MB[1B[1A[2Ka257f20c716c: Loading layer  16.15MB/81.04MB[1B[1A[2Ka257f20c716c: Loading layer   19.5MB/81.04MB[1B[1A[2Ka257f20c716c: Loading layer  21.73MB/81.04MB[1B[1A[2Ka257f20c716c: Loading layer  24.51MB/81.04MB[1B[1A[2Ka257f20c716c: Loading layer  26.74MB/81.04MB[1B[1A[2Ka257f20c716c: Loading layer  29.52MB/81.04MB[1B[1A[2Ka257f20c716c: Loading layer  31.75MB/81.04MB[1B[1A[2Ka257f20c716c: Loading layer  35.65MB/81.04MB[1B[1A[2Ka257f20c716c: Loading layer  39.55MB/81.04MB[1B[1A[2Ka257f20c716c: Loading layer  44.56MB/81.04MB[1B[1A[2Ka257f20c716c: Loading layer  49.02MB/81.04MB[1B[1A[2Ka257f20c716c: Loading layer  52.92MB/81.04MB[1B[1A[2Ka257f20c716c: Loading layer  56.26MB/81.04MB[1B[1A[2Ka257f20c716c: Loading layer   59.6MB/81.04MB[1B[1A[2Ka257f20c716c: Loading layer  62.95MB/81.04MB[1B[1A[2Ka257f20c716c: Loading layer  65.18MB/81.04MB[1B[1A[2Ka257f20c716c: Loading layer  66.29MB/81.04MB[1B[1A[2Ka257f20c716c: Loading layer  66.85MB/81.04MB[1B[1A[2Ka257f20c716c: Loading layer   67.4MB/81.04MB[1B[1A[2Ka257f20c716c: Loading layer  70.19MB/81.04MB[1B[1A[2Ka257f20c716c: Loading layer  73.53MB/81.04MB[1B[1A[2Ka257f20c716c: Loading layer   75.2MB/81.04MB[1B[1A[2Ka257f20c716c: Loading layer  75.76MB/81.04MB[1B[1A[2Ka257f20c716c: Loading layer  76.32MB/81.04MB[1B[1A[2Ka257f20c716c: Loading layer   79.1MB/81.04MB[1B[1A[2Ka257f20c716c: Loading layer  80.77MB/81.04MB[1B[1A[2Ka257f20c716c: Loading layer  81.04MB/81.04MB[1B
[1A[2Kb0c20bcd44fe: Loading layer  65.54kB/4.123MB[1B[1A[2Kb0c20bcd44fe: Loading layer    983kB/4.123MB[1B[1A[2Kb0c20bcd44fe: Loading layer  1.966MB/4.123MB[1B[1A[2Kb0c20bcd44fe: Loading layer  4.123MB/4.123MB[1B[1A[2Kb0c20bcd44fe: Loading layer  4.123MB/4.123MB[1B
[1A[2K5184c31ad48f: Loading layer  458.8kB/43.85MB[1B[1A[2K5184c31ad48f: Loading layer  2.753MB/43.85MB[1B[1A[2K5184c31ad48f: Loading layer   7.34MB/43.85MB[1B[1A[2K5184c31ad48f: Loading layer  9.634MB/43.85MB[1B[1A[2K5184c31ad48f: Loading layer  11.93MB/43.85MB[1B[1A[2K5184c31ad48f: Loading layer  15.14MB/43.85MB[1B[1A[2K5184c31ad48f: Loading layer  17.89MB/43.85MB[1B[1A[2K5184c31ad48f: Loading layer  18.35MB/43.85MB[1B[1A[2K5184c31ad48f: Loading layer  22.48MB/43.85MB[1B[1A[2K5184c31ad48f: Loading layer  25.23MB/43.85MB[1B[1A[2K5184c31ad48f: Loading layer  27.53MB/43.85MB[1B[1A[2K5184c31ad48f: Loading layer  30.28MB/43.85MB[1B[1A[2K5184c31ad48f: Loading layer  33.03MB/43.85MB[1B[1A[2K5184c31ad48f: Loading layer  34.87MB/43.85MB[1B[1A[2K5184c31ad48f: Loading layer  36.24MB/43.85MB[1B[1A[2K5184c31ad48f: Loading layer  38.54MB/43.85MB[1B[1A[2K5184c31ad48f: Loading layer  41.29MB/43.85MB[1B[1A[2K5184c31ad48f: Loading layer  43.85MB/43.85MB[1B
[1A[2Kfa1d322086e6: Loading layer   5.12kB/5.12kB[1B[1A[2Kfa1d322086e6: Loading layer   5.12kB/5.12kB[1B
[1A[2Kbdf610394df6: Loading layer  22.02kB/22.02kB[1B[1A[2Kbdf610394df6: Loading layer  22.02kB/22.02kB[1B
[1A[2Keb067feb5b8d: Loading layer  9.728kB/9.728kB[1B[1A[2Keb067feb5b8d: Loading layer  9.728kB/9.728kB[1BLoaded image: bench-worker:latest
 [ ok ]
 * Starting chronyd ... [ ok ]
 * Starting cloud-init-hotplugd ... [ ok ]
Cloud-init v. 23.4 running 'init' at Fri, 06 Mar 2026 02:55:21 +0000. Up 39.97 seconds.
ci-info: +++++++++++++++++++++++++++++++++++++++Net device info+++++++++++++++++++++++++++++++++++++++
ci-info: +---------+-------+----------------------------+---------------+--------+-------------------+
ci-info: |  Device |   Up  |          Address           |      Mask     | Scope  |     Hw-Address    |
ci-info: +---------+-------+----------------------------+---------------+--------+-------------------+
ci-info: | docker0 | False |         172.17.0.1         |  255.255.0.0  | global | 02:42:5d:a9:4c:17 |
ci-info: |   eth0  |  True |         10.0.2.15          | 255.255.255.0 | global | 52:54:00:12:34:56 |
ci-info: |   eth0  |  True | fec0::5054:ff:fe12:3456/64 |       .       |  site  | 52:54:00:12:34:56 |
ci-info: |   eth0  |  True | fe80::5054:ff:fe12:3456/64 |       .       |  link  | 52:54:00:12:34:56 |
ci-info: |    lo   |  True |         127.0.0.1          |   255.0.0.0   |  host  |         .         |
ci-info: |    lo   |  True |          ::1/128           |       .       |  host  |         .         |
ci-info: +---------+-------+----------------------------+---------------+--------+-------------------+
ci-info: +++++++++++++++++++++++++++Route IPv4 info++++++++++++++++++++++++++++
ci-info: +-------+-------------+----------+---------------+-----------+-------+
ci-info: | Route | Destination | Gateway  |    Genmask    | Interface | Flags |
ci-info: +-------+-------------+----------+---------------+-----------+-------+
ci-info: |   0   |   0.0.0.0   | 10.0.2.2 |    0.0.0.0    |    eth0   |   UG  |
ci-info: |   1   |   10.0.2.0  | 0.0.0.0  | 255.255.255.0 |    eth0   |   U   |
ci-info: |   2   |  172.17.0.0 | 0.0.0.0  |  255.255.0.0  |  docker0  |   U   |
ci-info: +-------+-------------+----------+---------------+-----------+-------+
ci-info: +++++++++++++++++++Route IPv6 info+++++++++++++++++++
ci-info: +-------+-------------+---------+-----------+-------+
ci-info: | Route | Destination | Gateway | Interface | Flags |
ci-info: +-------+-------------+---------+-----------+-------+
ci-info: |   0   |  fe80::/64  |    ::   |    eth0   |   U   |
ci-info: |   1   |  fec0::/64  |    ::   |    eth0   |   Ue  |
ci-info: |   2   |     ::/0    | fe80::2 |    eth0   |  UGe  |
ci-info: |   4   |    local    |    ::   |    eth0   |   U   |
ci-info: |   5   |    local    |    ::   |    eth0   |   U   |
ci-info: |   6   |  multicast  |    ::   |    eth0   |   U   |
ci-info: +-------+-------------+---------+-----------+-------+
2026-03-06 02:55:21,262 - cloud_config.py[WARNING]: Failed at merging in cloud config part from part-001: empty cloud config
Generating public/private rsa key pair.
Your identification has been saved in /etc/ssh/ssh_host_rsa_key
Your public key has been saved in /etc/ssh/ssh_host_rsa_key.pub
The key fingerprint is:
SHA256:jptr4ltw0DUYz26Xfx4eRxPPqgJIWSbTFF1bT58Jr0w root@agent-4
The key's randomart image is:
+---[RSA 3072]----+
|      .==o .... .|
|     .+++..  ooo+|
|    . .*o   .E =o|
|     .o.   .o ..o|
|    ....S o  o .+|
|     o.+.. .   o.|
|      o ..  . = .|
|    ...o  .  = + |
|   .o++.   .. o  |
+----[SHA256]-----+
Generating public/private dsa key pair.
Your identification has been saved in /etc/ssh/ssh_host_dsa_key
Your public key has been saved in /etc/ssh/ssh_host_dsa_key.pub
The key fingerprint is:
SHA256:MZunHUpaKyUNz22TXw5v+gPYWxOOLzMXQpKB8Bd6HVM root@agent-4
The key's randomart image is:
+---[DSA 1024]----+
|      .. .. o.E  |
|       ....o o   |
|      . = oo.    |
|       = Oo.. .  |
|      . S B=.o.. |
|       * B.+===  |
|      o + . .*+o |
|       .    =o+  |
|            .*.. |
+----[SHA256]-----+
Generating public/private ecdsa key pair.
Your identification has been saved in /etc/ssh/ssh_host_ecdsa_key
Your public key has been saved in /etc/ssh/ssh_host_ecdsa_key.pub
The key fingerprint is:
SHA256:N8tkB3mMlvoDyKEhJcNFmwuLzPL1sKAkJs5yN/ReDL0 root@agent-4
The key's randomart image is:
+---[ECDSA 256]---+
| .oo+            |
|  .+ o     =     |
|  o + .   * o    |
|o. + = + o o     |
|==o * + S = .    |
|Oo + = o O +     |
|ooo + o E =      |
|.. . o .   .     |
|      .          |
+----[SHA256]-----+
Generating public/private ed25519 key pair.
Your identification has been saved in /etc/ssh/ssh_host_ed25519_key
Your public key has been saved in /etc/ssh/ssh_host_ed25519_key.pub
The key fingerprint is:
SHA256:kTCQtYyTs1cgc8MPGp98v6XuK/AOcYWiV7M8SmXb3lo root@agent-4
The key's randomart image is:
+--[ED25519 256]--+
|    +=B          |
|    oBo* o       |
|    ==++X .      |
|    .=+BoB       |
|    o =.S..      |
|     +.+ o...    |
|      oo  .+E    |
|       .o oo     |
|       ..+=.     |
+----[SHA256]-----+
 [ ok ]
Cloud-init v. 23.4 running 'modules:config' at Fri, 06 Mar 2026 02:55:22 +0000. Up 41.01 seconds.
 [ ok ]
Cloud-init v. 23.4 running 'modules:final' at Fri, 06 Mar 2026 02:55:22 +0000. Up 41.51 seconds.
ci-info: no authorized SSH keys fingerprints found for user alpine.
cloud-init: #############################################################
cloud-init: -----BEGIN SSH HOST KEY FINGERPRINTS-----
cloud-init: 1024 SHA256:MZunHUpaKyUNz22TXw5v+gPYWxOOLzMXQpKB8Bd6HVM root@agent-4 (DSA)
cloud-init: 256 SHA256:N8tkB3mMlvoDyKEhJcNFmwuLzPL1sKAkJs5yN/ReDL0 root@agent-4 (ECDSA)
cloud-init: 256 SHA256:kTCQtYyTs1cgc8MPGp98v6XuK/AOcYWiV7M8SmXb3lo root@agent-4 (ED25519)
cloud-init: 3072 SHA256:jptr4ltw0DUYz26Xfx4eRxPPqgJIWSbTFF1bT58Jr0w root@agent-4 (RSA)
cloud-init: -----END SSH HOST KEY FINGERPRINTS-----
cloud-init: #############################################################
-----BEGIN SSH HOST KEY KEYS-----
ecdsa-sha2-nistp256 AAAAE2VjZHNhLXNoYTItbmlzdHAyNTYAAAAIbmlzdHAyNTYAAABBBE7I7sNR/qqSWyeEI9No5TK2DHgd4pMQai8i4JkK21/Z23f+vJ0RuQoftGFl/7Ax2oj0ZdhQ+6tKyOq+tVoXPHg= root@agent-4
ssh-ed25519 AAAAC3NzaC1lZDI1NTE5AAAAIIgqyWxZMV74lQTAY1vuyDpR6nLVyvwwRIeaoWi4xQAz root@agent-4
ssh-rsa AAAAB3NzaC1yc2EAAAADAQABAAABgQCwtNXBPf20TiwVs3h8W2SyoksDI+nwI+YgWpsclhrRRcBUMbH2f5m0WQEKzFIDaoDeG/5QSW6VTHFC3aMjOAnh3oUuuEQoNhNRHNYrdviEx5Az6b/zVEn1r4AHSWU0p1EvasEvYNwIXo/V/HFAWjKHf+NsfFeYzbTZ4SN4UtMPmItmSUC/vudGx2QTFuRYVEncpOZyq6BmscSzA2QiRPMuJOXlE93BCCTN/vYwGYLtSsnJOm27aZeYZ2SQjcuLTjJi1t47iZMkp62Jgqna82AMCSskTPyxC+Zjxuf8eWhyWd5jx0U/FZ0IwpAo3yrzPARt4vXBMg+MT4Z5g6kGid9VB+tKMYtjevp9Stou9iFvcS7x7jIthuCAHV9rKqjdmkaJgpRXrOlCGFIOspCoIZ+/ulOyA8f/+Mqtdpy0h4hE4e9O+VKQA1Cx5CQeF/tN4VTl7WS3Xe8jSfEkhtiECWrdeTfC5n+jNIPh+GaxggJn1D2GWhciSuOOXaYbe2TdL/M= root@agent-4
-----END SSH HOST KEY KEYS-----
Cloud-init v. 23.4 finished at Fri, 06 Mar 2026 02:55:22 +0000. Datasource DataSourceNoCloud [seed=/dev/vdb][dsmode=net].  Up 41.70 seconds
 [ ok ]

Welcome to Alpine Linux 3.19
Kernel 6.6.4-1-virt on an x86_64 (/dev/ttyS0)

agent-4 login: 