c[?7l[2J[0mSeaBIOS (version 1.15.0-1)


iPXE (https://ipxe.org) 00:03.0 CA00 PCI2.10 PnP PMM+BFF8B380+BFECB380 CA00
Press Ctrl-B to configure iPXE (PCI 00:03.0)...                                                                               


Booting from Hard Disk...

SYSLINUX 6.04 EDD 6.04-pre1 Copyright (C) 1994-2015 H. Peter Anvin et al

SYSLINUX 6.04 6.04-pre1 Copyright (C) 1994-2015 H. Peter Anvin et al
[2Je%@)0(B[0;37;40m[?25l[2J[23;16HAlpine will be booted automatically in [0;1m1[0m seconds[23.;16H[0;37;40mAlpine will be booted automatically in [0;1;37;40m1[0;37;40m seconds.[23;16H                                                 [23;16H[0;37;40m                                                  [?25h[24;1H[0m 
Loading vmlinuz-virt...Loading vmlinuz-virt...  ook
k
Loading initramfs-virt..[25;24H[25;25HLoading initramfs-virt....ookk

c[?7l[2J[    0.000000] Linux version 6.6.4-1-virt (buildozer@build-3-19-x86_64) (gcc (Alpine 13.2.1_git20231014) 13.2.1 20231014, GNU ld (GNU Binutils) 2.41) #2-Alpine SMP PREEMPT_DYNAMIC Tue, 05 Dec 2023 20:25:50 +0000
[    0.000000] Command line: BOOT_IMAGE=vmlinuz-virt root=LABEL=/ modules=sd-mod,usb-storage,ext4 console=ttyS0,115200n8 initrd=initramfs-virt
[    0.000000] BIOS-provided physical RAM map:
[    0.000000] BIOS-e820: [mem 0x0000000000000000-0x000000000009fbff] usable
[    0.000000] BIOS-e820: [mem 0x000000000009fc00-0x000000000009ffff] reserved
[    0.000000] BIOS-e820: [mem 0x00000000000f0000-0x00000000000fffff] reserved
[    0.000000] BIOS-e820: [mem 0x0000000000100000-0x00000000bffd9fff] usable
[    0.000000] BIOS-e820: [mem 0x00000000bffda000-0x00000000bfffffff] reserved
[    0.000000] BIOS-e820: [mem 0x00000000feffc000-0x00000000feffffff] reserved
[    0.000000] BIOS-e820: [mem 0x00000000fffc0000-0x00000000ffffffff] reserved
[    0.000000] BIOS-e820: [mem 0x0000000100000000-0x000000013fffffff] usable
[    0.000000] NX (Execute Disable) protection: active
[    0.000000] APIC: Static calls initialized
[    0.000000] SMBIOS 2.8 present.
[    0.000000] DMI: QEMU Standard PC (i440FX + PIIX, 1996), BIOS 1.15.0-1 04/01/2014
[    0.000000] Hypervisor detected: KVM
[    0.000000] kvm-clock: Using msrs 4b564d01 and 4b564d00
[    0.000001] kvm-clock: using sched offset of 2688610570 cycles
[    0.000003] clocksource: kvm-clock: mask: 0xffffffffffffffff max_cycles: 0x1cd42e4dffb, max_idle_ns: 881590591483 ns
[    0.000007] tsc: Detected 2799.998 MHz processor
[    0.001016] last_pfn = 0x140000 max_arch_pfn = 0x400000000
[    0.001412] MTRR map: 4 entries (3 fixed + 1 variable; max 19), built from 8 variable MTRRs
[    0.001427] x86/PAT: Configuration [0-7]: WB  WC  UC- UC  WB  WP  UC- WT  
[    0.001948] last_pfn = 0xbffda max_arch_pfn = 0x400000000
[    0.002293] RAMDISK: [mem 0x7f71e000-0x7fffffff]
[    0.002296] ACPI: Early table checksum verification disabled
[    0.002302] ACPI: RSDP 0x00000000000F59A0 000014 (v00 BOCHS )
[    0.002307] ACPI: RSDT 0x00000000BFFE1975 000034 (v01 BOCHS  BXPC     00000001 BXPC 00000001)
[    0.002314] ACPI: FACP 0x00000000BFFE1821 000074 (v01 BOCHS  BXPC     00000001 BXPC 00000001)
[    0.002354] ACPI: DSDT 0x00000000BFFE0040 0017E1 (v01 BOCHS  BXPC     00000001 BXPC 00000001)
[    0.002358] ACPI: FACS 0x00000000BFFE0000 000040
[    0.002361] ACPI: APIC 0x00000000BFFE1895 000080 (v01 BOCHS  BXPC     00000001 BXPC 00000001)
[    0.002364] ACPI: HPET 0x00000000BFFE1915 000038 (v01 BOCHS  BXPC     00000001 BXPC 00000001)
[    0.002367] ACPI: WAET 0x00000000BFFE194D 000028 (v01 BOCHS  BXPC     00000001 BXPC 00000001)
[    0.002369] ACPI: Reserving FACP table memory at [mem 0xbffe1821-0xbffe1894]
[    0.002370] ACPI: Reserving DSDT table memory at [mem 0xbffe0040-0xbffe1820]
[    0.002372] ACPI: Reserving FACS table memory at [mem 0xbffe0000-0xbffe003f]
[    0.002372] ACPI: Reserving APIC table memory at [mem 0xbffe1895-0xbffe1914]
[    0.002373] ACPI: Reserving HPET table memory at [mem 0xbffe1915-0xbffe194c]
[    0.002373] ACPI: Reserving WAET table memory at [mem 0xbffe194d-0xbffe1974]
[    0.002821] Zone ranges:
[    0.002823]   DMA      [mem 0x0000000000001000-0x0000000000ffffff]
[    0.002825]   DMA32    [mem 0x0000000001000000-0x00000000ffffffff]
[    0.002826]   Normal   [mem 0x0000000100000000-0x000000013fffffff]
[    0.002827] Movable zone start for each node
[    0.002828] Early memory node ranges
[    0.002828]   node   0: [mem 0x0000000000001000-0x000000000009efff]
[    0.002830]   node   0: [mem 0x0000000000100000-0x00000000bffd9fff]
[    0.002831]   node   0: [mem 0x0000000100000000-0x000000013fffffff]
[    0.002832] Initmem setup node 0 [mem 0x0000000000001000-0x000000013fffffff]
[    0.002948] On node 0, zone DMA: 1 pages in unavailable ranges
[    0.004533] On node 0, zone DMA: 97 pages in unavailable ranges
[    0.488849] On node 0, zone Normal: 38 pages in unavailable ranges
[    0.493893] ACPI: PM-Timer IO Port: 0x608
[    0.494467] ACPI: LAPIC_NMI (acpi_id[0xff] dfl dfl lint[0x1])
[    0.494968] IOAPIC[0]: apic_id 0, version 17, address 0xfec00000, GSI 0-23
[    0.495026] ACPI: INT_SRC_OVR (bus 0 bus_irq 0 global_irq 2 dfl dfl)
[    0.495028] ACPI: INT_SRC_OVR (bus 0 bus_irq 5 global_irq 5 high level)
[    0.495081] ACPI: INT_SRC_OVR (bus 0 bus_irq 9 global_irq 9 high level)
[    0.495131] ACPI: INT_SRC_OVR (bus 0 bus_irq 10 global_irq 10 high level)
[    0.495133] ACPI: INT_SRC_OVR (bus 0 bus_irq 11 global_irq 11 high level)
[    0.495193] ACPI: Using ACPI (MADT) for SMP configuration information
[    0.495245] ACPI: HPET id: 0x8086a201 base: 0xfed00000
[    0.495708] smpboot: Allowing 2 CPUs, 0 hotplug CPUs
[    0.496697] kvm-guest: APIC: eoi() replaced with kvm_guest_apic_eoi_write()
[    0.497809] [mem 0xc0000000-0xfeffbfff] available for PCI devices
[    0.497860] Booting paravirtualized kernel on KVM
[    0.498016] clocksource: refined-jiffies: mask: 0xffffffff max_cycles: 0xffffffff, max_idle_ns: 19112604462750000 ns
[    0.511313] setup_percpu: NR_CPUS:256 nr_cpumask_bits:2 nr_cpu_ids:2 nr_node_ids:1
[    0.526657] percpu: Embedded 57 pages/cpu s195048 r8192 d30232 u1048576
[    0.527106] kvm-guest: PV spinlocks disabled, no host support
[    0.527136] Kernel command line: BOOT_IMAGE=vmlinuz-virt root=LABEL=/ modules=sd-mod,usb-storage,ext4 console=ttyS0,115200n8 initrd=initramfs-virt
[    0.529144] Unknown kernel command line parameters "BOOT_IMAGE=vmlinuz-virt modules=sd-mod,usb-storage,ext4", will be passed to user space.
[    0.556913] Dentry cache hash table entries: 524288 (order: 10, 4194304 bytes, linear)
[    0.570902] Inode-cache hash table entries: 262144 (order: 9, 2097152 bytes, linear)
[    0.571833] Built 1 zonelists, mobility grouping on.  Total pages: 1031898
[    0.593944] mem auto-init: stack:all(zero), heap alloc:on, heap free:off
[    0.594138] software IO TLB: area num 2.
[    1.021772] Memory: 4012148K/4193760K available (12288K kernel code, 1744K rwdata, 8008K rodata, 2640K init, 2300K bss, 181352K reserved, 0K cma-reserved)
[    1.028143] SLUB: HWalign=64, Order=0-3, MinObjects=0, CPUs=2, Nodes=1
[    1.028509] Kernel/User page tables isolation: enabled
[    1.049409] Dynamic Preempt: none
[    1.049883] rcu: Preemptible hierarchical RCU implementation.
[    1.049908] rcu: 	RCU restricting CPUs from NR_CPUS=256 to nr_cpu_ids=2.
[    1.049933] 	Trampoline variant of Tasks RCU enabled.
[    1.049956] 	Tracing variant of Tasks RCU enabled.
[    1.049978] rcu: RCU calculated value of scheduler-enlistment delay is 10 jiffies.
[    1.049979] rcu: Adjusting geometry for rcu_fanout_leaf=16, nr_cpu_ids=2
[    1.061255] NR_IRQS: 16640, nr_irqs: 440, preallocated irqs: 16
[    1.062261] rcu: srcu_init: Setting srcu_struct sizes based on contention.
[    1.062630] kfence: initialized - using 2097152 bytes for 255 objects at 0x(____ptrval____)-0x(____ptrval____)
[    1.089450] Console: colour VGA+ 80x25
[    1.089960] printk: console [ttyS0] enabled
[    1.426990] ACPI: Core revision 20230628
[    1.430306] clocksource: hpet: mask: 0xffffffff max_cycles: 0xffffffff, max_idle_ns: 19112604467 ns
[    1.435915] APIC: Switch to symmetric I/O mode setup
[    1.445390] x2apic enabled
[    1.448781] APIC: Switched APIC routing to: physical x2apic
[    1.461750] ..TIMER: vector=0x30 apic1=0 pin1=2 apic2=-1 pin2=-1
[    1.465245] clocksource: tsc-early: mask: 0xffffffffffffffff max_cycles: 0x285c3ee517e, max_idle_ns: 440795257231 ns
[    1.472410] Calibrating delay loop (skipped) preset value.. 5599.99 BogoMIPS (lpj=27999980)
[    1.485736] Last level iTLB entries: 4KB 0, 2MB 0, 4MB 0
[    1.488789] Last level dTLB entries: 4KB 0, 2MB 0, 4MB 0, 1GB 0
[    1.497070] Spectre V1 : Mitigation: usercopy/swapgs barriers and __user pointer sanitization
[    1.502399] Spectre V2 : Mitigation: Retpolines
[    1.504962] Spectre V2 : Spectre v2 / SpectreRSB mitigation: Filling RSB on context switch
[    1.509397] Spectre V2 : Spectre v2 / SpectreRSB : Filling RSB on VMEXIT
[    1.512376] Speculative Store Bypass: Vulnerable
[    1.515015] MDS: Vulnerable: Clear CPU buffers attempted, no microcode
[    1.518600] MMIO Stale Data: Unknown: No mitigations
[    1.522414] x86/fpu: x87 FPU will use FXSAVE
[    1.575551] Freeing SMP alternatives memory: 32K
[    1.578025] pid_max: default: 32768 minimum: 301
[    1.581097] LSM: initializing lsm=capability,landlock,lockdown,integrity
[    1.583150] landlock: Up and running.
[    1.585631] Mount-cache hash table entries: 8192 (order: 4, 65536 bytes, linear)
[    1.592696] Mountpoint-cache hash table entries: 8192 (order: 4, 65536 bytes, linear)
[    1.723048] smpboot: CPU0: Intel QEMU Virtual CPU version 2.5+ (family: 0xf, model: 0x6b, stepping: 0x1)
[    1.732371] RCU Tasks: Setting shift to 1 and lim to 1 rcu_task_cb_adjust=1.
[    1.732520] RCU Tasks Trace: Setting shift to 1 and lim to 1 rcu_task_cb_adjust=1.
[    1.737379] Performance Events: unsupported Netburst CPU model 107 no PMU driver, software events only.
[    1.742726] signal: max sigframe size: 1440
[    1.745333] rcu: Hierarchical SRCU implementation.
[    1.747880] rcu: 	Max phase no-delay instances is 1000.
[    1.754225] NMI watchdog: Perf NMI watchdog permanently disabled
[    1.757776] smp: Bringing up secondary CPUs ...
[    1.763567] smpboot: x86: Booting SMP configuration:
[    1.766227] .... node  #0, CPUs:      #1
[    1.784375] smp: Brought up 1 node, 2 CPUs
[    1.787064] smpboot: Max logical packages: 1
[    1.792382] ----------------
[    1.793977] | NMI testsuite:
[    1.795572] --------------------
[    1.797314]   remote IPI:  ok  |
[    1.799175]    local IPI:  ok  |
[    1.800952] --------------------
[    1.802377] Good, all   2 testcases passed! |
[    1.804814] ---------------------------------
[    1.807370] smpboot: Total of 2 processors activated (11199.99 BogoMIPS)
[    1.813464] devtmpfs: initialized
[    1.814569] x86/mm: Memory block size: 128MB
[    1.818615] clocksource: jiffies: mask: 0xffffffff max_cycles: 0xffffffff, max_idle_ns: 19112604462750000 ns
[    1.822569] futex hash table entries: 512 (order: 3, 32768 bytes, linear)
[    1.845584] NET: Registered PF_NETLINK/PF_ROUTE protocol family
[    1.849136] audit: initializing netlink subsys (disabled)
[    1.852444] audit: type=2000 audit(1772765683.738:1): state=initialized audit_enabled=0 res=1
[    1.852637] thermal_sys: Registered thermal governor 'step_wise'
[    1.858350] cpuidle: using governor ladder
[    1.864555] cpuidle: using governor menu
[    1.866787] acpiphp: ACPI Hot Plug PCI Controller Driver version: 0.5
[    1.868772] PCI: Using configuration type 1 for base access
[    1.873266] kprobes: kprobe jump-optimization is enabled. All kprobes are optimized if possible.
[    1.883213] HugeTLB: registered 2.00 MiB page size, pre-allocated 0 pages
[    1.886787] HugeTLB: 28 KiB vmemmap can be freed for a 2.00 MiB page
[    1.893643] ACPI: Added _OSI(Module Device)
[    1.895663] ACPI: Added _OSI(Processor Device)
[    1.898770] ACPI: Added _OSI(3.0 _SCP Extensions)
[    1.902379] ACPI: Added _OSI(Processor Aggregator Device)
[    1.911287] ACPI: 1 ACPI AML tables successfully acquired and loaded
[    1.914187] ACPI: _OSC evaluation for CPUs failed, trying _PDC
[    1.922505] ACPI: Interpreter enabled
[    1.925114] ACPI: PM: (supports S0 S3 S5)
[    1.927935] ACPI: Using IOAPIC for interrupt routing
[    1.931620] PCI: Using host bridge windows from ACPI; if necessary, use "pci=nocrs" and report a bug
[    1.932378] PCI: Using E820 reservations for host bridge windows
[    1.937140] ACPI: Enabled 2 GPEs in block 00 to 0F
[    1.947037] ACPI: PCI Root Bridge [PCI0] (domain 0000 [bus 00-ff])
[    1.952394] acpi PNP0A03:00: _OSC: OS supports [ASPM ClockPM Segments MSI HPX-Type3]
[    1.958120] acpi PNP0A03:00: _OSC: not requesting OS control; OS requires [ExtendedConfig ASPM ClockPM MSI]
[    1.962400] acpi PNP0A03:00: fail to add MMCONFIG information, can't access extended configuration space under this bridge
[    1.973343] acpiphp: Slot [3] registered
[    1.976348] acpiphp: Slot [4] registered
[    1.979321] acpiphp: Slot [5] registered
[    1.982456] acpiphp: Slot [6] registered
[    1.985145] acpiphp: Slot [7] registered
[    1.987906] acpiphp: Slot [8] registered
[    1.992444] acpiphp: Slot [9] registered
[    1.995206] acpiphp: Slot [10] registered
[    1.998061] acpiphp: Slot [11] registered
[    2.000884] acpiphp: Slot [12] registered
[    2.002443] acpiphp: Slot [13] registered
[    2.005273] acpiphp: Slot [14] registered
[    2.008072] acpiphp: Slot [15] registered
[    2.012448] acpiphp: Slot [16] registered
[    2.015333] acpiphp: Slot [17] registered
[    2.019454] acpiphp: Slot [18] registered
[    2.022441] acpiphp: Slot [19] registered
[    2.024920] acpiphp: Slot [20] registered
[    2.027414] acpiphp: Slot [21] registered
[    2.030476] acpiphp: Slot [22] registered
[    2.032465] acpiphp: Slot [23] registered
[    2.035385] acpiphp: Slot [24] registered
[    2.038206] acpiphp: Slot [25] registered
[    2.042878] acpiphp: Slot [26] registered
[    2.045891] acpiphp: Slot [27] registered
[    2.049000] acpiphp: Slot [28] registered
[    2.052188] acpiphp: Slot [29] registered
[    2.052452] acpiphp: Slot [30] registered
[    2.055446] acpiphp: Slot [31] registered
[    2.058518] PCI host bridge to bus 0000:00
[    2.062381] pci_bus 0000:00: root bus resource [io  0x0000-0x0cf7 window]
[    2.067279] pci_bus 0000:00: root bus resource [io  0x0d00-0xffff window]
[    2.072381] pci_bus 0000:00: root bus resource [mem 0x000a0000-0x000bffff window]
[    2.076350] pci_bus 0000:00: root bus resource [mem 0xc0000000-0xfebfffff window]
[    2.080554] pci_bus 0000:00: root bus resource [mem 0x140000000-0x1bfffffff window]
[    2.082379] pci_bus 0000:00: root bus resource [bus 00-ff]
[    2.085580] pci 0000:00:00.0: [8086:1237] type 00 class 0x060000
[    2.095644] pci 0000:00:01.0: [8086:7000] type 00 class 0x060100
[    2.102506] pci 0000:00:01.1: [8086:7010] type 00 class 0x010180
[    2.110752] pci 0000:00:01.1: reg 0x20: [io  0xc160-0xc16f]
[    2.115016] pci 0000:00:01.1: legacy IDE quirk: reg 0x10: [io  0x01f0-0x01f7]
[    2.119424] pci 0000:00:01.1: legacy IDE quirk: reg 0x14: [io  0x03f6]
[    2.122384] pci 0000:00:01.1: legacy IDE quirk: reg 0x18: [io  0x0170-0x0177]
[    2.127297] pci 0000:00:01.1: legacy IDE quirk: reg 0x1c: [io  0x0376]
[    2.133338] pci 0000:00:01.3: [8086:7113] type 00 class 0x068000
[    2.144039] pci 0000:00:01.3: quirk: [io  0x0600-0x063f] claimed by PIIX4 ACPI
[    2.148408] pci 0000:00:01.3: quirk: [io  0x0700-0x070f] claimed by PIIX4 SMB
[    2.153289] pci 0000:00:02.0: [1234:1111] type 00 class 0x030000
[    2.163814] pci 0000:00:02.0: reg 0x10: [mem 0xfd000000-0xfdffffff pref]
[    2.187491] pci 0000:00:02.0: reg 0x18: [mem 0xfeb90000-0xfeb90fff]
[    2.206615] pci 0000:00:02.0: reg 0x30: [mem 0xfeb80000-0xfeb8ffff pref]
[    2.216004] pci 0000:00:02.0: Video device with shadowed ROM at [mem 0x000c0000-0x000dffff]
[    2.228447] pci 0000:00:03.0: [1af4:1000] type 00 class 0x020000
[    2.232946] pci 0000:00:03.0: reg 0x10: [io  0xc140-0xc15f]
[    2.237460] pci 0000:00:03.0: reg 0x14: [mem 0xfeb91000-0xfeb91fff]
[    2.247445] pci 0000:00:03.0: reg 0x20: [mem 0xfe000000-0xfe003fff 64bit pref]
[    2.255485] pci 0000:00:03.0: reg 0x30: [mem 0xfeb00000-0xfeb7ffff pref]
[    2.263923] pci 0000:00:04.0: [1af4:1009] type 00 class 0x000200
[    2.268958] pci 0000:00:04.0: reg 0x10: [io  0xc100-0xc13f]
[    2.272953] pci 0000:00:04.0: reg 0x14: [mem 0xfeb92000-0xfeb92fff]
[    2.280524] pci 0000:00:04.0: reg 0x20: [mem 0xfe004000-0xfe007fff 64bit pref]
[    2.289437] pci 0000:00:05.0: [1af4:1001] type 00 class 0x010000
[    2.294523] pci 0000:00:05.0: reg 0x10: [io  0xc000-0xc07f]
[    2.302377] pci 0000:00:05.0: reg 0x14: [mem 0xfeb93000-0xfeb93fff]
[    2.310295] pci 0000:00:05.0: reg 0x20: [mem 0xfe008000-0xfe00bfff 64bit pref]
[    2.319349] pci 0000:00:06.0: [1af4:1001] type 00 class 0x010000
[    2.326673] pci 0000:00:06.0: reg 0x10: [io  0xc080-0xc0ff]
[    2.333626] pci 0000:00:06.0: reg 0x14: [mem 0xfeb94000-0xfeb94fff]
[    2.343277] pci 0000:00:06.0: reg 0x20: [mem 0xfe00c000-0xfe00ffff 64bit pref]
[    2.358425] ACPI: PCI: Interrupt link LNKA configured for IRQ 10
[    2.362765] ACPI: PCI: Interrupt link LNKB configured for IRQ 10
[    2.367755] ACPI: PCI: Interrupt link LNKC configured for IRQ 11
[    2.372801] ACPI: PCI: Interrupt link LNKD configured for IRQ 11
[    2.377269] ACPI: PCI: Interrupt link LNKS configured for IRQ 9
[    2.386889] iommu: Default domain type: Translated
[    2.392400] iommu: DMA domain TLB invalidation policy: lazy mode
[    2.400463] SCSI subsystem initialized
[    2.404390] pps_core: LinuxPPS API ver. 1 registered
[    2.412377] pps_core: Software ver. 5.3.6 - Copyright 2005-2007 Rodolfo Giometti <giometti@linux.it>
[    2.417881] PTP clock support registered
[    2.426080] PCI: Using ACPI for IRQ routing
[    2.435422] hpet: 3 channels of 0 reserved for per-cpu timers
[    2.442485] clocksource: Switched to clocksource kvm-clock
[    2.473514] VFS: Disk quotas dquot_6.6.0
[    2.479939] VFS: Dquot-cache hash table entries: 512 (order 0, 4096 bytes)
[    2.486010] pnp: PnP ACPI init
[    2.490422] pnp: PnP ACPI: found 6 devices
[    2.515526] clocksource: acpi_pm: mask: 0xffffff max_cycles: 0xffffff, max_idle_ns: 2085701024 ns
[    2.522039] NET: Registered PF_INET protocol family
[    2.528827] IP idents hash table entries: 65536 (order: 7, 524288 bytes, linear)
[    2.536709] tcp_listen_portaddr_hash hash table entries: 2048 (order: 3, 32768 bytes, linear)
[    2.544538] Table-perturb hash table entries: 65536 (order: 6, 262144 bytes, linear)
[    2.551332] TCP established hash table entries: 32768 (order: 6, 262144 bytes, linear)
[    2.562117] TCP bind hash table entries: 32768 (order: 8, 1048576 bytes, linear)
[    2.566418] TCP: Hash tables configured (established 32768 bind 32768)
[    2.571736] UDP hash table entries: 2048 (order: 4, 65536 bytes, linear)
[    2.575828] UDP-Lite hash table entries: 2048 (order: 4, 65536 bytes, linear)
[    2.581756] NET: Registered PF_UNIX/PF_LOCAL protocol family
[    2.585306] NET: Registered PF_XDP protocol family
[    2.588139] pci_bus 0000:00: resource 4 [io  0x0000-0x0cf7 window]
[    2.591788] pci_bus 0000:00: resource 5 [io  0x0d00-0xffff window]
[    2.595174] pci_bus 0000:00: resource 6 [mem 0x000a0000-0x000bffff window]
[    2.598964] pci_bus 0000:00: resource 7 [mem 0xc0000000-0xfebfffff window]
[    2.602913] pci_bus 0000:00: resource 8 [mem 0x140000000-0x1bfffffff window]
[    2.606892] pci 0000:00:01.0: PIIX3: Enabling Passive Release
[    2.610263] pci 0000:00:00.0: Limiting direct PCI/PCI transfers
[    2.614069] PCI: CLS 0 bytes, default 64
[    2.616499] PCI-DMA: Using software bounce buffering for IO (SWIOTLB)
[    2.617631] Unpacking initramfs...
[    2.620122] software IO TLB: mapped [mem 0x00000000bbfda000-0x00000000bffda000] (64MB)
[    2.627326] clocksource: tsc: mask: 0xffffffffffffffff max_cycles: 0x285c3ee517e, max_idle_ns: 440795257231 ns
[    2.634482] Initialise system trusted keyrings
[    2.638248] workingset: timestamp_bits=46 max_order=20 bucket_order=0
[    2.641927] zbud: loaded
[    2.644029] Key type asymmetric registered
[    2.646593] Asymmetric key parser 'x509' registered
[    2.649840] Block layer SCSI generic (bsg) driver version 0.4 loaded (major 247)
[    2.654503] io scheduler mq-deadline registered
[    2.657048] io scheduler kyber registered
[    2.659378] io scheduler bfq registered
[    2.677971] ERST DBG: ERST support is disabled.
[    2.695756] ACPI: \_SB_.LNKC: Enabled at IRQ 11
[    2.717187] ACPI: \_SB_.LNKD: Enabled at IRQ 10
[    2.736904] ACPI: \_SB_.LNKA: Enabled at IRQ 10
[    2.757830] ACPI: \_SB_.LNKB: Enabled at IRQ 11
[    2.766121] Serial: 8250/16550 driver, 4 ports, IRQ sharing enabled
[    2.771715] 00:04: ttyS0 at I/O 0x3f8 (irq = 4, base_baud = 115200) is a 16550A
[    2.785332] VMware PVSCSI driver - version 1.0.7.0-k
[    2.795357] scsi host0: ata_piix
[    2.799798] scsi host1: ata_piix
[    2.802369] ata1: PATA max MWDMA2 cmd 0x1f0 ctl 0x3f6 bmdma 0xc160 irq 14
[    2.806971] ata2: PATA max MWDMA2 cmd 0x170 ctl 0x376 bmdma 0xc168 irq 15
[    2.812955] i8042: PNP: PS/2 Controller [PNP0303:KBD,PNP0f13:MOU] at 0x60,0x64 irq 1,12
[    2.826654] serio: i8042 KBD port at 0x60,0x64 irq 1
[    2.829519] serio: i8042 AUX port at 0x60,0x64 irq 12
[    2.832564] rtc_cmos 00:05: RTC can wake from S4
[    2.840349] input: AT Translated Set 2 keyboard as /devices/platform/i8042/serio0/input/input0
[    2.847019] rtc_cmos 00:05: registered as rtc0
[    2.849942] rtc_cmos 00:05: setting system clock to 2026-03-06T02:54:44 UTC (1772765684)
[    2.854961] rtc_cmos 00:05: alarms up to one day, y3k, 242 bytes nvram, hpet irqs
[    2.859178] intel_pstate: CPU model not supported
[    2.862541] gre: GRE over IPv4 demultiplexor driver
[    2.935155] Key type dns_resolver registered
[    2.939331] Freeing initrd memory: 9096K
[    2.944287] IPI shorthand broadcast: enabled
[    2.954010] sched_clock: Marking stable (2570297207, 380020335)->(2944808889, 5508653)
[    2.992832] ata2: found unknown device (class 0)
[    2.993763] registered taskstats version 1
[    2.999385] ata2.00: ATAPI: QEMU DVD-ROM, 2.5+, max UDMA/100
[    2.999918] Loading compiled-in X.509 certificates
[    3.010675] scsi 1:0:0:0: CD-ROM            QEMU     QEMU DVD-ROM     2.5+ PQ: 0 ANSI: 5
[    3.033506] Loaded X.509 cert 'alpinelinux.org: Alpine Linux kernel key: d76a695f66ad9cd28f5c22a8508f36e91f521f7a'
[    3.044199] Key type .fscrypt registered
[    3.046506] Key type fscrypt-provisioning registered
[    3.065803] Freeing unused kernel image (initmem) memory: 2640K
[    3.080290] Write protecting the kernel read-only data: 20480k
[    3.084230] Freeing unused kernel image (rodata/data gap) memory: 184K
[    3.086722] rodata_test: all tests were successful
[    3.088741] Run /init as init process
[    3.115485] Alpine Init 3.9.0-r0
Alpine Init 3.9.0-r0
[    3.118446] Loading boot drivers...
 * Loading boot drivers: [    3.214374] ACPI: bus type USB registered
[    3.217643] usbcore: registered new interface driver usbfs
[    3.220033] usbcore: registered new interface driver hub
[    3.224353] usbcore: registered new device driver usb
[    3.232934] usbcore: registered new interface driver usb-storage
[    3.435498] loop: module loaded
[    3.485579] ACPI: bus type drm_connector registered
[    3.521626] Loading boot drivers: ok.
ok.
[    3.526226] Mounting root...
 * Mounting root: [    3.576316] piix4_smbus 0000:00:01.3: SMBus Host Controller at 0x700, revision 0
[    3.602793] [drm] Found bochs VGA, ID 0xb0c5.
[    3.604248] [drm] Framebuffer size 16384 kB @ 0xfd000000, mmio @ 0xfeb90000.
[    3.613011] [drm] Found EDID data blob.
[    3.614714] [drm] Initialized bochs-drm 1.0.0 20130925 for 0000:00:02.0 on minor 0
[    3.655538] Console: switching to colour frame buffer device 128x48
[    3.659699] bochs-drm 0000:00:02.0: [drm] fb0: bochs-drmdrmfb frame buffer device
[    3.792840] sr 1:0:0:0: [sr0] scsi3-mmc drive: 4x/4x cd/rw xa/form2 tray
[    3.795813] cdrom: Uniform CD-ROM driver Revision: 3.20
[    3.877685] virtio_blk virtio2: 2/0/0 default/read/poll queues
[    3.884380] virtio_blk virtio2: [vda] 8388608 512-byte logical blocks (4.29 GB/4.00 GiB)
[    3.892498] virtio_blk virtio3: 2/0/0 default/read/poll queues
[    3.898781] virtio_blk virtio3: [vdb] 736 512-byte logical blocks (377 kB/368 KiB)
[    4.008722] block sr0: the capability attribute has been deprecated.
[    6.886333] EXT4-fs (vda): mounted filesystem 367ceb5a-a72a-4cc6-9140-e18812d3c81b ro with ordered data mode. Quota mode: none.
[    6.890267] Mounting root: ok.
ok.

   OpenRC 0.52.1 is starting up Linux 6.6.4-1-virt (x86_64)

 * /proc is already mounted
 * Mounting /run ... [ ok ]
 * /run/openrc: creating directory
 * /run/lock: creating directory
 * /run/lock: correcting owner
 * Caching service dependencies ... [ ok ]
 * Remounting devtmpfs on /dev ... [ ok ]
 * Mounting /dev/mqueue ... [ ok ]
 * Mounting security filesystem ... [ ok ]
 * Mounting debug filesystem ... [ ok ]
 * Mounting persistent storage (pstore) filesystem ... [ ok ]
 * Starting busybox mdev ... [ ok ]
 * Scanning hardware for mdev ... [ ok ]
 * Loading hardware drivers ... [ ok ]
 * Loading modules ... [ ok ]
 * Setting system clock using the hardware clock [UTC] ... [ ok ]
 * Checking local filesystems  .../: clean, 8723/65536 files, 158031/262144 blocks
 [ ok ]
 * Remounting root filesystem read/write ... [ ok ]
 * Remounting filesystems ... [ ok ]
 * Activating swap devices ... [ ok ]
 * Mounting local filesystems ... [ ok ]
 * Starting busybox acpid ... [ ok ]
 * Configuring kernel parameters ... [ ok ]
 * Migrating /var/lock to /run/lock ... [ ok ]
 * Creating user login records ... [ ok ]
 * Cleaning /tmp directory ... [ ok ]
Cloud-init v. 23.4 running 'init-local' at Fri, 06 Mar 2026 02:54:52 +0000. Up 11.51 seconds.
 [ ok ]
 * Setting hostname ... [ ok ]
 * Starting busybox syslog ... [ ok ]
 * Mounting cgroup filesystem ... [ ok ]
 * Starting networking ... *   lo ... [ ok ]
 *   eth0 ... [ ok ]
 * /var/log/docker.log: creating file
 * /var/log/docker.log: correcting owner
 * Starting Docker Daemon ... [ ok ]
 * Starting benchmark agent ...
[1A[2Ka257f20c716c: Loading layer  557.1kB/81.04MB[1B[1A[2Ka257f20c716c: Loading layer  3.342MB/81.04MB[1B[1A[2Ka257f20c716c: Loading layer  6.128MB/81.04MB[1B[1A[2Ka257f20c716c: Loading layer  8.356MB/81.04MB[1B[1A[2Ka257f20c716c: Loading layer  10.03MB/81.04MB[1B[1A[2Ka257f20c716c: Loading layer  11.14MB/81.04MB[1B[1A[2Ka257f20c716c: Loading layer  14.48MB/81.04MB[1B[1A[2Ka257f20c716c: Loading layer  17.27MB/81.04MB[1B[1A[2Ka257f20c716c: Loading layer  20.61MB/81.04MB[1B[1A[2Ka257f20c716c: Loading layer  22.84MB/81.04MB[1B[1A[2Ka257f20c716c: Loading layer  25.07MB/81.04MB[1B[1A[2Ka257f20c716c: Loading layer   27.3MB/81.04MB[1B[1A[2Ka257f20c716c: Loading layer  28.97MB/81.04MB[1B[1A[2Ka257f20c716c: Loading layer   31.2MB/81.04MB[1B[1A[2Ka257f20c716c: Loading layer  33.42MB/81.04MB[1B[1A[2Ka257f20c716c: Loading layer  37.88MB/81.04MB[1B[1A[2Ka257f20c716c: Loading layer  42.89MB/81.04MB[1B[1A[2Ka257f20c716c: Loading layer  47.91MB/81.04MB[1B[1A[2Ka257f20c716c: Loading layer  52.36MB/81.04MB[1B[1A[2Ka257f20c716c: Loading layer  55.71MB/81.04MB[1B[1A[2Ka257f20c716c: Loading layer   59.6MB/81.04MB[1B[1A[2Ka257f20c716c: Loading layer   63.5MB/81.04MB[1B[1A[2Ka257f20c716c: Loading layer  65.73MB/81.04MB[1B[1A[2Ka257f20c716c: Loading layer  66.85MB/81.04MB[1B[1A[2Ka257f20c716c: Loading layer  67.96MB/81.04MB[1B[1A[2Ka257f20c716c: Loading layer   71.3MB/81.04MB[1B[1A[2Ka257f20c716c: Loading layer  72.42MB/81.04MB[1B[1A[2Ka257f20c716c: Loading layer  74.09MB/81.04MB[1B[1A[2Ka257f20c716c: Loading layer   75.2MB/81.04MB[1B[1A[2Ka257f20c716c: Loading layer  75.76MB/81.04MB[1B[1A[2Ka257f20c716c: Loading layer  76.32MB/81.04MB[1B[1A[2Ka257f20c716c: Loading layer  78.54MB/81.04MB[1B[1A[2Ka257f20c716c: Loading layer   79.1MB/81.04MB[1B[1A[2Ka257f20c716c: Loading layer  80.77MB/81.04MB[1B[1A[2Ka257f20c716c: Loading layer  81.04MB/81.04MB[1B
[1A[2Kb0c20bcd44fe: Loading layer  65.54kB/4.123MB[1B[1A[2Kb0c20bcd44fe: Loading layer  1.704MB/4.123MB[1B[1A[2Kb0c20bcd44fe: Loading layer  4.123MB/4.123MB[1B[1A[2Kb0c20bcd44fe: Loading layer  4.123MB/4.123MB[1B
[1A[2K5184c31ad48f: Loading layer  458.8kB/43.85MB[1B[1A[2K5184c31ad48f: Loading layer  1.835MB/43.85MB[1B[1A[2K5184c31ad48f: Loading layer  5.505MB/43.85MB[1B[1A[2K5184c31ad48f: Loading layer  8.716MB/43.85MB[1B[1A[2K5184c31ad48f: Loading layer  10.55MB/43.85MB[1B[1A[2K5184c31ad48f: Loading layer  12.39MB/43.85MB[1B[1A[2K5184c31ad48f: Loading layer  16.06MB/43.85MB[1B[1A[2K5184c31ad48f: Loading layer  17.89MB/43.85MB[1B[1A[2K5184c31ad48f: Loading layer  20.19MB/43.85MB[1B[1A[2K5184c31ad48f: Loading layer   23.4MB/43.85MB[1B[1A[2K5184c31ad48f: Loading layer  25.23MB/43.85MB[1B[1A[2K5184c31ad48f: Loading layer  27.53MB/43.85MB[1B[1A[2K5184c31ad48f: Loading layer  29.36MB/43.85MB[1B[1A[2K5184c31ad48f: Loading layer  31.65MB/43.85MB[1B[1A[2K5184c31ad48f: Loading layer  33.49MB/43.85MB[1B[1A[2K5184c31ad48f: Loading layer  34.87MB/43.85MB[1B[1A[2K5184c31ad48f: Loading layer  36.24MB/43.85MB[1B[1A[2K5184c31ad48f: Loading layer  38.08MB/43.85MB[1B[1A[2K5184c31ad48f: Loading layer  39.91MB/43.85MB[1B[1A[2K5184c31ad48f: Loading layer  41.75MB/43.85MB[1B[1A[2K5184c31ad48f: Loading layer  43.85MB/43.85MB[1B
[1A[2Kfa1d322086e6: Loading layer   5.12kB/5.12kB[1B[1A[2Kfa1d322086e6: Loading layer   5.12kB/5.12kB[1B
[1A[2Kbdf610394df6: Loading layer  22.02kB/22.02kB[1B[1A[2Kbdf610394df6: Loading layer  22.02kB/22.02kB[1B
[1A[2Keb067feb5b8d: Loading layer  9.728kB/9.728kB[1B[1A[2Keb067feb5b8d: Loading layer  9.728kB/9.728kB[1BLoaded image: bench-worker:latest
 [ ok ]
 * Starting chronyd ... [ ok ]
 * Starting cloud-init-hotplugd ... [ ok ]
Cloud-init v. 23.4 running 'init' at Fri, 06 Mar 2026 02:55:36 +0000. Up 55.34 seconds.
ci-info: +++++++++++++++++++++++++++++++++++++++Net device info+++++++++++++++++++++++++++++++++++++++
ci-info: +---------+-------+----------------------------+---------------+--------+-------------------+
ci-info: |  Device |   Up  |          Address           |      Mask     | Scope  |     Hw-Address    |
ci-info: +---------+-------+----------------------------+---------------+--------+-------------------+
ci-info: | docker0 | False |         172.17.0.1         |  255.255.0.0  | global | 02:42:bb:ed:4c:a2 |
ci-info: |   eth0  |  True |         10.0.2.15          | 255.255.255.0 | global | 52:54:00:12:34:56 |
ci-info: |   eth0  |  True | fec0::5054:ff:fe12:3456/64 |       .       |  site  | 52:54:00:12:34:56 |
ci-info: |   eth0  |  True | fe80::5054:ff:fe12:3456/64 |       .       |  link  | 52:54:00:12:34:56 |
ci-info: |    lo   |  True |         127.0.0.1          |   255.0.0.0   |  host  |         .         |
ci-info: |    lo   |  True |          ::1/128           |       .       |  host  |         .         |
ci-info: +---------+-------+----------------------------+---------------+--------+-------------------+
ci-info: +++++++++++++++++++++++++++Route IPv4 info++++++++++++++++++++++++++++
ci-info: +-------+-------------+----------+---------------+-----------+-------+
ci-info: | Route | Destination | Gateway  |    Genmask    | Interface | Flags |
ci-info: +-------+-------------+----------+---------------+-----------+-------+
ci-info: |   0   |   0.0.0.0   | 10.0.2.2 |    0.0.0.0    |    eth0   |   UG  |
ci-info: |   1   |   10.0.2.0  | 0.0.0.0  | 255.255.255.0 |    eth0   |   U   |
ci-info: |   2   |  172.17.0.0 | 0.0.0.0  |  255.255.0.0  |  docker0  |   U   |
ci-info: +-------+-------------+----------+---------------+-----------+-------+
ci-info: +++++++++++++++++++Route IPv6 info+++++++++++++++++++
ci-info: +-------+-------------+---------+-----------+-------+
ci-info: | Route | Destination | Gateway | Interface | Flags |
ci-info: +-------+-------------+---------+-----------+-------+
ci-info: |   0   |  fe80::/64  |    ::   |    eth0   |   U   |
ci-info: |   1   |  fec0::/64  |    ::   |    eth0   |   Ue  |
ci-info: |   2   |     ::/0    | fe80::2 |    eth0   |  UGe  |
ci-info: |   4   |    local    |    ::   |    eth0   |   U   |
ci-info: |   5   |    local    |    ::   |    eth0   |   U   |
ci-info: |   6   |  multicast  |    ::   |    eth0   |   U   |
ci-info: +-------+-------------+---------+-----------+-------+
2026-03-06 02:55:36,682 - cloud_config.py[WARNING]: Failed at merging in cloud config part from part-001: empty cloud config
Generating public/private rsa key pair.
Your identification has been saved in /etc/ssh/ssh_host_rsa_key
Your public key has been saved in /etc/ssh/ssh_host_rsa_key.pub
The key fingerprint is:
SHA256:UmwOtpdZLyJQD5HOLys4siTcR/3fBMfuNkqz333J1hc root@agent-10
The key's randomart image is:
+---[RSA 3072]----+
|      +o         |
|     ..+         |
|    .oo = .      |
|     o+* + ..    |
|     .+oS ...o   |
|. . . .+o. .+  E |
|.o o . o . o o. +|
|+ o o .   o *o.+=|
|.o . .     +++o.+|
+----[SHA256]-----+
Generating public/private dsa key pair.
Your identification has been saved in /etc/ssh/ssh_host_dsa_key
Your public key has been saved in /etc/ssh/ssh_host_dsa_key.pub
The key fingerprint is:
SHA256:WD8d1yKsesbT6qICsrDK+FBeO24i3zBkCP0/F5NWyOk root@agent-10
The key's randomart image is:
+---[DSA 1024]----+
|                 |
| .     . o .   . |
|. .     = . + o .|
|.. .   + + o + . |
|. + o . E + .    |
|o=.. o . = o     |
|o++.o o o = .    |
|*..=o. o.o o     |
|+=ooo... oo      |
+----[SHA256]-----+
Generating public/private ecdsa key pair.
Your identification has been saved in /etc/ssh/ssh_host_ecdsa_key
Your public key has been saved in /etc/ssh/ssh_host_ecdsa_key.pub
The key fingerprint is:
SHA256:DZQfLhS889/He+J+L2d+12iSzTuOhRu4hOlPUv4dS/M root@agent-10
The key's randomart image is:
+---[ECDSA 256]---+
|       .oo       |
|       .+ .      |
|       ..+ .     |
|        +oo      |
|        S+o      |
|         =.. .   |
|        + =.o==o.|
|       . + o+BX=@|
|        ..o +*B%E|
+----[SHA256]-----+
Generating public/private ed25519 key pair.
Your identification has been saved in /etc/ssh/ssh_host_ed25519_key
Your public key has been saved in /etc/ssh/ssh_host_ed25519_key.pub
The key fingerprint is:
SHA256:N0SYvqC5tHAFGFBoMQZJQ8Ps3s0VfrCRDenEwujGVlc root@agent-10
The key's randomart image is:
+--[ED25519 256]--+
|O&+oo ..*E.      |
|++=..+ Xoo       |
|o o ..*.= .      |
| . =  o=.o       |
|. + o+..S.o      |
| ...=o  .. .     |
|   + o           |
|    o            |
|                 |
+----[SHA256]-----+
 [ ok ]
Cloud-init v. 23.4 running 'modules:config' at Fri, 06 Mar 2026 02:55:37 +0000. Up 56.44 seconds.
 [ ok ]
Cloud-init v. 23.4 running 'modules:final' at Fri, 06 Mar 2026 02:55:38 +0000. Up 56.88 seconds.
ci-info: no authorized SSH keys fingerprints found for user alpine.
cloud-init: #############################################################
cloud-init: -----BEGIN SSH HOST KEY FINGERPRINTS-----
cloud-init: 1024 SHA256:WD8d1yKsesbT6qICsrDK+FBeO24i3zBkCP0/F5NWyOk root@agent-10 (DSA)
cloud-init: 256 SHA256:DZQfLhS889/He+J+L2d+12iSzTuOhRu4hOlPUv4dS/M root@agent-10 (ECDSA)
cloud-init: 256 SHA256:N0SYvqC5tHAFGFBoMQZJQ8Ps3s0VfrCRDenEwujGVlc root@agent-10 (ED25519)
cloud-init: 3072 SHA256:UmwOtpdZLyJQD5HOLys4siTcR/3fBMfuNkqz333J1hc root@agent-10 (RSA)
cloud-init: -----END SSH HOST KEY FINGERPRINTS-----
cloud-init: #############################################################
-----BEGIN SSH HOST KEY KEYS-----
ecdsa-sha2-nistp256 AAAAE2VjZHNhLXNoYTItbmlzdHAyNTYAAAAIbmlzdHAyNTYAAABBBDNWBcWsTA+2CWLCSK8bDwqludcfWdpNbsms+HX/1uCFMI+DqzIL9az3DC1xIZbTbMeooA7GiVZpymUfYnuXd5s= root@agent-10
ssh-ed25519 AAAAC3NzaC1lZDI1NTE5AAAAIEh9wswTXgKJBZwI/zD4FiLPTyGZ1qEGMk/44+gSiFVL root@agent-10
ssh-rsa AAAAB3NzaC1yc2EAAAADAQABAAABgQCqMrwGx5kuBNGdyNu5CFFanP4u9385kDT8Rd8L4Q6EKEwDUdL3jjwnFNjRlL+rix83J1LTxbzD8EBOiEN6B4nbAFpAZMcmhXs9cBitO/eY8Ym+fqVOn/zeYN64LpExPLvugWW/H1BTI9f4GFCZ3gwHiBuWWgvPukaDCXslnc3iUmmH3S1wA+xquxuFJXH604VfkF9as1gCF0n3SrbnvL5VvQEuR5SMqepLc5Y4R+L9ekRBiUGMMfjbx+YIE1ziEeI8ZyTWpwRIsuC9kIGhYsC1SEZ0leZXMn36Wse8N4MxK+rl0dW0GmY9bLWCizWRZzLvWa0Wa6yNXtHUEfS/JIHsguZtTkAewURh9hSyXPhF7HWoc9Le7Cb1bk8SHKnUnxX+kyU8oOGjzV1uRS9toVKm7ExhgQpC/LnU6IxjRgyUTJGLnSpHCZuuEetoU8MVVo2e1C58fTRo6PGa/xHpqnC2qw8oG+UF1nBEo4/EKjJvKh4zTIvPEiQPBhX9hPMOxkE= root@agent-10
-----END SSH HOST KEY KEYS-----
Cloud-init v. 23.4 finished at Fri, 06 Mar 2026 02:55:38 +0000. Datasource DataSourceNoCloud [seed=/dev/vdb][dsmode=net].  Up 57.00 seconds
 [ ok ]

Welcome to Alpine Linux 3.19
Kernel 6.6.4-1-virt on an x86_64 (/dev/ttyS0)

agent-10 login: 