c[?7l[2J[0mSeaBIOS (version 1.15.0-1)


iPXE (https://ipxe.org) 00:03.0 CA00 PCI2.10 PnP PMM+BFF8B380+BFECB380 CA00
Press Ctrl-B to configure iPXE (PCI 00:03.0)...                                                                               


Booting from Hard Disk...

SYSLINUX 6.04 EDD 6.04-pre1 Copyright (C) 1994-2015 H. Peter Anvin et al

SYSLINUX 6.04 6.04-pre1 Copyright (C) 1994-2015 H. Peter Anvin et al
[2Je%@)0(B[0;37;40m[?25l[2J[23;16HAlpine will be booted automatically in [0;1m1[0m s[23;57H[23;58Heconds[23;16H[0;37;40mAlpine will be booted automatically in [0;1;37;40m1[0;37;40m seconds..[23;16H                                                 [23;16H[0;37;40m                                                  [?25h[24;1H[0m 
Loading vmlinuz-virt...Loading vmlinuz-virt...  ook
k
Loading initramfs-virt..Loading initramfs-virt....ookk

c[?7l[2J[    0.000000] Linux version 6.6.4-1-virt (buildozer@build-3-19-x86_64) (gcc (Alpine 13.2.1_git20231014) 13.2.1 20231014, GNU ld (GNU Binutils) 2.41) #2-Alpine SMP PREEMPT_DYNAMIC Tue, 05 Dec 2023 20:25:50 +0000
[    0.000000] Command line: BOOT_IMAGE=vmlinuz-virt root=LABEL=/ modules=sd-mod,usb-storage,ext4 console=ttyS0,115200n8 initrd=initramfs-virt
[    0.000000] BIOS-provided physical RAM map:
[    0.000000] BIOS-e820: [mem 0x0000000000000000-0x000000000009fbff] usable
[    0.000000] BIOS-e820: [mem 0x000000000009fc00-0x000000000009ffff] reserved
[    0.000000] BIOS-e820: [mem 0x00000000000f0000-0x00000000000fffff] reserved
[    0.000000] BIOS-e820: [mem 0x0000000000100000-0x00000000bffd9fff] usable
[    0.000000] BIOS-e820: [mem 0x00000000bffda000-0x00000000bfffffff] reserved
[    0.000000] BIOS-e820: [mem 0x00000000feffc000-0x00000000feffffff] reserved
[    0.000000] BIOS-e820: [mem 0x00000000fffc0000-0x00000000ffffffff] reserved
[    0.000000] BIOS-e820: [mem 0x0000000100000000-0x000000013fffffff] usable
[    0.000000] NX (Execute Disable) protection: active
[    0.000000] APIC: Static calls initialized
[    0.000000] SMBIOS 2.8 present.
[    0.000000] DMI: QEMU Standard PC (i440FX + PIIX, 1996), BIOS 1.15.0-1 04/01/2014
[    0.000000] Hypervisor detected: KVM
[    0.000000] kvm-clock: Using msrs 4b564d01 and 4b564d00
[    0.000001] kvm-clock: using sched offset of 2672494973 cycles
[    0.000003] clocksource: kvm-clock: mask: 0xffffffffffffffff max_cycles: 0x1cd42e4dffb, max_idle_ns: 881590591483 ns
[    0.000006] tsc: Detected 2799.998 MHz processor
[    0.001002] last_pfn = 0x140000 max_arch_pfn = 0x400000000
[    0.001398] MTRR map: 4 entries (3 fixed + 1 variable; max 19), built from 8 variable MTRRs
[    0.001415] x86/PAT: Configuration [0-7]: WB  WC  UC- UC  WB  WP  UC- WT  
[    0.001930] last_pfn = 0xbffda max_arch_pfn = 0x400000000
[    0.002312] RAMDISK: [mem 0x7f71e000-0x7fffffff]
[    0.002316] ACPI: Early table checksum verification disabled
[    0.002321] ACPI: RSDP 0x00000000000F59A0 000014 (v00 BOCHS )
[    0.002326] ACPI: RSDT 0x00000000BFFE1975 000034 (v01 BOCHS  BXPC     00000001 BXPC 00000001)
[    0.002333] ACPI: FACP 0x00000000BFFE1821 000074 (v01 BOCHS  BXPC     00000001 BXPC 00000001)
[    0.002371] ACPI: DSDT 0x00000000BFFE0040 0017E1 (v01 BOCHS  BXPC     00000001 BXPC 00000001)
[    0.002375] ACPI: FACS 0x00000000BFFE0000 000040
[    0.002378] ACPI: APIC 0x00000000BFFE1895 000080 (v01 BOCHS  BXPC     00000001 BXPC 00000001)
[    0.002381] ACPI: HPET 0x00000000BFFE1915 000038 (v01 BOCHS  BXPC     00000001 BXPC 00000001)
[    0.002384] ACPI: WAET 0x00000000BFFE194D 000028 (v01 BOCHS  BXPC     00000001 BXPC 00000001)
[    0.002386] ACPI: Reserving FACP table memory at [mem 0xbffe1821-0xbffe1894]
[    0.002388] ACPI: Reserving DSDT table memory at [mem 0xbffe0040-0xbffe1820]
[    0.002389] ACPI: Reserving FACS table memory at [mem 0xbffe0000-0xbffe003f]
[    0.002389] ACPI: Reserving APIC table memory at [mem 0xbffe1895-0xbffe1914]
[    0.002390] ACPI: Reserving HPET table memory at [mem 0xbffe1915-0xbffe194c]
[    0.002390] ACPI: Reserving WAET table memory at [mem 0xbffe194d-0xbffe1974]
[    0.002814] Zone ranges:
[    0.002816]   DMA      [mem 0x0000000000001000-0x0000000000ffffff]
[    0.002818]   DMA32    [mem 0x0000000001000000-0x00000000ffffffff]
[    0.002819]   Normal   [mem 0x0000000100000000-0x000000013fffffff]
[    0.002820] Movable zone start for each node
[    0.002821] Early memory node ranges
[    0.002822]   node   0: [mem 0x0000000000001000-0x000000000009efff]
[    0.002823]   node   0: [mem 0x0000000000100000-0x00000000bffd9fff]
[    0.002824]   node   0: [mem 0x0000000100000000-0x000000013fffffff]
[    0.002825] Initmem setup node 0 [mem 0x0000000000001000-0x000000013fffffff]
[    0.002943] On node 0, zone DMA: 1 pages in unavailable ranges
[    0.004383] On node 0, zone DMA: 97 pages in unavailable ranges
[    0.472398] On node 0, zone Normal: 38 pages in unavailable ranges
[    0.479216] ACPI: PM-Timer IO Port: 0x608
[    0.479819] ACPI: LAPIC_NMI (acpi_id[0xff] dfl dfl lint[0x1])
[    0.480309] IOAPIC[0]: apic_id 0, version 17, address 0xfec00000, GSI 0-23
[    0.480369] ACPI: INT_SRC_OVR (bus 0 bus_irq 0 global_irq 2 dfl dfl)
[    0.480372] ACPI: INT_SRC_OVR (bus 0 bus_irq 5 global_irq 5 high level)
[    0.480430] ACPI: INT_SRC_OVR (bus 0 bus_irq 9 global_irq 9 high level)
[    0.480498] ACPI: INT_SRC_OVR (bus 0 bus_irq 10 global_irq 10 high level)
[    0.480500] ACPI: INT_SRC_OVR (bus 0 bus_irq 11 global_irq 11 high level)
[    0.480556] ACPI: Using ACPI (MADT) for SMP configuration information
[    0.480610] ACPI: HPET id: 0x8086a201 base: 0xfed00000
[    0.481065] smpboot: Allowing 2 CPUs, 0 hotplug CPUs
[    0.482080] kvm-guest: APIC: eoi() replaced with kvm_guest_apic_eoi_write()
[    0.483247] [mem 0xc0000000-0xfeffbfff] available for PCI devices
[    0.483301] Booting paravirtualized kernel on KVM
[    0.483486] clocksource: refined-jiffies: mask: 0xffffffff max_cycles: 0xffffffff, max_idle_ns: 19112604462750000 ns
[    0.497641] setup_percpu: NR_CPUS:256 nr_cpumask_bits:2 nr_cpu_ids:2 nr_node_ids:1
[    0.513960] percpu: Embedded 57 pages/cpu s195048 r8192 d30232 u1048576
[    0.514393] kvm-guest: PV spinlocks disabled, no host support
[    0.514422] Kernel command line: BOOT_IMAGE=vmlinuz-virt root=LABEL=/ modules=sd-mod,usb-storage,ext4 console=ttyS0,115200n8 initrd=initramfs-virt
[    0.516621] Unknown kernel command line parameters "BOOT_IMAGE=vmlinuz-virt modules=sd-mod,usb-storage,ext4", will be passed to user space.
[    0.547356] Dentry cache hash table entries: 524288 (order: 10, 4194304 bytes, linear)
[    0.565846] Inode-cache hash table entries: 262144 (order: 9, 2097152 bytes, linear)
[    0.566817] Built 1 zonelists, mobility grouping on.  Total pages: 1031898
[    0.585764] mem auto-init: stack:all(zero), heap alloc:on, heap free:off
[    0.586032] software IO TLB: area num 2.
[    1.034544] Memory: 4012148K/4193760K available (12288K kernel code, 1744K rwdata, 8008K rodata, 2640K init, 2300K bss, 181352K reserved, 0K cma-reserved)
[    1.040961] SLUB: HWalign=64, Order=0-3, MinObjects=0, CPUs=2, Nodes=1
[    1.041340] Kernel/User page tables isolation: enabled
[    1.063618] Dynamic Preempt: none
[    1.064103] rcu: Preemptible hierarchical RCU implementation.
[    1.064130] rcu: 	RCU restricting CPUs from NR_CPUS=256 to nr_cpu_ids=2.
[    1.064154] 	Trampoline variant of Tasks RCU enabled.
[    1.064176] 	Tracing variant of Tasks RCU enabled.
[    1.064200] rcu: RCU calculated value of scheduler-enlistment delay is 10 jiffies.
[    1.064202] rcu: Adjusting geometry for rcu_fanout_leaf=16, nr_cpu_ids=2
[    1.075732] NR_IRQS: 16640, nr_irqs: 440, preallocated irqs: 16
[    1.076725] rcu: srcu_init: Setting srcu_struct sizes based on contention.
[    1.077071] kfence: initialized - using 2097152 bytes for 255 objects at 0x(____ptrval____)-0x(____ptrval____)
[    1.103485] Console: colour VGA+ 80x25
[    1.107987] printk: console [ttyS0] enabled
[    1.447341] ACPI: Core revision 20230628
[    1.450650] clocksource: hpet: mask: 0xffffffff max_cycles: 0xffffffff, max_idle_ns: 19112604467 ns
[    1.456162] APIC: Switch to symmetric I/O mode setup
[    1.460387] x2apic enabled
[    1.463599] APIC: Switched APIC routing to: physical x2apic
[    1.473184] ..TIMER: vector=0x30 apic1=0 pin1=2 apic2=-1 pin2=-1
[    1.476483] clocksource: tsc-early: mask: 0xffffffffffffffff max_cycles: 0x285c3ee517e, max_idle_ns: 440795257231 ns
[    1.482030] Calibrating delay loop (skipped) preset value.. 5599.99 BogoMIPS (lpj=27999980)
[    1.493148] Last level iTLB entries: 4KB 0, 2MB 0, 4MB 0
[    1.495943] Last level dTLB entries: 4KB 0, 2MB 0, 4MB 0, 1GB 0
[    1.499170] Spectre V1 : Mitigation: usercopy/swapgs barriers and __user pointer sanitization
[    1.502035] Spectre V2 : Mitigation: Retpolines
[    1.504460] Spectre V2 : Spectre v2 / SpectreRSB mitigation: Filling RSB on context switch
[    1.508749] Spectre V2 : Spectre v2 / SpectreRSB : Filling RSB on VMEXIT
[    1.512006] Speculative Store Bypass: Vulnerable
[    1.514499] MDS: Vulnerable: Clear CPU buffers attempted, no microcode
[    1.517908] MMIO Stale Data: Unknown: No mitigations
[    1.522034] x86/fpu: x87 FPU will use FXSAVE
[    1.579228] Freeing SMP alternatives memory: 32K
[    1.582011] pid_max: default: 32768 minimum: 301
[    1.585168] LSM: initializing lsm=capability,landlock,lockdown,integrity
[    1.589625] landlock: Up and running.
[    1.592655] Mount-cache hash table entries: 8192 (order: 4, 65536 bytes, linear)
[    1.597063] Mountpoint-cache hash table entries: 8192 (order: 4, 65536 bytes, linear)
[    1.733914] smpboot: CPU0: Intel QEMU Virtual CPU version 2.5+ (family: 0xf, model: 0x6b, stepping: 0x1)
[    1.741076] RCU Tasks: Setting shift to 1 and lim to 1 rcu_task_cb_adjust=1.
[    1.742129] RCU Tasks Trace: Setting shift to 1 and lim to 1 rcu_task_cb_adjust=1.
[    1.747947] Performance Events: unsupported Netburst CPU model 107 no PMU driver, software events only.
[    1.755831] signal: max sigframe size: 1440
[    1.758765] rcu: Hierarchical SRCU implementation.
[    1.762006] rcu: 	Max phase no-delay instances is 1000.
[    1.774144] NMI watchdog: Perf NMI watchdog permanently disabled
[    1.781225] smp: Bringing up secondary CPUs ...
[    1.783381] smpboot: x86: Booting SMP configuration:
[    1.786392] .... node  #0, CPUs:      #1
[    1.804004] smp: Brought up 1 node, 2 CPUs
[    1.806856] smpboot: Max logical packages: 1
[    1.809353] ----------------
[    1.812011] | NMI testsuite:
[    1.813726] --------------------
[    1.815613]   remote IPI:  ok  |
[    1.817576]    local IPI:  ok  |
[    1.819501] --------------------
[    1.822009] Good, all   2 testcases passed! |
[    1.824639] ---------------------------------
[    1.827255] smpboot: Total of 2 processors activated (11199.99 BogoMIPS)
[    1.833309] devtmpfs: initialized
[    1.834690] x86/mm: Memory block size: 128MB
[    1.843620] clocksource: jiffies: mask: 0xffffffff max_cycles: 0xffffffff, max_idle_ns: 19112604462750000 ns
[    1.848447] futex hash table entries: 512 (order: 3, 32768 bytes, linear)
[    1.871546] NET: Registered PF_NETLINK/PF_ROUTE protocol family
[    1.872300] audit: initializing netlink subsys (disabled)
[    1.877549] audit: type=2000 audit(1772765683.624:1): state=initialized audit_enabled=0 res=1
[    1.877549] thermal_sys: Registered thermal governor 'step_wise'
[    1.882031] cpuidle: using governor ladder
[    1.887383] cpuidle: using governor menu
[    1.892311] acpiphp: ACPI Hot Plug PCI Controller Driver version: 0.5
[    1.896622] PCI: Using configuration type 1 for base access
[    1.900049] kprobes: kprobe jump-optimization is enabled. All kprobes are optimized if possible.
[    1.907800] HugeTLB: registered 2.00 MiB page size, pre-allocated 0 pages
[    1.912007] HugeTLB: 28 KiB vmemmap can be freed for a 2.00 MiB page
[    1.923191] ACPI: Added _OSI(Module Device)
[    1.932009] ACPI: Added _OSI(Processor Device)
[    1.934657] ACPI: Added _OSI(3.0 _SCP Extensions)
[    1.937215] ACPI: Added _OSI(Processor Aggregator Device)
[    1.940775] ACPI: 1 ACPI AML tables successfully acquired and loaded
[    1.943720] ACPI: _OSC evaluation for CPUs failed, trying _PDC
[    1.945422] ACPI: Interpreter enabled
[    1.952079] ACPI: PM: (supports S0 S3 S5)
[    1.954435] ACPI: Using IOAPIC for interrupt routing
[    1.957823] PCI: Using host bridge windows from ACPI; if necessary, use "pci=nocrs" and report a bug
[    1.962007] PCI: Using E820 reservations for host bridge windows
[    1.965324] ACPI: Enabled 2 GPEs in block 00 to 0F
[    1.973571] ACPI: PCI Root Bridge [PCI0] (domain 0000 [bus 00-ff])
[    1.976918] acpi PNP0A03:00: _OSC: OS supports [ASPM ClockPM Segments MSI HPX-Type3]
[    1.981008] acpi PNP0A03:00: _OSC: not requesting OS control; OS requires [ExtendedConfig ASPM ClockPM MSI]
[    1.982020] acpi PNP0A03:00: fail to add MMCONFIG information, can't access extended configuration space under this bridge
[    1.992570] acpiphp: Slot [3] registered
[    1.994754] acpiphp: Slot [4] registered
[    1.996904] acpiphp: Slot [5] registered
[    1.999168] acpiphp: Slot [6] registered
[    2.001319] acpiphp: Slot [7] registered
[    2.002056] acpiphp: Slot [8] registered
[    2.004191] acpiphp: Slot [9] registered
[    2.006362] acpiphp: Slot [10] registered
[    2.008608] acpiphp: Slot [11] registered
[    2.012055] acpiphp: Slot [12] registered
[    2.014253] acpiphp: Slot [13] registered
[    2.016420] acpiphp: Slot [14] registered
[    2.018623] acpiphp: Slot [15] registered
[    2.020865] acpiphp: Slot [16] registered
[    2.022054] acpiphp: Slot [17] registered
[    2.024262] acpiphp: Slot [18] registered
[    2.026427] acpiphp: Slot [19] registered
[    2.028623] acpiphp: Slot [20] registered
[    2.032056] acpiphp: Slot [21] registered
[    2.034298] acpiphp: Slot [22] registered
[    2.036483] acpiphp: Slot [23] registered
[    2.038677] acpiphp: Slot [24] registered
[    2.040927] acpiphp: Slot [25] registered
[    2.042094] acpiphp: Slot [26] registered
[    2.044378] acpiphp: Slot [27] registered
[    2.046810] acpiphp: Slot [28] registered
[    2.049123] acpiphp: Slot [29] registered
[    2.052055] acpiphp: Slot [30] registered
[    2.054295] acpiphp: Slot [31] registered
[    2.056516] PCI host bridge to bus 0000:00
[    2.058874] pci_bus 0000:00: root bus resource [io  0x0000-0x0cf7 window]
[    2.062008] pci_bus 0000:00: root bus resource [io  0x0d00-0xffff window]
[    2.068868] pci_bus 0000:00: root bus resource [mem 0x000a0000-0x000bffff window]
[    2.072006] pci_bus 0000:00: root bus resource [mem 0xc0000000-0xfebfffff window]
[    2.076042] pci_bus 0000:00: root bus resource [mem 0x140000000-0x1bfffffff window]
[    2.082008] pci_bus 0000:00: root bus resource [bus 00-ff]
[    2.085454] pci 0000:00:00.0: [8086:1237] type 00 class 0x060000
[    2.093795] pci 0000:00:01.0: [8086:7000] type 00 class 0x060100
[    2.100328] pci 0000:00:01.1: [8086:7010] type 00 class 0x010180
[    2.105852] pci 0000:00:01.1: reg 0x20: [io  0xc160-0xc16f]
[    2.112521] pci 0000:00:01.1: legacy IDE quirk: reg 0x10: [io  0x01f0-0x01f7]
[    2.116671] pci 0000:00:01.1: legacy IDE quirk: reg 0x14: [io  0x03f6]
[    2.120169] pci 0000:00:01.1: legacy IDE quirk: reg 0x18: [io  0x0170-0x0177]
[    2.122007] pci 0000:00:01.1: legacy IDE quirk: reg 0x1c: [io  0x0376]
[    2.126424] pci 0000:00:01.3: [8086:7113] type 00 class 0x068000
[    2.134184] pci 0000:00:01.3: quirk: [io  0x0600-0x063f] claimed by PIIX4 ACPI
[    2.138082] pci 0000:00:01.3: quirk: [io  0x0700-0x070f] claimed by PIIX4 SMB
[    2.142946] pci 0000:00:02.0: [1234:1111] type 00 class 0x030000
[    2.163631] pci 0000:00:02.0: reg 0x10: [mem 0xfd000000-0xfdffffff pref]
[    2.176563] pci 0000:00:02.0: reg 0x18: [mem 0xfeb90000-0xfeb90fff]
[    2.195833] pci 0000:00:02.0: reg 0x30: [mem 0xfeb80000-0xfeb8ffff pref]
[    2.212118] pci 0000:00:02.0: Video device with shadowed ROM at [mem 0x000c0000-0x000dffff]
[    2.223819] pci 0000:00:03.0: [1af4:1000] type 00 class 0x020000
[    2.228627] pci 0000:00:03.0: reg 0x10: [io  0xc140-0xc15f]
[    2.233136] pci 0000:00:03.0: reg 0x14: [mem 0xfeb91000-0xfeb91fff]
[    2.241018] pci 0000:00:03.0: reg 0x20: [mem 0xfe000000-0xfe003fff 64bit pref]
[    2.243710] pci 0000:00:03.0: reg 0x30: [mem 0xfeb00000-0xfeb7ffff pref]
[    2.257263] pci 0000:00:04.0: [1af4:1009] type 00 class 0x000200
[    2.262833] pci 0000:00:04.0: reg 0x10: [io  0xc100-0xc13f]
[    2.268213] pci 0000:00:04.0: reg 0x14: [mem 0xfeb92000-0xfeb92fff]
[    2.276497] pci 0000:00:04.0: reg 0x20: [mem 0xfe004000-0xfe007fff 64bit pref]
[    2.288072] pci 0000:00:05.0: [1af4:1001] type 00 class 0x010000
[    2.294843] pci 0000:00:05.0: reg 0x10: [io  0xc000-0xc07f]
[    2.304202] pci 0000:00:05.0: reg 0x14: [mem 0xfeb93000-0xfeb93fff]
[    2.314782] pci 0000:00:05.0: reg 0x20: [mem 0xfe008000-0xfe00bfff 64bit pref]
[    2.329084] pci 0000:00:06.0: [1af4:1001] type 00 class 0x010000
[    2.333789] pci 0000:00:06.0: reg 0x10: [io  0xc080-0xc0ff]
[    2.338275] pci 0000:00:06.0: reg 0x14: [mem 0xfeb94000-0xfeb94fff]
[    2.346648] pci 0000:00:06.0: reg 0x20: [mem 0xfe00c000-0xfe00ffff 64bit pref]
[    2.364251] ACPI: PCI: Interrupt link LNKA configured for IRQ 10
[    2.369282] ACPI: PCI: Interrupt link LNKB configured for IRQ 10
[    2.372227] ACPI: PCI: Interrupt link LNKC configured for IRQ 11
[    2.375750] ACPI: PCI: Interrupt link LNKD configured for IRQ 11
[    2.379341] ACPI: PCI: Interrupt link LNKS configured for IRQ 9
[    2.389648] iommu: Default domain type: Translated
[    2.392007] iommu: DMA domain TLB invalidation policy: lazy mode
[    2.398150] SCSI subsystem initialized
[    2.405567] pps_core: LinuxPPS API ver. 1 registered
[    2.406937] pps_core: Software ver. 5.3.6 - Copyright 2005-2007 Rodolfo Giometti <giometti@linux.it>
[    2.412203] PTP clock support registered
[    2.426940] PCI: Using ACPI for IRQ routing
[    2.448718] hpet: 3 channels of 0 reserved for per-cpu timers
[    2.452496] clocksource: Switched to clocksource kvm-clock
[    2.466009] VFS: Disk quotas dquot_6.6.0
[    2.468496] VFS: Dquot-cache hash table entries: 512 (order 0, 4096 bytes)
[    2.473489] pnp: PnP ACPI init
[    2.477060] pnp: PnP ACPI: found 6 devices
[    2.496008] clocksource: acpi_pm: mask: 0xffffff max_cycles: 0xffffff, max_idle_ns: 2085701024 ns
[    2.501899] NET: Registered PF_INET protocol family
[    2.514821] IP idents hash table entries: 65536 (order: 7, 524288 bytes, linear)
[    2.522146] tcp_listen_portaddr_hash hash table entries: 2048 (order: 3, 32768 bytes, linear)
[    2.528632] Table-perturb hash table entries: 65536 (order: 6, 262144 bytes, linear)
[    2.534360] TCP established hash table entries: 32768 (order: 6, 262144 bytes, linear)
[    2.545002] TCP bind hash table entries: 32768 (order: 8, 1048576 bytes, linear)
[    2.549414] TCP: Hash tables configured (established 32768 bind 32768)
[    2.555904] UDP hash table entries: 2048 (order: 4, 65536 bytes, linear)
[    2.560704] UDP-Lite hash table entries: 2048 (order: 4, 65536 bytes, linear)
[    2.564892] NET: Registered PF_UNIX/PF_LOCAL protocol family
[    2.568505] NET: Registered PF_XDP protocol family
[    2.571237] pci_bus 0000:00: resource 4 [io  0x0000-0x0cf7 window]
[    2.574556] pci_bus 0000:00: resource 5 [io  0x0d00-0xffff window]
[    2.578049] pci_bus 0000:00: resource 6 [mem 0x000a0000-0x000bffff window]
[    2.581732] pci_bus 0000:00: resource 7 [mem 0xc0000000-0xfebfffff window]
[    2.585596] pci_bus 0000:00: resource 8 [mem 0x140000000-0x1bfffffff window]
[    2.589611] pci 0000:00:01.0: PIIX3: Enabling Passive Release
[    2.594372] pci 0000:00:00.0: Limiting direct PCI/PCI transfers
[    2.598227] PCI: CLS 0 bytes, default 64
[    2.604628] PCI-DMA: Using software bounce buffering for IO (SWIOTLB)
[    2.607813] Unpacking initramfs...
[    2.608392] software IO TLB: mapped [mem 0x00000000bbfda000-0x00000000bffda000] (64MB)
[    2.616023] clocksource: tsc: mask: 0xffffffffffffffff max_cycles: 0x285c3ee517e, max_idle_ns: 440795257231 ns
[    2.623382] Initialise system trusted keyrings
[    2.627758] workingset: timestamp_bits=46 max_order=20 bucket_order=0
[    2.631719] zbud: loaded
[    2.634181] Key type asymmetric registered
[    2.636489] Asymmetric key parser 'x509' registered
[    2.641292] Block layer SCSI generic (bsg) driver version 0.4 loaded (major 247)
[    2.645836] io scheduler mq-deadline registered
[    2.648437] io scheduler kyber registered
[    2.650780] io scheduler bfq registered
[    2.654814] ERST DBG: ERST support is disabled.
[    2.670759] ACPI: \_SB_.LNKC: Enabled at IRQ 11
[    2.690420] ACPI: \_SB_.LNKD: Enabled at IRQ 10
[    2.709130] ACPI: \_SB_.LNKA: Enabled at IRQ 10
[    2.727893] ACPI: \_SB_.LNKB: Enabled at IRQ 11
[    2.734987] Serial: 8250/16550 driver, 4 ports, IRQ sharing enabled
[    2.739443] 00:04: ttyS0 at I/O 0x3f8 (irq = 4, base_baud = 115200) is a 16550A
[    2.748422] VMware PVSCSI driver - version 1.0.7.0-k
[    2.756815] scsi host0: ata_piix
[    2.761663] scsi host1: ata_piix
[    2.764449] ata1: PATA max MWDMA2 cmd 0x1f0 ctl 0x3f6 bmdma 0xc160 irq 14
[    2.769219] ata2: PATA max MWDMA2 cmd 0x170 ctl 0x376 bmdma 0xc168 irq 15
[    2.774275] i8042: PNP: PS/2 Controller [PNP0303:KBD,PNP0f13:MOU] at 0x60,0x64 irq 1,12
[    2.787396] serio: i8042 KBD port at 0x60,0x64 irq 1
[    2.790207] serio: i8042 AUX port at 0x60,0x64 irq 12
[    2.793561] rtc_cmos 00:05: RTC can wake from S4
[    2.806233] input: AT Translated Set 2 keyboard as /devices/platform/i8042/serio0/input/input0
[    2.813619] rtc_cmos 00:05: registered as rtc0
[    2.816794] rtc_cmos 00:05: setting system clock to 2026-03-06T02:54:44 UTC (1772765684)
[    2.822468] rtc_cmos 00:05: alarms up to one day, y3k, 242 bytes nvram, hpet irqs
[    2.827236] intel_pstate: CPU model not supported
[    2.830905] gre: GRE over IPv4 demultiplexor driver
[    2.940183] Key type dns_resolver registered
[    2.944415] IPI shorthand broadcast: enabled
[    2.951477] Freeing initrd memory: 9096K
[    2.955505] sched_clock: Marking stable (2570041631, 385189578)->(2951556920, 3674289)
[    2.977319] ata2: found unknown device (class 0)
[    2.982927] registered taskstats version 1
[    2.985025] ata2.00: ATAPI: QEMU DVD-ROM, 2.5+, max UDMA/100
[    2.985653] Loading compiled-in X.509 certificates
[    2.998047] scsi 1:0:0:0: CD-ROM            QEMU     QEMU DVD-ROM     2.5+ PQ: 0 ANSI: 5
[    3.008574] Loaded X.509 cert 'alpinelinux.org: Alpine Linux kernel key: d76a695f66ad9cd28f5c22a8508f36e91f521f7a'
[    3.015943] Key type .fscrypt registered
[    3.018158] Key type fscrypt-provisioning registered
[    3.097458] Freeing unused kernel image (initmem) memory: 2640K
[    3.125396] Write protecting the kernel read-only data: 20480k
[    3.129390] Freeing unused kernel image (rodata/data gap) memory: 184K
[    3.132372] rodata_test: all tests were successful
[    3.134482] Run /init as init process
[    3.163174] Alpine Init 3.9.0-r0
Alpine Init 3.9.[    3.165027] Loading boot drivers...
0-r0
 * Loading boot drivers: [    3.219693] ACPI: bus type USB registered
[    3.221825] usbcore: registered new interface driver usbfs
[    3.224588] usbcore: registered new interface driver hub
[    3.227279] usbcore: registered new device driver usb
[    3.237267] usbcore: registered new interface driver usb-storage
[    3.498082] loop: module loaded
[    3.558661] ACPI: bus type drm_connector registered
[    3.617872] Loading boot drivers: ok.
ok.
[    3.622777] Mounting root...
 * Mounting root: [    3.699945] piix4_smbus 0000:00:01.3: SMBus Host Controller at 0x700, revision 0
[    3.721425] [drm] Found bochs VGA, ID 0xb0c5.
[    3.722874] [drm] Framebuffer size 16384 kB @ 0xfd000000, mmio @ 0xfeb90000.
[    3.731743] [drm] Found EDID data blob.
[    3.733742] [drm] Initialized bochs-drm 1.0.0 20130925 for 0000:00:02.0 on minor 0
[    3.779532] Console: switching to colour frame buffer device 128x48
[    3.783819] bochs-drm 0000:00:02.0: [drm] fb0: bochs-drmdrmfb frame buffer device
[    3.918304] sr 1:0:0:0: [sr0] scsi3-mmc drive: 4x/4x cd/rw xa/form2 tray
[    3.921181] cdrom: Uniform CD-ROM driver Revision: 3.20
[    4.024449] virtio_blk virtio2: 2/0/0 default/read/poll queues
[    4.034279] virtio_blk virtio2: [vda] 8388608 512-byte logical blocks (4.29 GB/4.00 GiB)
[    4.040816] virtio_blk virtio3: 2/0/0 default/read/poll queues
[    4.047221] virtio_blk virtio3: [vdb] 736 512-byte logical blocks (377 kB/368 KiB)
[    4.143898] block sr0: the capability attribute has been deprecated.
[    7.082397] EXT4-fs (vda): mounted filesystem 367ceb5a-a72a-4cc6-9140-e18812d3c81b ro with ordered data mode. Quota mode: none.
[    7.086335] Mounting root: ok.
ok.

   OpenRC 0.52.1 is starting up Linux 6.6.4-1-virt (x86_64)

 * /proc is already mounted
 * Mounting /run ... [ ok ]
 * /run/openrc: creating directory
 * /run/lock: creating directory
 * /run/lock: correcting owner
 * Caching service dependencies ... [ ok ]
 * Remounting devtmpfs on /dev ... [ ok ]
 * Mounting /dev/mqueue ... [ ok ]
 * Mounting security filesystem ... [ ok ]
 * Mounting debug filesystem ... [ ok ]
 * Mounting persistent storage (pstore) filesystem ... [ ok ]
 * Starting busybox mdev ... [ ok ]
 * Scanning hardware for mdev ... [ ok ]
 * Loading hardware drivers ... [ ok ]
 * Loading modules ... [ ok ]
 * Setting system clock using the hardware clock [UTC] ... [ ok ]
 * Checking local filesystems  .../: clean, 8723/65536 files, 158031/262144 blocks
 [ ok ]
 * Remounting root filesystem read/write ... [ ok ]
 * Remounting filesystems ... [ ok ]
 * Activating swap devices ... [ ok ]
 * Mounting local filesystems ... [ ok ]
 * Starting busybox acpid ... [ ok ]
 * Configuring kernel parameters ... [ ok ]
 * Migrating /var/lock to /run/lock ... [ ok ]
 * Creating user login records ... [ ok ]
 * Cleaning /tmp directory ... [ ok ]
Cloud-init v. 23.4 running 'init-local' at Fri, 06 Mar 2026 02:54:53 +0000. Up 12.04 seconds.
 [ ok ]
 * Setting hostname ... [ ok ]
 * Starting busybox syslog ... [ ok ]
 * Mounting cgroup filesystem ... [ ok ]
 * Starting networking ... *   lo ... [ ok ]
 *   eth0 ... [ ok ]
 * /var/log/docker.log: creating file
 * /var/log/docker.log: correcting owner
 * Starting Docker Daemon ... [ ok ]
 * Starting benchmark agent ...
[1A[2Ka257f20c716c: Loading layer  557.1kB/81.04MB[1B[1A[2Ka257f20c716c: Loading layer  3.899MB/81.04MB[1B[1A[2Ka257f20c716c: Loading layer  7.242MB/81.04MB[1B[1A[2Ka257f20c716c: Loading layer  10.03MB/81.04MB[1B[1A[2Ka257f20c716c: Loading layer  13.93MB/81.04MB[1B[1A[2Ka257f20c716c: Loading layer  17.27MB/81.04MB[1B[1A[2Ka257f20c716c: Loading layer  21.73MB/81.04MB[1B[1A[2Ka257f20c716c: Loading layer  25.07MB/81.04MB[1B[1A[2Ka257f20c716c: Loading layer  27.85MB/81.04MB[1B[1A[2Ka257f20c716c: Loading layer  31.75MB/81.04MB[1B[1A[2Ka257f20c716c: Loading layer  35.65MB/81.04MB[1B[1A[2Ka257f20c716c: Loading layer  39.55MB/81.04MB[1B[1A[2Ka257f20c716c: Loading layer  43.45MB/81.04MB[1B[1A[2Ka257f20c716c: Loading layer  47.91MB/81.04MB[1B[1A[2Ka257f20c716c: Loading layer  52.36MB/81.04MB[1B[1A[2Ka257f20c716c: Loading layer  56.82MB/81.04MB[1B[1A[2Ka257f20c716c: Loading layer  62.39MB/81.04MB[1B[1A[2Ka257f20c716c: Loading layer  65.18MB/81.04MB[1B[1A[2Ka257f20c716c: Loading layer  66.85MB/81.04MB[1B[1A[2Ka257f20c716c: Loading layer   67.4MB/81.04MB[1B[1A[2Ka257f20c716c: Loading layer  70.75MB/81.04MB[1B[1A[2Ka257f20c716c: Loading layer  74.09MB/81.04MB[1B[1A[2Ka257f20c716c: Loading layer   75.2MB/81.04MB[1B[1A[2Ka257f20c716c: Loading layer  75.76MB/81.04MB[1B[1A[2Ka257f20c716c: Loading layer  76.87MB/81.04MB[1B[1A[2Ka257f20c716c: Loading layer   79.1MB/81.04MB[1B[1A[2Ka257f20c716c: Loading layer  80.77MB/81.04MB[1B[1A[2Ka257f20c716c: Loading layer  81.04MB/81.04MB[1B
[1A[2Kb0c20bcd44fe: Loading layer  65.54kB/4.123MB[1B[1A[2Kb0c20bcd44fe: Loading layer  1.049MB/4.123MB[1B[1A[2Kb0c20bcd44fe: Loading layer  3.867MB/4.123MB[1B[1A[2Kb0c20bcd44fe: Loading layer  4.123MB/4.123MB[1B[1A[2Kb0c20bcd44fe: Loading layer  4.123MB/4.123MB[1B
[1A[2K5184c31ad48f: Loading layer  458.8kB/43.85MB[1B[1A[2K5184c31ad48f: Loading layer  2.294MB/43.85MB[1B[1A[2K5184c31ad48f: Loading layer   7.34MB/43.85MB[1B[1A[2K5184c31ad48f: Loading layer  10.09MB/43.85MB[1B[1A[2K5184c31ad48f: Loading layer  12.39MB/43.85MB[1B[1A[2K5184c31ad48f: Loading layer  16.52MB/43.85MB[1B[1A[2K5184c31ad48f: Loading layer  18.81MB/43.85MB[1B[1A[2K5184c31ad48f: Loading layer  22.48MB/43.85MB[1B[1A[2K5184c31ad48f: Loading layer  25.23MB/43.85MB[1B[1A[2K5184c31ad48f: Loading layer  27.53MB/43.85MB[1B[1A[2K5184c31ad48f: Loading layer  30.28MB/43.85MB[1B[1A[2K5184c31ad48f: Loading layer  33.03MB/43.85MB[1B[1A[2K5184c31ad48f: Loading layer  34.87MB/43.85MB[1B[1A[2K5184c31ad48f: Loading layer   36.7MB/43.85MB[1B[1A[2K5184c31ad48f: Loading layer  38.54MB/43.85MB[1B[1A[2K5184c31ad48f: Loading layer  41.29MB/43.85MB[1B[1A[2K5184c31ad48f: Loading layer  43.85MB/43.85MB[1B
[1A[2Kfa1d322086e6: Loading layer   5.12kB/5.12kB[1B[1A[2Kfa1d322086e6: Loading layer   5.12kB/5.12kB[1B
[1A[2Kbdf610394df6: Loading layer  22.02kB/22.02kB[1B[1A[2Kbdf610394df6: Loading layer  22.02kB/22.02kB[1B
[1A[2Keb067feb5b8d: Loading layer  9.728kB/9.728kB[1B[1A[2Keb067feb5b8d: Loading layer  9.728kB/9.728kB[1BLoaded image: bench-worker:latest
 [ ok ]
 * Starting chronyd ... [ ok ]
 * Starting cloud-init-hotplugd ... [ ok ]
Cloud-init v. 23.4 running 'init' at Fri, 06 Mar 2026 02:55:26 +0000. Up 44.88 seconds.
ci-info: +++++++++++++++++++++++++++++++++++++++Net device info+++++++++++++++++++++++++++++++++++++++
ci-info: +---------+-------+----------------------------+---------------+--------+-------------------+
ci-info: |  Device |   Up  |          Address           |      Mask     | Scope  |     Hw-Address    |
ci-info: +---------+-------+----------------------------+---------------+--------+-------------------+
ci-info: | docker0 | False |         172.17.0.1         |  255.255.0.0  | global | 02:42:31:4d:e1:d5 |
ci-info: |   eth0  |  True |         10.0.2.15          | 255.255.255.0 | global | 52:54:00:12:34:56 |
ci-info: |   eth0  |  True | fec0::5054:ff:fe12:3456/64 |       .       |  site  | 52:54:00:12:34:56 |
ci-info: |   eth0  |  True | fe80::5054:ff:fe12:3456/64 |       .       |  link  | 52:54:00:12:34:56 |
ci-info: |    lo   |  True |         127.0.0.1          |   255.0.0.0   |  host  |         .         |
ci-info: |    lo   |  True |          ::1/128           |       .       |  host  |         .         |
ci-info: +---------+-------+----------------------------+---------------+--------+-------------------+
ci-info: +++++++++++++++++++++++++++Route IPv4 info++++++++++++++++++++++++++++
ci-info: +-------+-------------+----------+---------------+-----------+-------+
ci-info: | Route | Destination | Gateway  |    Genmask    | Interface | Flags |
ci-info: +-------+-------------+----------+---------------+-----------+-------+
ci-info: |   0   |   0.0.0.0   | 10.0.2.2 |    0.0.0.0    |    eth0   |   UG  |
ci-info: |   1   |   10.0.2.0  | 0.0.0.0  | 255.255.255.0 |    eth0   |   U   |
ci-info: |   2   |  172.17.0.0 | 0.0.0.0  |  255.255.0.0  |  docker0  |   U   |
ci-info: +-------+-------------+----------+---------------+-----------+-------+
ci-info: +++++++++++++++++++Route IPv6 info+++++++++++++++++++
ci-info: +-------+-------------+---------+-----------+-------+
ci-info: | Route | Destination | Gateway | Interface | Flags |
ci-info: +-------+-------------+---------+-----------+-------+
ci-info: |   0   |  fe80::/64  |    ::   |    eth0   |   U   |
ci-info: |   1   |  fec0::/64  |    ::   |    eth0   |   Ue  |
ci-info: |   2   |     ::/0    | fe80::2 |    eth0   |  UGe  |
ci-info: |   4   |    local    |    ::   |    eth0   |   U   |
ci-info: |   5   |    local    |    ::   |    eth0   |   U   |
ci-info: |   6   |  multicast  |    ::   |    eth0   |   U   |
ci-info: +-------+-------------+---------+-----------+-------+
2026-03-06 02:55:26,959 - cloud_config.py[WARNING]: Failed at merging in cloud config part from part-001: empty cloud config
Generating public/private rsa key pair.
Your identification has been saved in /etc/ssh/ssh_host_rsa_key
Your public key has been saved in /etc/ssh/ssh_host_rsa_key.pub
The key fingerprint is:
SHA256:yMJRC7YHjIoQujSqgOs2OK++ZtDR8mzHfxz52+o8umQ root@agent-8
The key's randomart image is:
+---[RSA 3072]----+
|.. o+ .          |
|o ...= .         |
|++ .o o          |
|*.+..+ .         |
|=. =o.o S  .     |
|+.. +.o   o      |
|=  . . . .Eo     |
|+=      .oo.o.   |
|*B+      .o+=+.  |
+----[SHA256]-----+
Generating public/private dsa key pair.
Your identification has been saved in /etc/ssh/ssh_host_dsa_key
Your public key has been saved in /etc/ssh/ssh_host_dsa_key.pub
The key fingerprint is:
SHA256:PDleq/kzoJ3z0Ra0MBWln2NWx2n5Qr24qtZjp3pxzmw root@agent-8
The key's randomart image is:
+---[DSA 1024]----+
|            oo.  |
|           . . oo|
|          o o .+=|
|       . . + +oo+|
|        S . o.B..|
|       ..+ + =.o |
|       o.o+ O.   |
|      . ++oB.E   |
|        +*B==    |
+----[SHA256]-----+
Generating public/private ecdsa key pair.
Your identification has been saved in /etc/ssh/ssh_host_ecdsa_key
Your public key has been saved in /etc/ssh/ssh_host_ecdsa_key.pub
The key fingerprint is:
SHA256:0toUVjGKHcGqIcHZ3SGKSAmWdrFUya2/rQzyfFeapeU root@agent-8
The key's randomart image is:
+---[ECDSA 256]---+
|o+o=+o+o+o+.     |
|o==oo+.=o+ .     |
|o oo. o.=        |
|  . ...o .       |
|   . oo S        |
|    .  *   +     |
|   . .. + O      |
|    + oo * E     |
|     o.oo        |
+----[SHA256]-----+
Generating public/private ed25519 key pair.
Your identification has been saved in /etc/ssh/ssh_host_ed25519_key
Your public key has been saved in /etc/ssh/ssh_host_ed25519_key.pub
The key fingerprint is:
SHA256:vh9JgSVHuvi9UfSBXqOsSn2AZld9XT/L2zSZG+ZPnqY root@agent-8
The key's randomart image is:
+--[ED25519 256]--+
|        ..+     .|
|         *   o  +|
|        o . + =.+|
|       . o * +.+=|
|      . S + = .O.|
|       = = =  o.*|
|        + B .  +o|
|       . o =   +o|
|        o.o  Eo.o|
+----[SHA256]-----+
 [ ok ]
Cloud-init v. 23.4 running 'modules:config' at Fri, 06 Mar 2026 02:55:28 +0000. Up 46.66 seconds.
 [ ok ]
Cloud-init v. 23.4 running 'modules:final' at Fri, 06 Mar 2026 02:55:29 +0000. Up 47.16 seconds.
ci-info: no authorized SSH keys fingerprints found for user alpine.
cloud-init: #############################################################
cloud-init: -----BEGIN SSH HOST KEY FINGERPRINTS-----
cloud-init: 1024 SHA256:PDleq/kzoJ3z0Ra0MBWln2NWx2n5Qr24qtZjp3pxzmw root@agent-8 (DSA)
cloud-init: 256 SHA256:0toUVjGKHcGqIcHZ3SGKSAmWdrFUya2/rQzyfFeapeU root@agent-8 (ECDSA)
cloud-init: 256 SHA256:vh9JgSVHuvi9UfSBXqOsSn2AZld9XT/L2zSZG+ZPnqY root@agent-8 (ED25519)
cloud-init: 3072 SHA256:yMJRC7YHjIoQujSqgOs2OK++ZtDR8mzHfxz52+o8umQ root@agent-8 (RSA)
cloud-init: -----END SSH HOST KEY FINGERPRINTS-----
cloud-init: #############################################################
-----BEGIN SSH HOST KEY KEYS-----
ecdsa-sha2-nistp256 AAAAE2VjZHNhLXNoYTItbmlzdHAyNTYAAAAIbmlzdHAyNTYAAABBBHEEOsrSIFD7qDALuE1QIBJzJ/wUTM7uhrglTQPTnY8Y5FYHoxJPDsv7z+rfkJzdfbrfXrLcPcOgje4DDziHASw= root@agent-8
ssh-ed25519 AAAAC3NzaC1lZDI1NTE5AAAAIG03/sutmMKWEFIYoWV8zeJh2DWAB0WYkIARaWNXtiQ1 root@agent-8
ssh-rsa AAAAB3NzaC1yc2EAAAADAQABAAABgQCtCJM9N46obC3+RNsacvChoEHzMu8p7QndoafDXvy7iq7FUCKilIL4puuu97aykfbcKpz27dYqg7Hpoxy8y0kjkR30r21x7ivd2e7CRHWGH7RoA8jYYuR6KD1pPPqlOb/EW4avXCIL0ppKwGItV2gg+1w83vI1y2L9bdZkrfGhqqKIK9J4lUMvNJ+FGBKr5rS3ZGHU1bf+/UKKrPzHUZs/F/uG9K+nsyfcW3jcRocXxIXxbmwn6TeKr3rsS9CbVZl21EFFU3Zj6QJlswvwcRlNZvfS0AXJrnBdqUyw4ANPrp6O+vXl3I6y3ZcFBNX8WOKlUFTt0iRjNcRSm+y/fuMr9JM1CmijVvLRLykBBlfYpSG2tbmvaYV1xC6pPzSwQvWHITVqwk99UFSEJfq7lum99kMc9cSLoskYIMdniuo1kdKYOyDBAuZouqxNG+Sg3YohzX2lkZQLs0yl2jkkSGq1WL5Kgw6h9FmAo2GlKGEsQ5xKIBTBH0ZmtnjOJdJGQ+U= root@agent-8
-----END SSH HOST KEY KEYS-----
Cloud-init v. 23.4 finished at Fri, 06 Mar 2026 02:55:29 +0000. Datasource DataSourceNoCloud [seed=/dev/vdb][dsmode=net].  Up 47.35 seconds
 [ ok ]

Welcome to Alpine Linux 3.19
Kernel 6.6.4-1-virt on an x86_64 (/dev/ttyS0)

agent-8 login: 