c[?7l[2J[0mSeaBIOS (version 1.15.0-1)


iPXE (https://ipxe.org) 00:03.0 CA00 PCI2.10 PnP PMM+BFF8B380+BFECB380 CA00
Press Ctrl-B to configure iPXE (PCI 00:03.0)...                                                                               


Booting from Hard Disk...

SYSLINUX 6.04 EDD 6.04-pre1 Copyright (C) 1994-2015 H. Peter Anvin et al

SYSLINUX 6.04 6.04-pre1 Copyright (C) 1994-2015 H. Peter Anvin et al
[2Je%@)0(B[0;37;40m[?25l[2J[23;16HAlpine will be booted automatically in [0;1m1[0m seconds[.23;16H[0;37;40mAlpine will be booted automatically in [0;1;37;40m1[0;37;40m seconds.[23;16H                                                 [23;16H[0;37;40m                                                  [?25h[24;1H[0m 
Loading vmlinuz-virt...Loading vmlinuz-virt...  ook
k
Loading initramfs-virt..Loading initramfs-virt....ookk

c[?7l[2J[    0.000000] Linux version 6.6.4-1-virt (buildozer@build-3-19-x86_64) (gcc (Alpine 13.2.1_git20231014) 13.2.1 20231014, GNU ld (GNU Binutils) 2.41) #2-Alpine SMP PREEMPT_DYNAMIC Tue, 05 Dec 2023 20:25:50 +0000
[    0.000000] Command line: BOOT_IMAGE=vmlinuz-virt root=LABEL=/ modules=sd-mod,usb-storage,ext4 console=ttyS0,115200n8 initrd=initramfs-virt
[    0.000000] BIOS-provided physical RAM map:
[    0.000000] BIOS-e820: [mem 0x0000000000000000-0x000000000009fbff] usable
[    0.000000] BIOS-e820: [mem 0x000000000009fc00-0x000000000009ffff] reserved
[    0.000000] BIOS-e820: [mem 0x00000000000f0000-0x00000000000fffff] reserved
[    0.000000] BIOS-e820: [mem 0x0000000000100000-0x00000000bffd9fff] usable
[    0.000000] BIOS-e820: [mem 0x00000000bffda000-0x00000000bfffffff] reserved
[    0.000000] BIOS-e820: [mem 0x00000000feffc000-0x00000000feffffff] reserved
[    0.000000] BIOS-e820: [mem 0x00000000fffc0000-0x00000000ffffffff] reserved
[    0.000000] BIOS-e820: [mem 0x0000000100000000-0x000000013fffffff] usable
[    0.000000] NX (Execute Disable) protection: active
[    0.000000] APIC: Static calls initialized
[    0.000000] SMBIOS 2.8 present.
[    0.000000] DMI: QEMU Standard PC (i440FX + PIIX, 1996), BIOS 1.15.0-1 04/01/2014
[    0.000000] Hypervisor detected: KVM
[    0.000000] kvm-clock: Using msrs 4b564d01 and 4b564d00
[    0.000001] kvm-clock: using sched offset of 2698392601 cycles
[    0.000004] clocksource: kvm-clock: mask: 0xffffffffffffffff max_cycles: 0x1cd42e4dffb, max_idle_ns: 881590591483 ns
[    0.000007] tsc: Detected 2799.998 MHz processor
[    0.001128] last_pfn = 0x140000 max_arch_pfn = 0x400000000
[    0.001518] MTRR map: 4 entries (3 fixed + 1 variable; max 19), built from 8 variable MTRRs
[    0.001533] x86/PAT: Configuration [0-7]: WB  WC  UC- UC  WB  WP  UC- WT  
[    0.002043] last_pfn = 0xbffda max_arch_pfn = 0x400000000
[    0.002533] RAMDISK: [mem 0x7f71e000-0x7fffffff]
[    0.002536] ACPI: Early table checksum verification disabled
[    0.002543] ACPI: RSDP 0x00000000000F59A0 000014 (v00 BOCHS )
[    0.002548] ACPI: RSDT 0x00000000BFFE1975 000034 (v01 BOCHS  BXPC     00000001 BXPC 00000001)
[    0.002555] ACPI: FACP 0x00000000BFFE1821 000074 (v01 BOCHS  BXPC     00000001 BXPC 00000001)
[    0.002608] ACPI: DSDT 0x00000000BFFE0040 0017E1 (v01 BOCHS  BXPC     00000001 BXPC 00000001)
[    0.002613] ACPI: FACS 0x00000000BFFE0000 000040
[    0.002616] ACPI: APIC 0x00000000BFFE1895 000080 (v01 BOCHS  BXPC     00000001 BXPC 00000001)
[    0.002619] ACPI: HPET 0x00000000BFFE1915 000038 (v01 BOCHS  BXPC     00000001 BXPC 00000001)
[    0.002623] ACPI: WAET 0x00000000BFFE194D 000028 (v01 BOCHS  BXPC     00000001 BXPC 00000001)
[    0.002625] ACPI: Reserving FACP table memory at [mem 0xbffe1821-0xbffe1894]
[    0.002626] ACPI: Reserving DSDT table memory at [mem 0xbffe0040-0xbffe1820]
[    0.002627] ACPI: Reserving FACS table memory at [mem 0xbffe0000-0xbffe003f]
[    0.002628] ACPI: Reserving APIC table memory at [mem 0xbffe1895-0xbffe1914]
[    0.002629] ACPI: Reserving HPET table memory at [mem 0xbffe1915-0xbffe194c]
[    0.002629] ACPI: Reserving WAET table memory at [mem 0xbffe194d-0xbffe1974]
[    0.003086] Zone ranges:
[    0.003087]   DMA      [mem 0x0000000000001000-0x0000000000ffffff]
[    0.003089]   DMA32    [mem 0x0000000001000000-0x00000000ffffffff]
[    0.003091]   Normal   [mem 0x0000000100000000-0x000000013fffffff]
[    0.003092] Movable zone start for each node
[    0.003092] Early memory node ranges
[    0.003093]   node   0: [mem 0x0000000000001000-0x000000000009efff]
[    0.003094]   node   0: [mem 0x0000000000100000-0x00000000bffd9fff]
[    0.003095]   node   0: [mem 0x0000000100000000-0x000000013fffffff]
[    0.003096] Initmem setup node 0 [mem 0x0000000000001000-0x000000013fffffff]
[    0.003225] On node 0, zone DMA: 1 pages in unavailable ranges
[    0.004961] On node 0, zone DMA: 97 pages in unavailable ranges
[    0.439698] On node 0, zone Normal: 38 pages in unavailable ranges
[    0.443063] ACPI: PM-Timer IO Port: 0x608
[    0.443106] ACPI: LAPIC_NMI (acpi_id[0xff] dfl dfl lint[0x1])
[    0.443284] IOAPIC[0]: apic_id 0, version 17, address 0xfec00000, GSI 0-23
[    0.443288] ACPI: INT_SRC_OVR (bus 0 bus_irq 0 global_irq 2 dfl dfl)
[    0.443290] ACPI: INT_SRC_OVR (bus 0 bus_irq 5 global_irq 5 high level)
[    0.443292] ACPI: INT_SRC_OVR (bus 0 bus_irq 9 global_irq 9 high level)
[    0.443293] ACPI: INT_SRC_OVR (bus 0 bus_irq 10 global_irq 10 high level)
[    0.443295] ACPI: INT_SRC_OVR (bus 0 bus_irq 11 global_irq 11 high level)
[    0.443299] ACPI: Using ACPI (MADT) for SMP configuration information
[    0.443300] ACPI: HPET id: 0x8086a201 base: 0xfed00000
[    0.443351] smpboot: Allowing 2 CPUs, 0 hotplug CPUs
[    0.443407] kvm-guest: APIC: eoi() replaced with kvm_guest_apic_eoi_write()
[    0.443463] [mem 0xc0000000-0xfeffbfff] available for PCI devices
[    0.443465] Booting paravirtualized kernel on KVM
[    0.443467] clocksource: refined-jiffies: mask: 0xffffffff max_cycles: 0xffffffff, max_idle_ns: 19112604462750000 ns
[    0.447238] setup_percpu: NR_CPUS:256 nr_cpumask_bits:2 nr_cpu_ids:2 nr_node_ids:1
[    0.462780] percpu: Embedded 57 pages/cpu s195048 r8192 d30232 u1048576
[    0.462905] kvm-guest: PV spinlocks disabled, no host support
[    0.462906] Kernel command line: BOOT_IMAGE=vmlinuz-virt root=LABEL=/ modules=sd-mod,usb-storage,ext4 console=ttyS0,115200n8 initrd=initramfs-virt
[    0.462961] Unknown kernel command line parameters "BOOT_IMAGE=vmlinuz-virt modules=sd-mod,usb-storage,ext4", will be passed to user space.
[    0.485689] Dentry cache hash table entries: 524288 (order: 10, 4194304 bytes, linear)
[    0.496848] Inode-cache hash table entries: 262144 (order: 9, 2097152 bytes, linear)
[    0.497073] Built 1 zonelists, mobility grouping on.  Total pages: 1031898
[    0.509828] mem auto-init: stack:all(zero), heap alloc:on, heap free:off
[    0.509837] software IO TLB: area num 2.
[    0.910834] Memory: 4012148K/4193760K available (12288K kernel code, 1744K rwdata, 8008K rodata, 2640K init, 2300K bss, 181352K reserved, 0K cma-reserved)
[    0.916740] SLUB: HWalign=64, Order=0-3, MinObjects=0, CPUs=2, Nodes=1
[    0.916906] Kernel/User page tables isolation: enabled
[    0.919467] Dynamic Preempt: none
[    0.919699] rcu: Preemptible hierarchical RCU implementation.
[    0.919700] rcu: 	RCU restricting CPUs from NR_CPUS=256 to nr_cpu_ids=2.
[    0.919702] 	Trampoline variant of Tasks RCU enabled.
[    0.919703] 	Tracing variant of Tasks RCU enabled.
[    0.919704] rcu: RCU calculated value of scheduler-enlistment delay is 10 jiffies.
[    0.919705] rcu: Adjusting geometry for rcu_fanout_leaf=16, nr_cpu_ids=2
[    0.925652] NR_IRQS: 16640, nr_irqs: 440, preallocated irqs: 16
[    0.926207] rcu: srcu_init: Setting srcu_struct sizes based on contention.
[    0.926357] kfence: initialized - using 2097152 bytes for 255 objects at 0x(____ptrval____)-0x(____ptrval____)
[    0.951665] Console: colour VGA+ 80x25
[    0.951839] printk: console [ttyS0] enabled
[    1.303336] ACPI: Core revision 20230628
[    1.309423] clocksource: hpet: mask: 0xffffffff max_cycles: 0xffffffff, max_idle_ns: 19112604467 ns
[    1.318516] APIC: Switch to symmetric I/O mode setup
[    1.323796] x2apic enabled
[    1.328506] APIC: Switched APIC routing to: physical x2apic
[    1.340110] ..TIMER: vector=0x30 apic1=0 pin1=2 apic2=-1 pin2=-1
[    1.343416] clocksource: tsc-early: mask: 0xffffffffffffffff max_cycles: 0x285c3ee517e, max_idle_ns: 440795257231 ns
[    1.349197] Calibrating delay loop (skipped) preset value.. 5599.99 BogoMIPS (lpj=27999980)
[    1.354793] Last level iTLB entries: 4KB 0, 2MB 0, 4MB 0
[    1.359363] Last level dTLB entries: 4KB 0, 2MB 0, 4MB 0, 1GB 0
[    1.366455] Spectre V1 : Mitigation: usercopy/swapgs barriers and __user pointer sanitization
[    1.368975] Spectre V2 : Mitigation: Retpolines
[    1.371612] Spectre V2 : Spectre v2 / SpectreRSB mitigation: Filling RSB on context switch
[    1.378977] Spectre V2 : Spectre v2 / SpectreRSB : Filling RSB on VMEXIT
[    1.382447] Speculative Store Bypass: Vulnerable
[    1.387300] MDS: Vulnerable: Clear CPU buffers attempted, no microcode
[    1.388973] MMIO Stale Data: Unknown: No mitigations
[    1.391878] x86/fpu: x87 FPU will use FXSAVE
[    1.462465] Freeing SMP alternatives memory: 32K
[    1.464930] pid_max: default: 32768 minimum: 301
[    1.468132] LSM: initializing lsm=capability,landlock,lockdown,integrity
[    1.469768] landlock: Up and running.
[    1.472349] Mount-cache hash table entries: 8192 (order: 4, 65536 bytes, linear)
[    1.480983] Mountpoint-cache hash table entries: 8192 (order: 4, 65536 bytes, linear)
[    1.608969] smpboot: CPU0: Intel QEMU Virtual CPU version 2.5+ (family: 0xf, model: 0x6b, stepping: 0x1)
[    1.609784] RCU Tasks: Setting shift to 1 and lim to 1 rcu_task_cb_adjust=1.
[    1.613870] RCU Tasks Trace: Setting shift to 1 and lim to 1 rcu_task_cb_adjust=1.
[    1.618260] Performance Events: unsupported Netburst CPU model 107 no PMU driver, software events only.
[    1.619341] signal: max sigframe size: 1440
[    1.622113] rcu: Hierarchical SRCU implementation.
[    1.628973] rcu: 	Max phase no-delay instances is 1000.
[    1.635431] NMI watchdog: Perf NMI watchdog permanently disabled
[    1.639310] smp: Bringing up secondary CPUs ...
[    1.643342] smpboot: x86: Booting SMP configuration:
[    1.646191] .... node  #0, CPUs:      #1
[    1.670980] smp: Brought up 1 node, 2 CPUs
[    1.673727] smpboot: Max logical packages: 1
[    1.678980] ----------------
[    1.680550] | NMI testsuite:
[    1.682117] --------------------
[    1.683898]   remote IPI:  ok  |
[    1.683973]    local IPI:  ok  |
[    1.688997] --------------------
[    1.690853] Good, all   2 testcases passed! |
[    1.693372] ---------------------------------
[    1.695857] smpboot: Total of 2 processors activated (11199.99 BogoMIPS)
[    1.701483] devtmpfs: initialized
[    1.701483] x86/mm: Memory block size: 128MB
[    1.710252] clocksource: jiffies: mask: 0xffffffff max_cycles: 0xffffffff, max_idle_ns: 19112604462750000 ns
[    1.714809] futex hash table entries: 512 (order: 3, 32768 bytes, linear)
[    1.735167] NET: Registered PF_NETLINK/PF_ROUTE protocol family
[    1.742247] audit: initializing netlink subsys (disabled)
[    1.749287] audit: type=2000 audit(1772765684.032:1): state=initialized audit_enabled=0 res=1
[    1.749445] thermal_sys: Registered thermal governor 'step_wise'
[    1.755033] cpuidle: using governor ladder
[    1.761301] cpuidle: using governor menu
[    1.763606] acpiphp: ACPI Hot Plug PCI Controller Driver version: 0.5
[    1.764597] PCI: Using configuration type 1 for base access
[    1.770208] kprobes: kprobe jump-optimization is enabled. All kprobes are optimized if possible.
[    1.780177] HugeTLB: registered 2.00 MiB page size, pre-allocated 0 pages
[    1.784340] HugeTLB: 28 KiB vmemmap can be freed for a 2.00 MiB page
[    1.789685] ACPI: Added _OSI(Module Device)
[    1.791633] ACPI: Added _OSI(Processor Device)
[    1.794044] ACPI: Added _OSI(3.0 _SCP Extensions)
[    1.796556] ACPI: Added _OSI(Processor Aggregator Device)
[    1.799668] ACPI: 1 ACPI AML tables successfully acquired and loaded
[    1.809015] ACPI: _OSC evaluation for CPUs failed, trying _PDC
[    1.812359] ACPI: Interpreter enabled
[    1.816280] ACPI: PM: (supports S0 S3 S5)
[    1.818982] ACPI: Using IOAPIC for interrupt routing
[    1.821872] PCI: Using host bridge windows from ACPI; if necessary, use "pci=nocrs" and report a bug
[    1.828975] PCI: Using E820 reservations for host bridge windows
[    1.832475] ACPI: Enabled 2 GPEs in block 00 to 0F
[    1.842839] ACPI: PCI Root Bridge [PCI0] (domain 0000 [bus 00-ff])
[    1.846487] acpi PNP0A03:00: _OSC: OS supports [ASPM ClockPM Segments MSI HPX-Type3]
[    1.848976] acpi PNP0A03:00: _OSC: not requesting OS control; OS requires [ExtendedConfig ASPM ClockPM MSI]
[    1.854539] acpi PNP0A03:00: fail to add MMCONFIG information, can't access extended configuration space under this bridge
[    1.859614] acpiphp: Slot [3] registered
[    1.862132] acpiphp: Slot [4] registered
[    1.864457] acpiphp: Slot [5] registered
[    1.869026] acpiphp: Slot [6] registered
[    1.871429] acpiphp: Slot [7] registered
[    1.873825] acpiphp: Slot [8] registered
[    1.876151] acpiphp: Slot [9] registered
[    1.879031] acpiphp: Slot [10] registered
[    1.881310] acpiphp: Slot [11] registered
[    1.883597] acpiphp: Slot [12] registered
[    1.885749] acpiphp: Slot [13] registered
[    1.889025] acpiphp: Slot [14] registered
[    1.891307] acpiphp: Slot [15] registered
[    1.893467] acpiphp: Slot [16] registered
[    1.895811] acpiphp: Slot [17] registered
[    1.898233] acpiphp: Slot [18] registered
[    1.899024] acpiphp: Slot [19] registered
[    1.901414] acpiphp: Slot [20] registered
[    1.903688] acpiphp: Slot [21] registered
[    1.905860] acpiphp: Slot [22] registered
[    1.909029] acpiphp: Slot [23] registered
[    1.911403] acpiphp: Slot [24] registered
[    1.913757] acpiphp: Slot [25] registered
[    1.916318] acpiphp: Slot [26] registered
[    1.919085] acpiphp: Slot [27] registered
[    1.921641] acpiphp: Slot [28] registered
[    1.924002] acpiphp: Slot [29] registered
[    1.927007] acpiphp: Slot [30] registered
[    1.929038] acpiphp: Slot [31] registered
[    1.931573] PCI host bridge to bus 0000:00
[    1.933874] pci_bus 0000:00: root bus resource [io  0x0000-0x0cf7 window]
[    1.938985] pci_bus 0000:00: root bus resource [io  0x0d00-0xffff window]
[    1.943189] pci_bus 0000:00: root bus resource [mem 0x000a0000-0x000bffff window]
[    1.947578] pci_bus 0000:00: root bus resource [mem 0xc0000000-0xfebfffff window]
[    1.948980] pci_bus 0000:00: root bus resource [mem 0x140000000-0x1bfffffff window]
[    1.953246] pci_bus 0000:00: root bus resource [bus 00-ff]
[    1.959400] pci 0000:00:00.0: [8086:1237] type 00 class 0x060000
[    1.966067] pci 0000:00:01.0: [8086:7000] type 00 class 0x060100
[    1.972025] pci 0000:00:01.1: [8086:7010] type 00 class 0x010180
[    1.980840] pci 0000:00:01.1: reg 0x20: [io  0xc160-0xc16f]
[    1.985519] pci 0000:00:01.1: legacy IDE quirk: reg 0x10: [io  0x01f0-0x01f7]
[    1.988976] pci 0000:00:01.1: legacy IDE quirk: reg 0x14: [io  0x03f6]
[    1.992555] pci 0000:00:01.1: legacy IDE quirk: reg 0x18: [io  0x0170-0x0177]
[    1.996600] pci 0000:00:01.1: legacy IDE quirk: reg 0x1c: [io  0x0376]
[    2.000389] pci 0000:00:01.3: [8086:7113] type 00 class 0x068000
[    2.006063] pci 0000:00:01.3: quirk: [io  0x0600-0x063f] claimed by PIIX4 ACPI
[    2.009026] pci 0000:00:01.3: quirk: [io  0x0700-0x070f] claimed by PIIX4 SMB
[    2.019110] pci 0000:00:02.0: [1234:1111] type 00 class 0x030000
[    2.030715] pci 0000:00:02.0: reg 0x10: [mem 0xfd000000-0xfdffffff pref]
[    2.051078] pci 0000:00:02.0: reg 0x18: [mem 0xfeb90000-0xfeb90fff]
[    2.073486] pci 0000:00:02.0: reg 0x30: [mem 0xfeb80000-0xfeb8ffff pref]
[    2.091735] pci 0000:00:02.0: Video device with shadowed ROM at [mem 0x000c0000-0x000dffff]
[    2.103659] pci 0000:00:03.0: [1af4:1000] type 00 class 0x020000
[    2.108684] pci 0000:00:03.0: reg 0x10: [io  0xc140-0xc15f]
[    2.110017] pci 0000:00:03.0: reg 0x14: [mem 0xfeb91000-0xfeb91fff]
[    2.120851] pci 0000:00:03.0: reg 0x20: [mem 0xfe000000-0xfe003fff 64bit pref]
[    2.126836] pci 0000:00:03.0: reg 0x30: [mem 0xfeb00000-0xfeb7ffff pref]
[    2.133684] pci 0000:00:04.0: [1af4:1009] type 00 class 0x000200
[    2.140398] pci 0000:00:04.0: reg 0x10: [io  0xc100-0xc13f]
[    2.144696] pci 0000:00:04.0: reg 0x14: [mem 0xfeb92000-0xfeb92fff]
[    2.151180] pci 0000:00:04.0: reg 0x20: [mem 0xfe004000-0xfe007fff 64bit pref]
[    2.161542] pci 0000:00:05.0: [1af4:1001] type 00 class 0x010000
[    2.166903] pci 0000:00:05.0: reg 0x10: [io  0xc000-0xc07f]
[    2.170375] pci 0000:00:05.0: reg 0x14: [mem 0xfeb93000-0xfeb93fff]
[    2.178977] pci 0000:00:05.0: reg 0x20: [mem 0xfe008000-0xfe00bfff 64bit pref]
[    2.189416] pci 0000:00:06.0: [1af4:1001] type 00 class 0x010000
[    2.194230] pci 0000:00:06.0: reg 0x10: [io  0xc080-0xc0ff]
[    2.198975] pci 0000:00:06.0: reg 0x14: [mem 0xfeb94000-0xfeb94fff]
[    2.206318] pci 0000:00:06.0: reg 0x20: [mem 0xfe00c000-0xfe00ffff 64bit pref]
[    2.219256] ACPI: PCI: Interrupt link LNKA configured for IRQ 10
[    2.222761] ACPI: PCI: Interrupt link LNKB configured for IRQ 10
[    2.229048] ACPI: PCI: Interrupt link LNKC configured for IRQ 11
[    2.232585] ACPI: PCI: Interrupt link LNKD configured for IRQ 11
[    2.236057] ACPI: PCI: Interrupt link LNKS configured for IRQ 9
[    2.251485] iommu: Default domain type: Translated
[    2.254195] iommu: DMA domain TLB invalidation policy: lazy mode
[    2.261690] SCSI subsystem initialized
[    2.269601] pps_core: LinuxPPS API ver. 1 registered
[    2.272536] pps_core: Software ver. 5.3.6 - Copyright 2005-2007 Rodolfo Giometti <giometti@linux.it>
[    2.274729] PTP clock support registered
[    2.284474] PCI: Using ACPI for IRQ routing
[    2.290896] hpet: 3 channels of 0 reserved for per-cpu timers
[    2.299104] clocksource: Switched to clocksource kvm-clock
[    2.321000] VFS: Disk quotas dquot_6.6.0
[    2.323772] VFS: Dquot-cache hash table entries: 512 (order 0, 4096 bytes)
[    2.328859] pnp: PnP ACPI init
[    2.332816] pnp: PnP ACPI: found 6 devices
[    2.357185] clocksource: acpi_pm: mask: 0xffffff max_cycles: 0xffffff, max_idle_ns: 2085701024 ns
[    2.364682] NET: Registered PF_INET protocol family
[    2.373852] IP idents hash table entries: 65536 (order: 7, 524288 bytes, linear)
[    2.382263] tcp_listen_portaddr_hash hash table entries: 2048 (order: 3, 32768 bytes, linear)
[    2.390361] Table-perturb hash table entries: 65536 (order: 6, 262144 bytes, linear)
[    2.397569] TCP established hash table entries: 32768 (order: 6, 262144 bytes, linear)
[    2.408408] TCP bind hash table entries: 32768 (order: 8, 1048576 bytes, linear)
[    2.412653] TCP: Hash tables configured (established 32768 bind 32768)
[    2.418057] UDP hash table entries: 2048 (order: 4, 65536 bytes, linear)
[    2.422336] UDP-Lite hash table entries: 2048 (order: 4, 65536 bytes, linear)
[    2.426727] NET: Registered PF_UNIX/PF_LOCAL protocol family
[    2.429884] NET: Registered PF_XDP protocol family
[    2.432720] pci_bus 0000:00: resource 4 [io  0x0000-0x0cf7 window]
[    2.436149] pci_bus 0000:00: resource 5 [io  0x0d00-0xffff window]
[    2.439542] pci_bus 0000:00: resource 6 [mem 0x000a0000-0x000bffff window]
[    2.443675] pci_bus 0000:00: resource 7 [mem 0xc0000000-0xfebfffff window]
[    2.447490] pci_bus 0000:00: resource 8 [mem 0x140000000-0x1bfffffff window]
[    2.452447] pci 0000:00:01.0: PIIX3: Enabling Passive Release
[    2.457616] pci 0000:00:00.0: Limiting direct PCI/PCI transfers
[    2.461411] PCI: CLS 0 bytes, default 64
[    2.463850] PCI-DMA: Using software bounce buffering for IO (SWIOTLB)
[    2.464690] Unpacking initramfs...
[    2.467406] software IO TLB: mapped [mem 0x00000000bbfda000-0x00000000bffda000] (64MB)
[    2.474250] clocksource: tsc: mask: 0xffffffffffffffff max_cycles: 0x285c3ee517e, max_idle_ns: 440795257231 ns
[    2.481451] Initialise system trusted keyrings
[    2.484716] workingset: timestamp_bits=46 max_order=20 bucket_order=0
[    2.488380] zbud: loaded
[    2.490514] Key type asymmetric registered
[    2.492858] Asymmetric key parser 'x509' registered
[    2.495867] Block layer SCSI generic (bsg) driver version 0.4 loaded (major 247)
[    2.501685] io scheduler mq-deadline registered
[    2.504222] io scheduler kyber registered
[    2.506519] io scheduler bfq registered
[    2.510116] ERST DBG: ERST support is disabled.
[    2.532358] ACPI: \_SB_.LNKC: Enabled at IRQ 11
[    2.553856] ACPI: \_SB_.LNKD: Enabled at IRQ 10
[    2.572897] ACPI: \_SB_.LNKA: Enabled at IRQ 10
[    2.591591] ACPI: \_SB_.LNKB: Enabled at IRQ 11
[    2.604299] Serial: 8250/16550 driver, 4 ports, IRQ sharing enabled
[    2.608536] 00:04: ttyS0 at I/O 0x3f8 (irq = 4, base_baud = 115200) is a 16550A
[    2.615838] VMware PVSCSI driver - version 1.0.7.0-k
[    2.622694] scsi host0: ata_piix
[    2.633019] scsi host1: ata_piix
[    2.634969] ata1: PATA max MWDMA2 cmd 0x1f0 ctl 0x3f6 bmdma 0xc160 irq 14
[    2.638613] ata2: PATA max MWDMA2 cmd 0x170 ctl 0x376 bmdma 0xc168 irq 15
[    2.643286] i8042: PNP: PS/2 Controller [PNP0303:KBD,PNP0f13:MOU] at 0x60,0x64 irq 1,12
[    2.651305] serio: i8042 KBD port at 0x60,0x64 irq 1
[    2.654102] serio: i8042 AUX port at 0x60,0x64 irq 12
[    2.657471] rtc_cmos 00:05: RTC can wake from S4
[    2.666186] input: AT Translated Set 2 keyboard as /devices/platform/i8042/serio0/input/input0
[    2.673715] rtc_cmos 00:05: registered as rtc0
[    2.677026] rtc_cmos 00:05: setting system clock to 2026-03-06T02:54:44 UTC (1772765684)
[    2.682427] rtc_cmos 00:05: alarms up to one day, y3k, 242 bytes nvram, hpet irqs
[    2.687310] intel_pstate: CPU model not supported
[    2.690842] gre: GRE over IPv4 demultiplexor driver
[    2.813729] ata2: found unknown device (class 0)
[    2.820198] Key type dns_resolver registered
[    2.823702] IPI shorthand broadcast: enabled
[    2.831250] sched_clock: Marking stable (2430343267, 392742182)->(2831707638, -8622189)
[    2.831746] Freeing initrd memory: 9096K
[    2.843331] registered taskstats version 1
[    2.844444] ata2.00: ATAPI: QEMU DVD-ROM, 2.5+, max UDMA/100
[    2.846429] Loading compiled-in X.509 certificates
[    2.875909] scsi 1:0:0:0: CD-ROM            QEMU     QEMU DVD-ROM     2.5+ PQ: 0 ANSI: 5
[    2.881789] Loaded X.509 cert 'alpinelinux.org: Alpine Linux kernel key: d76a695f66ad9cd28f5c22a8508f36e91f521f7a'
[    2.889062] Key type .fscrypt registered
[    2.891337] Key type fscrypt-provisioning registered
[    2.935570] Freeing unused kernel image (initmem) memory: 2640K
[    2.962992] Write protecting the kernel read-only data: 20480k
[    2.968360] Freeing unused kernel image (rodata/data gap) memory: 184K
[    2.970565] rodata_test: all tests were successful
[    2.972160] Run /init as init process
[    3.000777] Alpine Init 3.9.0-r0
Alpine Init 3.9.0-r0
[    3.003103] Loading boot drivers...
 * Loading boot drivers: [    3.043796] ACPI: bus type USB registered
[    3.045213] usbcore: registered new interface driver usbfs
[    3.046932] usbcore: registered new interface driver hub
[    3.048612] usbcore: registered new device driver usb
[    3.054852] usbcore: registered new interface driver usb-storage
[    3.261703] loop: module loaded
[    3.305066] ACPI: bus type drm_connector registered
[    3.336798] Loading boot drivers: ok.
ok.
[    3.340072] Mounting root...
 * Mounting root: [    3.390438] piix4_smbus 0000:00:01.3: SMBus Host Controller at 0x700, revision 0
[    3.411006] [drm] Found bochs VGA, ID 0xb0c5.
[    3.412406] [drm] Framebuffer size 16384 kB @ 0xfd000000, mmio @ 0xfeb90000.
[    3.421090] [drm] Found EDID data blob.
[    3.422748] [drm] Initialized bochs-drm 1.0.0 20130925 for 0000:00:02.0 on minor 0
[    3.460139] Console: switching to colour frame buffer device 128x48
[    3.462665] bochs-drm 0000:00:02.0: [drm] fb0: bochs-drmdrmfb frame buffer device
[    3.625487] sr 1:0:0:0: [sr0] scsi3-mmc drive: 4x/4x cd/rw xa/form2 tray
[    3.627928] cdrom: Uniform CD-ROM driver Revision: 3.20
[    3.710570] virtio_blk virtio2: 2/0/0 default/read/poll queues
[    3.717247] virtio_blk virtio2: [vda] 8388608 512-byte logical blocks (4.29 GB/4.00 GiB)
[    3.721660] virtio_blk virtio3: 2/0/0 default/read/poll queues
[    3.727870] virtio_blk virtio3: [vdb] 736 512-byte logical blocks (377 kB/368 KiB)
[    3.805006] block sr0: the capability attribute has been deprecated.
[    6.649461] EXT4-fs (vda): mounted filesystem 367ceb5a-a72a-4cc6-9140-e18812d3c81b ro with ordered data mode. Quota mode: none.
[    6.653367] Mounting root: ok.
ok.

   OpenRC 0.52.1 is starting up Linux 6.6.4-1-virt (x86_64)

 * /proc is already mounted
 * Mounting /run ... [ ok ]
 * /run/openrc: creating directory
 * /run/lock: creating directory
 * /run/lock: correcting owner
 * Caching service dependencies ... [ ok ]
 * Remounting devtmpfs on /dev ... [ ok ]
 * Mounting /dev/mqueue ... [ ok ]
 * Mounting security filesystem ... [ ok ]
 * Mounting debug filesystem ... [ ok ]
 * Mounting persistent storage (pstore) filesystem ... [ ok ]
 * Starting busybox mdev ... [ ok ]
 * Scanning hardware for mdev ... [ ok ]
 * Loading hardware drivers ... [ ok ]
 * Loading modules ... [ ok ]
 * Setting system clock using the hardware clock [UTC] ... [ ok ]
 * Checking local filesystems  .../: clean, 8723/65536 files, 158031/262144 blocks
 [ ok ]
 * Remounting root filesystem read/write ... [ ok ]
 * Remounting filesystems ... [ ok ]
 * Activating swap devices ... [ ok ]
 * Mounting local filesystems ... [ ok ]
 * Starting busybox acpid ... [ ok ]
 * Configuring kernel parameters ... [ ok ]
 * Migrating /var/lock to /run/lock ... [ ok ]
 * Creating user login records ... [ ok ]
 * Cleaning /tmp directory ... [ ok ]
Cloud-init v. 23.4 running 'init-local' at Fri, 06 Mar 2026 02:54:52 +0000. Up 11.28 seconds.
 [ ok ]
 * Setting hostname ... [ ok ]
 * Starting busybox syslog ... [ ok ]
 * Mounting cgroup filesystem ... [ ok ]
 * Starting networking ... *   lo ... [ ok ]
 *   eth0 ... [ ok ]
 * /var/log/docker.log: creating file
 * /var/log/docker.log: correcting owner
 * Starting Docker Daemon ... [ ok ]
 * Starting benchmark agent ...
[1A[2Ka257f20c716c: Loading layer  557.1kB/81.04MB[1B[1A[2Ka257f20c716c: Loading layer  3.342MB/81.04MB[1B[1A[2Ka257f20c716c: Loading layer  6.685MB/81.04MB[1B[1A[2Ka257f20c716c: Loading layer  8.913MB/81.04MB[1B[1A[2Ka257f20c716c: Loading layer   11.7MB/81.04MB[1B[1A[2Ka257f20c716c: Loading layer  16.15MB/81.04MB[1B[1A[2Ka257f20c716c: Loading layer  20.61MB/81.04MB[1B[1A[2Ka257f20c716c: Loading layer  23.95MB/81.04MB[1B[1A[2Ka257f20c716c: Loading layer  25.62MB/81.04MB[1B[1A[2Ka257f20c716c: Loading layer   27.3MB/81.04MB[1B[1A[2Ka257f20c716c: Loading layer   31.2MB/81.04MB[1B[1A[2Ka257f20c716c: Loading layer  36.21MB/81.04MB[1B[1A[2Ka257f20c716c: Loading layer  40.67MB/81.04MB[1B[1A[2Ka257f20c716c: Loading layer  45.12MB/81.04MB[1B[1A[2Ka257f20c716c: Loading layer  49.58MB/81.04MB[1B[1A[2Ka257f20c716c: Loading layer  54.03MB/81.04MB[1B[1A[2Ka257f20c716c: Loading layer  55.71MB/81.04MB[1B[1A[2Ka257f20c716c: Loading layer  61.28MB/81.04MB[1B[1A[2Ka257f20c716c: Loading layer   63.5MB/81.04MB[1B[1A[2Ka257f20c716c: Loading layer  65.73MB/81.04MB[1B[1A[2Ka257f20c716c: Loading layer  66.85MB/81.04MB[1B[1A[2Ka257f20c716c: Loading layer  67.96MB/81.04MB[1B[1A[2Ka257f20c716c: Loading layer  72.42MB/81.04MB[1B[1A[2Ka257f20c716c: Loading layer  74.09MB/81.04MB[1B[1A[2Ka257f20c716c: Loading layer   75.2MB/81.04MB[1B[1A[2Ka257f20c716c: Loading layer  75.76MB/81.04MB[1B[1A[2Ka257f20c716c: Loading layer  77.99MB/81.04MB[1B[1A[2Ka257f20c716c: Loading layer   79.1MB/81.04MB[1B[1A[2Ka257f20c716c: Loading layer  80.77MB/81.04MB[1B[1A[2Ka257f20c716c: Loading layer  81.04MB/81.04MB[1B
[1A[2Kb0c20bcd44fe: Loading layer  65.54kB/4.123MB[1B[1A[2Kb0c20bcd44fe: Loading layer  1.114MB/4.123MB[1B[1A[2Kb0c20bcd44fe: Loading layer  2.425MB/4.123MB[1B[1A[2Kb0c20bcd44fe: Loading layer  4.123MB/4.123MB[1B[1A[2Kb0c20bcd44fe: Loading layer  4.123MB/4.123MB[1B
[1A[2K5184c31ad48f: Loading layer  458.8kB/43.85MB[1B[1A[2K5184c31ad48f: Loading layer  1.835MB/43.85MB[1B[1A[2K5184c31ad48f: Loading layer  5.505MB/43.85MB[1B[1A[2K5184c31ad48f: Loading layer  9.175MB/43.85MB[1B[1A[2K5184c31ad48f: Loading layer  11.01MB/43.85MB[1B[1A[2K5184c31ad48f: Loading layer   13.3MB/43.85MB[1B[1A[2K5184c31ad48f: Loading layer  16.97MB/43.85MB[1B[1A[2K5184c31ad48f: Loading layer  19.27MB/43.85MB[1B[1A[2K5184c31ad48f: Loading layer  22.94MB/43.85MB[1B[1A[2K5184c31ad48f: Loading layer  25.69MB/43.85MB[1B[1A[2K5184c31ad48f: Loading layer  27.53MB/43.85MB[1B[1A[2K5184c31ad48f: Loading layer  29.82MB/43.85MB[1B[1A[2K5184c31ad48f: Loading layer  32.57MB/43.85MB[1B[1A[2K5184c31ad48f: Loading layer  34.41MB/43.85MB[1B[1A[2K5184c31ad48f: Loading layer  36.24MB/43.85MB[1B[1A[2K5184c31ad48f: Loading layer  37.62MB/43.85MB[1B[1A[2K5184c31ad48f: Loading layer  39.91MB/43.85MB[1B[1A[2K5184c31ad48f: Loading layer  41.75MB/43.85MB[1B[1A[2K5184c31ad48f: Loading layer  43.85MB/43.85MB[1B
[1A[2Kfa1d322086e6: Loading layer   5.12kB/5.12kB[1B[1A[2Kfa1d322086e6: Loading layer   5.12kB/5.12kB[1B
[1A[2Kbdf610394df6: Loading layer  22.02kB/22.02kB[1B[1A[2Kbdf610394df6: Loading layer  22.02kB/22.02kB[1B
[1A[2Keb067feb5b8d: Loading layer  9.728kB/9.728kB[1B[1A[2Keb067feb5b8d: Loading layer  9.728kB/9.728kB[1BLoaded image: bench-worker:latest
 [ ok ]
 * Starting chronyd ... [ ok ]
 * Starting cloud-init-hotplugd ... [ ok ]
Cloud-init v. 23.4 running 'init' at Fri, 06 Mar 2026 02:55:26 +0000. Up 45.08 seconds.
ci-info: +++++++++++++++++++++++++++++++++++++++Net device info+++++++++++++++++++++++++++++++++++++++
ci-info: +---------+-------+----------------------------+---------------+--------+-------------------+
ci-info: |  Device |   Up  |          Address           |      Mask     | Scope  |     Hw-Address    |
ci-info: +---------+-------+----------------------------+---------------+--------+-------------------+
ci-info: | docker0 | False |         172.17.0.1         |  255.255.0.0  | global | 02:42:6e:e5:10:ae |
ci-info: |   eth0  |  True |         10.0.2.15          | 255.255.255.0 | global | 52:54:00:12:34:56 |
ci-info: |   eth0  |  True | fec0::5054:ff:fe12:3456/64 |       .       |  site  | 52:54:00:12:34:56 |
ci-info: |   eth0  |  True | fe80::5054:ff:fe12:3456/64 |       .       |  link  | 52:54:00:12:34:56 |
ci-info: |    lo   |  True |         127.0.0.1          |   255.0.0.0   |  host  |         .         |
ci-info: |    lo   |  True |          ::1/128           |       .       |  host  |         .         |
ci-info: +---------+-------+----------------------------+---------------+--------+-------------------+
ci-info: +++++++++++++++++++++++++++Route IPv4 info++++++++++++++++++++++++++++
ci-info: +-------+-------------+----------+---------------+-----------+-------+
ci-info: | Route | Destination | Gateway  |    Genmask    | Interface | Flags |
ci-info: +-------+-------------+----------+---------------+-----------+-------+
ci-info: |   0   |   0.0.0.0   | 10.0.2.2 |    0.0.0.0    |    eth0   |   UG  |
ci-info: |   1   |   10.0.2.0  | 0.0.0.0  | 255.255.255.0 |    eth0   |   U   |
ci-info: |   2   |  172.17.0.0 | 0.0.0.0  |  255.255.0.0  |  docker0  |   U   |
ci-info: +-------+-------------+----------+---------------+-----------+-------+
ci-info: +++++++++++++++++++Route IPv6 info+++++++++++++++++++
ci-info: +-------+-------------+---------+-----------+-------+
ci-info: | Route | Destination | Gateway | Interface | Flags |
ci-info: +-------+-------------+---------+-----------+-------+
ci-info: |   0   |  fe80::/64  |    ::   |    eth0   |   U   |
ci-info: |   1   |  fec0::/64  |    ::   |    eth0   |   Ue  |
ci-info: |   2   |     ::/0    | fe80::2 |    eth0   |  UGe  |
ci-info: |   4   |    local    |    ::   |    eth0   |   U   |
ci-info: |   5   |    local    |    ::   |    eth0   |   U   |
ci-info: |   6   |  multicast  |    ::   |    eth0   |   U   |
ci-info: +-------+-------------+---------+-----------+-------+
2026-03-06 02:55:26,737 - cloud_config.py[WARNING]: Failed at merging in cloud config part from part-001: empty cloud config
Generating public/private rsa key pair.
Your identification has been saved in /etc/ssh/ssh_host_rsa_key
Your public key has been saved in /etc/ssh/ssh_host_rsa_key.pub
The key fingerprint is:
SHA256:xDMWBnS3itITYb0ars6elk/TqIA3gHRN6R8mau9f+r8 root@agent-18
The key's randomart image is:
+---[RSA 3072]----+
|     o*o+ .      |
|    oo =.o .     |
| . .... *..      |
|o .  +.B.+       |
|o   o.BoS        |
| o o .o=         |
|. = .o+ ..       |
| . ++= .o        |
|   +Booo...E.    |
+----[SHA256]-----+
Generating public/private dsa key pair.
Your identification has been saved in /etc/ssh/ssh_host_dsa_key
Your public key has been saved in /etc/ssh/ssh_host_dsa_key.pub
The key fingerprint is:
SHA256:CMOExAoMWjv06wLw4MrNqyZKbl+jMV473Q+tpiLA6XE root@agent-18
The key's randomart image is:
+---[DSA 1024]----+
|+o+..            |
|o+o=             |
|=.o =            |
|+o . + .         |
|o.o . . S        |
|o*oE      .      |
|oo==.+. .. .     |
|++.oBoo. oo      |
|*oo=..o.o...     |
+----[SHA256]-----+
Generating public/private ecdsa key pair.
Your identification has been saved in /etc/ssh/ssh_host_ecdsa_key
Your public key has been saved in /etc/ssh/ssh_host_ecdsa_key.pub
The key fingerprint is:
SHA256:gvseb3eN24SeNBWL14cs17JdkZ0aE+kwiSrE6sG6Zu0 root@agent-18
The key's randomart image is:
+---[ECDSA 256]---+
|    .     . ...  |
|     o   . + .. +|
|  . o   .   +o.+.|
|   + o .     ++*.|
|  o o o S   o.O =|
| . . . .     * +o|
|  o . .     +oo .|
| + . . o. .oo=.  |
|o .E .o... .+..  |
+----[SHA256]-----+
Generating public/private ed25519 key pair.
Your identification has been saved in /etc/ssh/ssh_host_ed25519_key
Your public key has been saved in /etc/ssh/ssh_host_ed25519_key.pub
The key fingerprint is:
SHA256:CEIwVMyZOVNafNm9QfCV4WKIm6gl4+mjAqmgNOyp6Qs root@agent-18
The key's randomart image is:
+--[ED25519 256]--+
|+o=.*o  o.+. oo  |
| o Oo. o..ooo.   |
|  ..+ .. . +o.   |
|   . ...o ...    |
|.. o o.oS        |
|++. *            |
|E o+             |
|=+..             |
|*+o..            |
+----[SHA256]-----+
 [ ok ]
Cloud-init v. 23.4 running 'modules:config' at Fri, 06 Mar 2026 02:55:27 +0000. Up 46.42 seconds.
 [ ok ]
Cloud-init v. 23.4 running 'modules:final' at Fri, 06 Mar 2026 02:55:28 +0000. Up 46.89 seconds.
ci-info: no authorized SSH keys fingerprints found for user alpine.
cloud-init: #############################################################
cloud-init: -----BEGIN SSH HOST KEY FINGERPRINTS-----
cloud-init: 1024 SHA256:CMOExAoMWjv06wLw4MrNqyZKbl+jMV473Q+tpiLA6XE root@agent-18 (DSA)
cloud-init: 256 SHA256:gvseb3eN24SeNBWL14cs17JdkZ0aE+kwiSrE6sG6Zu0 root@agent-18 (ECDSA)
cloud-init: 256 SHA256:CEIwVMyZOVNafNm9QfCV4WKIm6gl4+mjAqmgNOyp6Qs root@agent-18 (ED25519)
cloud-init: 3072 SHA256:xDMWBnS3itITYb0ars6elk/TqIA3gHRN6R8mau9f+r8 root@agent-18 (RSA)
cloud-init: -----END SSH HOST KEY FINGERPRINTS-----
cloud-init: #############################################################
-----BEGIN SSH HOST KEY KEYS-----
ecdsa-sha2-nistp256 AAAAE2VjZHNhLXNoYTItbmlzdHAyNTYAAAAIbmlzdHAyNTYAAABBBEPcA+JWF29rAnMSUew9EmCqCZ4xy/FV55GHt3erFoqmrot3BWTmx0mkSelace4+ZQtt0HlAN5ojI3VYR6uw2a8= root@agent-18
ssh-ed25519 AAAAC3NzaC1lZDI1NTE5AAAAILWfoB5v3GTEW3P4C6kAjZzG97d8akCAULzKp+KrRrRJ root@agent-18
ssh-rsa AAAAB3NzaC1yc2EAAAADAQABAAABgQCx0Lez3RjBFiqLA+AT/dOmALCP3ZwSL7wlWNrtTE+bbby+Qo7sQSZ3IwU3/JEEyWqpc7YyVfnJqOAMY7xiebQNskmUJA+7xn0jx5754HwqX46XPBYG/8VTSufpYPtCKhBN6h575vgrW7LlsF4hA3FvDikOWydTn60Ow57SUkhdNCp/ubmzzEsgvHo5GKKirBE8CTYsR7I5RN0s4P7x9tSwoB/HwFla5dE8NzX+HMTBzE9Q5aCbHDwPOqp3OkFEvDbWYC4JoHocNe22WZoZeW3XvBrvPE47lYgm0YFSlbw4KHB9GspSFf1NX0dHaI45VPcy8WNhIakidqclFeS3RpurLoQrqC7cAaSdg7DHkbbvhOy800J4k3Kv/XdZcJugqThKOLy6x5eBkmeDI2Dsw4Vn5/NcA5bXz7u7jA9M20OUU8f2QBQ7lbaUKt4O/SfUxVoHCFTSlwGQX74gEH2WS9/VSq/3NC4te+VCpnqjcFR4i7IDHBqjFmd2fw42WloNlfc= root@agent-18
-----END SSH HOST KEY KEYS-----
Cloud-init v. 23.4 finished at Fri, 06 Mar 2026 02:55:28 +0000. Datasource DataSourceNoCloud [seed=/dev/vdb][dsmode=net].  Up 47.02 seconds
 [ ok ]

Welcome to Alpine Linux 3.19
Kernel 6.6.4-1-virt on an x86_64 (/dev/ttyS0)

agent-18 login: 