c[?7l[2J[0mSeaBIOS (version 1.15.0-1)


iPXE (https://ipxe.org) 00:03.0 CA00 PCI2.10 PnP PMM+BFF8B380+BFECB380 CA00
Press Ctrl-B to configure iPXE (PCI 00:03.0)...                                                                               


Booting from Hard Disk...

SYSLINUX 6.04 EDD 6.04-pre1 Copyright (C) 1994-2015 H. Peter Anvin et al

SYSLINUX 6.04 6.04-pre1 Copyright (C) 1994-2015 H. Peter Anvin et al
[2Je%@)0(B[0;37;40m[?25l[2J[23;16HAlpine will be booted automatically in [0;1m1[0m seconds[23;16H[0;37;40mAlpine wil.l be booted automatically in [0;1;37;40m1[0;37;40m seconds.[23;16H                                                 [23;16H[0;37;40m                                                  [?25h[24;1H[0m 
Loading vmlinuz-virt...Loading vmlinuz-virt...  ook
k
Loading initramfs-virt..Loading initramfs-virt....ookk

c[?7l[2J[    0.000000] Linux version 6.6.4-1-virt (buildozer@build-3-19-x86_64) (gcc (Alpine 13.2.1_git20231014) 13.2.1 20231014, GNU ld (GNU Binutils) 2.41) #2-Alpine SMP PREEMPT_DYNAMIC Tue, 05 Dec 2023 20:25:50 +0000
[    0.000000] Command line: BOOT_IMAGE=vmlinuz-virt root=LABEL=/ modules=sd-mod,usb-storage,ext4 console=ttyS0,115200n8 initrd=initramfs-virt
[    0.000000] BIOS-provided physical RAM map:
[    0.000000] BIOS-e820: [mem 0x0000000000000000-0x000000000009fbff] usable
[    0.000000] BIOS-e820: [mem 0x000000000009fc00-0x000000000009ffff] reserved
[    0.000000] BIOS-e820: [mem 0x00000000000f0000-0x00000000000fffff] reserved
[    0.000000] BIOS-e820: [mem 0x0000000000100000-0x00000000bffd9fff] usable
[    0.000000] BIOS-e820: [mem 0x00000000bffda000-0x00000000bfffffff] reserved
[    0.000000] BIOS-e820: [mem 0x00000000feffc000-0x00000000feffffff] reserved
[    0.000000] BIOS-e820: [mem 0x00000000fffc0000-0x00000000ffffffff] reserved
[    0.000000] BIOS-e820: [mem 0x0000000100000000-0x000000013fffffff] usable
[    0.000000] NX (Execute Disable) protection: active
[    0.000000] APIC: Static calls initialized
[    0.000000] SMBIOS 2.8 present.
[    0.000000] DMI: QEMU Standard PC (i440FX + PIIX, 1996), BIOS 1.15.0-1 04/01/2014
[    0.000000] Hypervisor detected: KVM
[    0.000000] kvm-clock: Using msrs 4b564d01 and 4b564d00
[    0.000001] kvm-clock: using sched offset of 2676990696 cycles
[    0.000003] clocksource: kvm-clock: mask: 0xffffffffffffffff max_cycles: 0x1cd42e4dffb, max_idle_ns: 881590591483 ns
[    0.000006] tsc: Detected 2799.998 MHz processor
[    0.002015] last_pfn = 0x140000 max_arch_pfn = 0x400000000
[    0.002398] MTRR map: 4 entries (3 fixed + 1 variable; max 19), built from 8 variable MTRRs
[    0.002415] x86/PAT: Configuration [0-7]: WB  WC  UC- UC  WB  WP  UC- WT  
[    0.002915] last_pfn = 0xbffda max_arch_pfn = 0x400000000
[    0.003258] RAMDISK: [mem 0x7f71e000-0x7fffffff]
[    0.003260] ACPI: Early table checksum verification disabled
[    0.003266] ACPI: RSDP 0x00000000000F59A0 000014 (v00 BOCHS )
[    0.003270] ACPI: RSDT 0x00000000BFFE1975 000034 (v01 BOCHS  BXPC     00000001 BXPC 00000001)
[    0.003276] ACPI: FACP 0x00000000BFFE1821 000074 (v01 BOCHS  BXPC     00000001 BXPC 00000001)
[    0.003320] ACPI: DSDT 0x00000000BFFE0040 0017E1 (v01 BOCHS  BXPC     00000001 BXPC 00000001)
[    0.003325] ACPI: FACS 0x00000000BFFE0000 000040
[    0.003328] ACPI: APIC 0x00000000BFFE1895 000080 (v01 BOCHS  BXPC     00000001 BXPC 00000001)
[    0.003331] ACPI: HPET 0x00000000BFFE1915 000038 (v01 BOCHS  BXPC     00000001 BXPC 00000001)
[    0.003334] ACPI: WAET 0x00000000BFFE194D 000028 (v01 BOCHS  BXPC     00000001 BXPC 00000001)
[    0.003336] ACPI: Reserving FACP table memory at [mem 0xbffe1821-0xbffe1894]
[    0.003337] ACPI: Reserving DSDT table memory at [mem 0xbffe0040-0xbffe1820]
[    0.003338] ACPI: Reserving FACS table memory at [mem 0xbffe0000-0xbffe003f]
[    0.003339] ACPI: Reserving APIC table memory at [mem 0xbffe1895-0xbffe1914]
[    0.003339] ACPI: Reserving HPET table memory at [mem 0xbffe1915-0xbffe194c]
[    0.003340] ACPI: Reserving WAET table memory at [mem 0xbffe194d-0xbffe1974]
[    0.003784] Zone ranges:
[    0.003786]   DMA      [mem 0x0000000000001000-0x0000000000ffffff]
[    0.003788]   DMA32    [mem 0x0000000001000000-0x00000000ffffffff]
[    0.003789]   Normal   [mem 0x0000000100000000-0x000000013fffffff]
[    0.003790] Movable zone start for each node
[    0.003791] Early memory node ranges
[    0.003791]   node   0: [mem 0x0000000000001000-0x000000000009efff]
[    0.003792]   node   0: [mem 0x0000000000100000-0x00000000bffd9fff]
[    0.003793]   node   0: [mem 0x0000000100000000-0x000000013fffffff]
[    0.003795] Initmem setup node 0 [mem 0x0000000000001000-0x000000013fffffff]
[    0.003931] On node 0, zone DMA: 1 pages in unavailable ranges
[    0.007378] On node 0, zone DMA: 97 pages in unavailable ranges
[    0.452516] On node 0, zone Normal: 38 pages in unavailable ranges
[    0.457159] ACPI: PM-Timer IO Port: 0x608
[    0.457646] ACPI: LAPIC_NMI (acpi_id[0xff] dfl dfl lint[0x1])
[    0.459752] IOAPIC[0]: apic_id 0, version 17, address 0xfec00000, GSI 0-23
[    0.459799] ACPI: INT_SRC_OVR (bus 0 bus_irq 0 global_irq 2 dfl dfl)
[    0.459802] ACPI: INT_SRC_OVR (bus 0 bus_irq 5 global_irq 5 high level)
[    0.459845] ACPI: INT_SRC_OVR (bus 0 bus_irq 9 global_irq 9 high level)
[    0.459892] ACPI: INT_SRC_OVR (bus 0 bus_irq 10 global_irq 10 high level)
[    0.459894] ACPI: INT_SRC_OVR (bus 0 bus_irq 11 global_irq 11 high level)
[    0.459944] ACPI: Using ACPI (MADT) for SMP configuration information
[    0.459987] ACPI: HPET id: 0x8086a201 base: 0xfed00000
[    0.460341] smpboot: Allowing 2 CPUs, 0 hotplug CPUs
[    0.461182] kvm-guest: APIC: eoi() replaced with kvm_guest_apic_eoi_write()
[    0.462167] [mem 0xc0000000-0xfeffbfff] available for PCI devices
[    0.462211] Booting paravirtualized kernel on KVM
[    0.462343] clocksource: refined-jiffies: mask: 0xffffffff max_cycles: 0xffffffff, max_idle_ns: 19112604462750000 ns
[    0.473975] setup_percpu: NR_CPUS:256 nr_cpumask_bits:2 nr_cpu_ids:2 nr_node_ids:1
[    0.486495] percpu: Embedded 57 pages/cpu s195048 r8192 d30232 u1048576
[    0.490709] kvm-guest: PV spinlocks disabled, no host support
[    0.490733] Kernel command line: BOOT_IMAGE=vmlinuz-virt root=LABEL=/ modules=sd-mod,usb-storage,ext4 console=ttyS0,115200n8 initrd=initramfs-virt
[    0.492511] Unknown kernel command line parameters "BOOT_IMAGE=vmlinuz-virt modules=sd-mod,usb-storage,ext4", will be passed to user space.
[    0.515496] Dentry cache hash table entries: 524288 (order: 10, 4194304 bytes, linear)
[    0.526923] Inode-cache hash table entries: 262144 (order: 9, 2097152 bytes, linear)
[    0.527778] Built 1 zonelists, mobility grouping on.  Total pages: 1031898
[    0.546377] mem auto-init: stack:all(zero), heap alloc:on, heap free:off
[    0.546576] software IO TLB: area num 2.
[    0.952517] Memory: 4012144K/4193760K available (12288K kernel code, 1744K rwdata, 8008K rodata, 2640K init, 2300K bss, 181356K reserved, 0K cma-reserved)
[    0.958864] SLUB: HWalign=64, Order=0-3, MinObjects=0, CPUs=2, Nodes=1
[    0.959222] Kernel/User page tables isolation: enabled
[    0.979064] Dynamic Preempt: none
[    0.979529] rcu: Preemptible hierarchical RCU implementation.
[    0.979549] rcu: 	RCU restricting CPUs from NR_CPUS=256 to nr_cpu_ids=2.
[    0.979570] 	Trampoline variant of Tasks RCU enabled.
[    0.979591] 	Tracing variant of Tasks RCU enabled.
[    0.979611] rcu: RCU calculated value of scheduler-enlistment delay is 10 jiffies.
[    0.979613] rcu: Adjusting geometry for rcu_fanout_leaf=16, nr_cpu_ids=2
[    0.990284] NR_IRQS: 16640, nr_irqs: 440, preallocated irqs: 16
[    0.991206] rcu: srcu_init: Setting srcu_struct sizes based on contention.
[    0.991550] kfence: initialized - using 2097152 bytes for 255 objects at 0x(____ptrval____)-0x(____ptrval____)
[    1.022038] Console: colour VGA+ 80x25
[    1.022524] printk: console [ttyS0] enabled
[    1.357770] ACPI: Core revision 20230628
[    1.361384] clocksource: hpet: mask: 0xffffffff max_cycles: 0xffffffff, max_idle_ns: 19112604467 ns
[    1.372176] APIC: Switch to symmetric I/O mode setup
[    1.376939] x2apic enabled
[    1.380586] APIC: Switched APIC routing to: physical x2apic
[    1.391187] ..TIMER: vector=0x30 apic1=0 pin1=2 apic2=-1 pin2=-1
[    1.394842] clocksource: tsc-early: mask: 0xffffffffffffffff max_cycles: 0x285c3ee517e, max_idle_ns: 440795257231 ns
[    1.400888] Calibrating delay loop (skipped) preset value.. 5599.99 BogoMIPS (lpj=27999980)
[    1.412028] Last level iTLB entries: 4KB 0, 2MB 0, 4MB 0
[    1.415270] Last level dTLB entries: 4KB 0, 2MB 0, 4MB 0, 1GB 0
[    1.421003] Spectre V1 : Mitigation: usercopy/swapgs barriers and __user pointer sanitization
[    1.425444] Spectre V2 : Mitigation: Retpolines
[    1.428669] Spectre V2 : Spectre v2 / SpectreRSB mitigation: Filling RSB on context switch
[    1.430858] Spectre V2 : Spectre v2 / SpectreRSB : Filling RSB on VMEXIT
[    1.434924] Speculative Store Bypass: Vulnerable
[    1.440945] MDS: Vulnerable: Clear CPU buffers attempted, no microcode
[    1.445091] MMIO Stale Data: Unknown: No mitigations
[    1.448161] x86/fpu: x87 FPU will use FXSAVE
[    1.521706] Freeing SMP alternatives memory: 32K
[    1.524364] pid_max: default: 32768 minimum: 301
[    1.527684] LSM: initializing lsm=capability,landlock,lockdown,integrity
[    1.531613] landlock: Up and running.
[    1.534162] Mount-cache hash table entries: 8192 (order: 4, 65536 bytes, linear)
[    1.539011] Mountpoint-cache hash table entries: 8192 (order: 4, 65536 bytes, linear)
[    1.667867] smpboot: CPU0: Intel QEMU Virtual CPU version 2.5+ (family: 0xf, model: 0x6b, stepping: 0x1)
[    1.670854] RCU Tasks: Setting shift to 1 and lim to 1 rcu_task_cb_adjust=1.
[    1.671059] RCU Tasks Trace: Setting shift to 1 and lim to 1 rcu_task_cb_adjust=1.
[    1.675974] Performance Events: unsupported Netburst CPU model 107 no PMU driver, software events only.
[    1.681186] signal: max sigframe size: 1440
[    1.685025] rcu: Hierarchical SRCU implementation.
[    1.690863] rcu: 	Max phase no-delay instances is 1000.
[    1.695718] NMI watchdog: Perf NMI watchdog permanently disabled
[    1.701096] smp: Bringing up secondary CPUs ...
[    1.704908] smpboot: x86: Booting SMP configuration:
[    1.707710] .... node  #0, CPUs:      #1
[    1.722861] smp: Brought up 1 node, 2 CPUs
[    1.725272] smpboot: Max logical packages: 1
[    1.730862] ----------------
[    1.732436] | NMI testsuite:
[    1.734065] --------------------
[    1.735806]   remote IPI:  ok  |
[    1.735896]    local IPI:  ok  |
[    1.735896] --------------------
[    1.740860] Good, all   2 testcases passed! |
[    1.743309] ---------------------------------
[    1.745845] smpboot: Total of 2 processors activated (11199.99 BogoMIPS)
[    1.753366] devtmpfs: initialized
[    1.753366] x86/mm: Memory block size: 128MB
[    1.761385] clocksource: jiffies: mask: 0xffffffff max_cycles: 0xffffffff, max_idle_ns: 19112604462750000 ns
[    1.766872] futex hash table entries: 512 (order: 3, 32768 bytes, linear)
[    1.791960] NET: Registered PF_NETLINK/PF_ROUTE protocol family
[    1.796003] audit: initializing netlink subsys (disabled)
[    1.801034] audit: type=2000 audit(1772765683.960:1): state=initialized audit_enabled=0 res=1
[    1.801098] thermal_sys: Registered thermal governor 'step_wise'
[    1.805493] cpuidle: using governor ladder
[    1.813265] cpuidle: using governor menu
[    1.816018] acpiphp: ACPI Hot Plug PCI Controller Driver version: 0.5
[    1.822234] PCI: Using configuration type 1 for base access
[    1.826812] kprobes: kprobe jump-optimization is enabled. All kprobes are optimized if possible.
[    1.832107] HugeTLB: registered 2.00 MiB page size, pre-allocated 0 pages
[    1.836867] HugeTLB: 28 KiB vmemmap can be freed for a 2.00 MiB page
[    1.841611] ACPI: Added _OSI(Module Device)
[    1.850861] ACPI: Added _OSI(Processor Device)
[    1.854000] ACPI: Added _OSI(3.0 _SCP Extensions)
[    1.857335] ACPI: Added _OSI(Processor Aggregator Device)
[    1.861810] ACPI: 1 ACPI AML tables successfully acquired and loaded
[    1.868123] ACPI: _OSC evaluation for CPUs failed, trying _PDC
[    1.871005] ACPI: Interpreter enabled
[    1.873543] ACPI: PM: (supports S0 S3 S5)
[    1.880891] ACPI: Using IOAPIC for interrupt routing
[    1.885689] PCI: Using host bridge windows from ACPI; if necessary, use "pci=nocrs" and report a bug
[    1.890859] PCI: Using E820 reservations for host bridge windows
[    1.894301] ACPI: Enabled 2 GPEs in block 00 to 0F
[    1.902949] ACPI: PCI Root Bridge [PCI0] (domain 0000 [bus 00-ff])
[    1.906442] acpi PNP0A03:00: _OSC: OS supports [ASPM ClockPM Segments MSI HPX-Type3]
[    1.910591] acpi PNP0A03:00: _OSC: not requesting OS control; OS requires [ExtendedConfig ASPM ClockPM MSI]
[    1.910873] acpi PNP0A03:00: fail to add MMCONFIG information, can't access extended configuration space under this bridge
[    1.921419] acpiphp: Slot [3] registered
[    1.923675] acpiphp: Slot [4] registered
[    1.925909] acpiphp: Slot [5] registered
[    1.928153] acpiphp: Slot [6] registered
[    1.930908] acpiphp: Slot [7] registered
[    1.933103] acpiphp: Slot [8] registered
[    1.935273] acpiphp: Slot [9] registered
[    1.937512] acpiphp: Slot [10] registered
[    1.940996] acpiphp: Slot [11] registered
[    1.943258] acpiphp: Slot [12] registered
[    1.945471] acpiphp: Slot [13] registered
[    1.947654] acpiphp: Slot [14] registered
[    1.949955] acpiphp: Slot [15] registered
[    1.950912] acpiphp: Slot [16] registered
[    1.953181] acpiphp: Slot [17] registered
[    1.955435] acpiphp: Slot [18] registered
[    1.960879] acpiphp: Slot [19] registered
[    1.963201] acpiphp: Slot [20] registered
[    1.965576] acpiphp: Slot [21] registered
[    1.967967] acpiphp: Slot [22] registered
[    1.970914] acpiphp: Slot [23] registered
[    1.973271] acpiphp: Slot [24] registered
[    1.975482] acpiphp: Slot [25] registered
[    1.977828] acpiphp: Slot [26] registered
[    1.980306] acpiphp: Slot [27] registered
[    1.980914] acpiphp: Slot [28] registered
[    1.983294] acpiphp: Slot [29] registered
[    1.985733] acpiphp: Slot [30] registered
[    1.988161] acpiphp: Slot [31] registered
[    1.990908] PCI host bridge to bus 0000:00
[    1.993567] pci_bus 0000:00: root bus resource [io  0x0000-0x0cf7 window]
[    1.997276] pci_bus 0000:00: root bus resource [io  0x0d00-0xffff window]
[    2.000859] pci_bus 0000:00: root bus resource [mem 0x000a0000-0x000bffff window]
[    2.005303] pci_bus 0000:00: root bus resource [mem 0xc0000000-0xfebfffff window]
[    2.010858] pci_bus 0000:00: root bus resource [mem 0x140000000-0x1bfffffff window]
[    2.015382] pci_bus 0000:00: root bus resource [bus 00-ff]
[    2.020868] pci 0000:00:00.0: [8086:1237] type 00 class 0x060000
[    2.031109] pci 0000:00:01.0: [8086:7000] type 00 class 0x060100
[    2.042432] pci 0000:00:01.1: [8086:7010] type 00 class 0x010180
[    2.049603] pci 0000:00:01.1: reg 0x20: [io  0xc160-0xc16f]
[    2.052498] pci 0000:00:01.1: legacy IDE quirk: reg 0x10: [io  0x01f0-0x01f7]
[    2.057192] pci 0000:00:01.1: legacy IDE quirk: reg 0x14: [io  0x03f6]
[    2.060860] pci 0000:00:01.1: legacy IDE quirk: reg 0x18: [io  0x0170-0x0177]
[    2.065019] pci 0000:00:01.1: legacy IDE quirk: reg 0x1c: [io  0x0376]
[    2.071979] pci 0000:00:01.3: [8086:7113] type 00 class 0x068000
[    2.078143] pci 0000:00:01.3: quirk: [io  0x0600-0x063f] claimed by PIIX4 ACPI
[    2.080921] pci 0000:00:01.3: quirk: [io  0x0700-0x070f] claimed by PIIX4 SMB
[    2.086387] pci 0000:00:02.0: [1234:1111] type 00 class 0x030000
[    2.102791] pci 0000:00:02.0: reg 0x10: [mem 0xfd000000-0xfdffffff pref]
[    2.116985] pci 0000:00:02.0: reg 0x18: [mem 0xfeb90000-0xfeb90fff]
[    2.135236] pci 0000:00:02.0: reg 0x30: [mem 0xfeb80000-0xfeb8ffff pref]
[    2.152803] pci 0000:00:02.0: Video device with shadowed ROM at [mem 0x000c0000-0x000dffff]
[    2.171958] pci 0000:00:03.0: [1af4:1000] type 00 class 0x020000
[    2.176817] pci 0000:00:03.0: reg 0x10: [io  0xc140-0xc15f]
[    2.181402] pci 0000:00:03.0: reg 0x14: [mem 0xfeb91000-0xfeb91fff]
[    2.189466] pci 0000:00:03.0: reg 0x20: [mem 0xfe000000-0xfe003fff 64bit pref]
[    2.192008] pci 0000:00:03.0: reg 0x30: [mem 0xfeb00000-0xfeb7ffff pref]
[    2.203725] pci 0000:00:04.0: [1af4:1009] type 00 class 0x000200
[    2.208603] pci 0000:00:04.0: reg 0x10: [io  0xc100-0xc13f]
[    2.211989] pci 0000:00:04.0: reg 0x14: [mem 0xfeb92000-0xfeb92fff]
[    2.220863] pci 0000:00:04.0: reg 0x20: [mem 0xfe004000-0xfe007fff 64bit pref]
[    2.233082] pci 0000:00:05.0: [1af4:1001] type 00 class 0x010000
[    2.238270] pci 0000:00:05.0: reg 0x10: [io  0xc000-0xc07f]
[    2.242232] pci 0000:00:05.0: reg 0x14: [mem 0xfeb93000-0xfeb93fff]
[    2.251446] pci 0000:00:05.0: reg 0x20: [mem 0xfe008000-0xfe00bfff 64bit pref]
[    2.262273] pci 0000:00:06.0: [1af4:1001] type 00 class 0x010000
[    2.267915] pci 0000:00:06.0: reg 0x10: [io  0xc080-0xc0ff]
[    2.272179] pci 0000:00:06.0: reg 0x14: [mem 0xfeb94000-0xfeb94fff]
[    2.280862] pci 0000:00:06.0: reg 0x20: [mem 0xfe00c000-0xfe00ffff 64bit pref]
[    2.296180] ACPI: PCI: Interrupt link LNKA configured for IRQ 10
[    2.300151] ACPI: PCI: Interrupt link LNKB configured for IRQ 10
[    2.301137] ACPI: PCI: Interrupt link LNKC configured for IRQ 11
[    2.304579] ACPI: PCI: Interrupt link LNKD configured for IRQ 11
[    2.307969] ACPI: PCI: Interrupt link LNKS configured for IRQ 9
[    2.315159] iommu: Default domain type: Translated
[    2.320862] iommu: DMA domain TLB invalidation policy: lazy mode
[    2.326998] SCSI subsystem initialized
[    2.331753] pps_core: LinuxPPS API ver. 1 registered
[    2.334578] pps_core: Software ver. 5.3.6 - Copyright 2005-2007 Rodolfo Giometti <giometti@linux.it>
[    2.335807] PTP clock support registered
[    2.345191] PCI: Using ACPI for IRQ routing
[    2.352434] hpet: 3 channels of 0 reserved for per-cpu timers
[    2.356286] clocksource: Switched to clocksource kvm-clock
[    2.370308] VFS: Disk quotas dquot_6.6.0
[    2.372614] VFS: Dquot-cache hash table entries: 512 (order 0, 4096 bytes)
[    2.383435] pnp: PnP ACPI init
[    2.386284] pnp: PnP ACPI: found 6 devices
[    2.416040] clocksource: acpi_pm: mask: 0xffffff max_cycles: 0xffffff, max_idle_ns: 2085701024 ns
[    2.424562] NET: Registered PF_INET protocol family
[    2.431495] IP idents hash table entries: 65536 (order: 7, 524288 bytes, linear)
[    2.439476] tcp_listen_portaddr_hash hash table entries: 2048 (order: 3, 32768 bytes, linear)
[    2.446701] Table-perturb hash table entries: 65536 (order: 6, 262144 bytes, linear)
[    2.453588] TCP established hash table entries: 32768 (order: 6, 262144 bytes, linear)
[    2.467405] TCP bind hash table entries: 32768 (order: 8, 1048576 bytes, linear)
[    2.472365] TCP: Hash tables configured (established 32768 bind 32768)
[    2.478956] UDP hash table entries: 2048 (order: 4, 65536 bytes, linear)
[    2.484105] UDP-Lite hash table entries: 2048 (order: 4, 65536 bytes, linear)
[    2.489374] NET: Registered PF_UNIX/PF_LOCAL protocol family
[    2.494471] NET: Registered PF_XDP protocol family
[    2.498513] pci_bus 0000:00: resource 4 [io  0x0000-0x0cf7 window]
[    2.502773] pci_bus 0000:00: resource 5 [io  0x0d00-0xffff window]
[    2.507039] pci_bus 0000:00: resource 6 [mem 0x000a0000-0x000bffff window]
[    2.511719] pci_bus 0000:00: resource 7 [mem 0xc0000000-0xfebfffff window]
[    2.516462] pci_bus 0000:00: resource 8 [mem 0x140000000-0x1bfffffff window]
[    2.521975] pci 0000:00:01.0: PIIX3: Enabling Passive Release
[    2.526159] pci 0000:00:00.0: Limiting direct PCI/PCI transfers
[    2.530655] PCI: CLS 0 bytes, default 64
[    2.533031] PCI-DMA: Using software bounce buffering for IO (SWIOTLB)
[    2.534357] Unpacking initramfs...
[    2.536655] software IO TLB: mapped [mem 0x00000000bbfda000-0x00000000bffda000] (64MB)
[    2.544140] clocksource: tsc: mask: 0xffffffffffffffff max_cycles: 0x285c3ee517e, max_idle_ns: 440795257231 ns
[    2.552786] Initialise system trusted keyrings
[    2.556788] workingset: timestamp_bits=46 max_order=20 bucket_order=0
[    2.560506] zbud: loaded
[    2.562764] Key type asymmetric registered
[    2.565094] Asymmetric key parser 'x509' registered
[    2.571048] Block layer SCSI generic (bsg) driver version 0.4 loaded (major 247)
[    2.576777] io scheduler mq-deadline registered
[    2.579351] io scheduler kyber registered
[    2.584538] io scheduler bfq registered
[    2.589156] ERST DBG: ERST support is disabled.
[    2.605602] ACPI: \_SB_.LNKC: Enabled at IRQ 11
[    2.624632] ACPI: \_SB_.LNKD: Enabled at IRQ 10
[    2.645028] ACPI: \_SB_.LNKA: Enabled at IRQ 10
[    2.665573] ACPI: \_SB_.LNKB: Enabled at IRQ 11
[    2.674105] Serial: 8250/16550 driver, 4 ports, IRQ sharing enabled
[    2.679074] 00:04: ttyS0 at I/O 0x3f8 (irq = 4, base_baud = 115200) is a 16550A
[    2.700006] VMware PVSCSI driver - version 1.0.7.0-k
[    2.710417] scsi host0: ata_piix
[    2.714170] scsi host1: ata_piix
[    2.716585] ata1: PATA max MWDMA2 cmd 0x1f0 ctl 0x3f6 bmdma 0xc160 irq 14
[    2.720442] ata2: PATA max MWDMA2 cmd 0x170 ctl 0x376 bmdma 0xc168 irq 15
[    2.725743] i8042: PNP: PS/2 Controller [PNP0303:KBD,PNP0f13:MOU] at 0x60,0x64 irq 1,12
[    2.738350] serio: i8042 KBD port at 0x60,0x64 irq 1
[    2.741167] serio: i8042 AUX port at 0x60,0x64 irq 12
[    2.744414] rtc_cmos 00:05: RTC can wake from S4
[    2.752614] input: AT Translated Set 2 keyboard as /devices/platform/i8042/serio0/input/input0
[    2.758075] rtc_cmos 00:05: registered as rtc0
[    2.761006] rtc_cmos 00:05: setting system clock to 2026-03-06T02:54:44 UTC (1772765684)
[    2.765762] rtc_cmos 00:05: alarms up to one day, y3k, 242 bytes nvram, hpet irqs
[    2.769937] intel_pstate: CPU model not supported
[    2.773878] gre: GRE over IPv4 demultiplexor driver
[    2.900930] ata2: found unknown device (class 0)
[    2.910400] ata2.00: ATAPI: QEMU DVD-ROM, 2.5+, max UDMA/100
[    2.917900] Key type dns_resolver registered
[    2.921627] IPI shorthand broadcast: enabled
[    2.933580] sched_clock: Marking stable (2540847291, 389571077)->(2935632495, -5214127)
[    2.933861] Freeing initrd memory: 9096K
[    2.958692] scsi 1:0:0:0: CD-ROM            QEMU     QEMU DVD-ROM     2.5+ PQ: 0 ANSI: 5
[    2.968588] registered taskstats version 1
[    2.972660] Loading compiled-in X.509 certificates
[    2.995018] Loaded X.509 cert 'alpinelinux.org: Alpine Linux kernel key: d76a695f66ad9cd28f5c22a8508f36e91f521f7a'
[    3.002519] Key type .fscrypt registered
[    3.004721] Key type fscrypt-provisioning registered
[    3.023747] Freeing unused kernel image (initmem) memory: 2640K
[    3.040502] Write protecting the kernel read-only data: 20480k
[    3.045712] Freeing unused kernel image (rodata/data gap) memory: 184K
[    3.047903] rodata_test: all tests were successful
[    3.049884] Run /init as init process
[    3.069220] Alpine Init 3.9.0-r0
Alpine Init 3.9.[    3.070727] Loading boot drivers...
0-r0
 * Loading boot drivers: [    3.129303] ACPI: bus type USB registered
[    3.131041] usbcore: registered new interface driver usbfs
[    3.132857] usbcore: registered new interface driver hub
[    3.134592] usbcore: registered new device driver usb
[    3.139813] usbcore: registered new interface driver usb-storage
[    3.327253] loop: module loaded
[    3.377062] ACPI: bus type drm_connector registered
[    3.411216] Loading boot drivers: ok.
ok.
[    3.415950] Mounting root...
 * Mounting root: [    3.466161] piix4_smbus 0000:00:01.3: SMBus Host Controller at 0x700, revision 0
[    3.485290] [drm] Found bochs VGA, ID 0xb0c5.
[    3.486743] [drm] Framebuffer size 16384 kB @ 0xfd000000, mmio @ 0xfeb90000.
[    3.495519] [drm] Found EDID data blob.
[    3.497230] [drm] Initialized bochs-drm 1.0.0 20130925 for 0000:00:02.0 on minor 0
[    3.538046] Console: switching to colour frame buffer device 128x48
[    3.541107] bochs-drm 0000:00:02.0: [drm] fb0: bochs-drmdrmfb frame buffer device
[    3.684435] sr 1:0:0:0: [sr0] scsi3-mmc drive: 4x/4x cd/rw xa/form2 tray
[    3.687151] cdrom: Uniform CD-ROM driver Revision: 3.20
[    3.797780] virtio_blk virtio2: 2/0/0 default/read/poll queues
[    3.804694] virtio_blk virtio2: [vda] 8388608 512-byte logical blocks (4.29 GB/4.00 GiB)
[    3.809094] virtio_blk virtio3: 2/0/0 default/read/poll queues
[    3.815406] virtio_blk virtio3: [vdb] 736 512-byte logical blocks (377 kB/368 KiB)
[    3.908271] block sr0: the capability attribute has been deprecated.
[    6.820924] EXT4-fs (vda): mounted filesystem 367ceb5a-a72a-4cc6-9140-e18812d3c81b ro with ordered data mode. Quota mode: none.
[    6.825176] Mounting root: ok.
ok.

   OpenRC 0.52.1 is starting up Linux 6.6.4-1-virt (x86_64)

 * /proc is already mounted
 * Mounting /run ... [ ok ]
 * /run/openrc: creating directory
 * /run/lock: creating directory
 * /run/lock: correcting owner
 * Caching service dependencies ... [ ok ]
 * Remounting devtmpfs on /dev ... [ ok ]
 * Mounting /dev/mqueue ... [ ok ]
 * Mounting security filesystem ... [ ok ]
 * Mounting debug filesystem ... [ ok ]
 * Mounting persistent storage (pstore) filesystem ... [ ok ]
 * Starting busybox mdev ... [ ok ]
 * Scanning hardware for mdev ... [ ok ]
 * Loading hardware drivers ... [ ok ]
 * Loading modules ... [ ok ]
 * Setting system clock using the hardware clock [UTC] ... [ ok ]
 * Checking local filesystems  .../: clean, 8723/65536 files, 158031/262144 blocks
 [ ok ]
 * Remounting root filesystem read/write ... [ ok ]
 * Remounting filesystems ... [ ok ]
 * Activating swap devices ... [ ok ]
 * Mounting local filesystems ... [ ok ]
 * Starting busybox acpid ... [ ok ]
 * Configuring kernel parameters ... [ ok ]
 * Migrating /var/lock to /run/lock ... [ ok ]
 * Creating user login records ... [ ok ]
 * Cleaning /tmp directory ... [ ok ]
Cloud-init v. 23.4 running 'init-local' at Fri, 06 Mar 2026 02:54:53 +0000. Up 11.84 seconds.
 [ ok ]
 * Setting hostname ... [ ok ]
 * Starting busybox syslog ... [ ok ]
 * Mounting cgroup filesystem ... [ ok ]
 * Starting networking ... *   lo ... [ ok ]
 *   eth0 ... [ ok ]
 * /var/log/docker.log: creating file
 * /var/log/docker.log: correcting owner
 * Starting Docker Daemon ... [ ok ]
 * Starting benchmark agent ...
[1A[2Ka257f20c716c: Loading layer  557.1kB/81.04MB[1B[1A[2Ka257f20c716c: Loading layer  2.785MB/81.04MB[1B[1A[2Ka257f20c716c: Loading layer  6.128MB/81.04MB[1B[1A[2Ka257f20c716c: Loading layer   9.47MB/81.04MB[1B[1A[2Ka257f20c716c: Loading layer  12.81MB/81.04MB[1B[1A[2Ka257f20c716c: Loading layer  16.71MB/81.04MB[1B[1A[2Ka257f20c716c: Loading layer  21.17MB/81.04MB[1B[1A[2Ka257f20c716c: Loading layer  23.95MB/81.04MB[1B[1A[2Ka257f20c716c: Loading layer   27.3MB/81.04MB[1B[1A[2Ka257f20c716c: Loading layer  28.97MB/81.04MB[1B[1A[2Ka257f20c716c: Loading layer  31.75MB/81.04MB[1B[1A[2Ka257f20c716c: Loading layer  37.88MB/81.04MB[1B[1A[2Ka257f20c716c: Loading layer  43.45MB/81.04MB[1B[1A[2Ka257f20c716c: Loading layer  46.79MB/81.04MB[1B[1A[2Ka257f20c716c: Loading layer  51.25MB/81.04MB[1B[1A[2Ka257f20c716c: Loading layer  56.26MB/81.04MB[1B[1A[2Ka257f20c716c: Loading layer  61.83MB/81.04MB[1B[1A[2Ka257f20c716c: Loading layer  64.62MB/81.04MB[1B[1A[2Ka257f20c716c: Loading layer  66.29MB/81.04MB[1B[1A[2Ka257f20c716c: Loading layer   67.4MB/81.04MB[1B[1A[2Ka257f20c716c: Loading layer  72.42MB/81.04MB[1B[1A[2Ka257f20c716c: Loading layer  74.65MB/81.04MB[1B[1A[2Ka257f20c716c: Loading layer  75.76MB/81.04MB[1B[1A[2Ka257f20c716c: Loading layer  77.43MB/81.04MB[1B[1A[2Ka257f20c716c: Loading layer   79.1MB/81.04MB[1B[1A[2Ka257f20c716c: Loading layer  81.04MB/81.04MB[1B
[1A[2Kb0c20bcd44fe: Loading layer  65.54kB/4.123MB[1B[1A[2Kb0c20bcd44fe: Loading layer  1.573MB/4.123MB[1B[1A[2Kb0c20bcd44fe: Loading layer  2.818MB/4.123MB[1B[1A[2Kb0c20bcd44fe: Loading layer  4.123MB/4.123MB[1B[1A[2Kb0c20bcd44fe: Loading layer  4.123MB/4.123MB[1B
[1A[2K5184c31ad48f: Loading layer  458.8kB/43.85MB[1B[1A[2K5184c31ad48f: Loading layer  1.835MB/43.85MB[1B[1A[2K5184c31ad48f: Loading layer  5.964MB/43.85MB[1B[1A[2K5184c31ad48f: Loading layer  9.175MB/43.85MB[1B[1A[2K5184c31ad48f: Loading layer  11.47MB/43.85MB[1B[1A[2K5184c31ad48f: Loading layer  14.68MB/43.85MB[1B[1A[2K5184c31ad48f: Loading layer  17.89MB/43.85MB[1B[1A[2K5184c31ad48f: Loading layer   21.1MB/43.85MB[1B[1A[2K5184c31ad48f: Loading layer  24.31MB/43.85MB[1B[1A[2K5184c31ad48f: Loading layer  27.07MB/43.85MB[1B[1A[2K5184c31ad48f: Loading layer  29.36MB/43.85MB[1B[1A[2K5184c31ad48f: Loading layer  32.11MB/43.85MB[1B[1A[2K5184c31ad48f: Loading layer  34.41MB/43.85MB[1B[1A[2K5184c31ad48f: Loading layer  36.24MB/43.85MB[1B[1A[2K5184c31ad48f: Loading layer  38.08MB/43.85MB[1B[1A[2K5184c31ad48f: Loading layer  40.83MB/43.85MB[1B[1A[2K5184c31ad48f: Loading layer  43.12MB/43.85MB[1B[1A[2K5184c31ad48f: Loading layer  43.85MB/43.85MB[1B
[1A[2Kfa1d322086e6: Loading layer   5.12kB/5.12kB[1B[1A[2Kfa1d322086e6: Loading layer   5.12kB/5.12kB[1B
[1A[2Kbdf610394df6: Loading layer  22.02kB/22.02kB[1B[1A[2Kbdf610394df6: Loading layer  22.02kB/22.02kB[1B
[1A[2Keb067feb5b8d: Loading layer  9.728kB/9.728kB[1B[1A[2Keb067feb5b8d: Loading layer  9.728kB/9.728kB[1BLoaded image: bench-worker:latest
 [ ok ]
 * Starting chronyd ... [ ok ]
 * Starting cloud-init-hotplugd ... [ ok ]
Cloud-init v. 23.4 running 'init' at Fri, 06 Mar 2026 02:55:25 +0000. Up 44.56 seconds.
ci-info: +++++++++++++++++++++++++++++++++++++++Net device info+++++++++++++++++++++++++++++++++++++++
ci-info: +---------+-------+----------------------------+---------------+--------+-------------------+
ci-info: |  Device |   Up  |          Address           |      Mask     | Scope  |     Hw-Address    |
ci-info: +---------+-------+----------------------------+---------------+--------+-------------------+
ci-info: | docker0 | False |         172.17.0.1         |  255.255.0.0  | global | 02:42:2e:3e:cf:52 |
ci-info: |   eth0  |  True |         10.0.2.15          | 255.255.255.0 | global | 52:54:00:12:34:56 |
ci-info: |   eth0  |  True | fec0::5054:ff:fe12:3456/64 |       .       |  site  | 52:54:00:12:34:56 |
ci-info: |   eth0  |  True | fe80::5054:ff:fe12:3456/64 |       .       |  link  | 52:54:00:12:34:56 |
ci-info: |    lo   |  True |         127.0.0.1          |   255.0.0.0   |  host  |         .         |
ci-info: |    lo   |  True |          ::1/128           |       .       |  host  |         .         |
ci-info: +---------+-------+----------------------------+---------------+--------+-------------------+
ci-info: +++++++++++++++++++++++++++Route IPv4 info++++++++++++++++++++++++++++
ci-info: +-------+-------------+----------+---------------+-----------+-------+
ci-info: | Route | Destination | Gateway  |    Genmask    | Interface | Flags |
ci-info: +-------+-------------+----------+---------------+-----------+-------+
ci-info: |   0   |   0.0.0.0   | 10.0.2.2 |    0.0.0.0    |    eth0   |   UG  |
ci-info: |   1   |   10.0.2.0  | 0.0.0.0  | 255.255.255.0 |    eth0   |   U   |
ci-info: |   2   |  172.17.0.0 | 0.0.0.0  |  255.255.0.0  |  docker0  |   U   |
ci-info: +-------+-------------+----------+---------------+-----------+-------+
ci-info: +++++++++++++++++++Route IPv6 info+++++++++++++++++++
ci-info: +-------+-------------+---------+-----------+-------+
ci-info: | Route | Destination | Gateway | Interface | Flags |
ci-info: +-------+-------------+---------+-----------+-------+
ci-info: |   0   |  fe80::/64  |    ::   |    eth0   |   U   |
ci-info: |   1   |  fec0::/64  |    ::   |    eth0   |   Ue  |
ci-info: |   2   |     ::/0    | fe80::2 |    eth0   |  UGe  |
ci-info: |   4   |    local    |    ::   |    eth0   |   U   |
ci-info: |   5   |    local    |    ::   |    eth0   |   U   |
ci-info: |   6   |  multicast  |    ::   |    eth0   |   U   |
ci-info: +-------+-------------+---------+-----------+-------+
2026-03-06 02:55:25,915 - cloud_config.py[WARNING]: Failed at merging in cloud config part from part-001: empty cloud config
Generating public/private rsa key pair.
Your identification has been saved in /etc/ssh/ssh_host_rsa_key
Your public key has been saved in /etc/ssh/ssh_host_rsa_key.pub
The key fingerprint is:
SHA256:lGy8XexXnWzGaIM63pzU7emdyQWNZj/ebngejZRRIs4 root@agent-16
The key's randomart image is:
+---[RSA 3072]----+
|            . . .|
|       o . +..+oo|
|        *  .E+.*o|
|       o o.oo =* |
|        So....O..|
|        . = .=.+o|
|         . +  .*+|
|              = @|
|               @=|
+----[SHA256]-----+
Generating public/private dsa key pair.
Your identification has been saved in /etc/ssh/ssh_host_dsa_key
Your public key has been saved in /etc/ssh/ssh_host_dsa_key.pub
The key fingerprint is:
SHA256:lz3XTvCHnaJeI+XBgO+R9iACXT/ZXcE554JGNzmFMqY root@agent-16
The key's randomart image is:
+---[DSA 1024]----+
|         .    .==|
|      . . o B B+o|
|     . . . O *.=o|
|      .   EoB .*o|
|       .S.oBo=oo*|
|        ..+ Booo.|
|           + =  .|
|          . o .  |
|           .     |
+----[SHA256]-----+
Generating public/private ecdsa key pair.
Your identification has been saved in /etc/ssh/ssh_host_ecdsa_key
Your public key has been saved in /etc/ssh/ssh_host_ecdsa_key.pub
The key fingerprint is:
SHA256:E4ARI3LdXKchojuGIrSQ63guFtTDda5xQSr9yjD0J64 root@agent-16
The key's randomart image is:
+---[ECDSA 256]---+
|. o.=*+oo .      |
| + o+++= +       |
|o.+o.oo +        |
|o+o=o..o .       |
|*.+o.o+oS        |
|=o .=.+  .       |
|..o  +           |
|.+  .            |
|...E             |
+----[SHA256]-----+
Generating public/private ed25519 key pair.
Your identification has been saved in /etc/ssh/ssh_host_ed25519_key
Your public key has been saved in /etc/ssh/ssh_host_ed25519_key.pub
The key fingerprint is:
SHA256:Q8hqqs/f3jnscZ0m5BjF08daY9YW6N1nxFRhcd/QFhA root@agent-16
The key's randomart image is:
+--[ED25519 256]--+
|             E=XO|
|     . . . . o.oX|
|      o . + o Oo*|
|     . . . . B ++|
|    o   S . .  ..|
|   o     * . .   |
|  .    .o + +    |
| o   . .o+ o     |
|..o...o.+.       |
+----[SHA256]-----+
 [ ok ]
Cloud-init v. 23.4 running 'modules:config' at Fri, 06 Mar 2026 02:55:26 +0000. Up 45.60 seconds.
 [ ok ]
Cloud-init v. 23.4 running 'modules:final' at Fri, 06 Mar 2026 02:55:27 +0000. Up 46.08 seconds.
ci-info: no authorized SSH keys fingerprints found for user alpine.
cloud-init: #############################################################
cloud-init: -----BEGIN SSH HOST KEY FINGERPRINTS-----
cloud-init: 1024 SHA256:lz3XTvCHnaJeI+XBgO+R9iACXT/ZXcE554JGNzmFMqY root@agent-16 (DSA)
cloud-init: 256 SHA256:E4ARI3LdXKchojuGIrSQ63guFtTDda5xQSr9yjD0J64 root@agent-16 (ECDSA)
cloud-init: 256 SHA256:Q8hqqs/f3jnscZ0m5BjF08daY9YW6N1nxFRhcd/QFhA root@agent-16 (ED25519)
cloud-init: 3072 SHA256:lGy8XexXnWzGaIM63pzU7emdyQWNZj/ebngejZRRIs4 root@agent-16 (RSA)
cloud-init: -----END SSH HOST KEY FINGERPRINTS-----
cloud-init: #############################################################
-----BEGIN SSH HOST KEY KEYS-----
ecdsa-sha2-nistp256 AAAAE2VjZHNhLXNoYTItbmlzdHAyNTYAAAAIbmlzdHAyNTYAAABBBEJvZNcEL/hI7HKS4pFsWJySW3TWQ+6aDaLbYK6cMnmCInUUJpEktrl9+ZML3j3H4wgo9zZoRDQtwN2HM4x2fik= root@agent-16
ssh-ed25519 AAAAC3NzaC1lZDI1NTE5AAAAIB0L3G3fl4CbEJfHuMHs3MSIgOMABf1EDfzY0g7kff8W root@agent-16
ssh-rsa AAAAB3NzaC1yc2EAAAADAQABAAABgQCvmlkz6HFAwoB9usE6AFLvBTNePP7LaDAIWpGDQtzT+g0jEJom3kFEDJoV8VS2JVhsoRYk+K/Evg0bxKqyHvgByLowUWml5YauqpgiPY6qpPpWDDdPEsw+KGfxTylIs0BvIQ5r547ZNvzC5ote00xejvXgASwad/NzDWgFtDuu96NcuF0oFFhpk6rPdtygu17HQsI/V0zlYDkSO/GvunaEvzFfSRcCaP/uIXXo+GmjY/4i4HTlWwogFakmV6wic3qCe0WrOjIJtrt9ksPNMXTjxa6jX1E5+sDWUEpLW6iP+/tSbWi710G+o0+HGWq8KnqE3R09uPPnp1msj9uGxDkTsEXWWb8meotrqdbx9l2DY/EuIiKBQJ38VGkVvBYLtJ8gON1Qt7EmzF1zyNpt660scMiRNoTeFyFUCvLL9sygQT5fQ1zbVXicrVgje8pUJ+h/+nyCW6URzhemcqoV9OoNaVi9w2pmijTpObGDr7/6xJtr0tu3kcu+FBWLhnwwfWc= root@agent-16
-----END SSH HOST KEY KEYS-----
Cloud-init v. 23.4 finished at Fri, 06 Mar 2026 02:55:27 +0000. Datasource DataSourceNoCloud [seed=/dev/vdb][dsmode=net].  Up 46.21 seconds
 [ ok ]

Welcome to Alpine Linux 3.19
Kernel 6.6.4-1-virt on an x86_64 (/dev/ttyS0)

agent-16 login: 