c[?7l[2J[0mSeaBIOS (version 1.15.0-1)


iPXE (https://ipxe.org) 00:03.0 CA00 PCI2.10 PnP PMM+BFF8B380+BFECB380 CA00
Press Ctrl-B to configure iPXE (PCI 00:03.0)...                                                                               


Booting from Hard Disk...

SYSLINUX 6.04 EDD 6.04-pre1 Copyright (C) 1994-2015 H. Peter Anvin et al

SYSLINUX 6.04 6.04-pre1 Copyright (C) 1994-2015 H. Peter Anvin et al
[2Je%@)0(B[0;37;40m[?25l[2J[23;16HAlpine will be booted automatically in [0;1m1[0m seconds[23;16H.[0;37;40mAlpine will be booted automatically in [0;1;37;40m1[0;37;40m seconds.[23;16H                                                 [23;16H[0;37;40m                                                  [?25h[24;1H[0m 
Loading vmlinuz-virt...Loading vmlinuz-virt...  ook
k
Loading initramfs-virt..Loading initramfs-virt....ookk

c[?7l[2J[    0.000000] Linux version 6.6.4-1-virt (buildozer@build-3-19-x86_64) (gcc (Alpine 13.2.1_git20231014) 13.2.1 20231014, GNU ld (GNU Binutils) 2.41) #2-Alpine SMP PREEMPT_DYNAMIC Tue, 05 Dec 2023 20:25:50 +0000
[    0.000000] Command line: BOOT_IMAGE=vmlinuz-virt root=LABEL=/ modules=sd-mod,usb-storage,ext4 console=ttyS0,115200n8 initrd=initramfs-virt
[    0.000000] BIOS-provided physical RAM map:
[    0.000000] BIOS-e820: [mem 0x0000000000000000-0x000000000009fbff] usable
[    0.000000] BIOS-e820: [mem 0x000000000009fc00-0x000000000009ffff] reserved
[    0.000000] BIOS-e820: [mem 0x00000000000f0000-0x00000000000fffff] reserved
[    0.000000] BIOS-e820: [mem 0x0000000000100000-0x00000000bffd9fff] usable
[    0.000000] BIOS-e820: [mem 0x00000000bffda000-0x00000000bfffffff] reserved
[    0.000000] BIOS-e820: [mem 0x00000000feffc000-0x00000000feffffff] reserved
[    0.000000] BIOS-e820: [mem 0x00000000fffc0000-0x00000000ffffffff] reserved
[    0.000000] BIOS-e820: [mem 0x0000000100000000-0x000000013fffffff] usable
[    0.000000] NX (Execute Disable) protection: active
[    0.000000] APIC: Static calls initialized
[    0.000000] SMBIOS 2.8 present.
[    0.000000] DMI: QEMU Standard PC (i440FX + PIIX, 1996), BIOS 1.15.0-1 04/01/2014
[    0.000000] Hypervisor detected: KVM
[    0.000000] kvm-clock: Using msrs 4b564d01 and 4b564d00
[    0.000001] kvm-clock: using sched offset of 2673798078 cycles
[    0.000003] clocksource: kvm-clock: mask: 0xffffffffffffffff max_cycles: 0x1cd42e4dffb, max_idle_ns: 881590591483 ns
[    0.000006] tsc: Detected 2799.998 MHz processor
[    0.001033] last_pfn = 0x140000 max_arch_pfn = 0x400000000
[    0.001421] MTRR map: 4 entries (3 fixed + 1 variable; max 19), built from 8 variable MTRRs
[    0.001438] x86/PAT: Configuration [0-7]: WB  WC  UC- UC  WB  WP  UC- WT  
[    0.001940] last_pfn = 0xbffda max_arch_pfn = 0x400000000
[    0.002347] RAMDISK: [mem 0x7f71e000-0x7fffffff]
[    0.002350] ACPI: Early table checksum verification disabled
[    0.002355] ACPI: RSDP 0x00000000000F59A0 000014 (v00 BOCHS )
[    0.002360] ACPI: RSDT 0x00000000BFFE1975 000034 (v01 BOCHS  BXPC     00000001 BXPC 00000001)
[    0.002366] ACPI: FACP 0x00000000BFFE1821 000074 (v01 BOCHS  BXPC     00000001 BXPC 00000001)
[    0.002409] ACPI: DSDT 0x00000000BFFE0040 0017E1 (v01 BOCHS  BXPC     00000001 BXPC 00000001)
[    0.002414] ACPI: FACS 0x00000000BFFE0000 000040
[    0.002417] ACPI: APIC 0x00000000BFFE1895 000080 (v01 BOCHS  BXPC     00000001 BXPC 00000001)
[    0.002420] ACPI: HPET 0x00000000BFFE1915 000038 (v01 BOCHS  BXPC     00000001 BXPC 00000001)
[    0.002423] ACPI: WAET 0x00000000BFFE194D 000028 (v01 BOCHS  BXPC     00000001 BXPC 00000001)
[    0.002425] ACPI: Reserving FACP table memory at [mem 0xbffe1821-0xbffe1894]
[    0.002426] ACPI: Reserving DSDT table memory at [mem 0xbffe0040-0xbffe1820]
[    0.002427] ACPI: Reserving FACS table memory at [mem 0xbffe0000-0xbffe003f]
[    0.002428] ACPI: Reserving APIC table memory at [mem 0xbffe1895-0xbffe1914]
[    0.002429] ACPI: Reserving HPET table memory at [mem 0xbffe1915-0xbffe194c]
[    0.002429] ACPI: Reserving WAET table memory at [mem 0xbffe194d-0xbffe1974]
[    0.002869] Zone ranges:
[    0.002870]   DMA      [mem 0x0000000000001000-0x0000000000ffffff]
[    0.002872]   DMA32    [mem 0x0000000001000000-0x00000000ffffffff]
[    0.002874]   Normal   [mem 0x0000000100000000-0x000000013fffffff]
[    0.002875] Movable zone start for each node
[    0.002876] Early memory node ranges
[    0.002876]   node   0: [mem 0x0000000000001000-0x000000000009efff]
[    0.002877]   node   0: [mem 0x0000000000100000-0x00000000bffd9fff]
[    0.002878]   node   0: [mem 0x0000000100000000-0x000000013fffffff]
[    0.002885] Initmem setup node 0 [mem 0x0000000000001000-0x000000013fffffff]
[    0.003011] On node 0, zone DMA: 1 pages in unavailable ranges
[    0.004588] On node 0, zone DMA: 97 pages in unavailable ranges
[    0.466633] On node 0, zone Normal: 38 pages in unavailable ranges
[    0.471310] ACPI: PM-Timer IO Port: 0x608
[    0.471794] ACPI: LAPIC_NMI (acpi_id[0xff] dfl dfl lint[0x1])
[    0.472230] IOAPIC[0]: apic_id 0, version 17, address 0xfec00000, GSI 0-23
[    0.472279] ACPI: INT_SRC_OVR (bus 0 bus_irq 0 global_irq 2 dfl dfl)
[    0.472281] ACPI: INT_SRC_OVR (bus 0 bus_irq 5 global_irq 5 high level)
[    0.472324] ACPI: INT_SRC_OVR (bus 0 bus_irq 9 global_irq 9 high level)
[    0.472371] ACPI: INT_SRC_OVR (bus 0 bus_irq 10 global_irq 10 high level)
[    0.472373] ACPI: INT_SRC_OVR (bus 0 bus_irq 11 global_irq 11 high level)
[    0.472418] ACPI: Using ACPI (MADT) for SMP configuration information
[    0.472463] ACPI: HPET id: 0x8086a201 base: 0xfed00000
[    0.472825] smpboot: Allowing 2 CPUs, 0 hotplug CPUs
[    0.473624] kvm-guest: APIC: eoi() replaced with kvm_guest_apic_eoi_write()
[    0.474510] [mem 0xc0000000-0xfeffbfff] available for PCI devices
[    0.474555] Booting paravirtualized kernel on KVM
[    0.474684] clocksource: refined-jiffies: mask: 0xffffffff max_cycles: 0xffffffff, max_idle_ns: 19112604462750000 ns
[    0.486416] setup_percpu: NR_CPUS:256 nr_cpumask_bits:2 nr_cpu_ids:2 nr_node_ids:1
[    0.499541] percpu: Embedded 57 pages/cpu s195048 r8192 d30232 u1048576
[    0.499924] kvm-guest: PV spinlocks disabled, no host support
[    0.499947] Kernel command line: BOOT_IMAGE=vmlinuz-virt root=LABEL=/ modules=sd-mod,usb-storage,ext4 console=ttyS0,115200n8 initrd=initramfs-virt
[    0.501762] Unknown kernel command line parameters "BOOT_IMAGE=vmlinuz-virt modules=sd-mod,usb-storage,ext4", will be passed to user space.
[    0.527316] Dentry cache hash table entries: 524288 (order: 10, 4194304 bytes, linear)
[    0.542821] Inode-cache hash table entries: 262144 (order: 9, 2097152 bytes, linear)
[    0.543609] Built 1 zonelists, mobility grouping on.  Total pages: 1031898
[    0.556984] mem auto-init: stack:all(zero), heap alloc:on, heap free:off
[    0.557165] software IO TLB: area num 2.
[    0.967576] Memory: 4012148K/4193760K available (12288K kernel code, 1744K rwdata, 8008K rodata, 2640K init, 2300K bss, 181352K reserved, 0K cma-reserved)
[    0.974058] SLUB: HWalign=64, Order=0-3, MinObjects=0, CPUs=2, Nodes=1
[    0.977950] Kernel/User page tables isolation: enabled
[    0.998193] Dynamic Preempt: none
[    0.998651] rcu: Preemptible hierarchical RCU implementation.
[    0.998673] rcu: 	RCU restricting CPUs from NR_CPUS=256 to nr_cpu_ids=2.
[    0.998711] 	Trampoline variant of Tasks RCU enabled.
[    0.998731] 	Tracing variant of Tasks RCU enabled.
[    0.998751] rcu: RCU calculated value of scheduler-enlistment delay is 10 jiffies.
[    0.998753] rcu: Adjusting geometry for rcu_fanout_leaf=16, nr_cpu_ids=2
[    1.009633] NR_IRQS: 16640, nr_irqs: 440, preallocated irqs: 16
[    1.010564] rcu: srcu_init: Setting srcu_struct sizes based on contention.
[    1.010915] kfence: initialized - using 2097152 bytes for 255 objects at 0x(____ptrval____)-0x(____ptrval____)
[    1.036873] Console: colour VGA+ 80x25
[    1.037378] printk: console [ttyS0] enabled
[    1.371830] ACPI: Core revision 20230628
[    1.375167] clocksource: hpet: mask: 0xffffffff max_cycles: 0xffffffff, max_idle_ns: 19112604467 ns
[    1.381193] APIC: Switch to symmetric I/O mode setup
[    1.394717] x2apic enabled
[    1.398362] APIC: Switched APIC routing to: physical x2apic
[    1.409725] ..TIMER: vector=0x30 apic1=0 pin1=2 apic2=-1 pin2=-1
[    1.413467] clocksource: tsc-early: mask: 0xffffffffffffffff max_cycles: 0x285c3ee517e, max_idle_ns: 440795257231 ns
[    1.419266] Calibrating delay loop (skipped) preset value.. 5599.99 BogoMIPS (lpj=27999980)
[    1.430428] Last level iTLB entries: 4KB 0, 2MB 0, 4MB 0
[    1.433639] Last level dTLB entries: 4KB 0, 2MB 0, 4MB 0, 1GB 0
[    1.439372] Spectre V1 : Mitigation: usercopy/swapgs barriers and __user pointer sanitization
[    1.444312] Spectre V2 : Mitigation: Retpolines
[    1.447139] Spectre V2 : Spectre v2 / SpectreRSB mitigation: Filling RSB on context switch
[    1.449232] Spectre V2 : Spectre v2 / SpectreRSB : Filling RSB on VMEXIT
[    1.453077] Speculative Store Bypass: Vulnerable
[    1.459284] MDS: Vulnerable: Clear CPU buffers attempted, no microcode
[    1.463025] MMIO Stale Data: Unknown: No mitigations
[    1.465950] x86/fpu: x87 FPU will use FXSAVE
[    1.533662] Freeing SMP alternatives memory: 32K
[    1.536191] pid_max: default: 32768 minimum: 301
[    1.539396] LSM: initializing lsm=capability,landlock,lockdown,integrity
[    1.543690] landlock: Up and running.
[    1.546218] Mount-cache hash table entries: 8192 (order: 4, 65536 bytes, linear)
[    1.551963] Mountpoint-cache hash table entries: 8192 (order: 4, 65536 bytes, linear)
[    1.680654] smpboot: CPU0: Intel QEMU Virtual CPU version 2.5+ (family: 0xf, model: 0x6b, stepping: 0x1)
[    1.688435] RCU Tasks: Setting shift to 1 and lim to 1 rcu_task_cb_adjust=1.
[    1.689358] RCU Tasks Trace: Setting shift to 1 and lim to 1 rcu_task_cb_adjust=1.
[    1.693706] Performance Events: unsupported Netburst CPU model 107 no PMU driver, software events only.
[    1.699581] signal: max sigframe size: 1440
[    1.703043] rcu: Hierarchical SRCU implementation.
[    1.705666] rcu: 	Max phase no-delay instances is 1000.
[    1.711963] NMI watchdog: Perf NMI watchdog permanently disabled
[    1.715606] smp: Bringing up secondary CPUs ...
[    1.719970] smpboot: x86: Booting SMP configuration:
[    1.722613] .... node  #0, CPUs:      #1
[    1.739379] smp: Brought up 1 node, 2 CPUs
[    1.743698] smpboot: Max logical packages: 1
[    1.746136] ----------------
[    1.747759] | NMI testsuite:
[    1.749236] --------------------
[    1.751054]   remote IPI:  ok  |
[    1.752940]    local IPI:  ok  |
[    1.754795] --------------------
[    1.756587] Good, all   2 testcases passed! |
[    1.759232] ---------------------------------
[    1.761566] smpboot: Total of 2 processors activated (11199.99 BogoMIPS)
[    1.767149] devtmpfs: initialized
[    1.769385] x86/mm: Memory block size: 128MB
[    1.772941] clocksource: jiffies: mask: 0xffffffff max_cycles: 0xffffffff, max_idle_ns: 19112604462750000 ns
[    1.779496] futex hash table entries: 512 (order: 3, 32768 bytes, linear)
[    1.804285] NET: Registered PF_NETLINK/PF_ROUTE protocol family
[    1.809940] audit: initializing netlink subsys (disabled)
[    1.812953] audit: type=2000 audit(1772765683.927:1): state=initialized audit_enabled=0 res=1
[    1.812953] thermal_sys: Registered thermal governor 'step_wise'
[    1.814783] cpuidle: using governor ladder
[    1.821463] cpuidle: using governor menu
[    1.823889] acpiphp: ACPI Hot Plug PCI Controller Driver version: 0.5
[    1.830568] PCI: Using configuration type 1 for base access
[    1.834237] kprobes: kprobe jump-optimization is enabled. All kprobes are optimized if possible.
[    1.844368] HugeTLB: registered 2.00 MiB page size, pre-allocated 0 pages
[    1.849232] HugeTLB: 28 KiB vmemmap can be freed for a 2.00 MiB page
[    1.852754] ACPI: Added _OSI(Module Device)
[    1.859233] ACPI: Added _OSI(Processor Device)
[    1.861633] ACPI: Added _OSI(3.0 _SCP Extensions)
[    1.864171] ACPI: Added _OSI(Processor Aggregator Device)
[    1.870048] ACPI: 1 ACPI AML tables successfully acquired and loaded
[    1.875131] ACPI: _OSC evaluation for CPUs failed, trying _PDC
[    1.875131] ACPI: Interpreter enabled
[    1.879286] ACPI: PM: (supports S0 S3 S5)
[    1.881516] ACPI: Using IOAPIC for interrupt routing
[    1.884354] PCI: Using host bridge windows from ACPI; if necessary, use "pci=nocrs" and report a bug
[    1.889231] PCI: Using E820 reservations for host bridge windows
[    1.892559] ACPI: Enabled 2 GPEs in block 00 to 0F
[    1.900755] ACPI: PCI Root Bridge [PCI0] (domain 0000 [bus 00-ff])
[    1.904113] acpi PNP0A03:00: _OSC: OS supports [ASPM ClockPM Segments MSI HPX-Type3]
[    1.908235] acpi PNP0A03:00: _OSC: not requesting OS control; OS requires [ExtendedConfig ASPM ClockPM MSI]
[    1.909403] acpi PNP0A03:00: fail to add MMCONFIG information, can't access extended configuration space under this bridge
[    1.919720] acpiphp: Slot [3] registered
[    1.921861] acpiphp: Slot [4] registered
[    1.923988] acpiphp: Slot [5] registered
[    1.926264] acpiphp: Slot [6] registered
[    1.928430] acpiphp: Slot [7] registered
[    1.929290] acpiphp: Slot [8] registered
[    1.931480] acpiphp: Slot [9] registered
[    1.933653] acpiphp: Slot [10] registered
[    1.935825] acpiphp: Slot [11] registered
[    1.939284] acpiphp: Slot [12] registered
[    1.941495] acpiphp: Slot [13] registered
[    1.943775] acpiphp: Slot [14] registered
[    1.946108] acpiphp: Slot [15] registered
[    1.948374] acpiphp: Slot [16] registered
[    1.949281] acpiphp: Slot [17] registered
[    1.951539] acpiphp: Slot [18] registered
[    1.953833] acpiphp: Slot [19] registered
[    1.956128] acpiphp: Slot [20] registered
[    1.959281] acpiphp: Slot [21] registered
[    1.961628] acpiphp: Slot [22] registered
[    1.963877] acpiphp: Slot [23] registered
[    1.966120] acpiphp: Slot [24] registered
[    1.969287] acpiphp: Slot [25] registered
[    1.971603] acpiphp: Slot [26] registered
[    1.973941] acpiphp: Slot [27] registered
[    1.976472] acpiphp: Slot [28] registered
[    1.978771] acpiphp: Slot [29] registered
[    1.979359] acpiphp: Slot [30] registered
[    1.981590] acpiphp: Slot [31] registered
[    1.983879] PCI host bridge to bus 0000:00
[    1.986167] pci_bus 0000:00: root bus resource [io  0x0000-0x0cf7 window]
[    1.989234] pci_bus 0000:00: root bus resource [io  0x0d00-0xffff window]
[    1.992841] pci_bus 0000:00: root bus resource [mem 0x000a0000-0x000bffff window]
[    1.999231] pci_bus 0000:00: root bus resource [mem 0xc0000000-0xfebfffff window]
[    2.003169] pci_bus 0000:00: root bus resource [mem 0x140000000-0x1bfffffff window]
[    2.007211] pci_bus 0000:00: root bus resource [bus 00-ff]
[    2.009519] pci 0000:00:00.0: [8086:1237] type 00 class 0x060000
[    2.020703] pci 0000:00:01.0: [8086:7000] type 00 class 0x060100
[    2.027359] pci 0000:00:01.1: [8086:7010] type 00 class 0x010180
[    2.034534] pci 0000:00:01.1: reg 0x20: [io  0xc160-0xc16f]
[    2.040976] pci 0000:00:01.1: legacy IDE quirk: reg 0x10: [io  0x01f0-0x01f7]
[    2.045375] pci 0000:00:01.1: legacy IDE quirk: reg 0x14: [io  0x03f6]
[    2.049235] pci 0000:00:01.1: legacy IDE quirk: reg 0x18: [io  0x0170-0x0177]
[    2.053307] pci 0000:00:01.1: legacy IDE quirk: reg 0x1c: [io  0x0376]
[    2.057708] pci 0000:00:01.3: [8086:7113] type 00 class 0x068000
[    2.061969] pci 0000:00:01.3: quirk: [io  0x0600-0x063f] claimed by PIIX4 ACPI
[    2.065910] pci 0000:00:01.3: quirk: [io  0x0700-0x070f] claimed by PIIX4 SMB
[    2.070316] pci 0000:00:02.0: [1234:1111] type 00 class 0x030000
[    2.091611] pci 0000:00:02.0: reg 0x10: [mem 0xfd000000-0xfdffffff pref]
[    2.104868] pci 0000:00:02.0: reg 0x18: [mem 0xfeb90000-0xfeb90fff]
[    2.125008] pci 0000:00:02.0: reg 0x30: [mem 0xfeb80000-0xfeb8ffff pref]
[    2.142008] pci 0000:00:02.0: Video device with shadowed ROM at [mem 0x000c0000-0x000dffff]
[    2.154086] pci 0000:00:03.0: [1af4:1000] type 00 class 0x020000
[    2.158973] pci 0000:00:03.0: reg 0x10: [io  0xc140-0xc15f]
[    2.160372] pci 0000:00:03.0: reg 0x14: [mem 0xfeb91000-0xfeb91fff]
[    2.170730] pci 0000:00:03.0: reg 0x20: [mem 0xfe000000-0xfe003fff 64bit pref]
[    2.176375] pci 0000:00:03.0: reg 0x30: [mem 0xfeb00000-0xfeb7ffff pref]
[    2.186021] pci 0000:00:04.0: [1af4:1009] type 00 class 0x000200
[    2.190680] pci 0000:00:04.0: reg 0x10: [io  0xc100-0xc13f]
[    2.194773] pci 0000:00:04.0: reg 0x14: [mem 0xfeb92000-0xfeb92fff]
[    2.202450] pci 0000:00:04.0: reg 0x20: [mem 0xfe004000-0xfe007fff 64bit pref]
[    2.214116] pci 0000:00:05.0: [1af4:1001] type 00 class 0x010000
[    2.220621] pci 0000:00:05.0: reg 0x10: [io  0xc000-0xc07f]
[    2.225174] pci 0000:00:05.0: reg 0x14: [mem 0xfeb93000-0xfeb93fff]
[    2.233920] pci 0000:00:05.0: reg 0x20: [mem 0xfe008000-0xfe00bfff 64bit pref]
[    2.245843] pci 0000:00:06.0: [1af4:1001] type 00 class 0x010000
[    2.251043] pci 0000:00:06.0: reg 0x10: [io  0xc080-0xc0ff]
[    2.256167] pci 0000:00:06.0: reg 0x14: [mem 0xfeb94000-0xfeb94fff]
[    2.263436] pci 0000:00:06.0: reg 0x20: [mem 0xfe00c000-0xfe00ffff 64bit pref]
[    2.277677] ACPI: PCI: Interrupt link LNKA configured for IRQ 10
[    2.279590] ACPI: PCI: Interrupt link LNKB configured for IRQ 10
[    2.283303] ACPI: PCI: Interrupt link LNKC configured for IRQ 11
[    2.286905] ACPI: PCI: Interrupt link LNKD configured for IRQ 11
[    2.289388] ACPI: PCI: Interrupt link LNKS configured for IRQ 9
[    2.299940] iommu: Default domain type: Translated
[    2.302816] iommu: DMA domain TLB invalidation policy: lazy mode
[    2.309016] SCSI subsystem initialized
[    2.310921] pps_core: LinuxPPS API ver. 1 registered
[    2.312607] pps_core: Software ver. 5.3.6 - Copyright 2005-2007 Rodolfo Giometti <giometti@linux.it>
[    2.319271] PTP clock support registered
[    2.332180] PCI: Using ACPI for IRQ routing
[    2.339356] hpet: 3 channels of 0 reserved for per-cpu timers
[    2.342760] clocksource: Switched to clocksource kvm-clock
[    2.363215] VFS: Disk quotas dquot_6.6.0
[    2.365564] VFS: Dquot-cache hash table entries: 512 (order 0, 4096 bytes)
[    2.369894] pnp: PnP ACPI init
[    2.372740] pnp: PnP ACPI: found 6 devices
[    2.397212] clocksource: acpi_pm: mask: 0xffffff max_cycles: 0xffffff, max_idle_ns: 2085701024 ns
[    2.402816] NET: Registered PF_INET protocol family
[    2.409108] IP idents hash table entries: 65536 (order: 7, 524288 bytes, linear)
[    2.416785] tcp_listen_portaddr_hash hash table entries: 2048 (order: 3, 32768 bytes, linear)
[    2.425665] Table-perturb hash table entries: 65536 (order: 6, 262144 bytes, linear)
[    2.432871] TCP established hash table entries: 32768 (order: 6, 262144 bytes, linear)
[    2.452551] TCP bind hash table entries: 32768 (order: 8, 1048576 bytes, linear)
[    2.456698] TCP: Hash tables configured (established 32768 bind 32768)
[    2.463570] UDP hash table entries: 2048 (order: 4, 65536 bytes, linear)
[    2.467832] UDP-Lite hash table entries: 2048 (order: 4, 65536 bytes, linear)
[    2.474671] NET: Registered PF_UNIX/PF_LOCAL protocol family
[    2.478332] NET: Registered PF_XDP protocol family
[    2.481832] pci_bus 0000:00: resource 4 [io  0x0000-0x0cf7 window]
[    2.485222] pci_bus 0000:00: resource 5 [io  0x0d00-0xffff window]
[    2.488782] pci_bus 0000:00: resource 6 [mem 0x000a0000-0x000bffff window]
[    2.492944] pci_bus 0000:00: resource 7 [mem 0xc0000000-0xfebfffff window]
[    2.497353] pci_bus 0000:00: resource 8 [mem 0x140000000-0x1bfffffff window]
[    2.503218] pci 0000:00:01.0: PIIX3: Enabling Passive Release
[    2.507106] pci 0000:00:00.0: Limiting direct PCI/PCI transfers
[    2.512019] PCI: CLS 0 bytes, default 64
[    2.515022] PCI-DMA: Using software bounce buffering for IO (SWIOTLB)
[    2.516433] Unpacking initramfs...
[    2.519434] software IO TLB: mapped [mem 0x00000000bbfda000-0x00000000bffda000] (64MB)
[    2.528529] clocksource: tsc: mask: 0xffffffffffffffff max_cycles: 0x285c3ee517e, max_idle_ns: 440795257231 ns
[    2.540037] Initialise system trusted keyrings
[    2.552778] workingset: timestamp_bits=46 max_order=20 bucket_order=0
[    2.558795] zbud: loaded
[    2.562973] Key type asymmetric registered
[    2.566611] Asymmetric key parser 'x509' registered
[    2.571571] Block layer SCSI generic (bsg) driver version 0.4 loaded (major 247)
[    2.577534] io scheduler mq-deadline registered
[    2.580824] io scheduler kyber registered
[    2.583767] io scheduler bfq registered
[    2.589415] ERST DBG: ERST support is disabled.
[    2.613937] ACPI: \_SB_.LNKC: Enabled at IRQ 11
[    2.642413] ACPI: \_SB_.LNKD: Enabled at IRQ 10
[    2.662374] ACPI: \_SB_.LNKA: Enabled at IRQ 10
[    2.681109] ACPI: \_SB_.LNKB: Enabled at IRQ 11
[    2.697602] Serial: 8250/16550 driver, 4 ports, IRQ sharing enabled
[    2.702763] 00:04: ttyS0 at I/O 0x3f8 (irq = 4, base_baud = 115200) is a 16550A
[    2.716030] VMware PVSCSI driver - version 1.0.7.0-k
[    2.724353] scsi host0: ata_piix
[    2.727472] scsi host1: ata_piix
[    2.730259] ata1: PATA max MWDMA2 cmd 0x1f0 ctl 0x3f6 bmdma 0xc160 irq 14
[    2.734007] ata2: PATA max MWDMA2 cmd 0x170 ctl 0x376 bmdma 0xc168 irq 15
[    2.738710] i8042: PNP: PS/2 Controller [PNP0303:KBD,PNP0f13:MOU] at 0x60,0x64 irq 1,12
[    2.749834] serio: i8042 KBD port at 0x60,0x64 irq 1
[    2.752637] serio: i8042 AUX port at 0x60,0x64 irq 12
[    2.755605] rtc_cmos 00:05: RTC can wake from S4
[    2.765031] input: AT Translated Set 2 keyboard as /devices/platform/i8042/serio0/input/input0
[    2.771622] rtc_cmos 00:05: registered as rtc0
[    2.775272] rtc_cmos 00:05: setting system clock to 2026-03-06T02:54:44 UTC (1772765684)
[    2.781267] rtc_cmos 00:05: alarms up to one day, y3k, 242 bytes nvram, hpet irqs
[    2.786037] intel_pstate: CPU model not supported
[    2.790507] gre: GRE over IPv4 demultiplexor driver
[    2.882450] Key type dns_resolver registered
[    2.885937] IPI shorthand broadcast: enabled
[    2.893886] sched_clock: Marking stable (2510251456, 378585085)->(2905340300, -16503759)
[    2.900978] registered taskstats version 1
[    2.905042] Loading compiled-in X.509 certificates
[    2.909656] ata2: found unknown device (class 0)
[    2.916430] ata2.00: ATAPI: QEMU DVD-ROM, 2.5+, max UDMA/100
[    3.019854] scsi 1:0:0:0: CD-ROM            QEMU     QEMU DVD-ROM     2.5+ PQ: 0 ANSI: 5
[    3.025725] Freeing initrd memory: 9096K
[    3.052286] Loaded X.509 cert 'alpinelinux.org: Alpine Linux kernel key: d76a695f66ad9cd28f5c22a8508f36e91f521f7a'
[    3.064156] Key type .fscrypt registered
[    3.066432] Key type fscrypt-provisioning registered
[    3.102700] Freeing unused kernel image (initmem) memory: 2640K
[    3.128857] Write protecting the kernel read-only data: 20480k
[    3.132248] Freeing unused kernel image (rodata/data gap) memory: 184K
[    3.134460] rodata_test: all tests were successful
[    3.136227] Run /init as init process
[    3.160308] Alpine Init 3.9.0-r0
Alpine Init 3.9.0-r0
[    3.164589] Loading boot drivers...
 * Loading boot drivers: [    3.220632] ACPI: bus type USB registered
[    3.222031] usbcore: registered new interface driver usbfs
[    3.223812] usbcore: registered new interface driver hub
[    3.225496] usbcore: registered new device driver usb
[    3.233417] usbcore: registered new interface driver usb-storage
[    3.502661] loop: module loaded
[    3.544971] ACPI: bus type drm_connector registered
[    3.573369] Loading boot drivers: ok.
ok.
[    3.576749] Mounting root...
 * Mounting root: [    3.620543] piix4_smbus 0000:00:01.3: SMBus Host Controller at 0x700, revision 0
[    3.668503] [drm] Found bochs VGA, ID 0xb0c5.
[    3.669977] [drm] Framebuffer size 16384 kB @ 0xfd000000, mmio @ 0xfeb90000.
[    3.678534] [drm] Found EDID data blob.
[    3.680230] [drm] Initialized bochs-drm 1.0.0 20130925 for 0000:00:02.0 on minor 0
[    3.728497] Console: switching to colour frame buffer device 128x48
[    3.731370] bochs-drm 0000:00:02.0: [drm] fb0: bochs-drmdrmfb frame buffer device
[    3.881394] sr 1:0:0:0: [sr0] scsi3-mmc drive: 4x/4x cd/rw xa/form2 tray
[    3.883488] cdrom: Uniform CD-ROM driver Revision: 3.20
[    3.986905] virtio_blk virtio2: 2/0/0 default/read/poll queues
[    3.993496] virtio_blk virtio2: [vda] 8388608 512-byte logical blocks (4.29 GB/4.00 GiB)
[    3.999437] virtio_blk virtio3: 2/0/0 default/read/poll queues
[    4.005598] virtio_blk virtio3: [vdb] 736 512-byte logical blocks (377 kB/368 KiB)
[    4.096494] block sr0: the capability attribute has been deprecated.
[    7.076365] EXT4-fs (vda): mounted filesystem 367ceb5a-a72a-4cc6-9140-e18812d3c81b ro with ordered data mode. Quota mode: none.
[    7.080387] Mounting root: ok.
ok.

   OpenRC 0.52.1 is starting up Linux 6.6.4-1-virt (x86_64)

 * /proc is already mounted
 * Mounting /run ... [ ok ]
 * /run/openrc: creating directory
 * /run/lock: creating directory
 * /run/lock: correcting owner
 * Caching service dependencies ... [ ok ]
 * Remounting devtmpfs on /dev ... [ ok ]
 * Mounting /dev/mqueue ... [ ok ]
 * Mounting security filesystem ... [ ok ]
 * Mounting debug filesystem ... [ ok ]
 * Mounting persistent storage (pstore) filesystem ... [ ok ]
 * Starting busybox mdev ... [ ok ]
 * Scanning hardware for mdev ... [ ok ]
 * Loading hardware drivers ... [ ok ]
 * Loading modules ... [ ok ]
 * Setting system clock using the hardware clock [UTC] ... [ ok ]
 * Checking local filesystems  .../: clean, 8723/65536 files, 158031/262144 blocks
 [ ok ]
 * Remounting root filesystem read/write ... [ ok ]
 * Remounting filesystems ... [ ok ]
 * Activating swap devices ... [ ok ]
 * Mounting local filesystems ... [ ok ]
 * Starting busybox acpid ... [ ok ]
 * Configuring kernel parameters ... [ ok ]
 * Migrating /var/lock to /run/lock ... [ ok ]
 * Creating user login records ... [ ok ]
 * Cleaning /tmp directory ... [ ok ]
Cloud-init v. 23.4 running 'init-local' at Fri, 06 Mar 2026 02:54:53 +0000. Up 11.69 seconds.
 [ ok ]
 * Setting hostname ... [ ok ]
 * Starting busybox syslog ... [ ok ]
 * Mounting cgroup filesystem ... [ ok ]
 * Starting networking ... *   lo ... [ ok ]
 *   eth0 ... [ ok ]
 * /var/log/docker.log: creating file
 * /var/log/docker.log: correcting owner
 * Starting Docker Daemon ... [ ok ]
 * Starting benchmark agent ...
[1A[2Ka257f20c716c: Loading layer  557.1kB/81.04MB[1B[1A[2Ka257f20c716c: Loading layer  3.342MB/81.04MB[1B[1A[2Ka257f20c716c: Loading layer  7.242MB/81.04MB[1B[1A[2Ka257f20c716c: Loading layer  11.14MB/81.04MB[1B[1A[2Ka257f20c716c: Loading layer  16.15MB/81.04MB[1B[1A[2Ka257f20c716c: Loading layer  20.05MB/81.04MB[1B[1A[2Ka257f20c716c: Loading layer  22.84MB/81.04MB[1B[1A[2Ka257f20c716c: Loading layer  25.62MB/81.04MB[1B[1A[2Ka257f20c716c: Loading layer  28.41MB/81.04MB[1B[1A[2Ka257f20c716c: Loading layer   31.2MB/81.04MB[1B[1A[2Ka257f20c716c: Loading layer  35.65MB/81.04MB[1B[1A[2Ka257f20c716c: Loading layer  40.67MB/81.04MB[1B[1A[2Ka257f20c716c: Loading layer  46.24MB/81.04MB[1B[1A[2Ka257f20c716c: Loading layer  47.91MB/81.04MB[1B[1A[2Ka257f20c716c: Loading layer  51.81MB/81.04MB[1B[1A[2Ka257f20c716c: Loading layer  54.03MB/81.04MB[1B[1A[2Ka257f20c716c: Loading layer  57.93MB/81.04MB[1B[1A[2Ka257f20c716c: Loading layer  62.39MB/81.04MB[1B[1A[2Ka257f20c716c: Loading layer  65.18MB/81.04MB[1B[1A[2Ka257f20c716c: Loading layer  66.29MB/81.04MB[1B[1A[2Ka257f20c716c: Loading layer  66.85MB/81.04MB[1B[1A[2Ka257f20c716c: Loading layer  67.96MB/81.04MB[1B[1A[2Ka257f20c716c: Loading layer  72.42MB/81.04MB[1B[1A[2Ka257f20c716c: Loading layer  74.09MB/81.04MB[1B[1A[2Ka257f20c716c: Loading layer  74.65MB/81.04MB[1B[1A[2Ka257f20c716c: Loading layer   75.2MB/81.04MB[1B[1A[2Ka257f20c716c: Loading layer  75.76MB/81.04MB[1B[1A[2Ka257f20c716c: Loading layer  76.32MB/81.04MB[1B[1A[2Ka257f20c716c: Loading layer  78.54MB/81.04MB[1B[1A[2Ka257f20c716c: Loading layer   79.1MB/81.04MB[1B[1A[2Ka257f20c716c: Loading layer  79.66MB/81.04MB[1B[1A[2Ka257f20c716c: Loading layer  81.04MB/81.04MB[1B
[1A[2Kb0c20bcd44fe: Loading layer  65.54kB/4.123MB[1B[1A[2Kb0c20bcd44fe: Loading layer  1.638MB/4.123MB[1B[1A[2Kb0c20bcd44fe: Loading layer  1.966MB/4.123MB[1B[1A[2Kb0c20bcd44fe: Loading layer  3.932MB/4.123MB[1B[1A[2Kb0c20bcd44fe: Loading layer  4.123MB/4.123MB[1B[1A[2Kb0c20bcd44fe: Loading layer  4.123MB/4.123MB[1B
[1A[2K5184c31ad48f: Loading layer  458.8kB/43.85MB[1B[1A[2K5184c31ad48f: Loading layer  1.835MB/43.85MB[1B[1A[2K5184c31ad48f: Loading layer  5.964MB/43.85MB[1B[1A[2K5184c31ad48f: Loading layer  9.175MB/43.85MB[1B[1A[2K5184c31ad48f: Loading layer  11.01MB/43.85MB[1B[1A[2K5184c31ad48f: Loading layer  12.85MB/43.85MB[1B[1A[2K5184c31ad48f: Loading layer  16.52MB/43.85MB[1B[1A[2K5184c31ad48f: Loading layer  18.35MB/43.85MB[1B[1A[2K5184c31ad48f: Loading layer  21.56MB/43.85MB[1B[1A[2K5184c31ad48f: Loading layer  24.31MB/43.85MB[1B[1A[2K5184c31ad48f: Loading layer  27.07MB/43.85MB[1B[1A[2K5184c31ad48f: Loading layer   28.9MB/43.85MB[1B[1A[2K5184c31ad48f: Loading layer  31.65MB/43.85MB[1B[1A[2K5184c31ad48f: Loading layer  33.95MB/43.85MB[1B[1A[2K5184c31ad48f: Loading layer  35.32MB/43.85MB[1B[1A[2K5184c31ad48f: Loading layer   36.7MB/43.85MB[1B[1A[2K5184c31ad48f: Loading layer  38.54MB/43.85MB[1B[1A[2K5184c31ad48f: Loading layer  40.37MB/43.85MB[1B[1A[2K5184c31ad48f: Loading layer  42.66MB/43.85MB[1B[1A[2K5184c31ad48f: Loading layer  43.85MB/43.85MB[1B
[1A[2Kfa1d322086e6: Loading layer   5.12kB/5.12kB[1B[1A[2Kfa1d322086e6: Loading layer   5.12kB/5.12kB[1B
[1A[2Kbdf610394df6: Loading layer  22.02kB/22.02kB[1B[1A[2Kbdf610394df6: Loading layer  22.02kB/22.02kB[1B
[1A[2Keb067feb5b8d: Loading layer  9.728kB/9.728kB[1B[1A[2Keb067feb5b8d: Loading layer  9.728kB/9.728kB[1BLoaded image: bench-worker:latest
 [ ok ]
 * Starting chronyd ... [ ok ]
 * Starting cloud-init-hotplugd ... [ ok ]
Cloud-init v. 23.4 running 'init' at Fri, 06 Mar 2026 02:55:37 +0000. Up 55.34 seconds.
ci-info: +++++++++++++++++++++++++++++++++++++++Net device info+++++++++++++++++++++++++++++++++++++++
ci-info: +---------+-------+----------------------------+---------------+--------+-------------------+
ci-info: |  Device |   Up  |          Address           |      Mask     | Scope  |     Hw-Address    |
ci-info: +---------+-------+----------------------------+---------------+--------+-------------------+
ci-info: | docker0 | False |         172.17.0.1         |  255.255.0.0  | global | 02:42:4f:c5:91:56 |
ci-info: |   eth0  |  True |         10.0.2.15          | 255.255.255.0 | global | 52:54:00:12:34:56 |
ci-info: |   eth0  |  True | fec0::5054:ff:fe12:3456/64 |       .       |  site  | 52:54:00:12:34:56 |
ci-info: |   eth0  |  True | fe80::5054:ff:fe12:3456/64 |       .       |  link  | 52:54:00:12:34:56 |
ci-info: |    lo   |  True |         127.0.0.1          |   255.0.0.0   |  host  |         .         |
ci-info: |    lo   |  True |          ::1/128           |       .       |  host  |         .         |
ci-info: +---------+-------+----------------------------+---------------+--------+-------------------+
ci-info: +++++++++++++++++++++++++++Route IPv4 info++++++++++++++++++++++++++++
ci-info: +-------+-------------+----------+---------------+-----------+-------+
ci-info: | Route | Destination | Gateway  |    Genmask    | Interface | Flags |
ci-info: +-------+-------------+----------+---------------+-----------+-------+
ci-info: |   0   |   0.0.0.0   | 10.0.2.2 |    0.0.0.0    |    eth0   |   UG  |
ci-info: |   1   |   10.0.2.0  | 0.0.0.0  | 255.255.255.0 |    eth0   |   U   |
ci-info: |   2   |  172.17.0.0 | 0.0.0.0  |  255.255.0.0  |  docker0  |   U   |
ci-info: +-------+-------------+----------+---------------+-----------+-------+
ci-info: +++++++++++++++++++Route IPv6 info+++++++++++++++++++
ci-info: +-------+-------------+---------+-----------+-------+
ci-info: | Route | Destination | Gateway | Interface | Flags |
ci-info: +-------+-------------+---------+-----------+-------+
ci-info: |   0   |  fe80::/64  |    ::   |    eth0   |   U   |
ci-info: |   1   |  fec0::/64  |    ::   |    eth0   |   Ue  |
ci-info: |   2   |     ::/0    | fe80::2 |    eth0   |  UGe  |
ci-info: |   4   |    local    |    ::   |    eth0   |   U   |
ci-info: |   5   |    local    |    ::   |    eth0   |   U   |
ci-info: |   6   |  multicast  |    ::   |    eth0   |   U   |
ci-info: +-------+-------------+---------+-----------+-------+
2026-03-06 02:55:37,532 - cloud_config.py[WARNING]: Failed at merging in cloud config part from part-001: empty cloud config
Generating public/private rsa key pair.
Your identification has been saved in /etc/ssh/ssh_host_rsa_key
Your public key has been saved in /etc/ssh/ssh_host_rsa_key.pub
The key fingerprint is:
SHA256:23vB/I31KS0HrlhyCHriNIB/mEyxLi2MWCBNamwtWxQ root@agent-15
The key's randomart image is:
+---[RSA 3072]----+
|  .E.            |
|.+o              |
|+=.+             |
|+.= o            |
| o.+   .S  o     |
|+.* + . .o. +.  .|
|o+ B * ..o.o.oo+o|
|  o + +   =..+o+o|
|     .   ..o. +  |
+----[SHA256]-----+
Generating public/private dsa key pair.
Your identification has been saved in /etc/ssh/ssh_host_dsa_key
Your public key has been saved in /etc/ssh/ssh_host_dsa_key.pub
The key fingerprint is:
SHA256:H2xh6om+71rzWaLWooW+YY0eg2o51ty23eoJ83OK14Y root@agent-15
The key's randomart image is:
+---[DSA 1024]----+
|                 |
|                 |
|          o      |
|         + .     |
|        S +      |
|     . * + .     |
|   +..@ B+o .    |
|  =.o=o%E*=+     |
| o.. .@%@B+      |
+----[SHA256]-----+
Generating public/private ecdsa key pair.
Your identification has been saved in /etc/ssh/ssh_host_ecdsa_key
Your public key has been saved in /etc/ssh/ssh_host_ecdsa_key.pub
The key fingerprint is:
SHA256:z3V1KigZBoFQHC+p8QgvVdk6gvHtymsoiWaDZkPJ480 root@agent-15
The key's randomart image is:
+---[ECDSA 256]---+
|  .++=o.         |
|.  .+o..         |
|.+o.o.. o       o|
|.+o=+. . o .   o.|
|o =o..  S . o o  |
| *  .    + . o   |
|=++.      o      |
|*O+E             |
|*.+.             |
+----[SHA256]-----+
Generating public/private ed25519 key pair.
Your identification has been saved in /etc/ssh/ssh_host_ed25519_key
Your public key has been saved in /etc/ssh/ssh_host_ed25519_key.pub
The key fingerprint is:
SHA256:EpOuh1ruMDJrf44woi7SkdKSu18z30mVoUmAXEryL5M root@agent-15
The key's randomart image is:
+--[ED25519 256]--+
|  ...oo          |
|   +o. o         |
|    o + . .      |
|     + + o o     |
| o .E + S o      |
|+ +  = . .       |
|+Bo.B . .        |
|*=+B.* o .       |
|O+++=.. o        |
+----[SHA256]-----+
 [ ok ]
Cloud-init v. 23.4 running 'modules:config' at Fri, 06 Mar 2026 02:55:38 +0000. Up 56.37 seconds.
 [ ok ]
Cloud-init v. 23.4 running 'modules:final' at Fri, 06 Mar 2026 02:55:38 +0000. Up 56.79 seconds.
ci-info: no authorized SSH keys fingerprints found for user alpine.
cloud-init: #############################################################
cloud-init: -----BEGIN SSH HOST KEY FINGERPRINTS-----
cloud-init: 1024 SHA256:H2xh6om+71rzWaLWooW+YY0eg2o51ty23eoJ83OK14Y root@agent-15 (DSA)
cloud-init: 256 SHA256:z3V1KigZBoFQHC+p8QgvVdk6gvHtymsoiWaDZkPJ480 root@agent-15 (ECDSA)
cloud-init: 256 SHA256:EpOuh1ruMDJrf44woi7SkdKSu18z30mVoUmAXEryL5M root@agent-15 (ED25519)
cloud-init: 3072 SHA256:23vB/I31KS0HrlhyCHriNIB/mEyxLi2MWCBNamwtWxQ root@agent-15 (RSA)
cloud-init: -----END SSH HOST KEY FINGERPRINTS-----
cloud-init: #############################################################
-----BEGIN SSH HOST KEY KEYS-----
ecdsa-sha2-nistp256 AAAAE2VjZHNhLXNoYTItbmlzdHAyNTYAAAAIbmlzdHAyNTYAAABBBDdbjvHZUGvSBxoBHMsfp3D8BmRxYD+7URoJEmBFyr3jrwRqdhkwaIe3Oy0qaOCXiHLLVzoPxr8RUCXywWlgLSs= root@agent-15
ssh-ed25519 AAAAC3NzaC1lZDI1NTE5AAAAIIdg8ruN2nubu8DYVnm4yYYxrGq7GSs6NWqjGDDhMK2R root@agent-15
ssh-rsa AAAAB3NzaC1yc2EAAAADAQABAAABgQCQOacEJ8hxbDB7ySGpnyUK6LbjeK+r/p09RPqNvFzlqZw1A5a5ZYhUSGXMQl0ibVZYWISg04c4UlAyQn4Ql+IRMEIs3z7BYm0tE1lKcNfOO5VK7l29+J5DMRfbvMM7UKh8+5wnm4Q1fc4ouS6VC/Pf+CwRikq7tLgskOufyvAqlqDZvwky7FyRowt6Q3O8arAJbX6xQZdSPznlPlvVd+0lR13NwbjtDtCgjwzMsjSdSQ5GbN8fQo9KfJkWp1Vv4yDK2X6qXfYnyNy/tVehKsrXJ3UHRCvimYrVtJ5Z0yE4+4QnBHiS1HrABTHewgkBp2mgQ6zlPWcgGh6qj9KEF9H/wxl9Ntl1/XYyd9AjuCq4wvf158sGbCpJ9sknaRnu6en9FduDUurGtLuQJen2bUCgBfXYPssXMjD4x3A0mAS+jNqhGgl0dz3kvu1yG2dhZEfMyfHzc65nQyAfjbe6qGZy8IoRFlwUKP8f+sM8flAy7TpwQxYrTZ0VZTJ273r+D7s= root@agent-15
-----END SSH HOST KEY KEYS-----
Cloud-init v. 23.4 finished at Fri, 06 Mar 2026 02:55:38 +0000. Datasource DataSourceNoCloud [seed=/dev/vdb][dsmode=net].  Up 56.91 seconds
 [ ok ]

Welcome to Alpine Linux 3.19
Kernel 6.6.4-1-virt on an x86_64 (/dev/ttyS0)

agent-15 login: 