c[?7l[2J[0mSeaBIOS (version 1.15.0-1)


iPXE (https://ipxe.org) 00:03.0 CA00 PCI2.10 PnP PMM+BFF8B380+BFECB380 CA00
Press Ctrl-B to configure iPXE (PCI 00:03.0)...                                                                               


Booting from Hard Disk...

SYSLINUX 6.04 EDD 6.04-pre1 Copyright (C) 1994-2015 H. Peter Anvin et al

SYSLINUX 6.04 6.04-pre1 Copyright (C) 1994-2015 H. Peter Anvin et al
[2Je%@)0(B[0;37;40m[?25l[2J[23;16HAlpine will be booted automatically in [0;1m1[0m seconds[23;16H[0;3.7;40mAlpine will be booted automatically in [0;1;37;40m1[0;37;40m seconds.[23;16H                                                 [23;16H[0;37;40m                                                  [?25h[24;1H[0m 
Loading vmlinuz-virt...Loading vmlinuz-virt...  ookk

Loading initramfs-virt..Loading initramfs-virt....ookk

c[?7l[2J[    0.000000] Linux version 6.6.4-1-virt (buildozer@build-3-19-x86_64) (gcc (Alpine 13.2.1_git20231014) 13.2.1 20231014, GNU ld (GNU Binutils) 2.41) #2-Alpine SMP PREEMPT_DYNAMIC Tue, 05 Dec 2023 20:25:50 +0000
[    0.000000] Command line: BOOT_IMAGE=vmlinuz-virt root=LABEL=/ modules=sd-mod,usb-storage,ext4 console=ttyS0,115200n8 initrd=initramfs-virt
[    0.000000] BIOS-provided physical RAM map:
[    0.000000] BIOS-e820: [mem 0x0000000000000000-0x000000000009fbff] usable
[    0.000000] BIOS-e820: [mem 0x000000000009fc00-0x000000000009ffff] reserved
[    0.000000] BIOS-e820: [mem 0x00000000000f0000-0x00000000000fffff] reserved
[    0.000000] BIOS-e820: [mem 0x0000000000100000-0x00000000bffd9fff] usable
[    0.000000] BIOS-e820: [mem 0x00000000bffda000-0x00000000bfffffff] reserved
[    0.000000] BIOS-e820: [mem 0x00000000feffc000-0x00000000feffffff] reserved
[    0.000000] BIOS-e820: [mem 0x00000000fffc0000-0x00000000ffffffff] reserved
[    0.000000] BIOS-e820: [mem 0x0000000100000000-0x000000013fffffff] usable
[    0.000000] NX (Execute Disable) protection: active
[    0.000000] APIC: Static calls initialized
[    0.000000] SMBIOS 2.8 present.
[    0.000000] DMI: QEMU Standard PC (i440FX + PIIX, 1996), BIOS 1.15.0-1 04/01/2014
[    0.000000] Hypervisor detected: KVM
[    0.000000] kvm-clock: Using msrs 4b564d01 and 4b564d00
[    0.000001] kvm-clock: using sched offset of 2700155834 cycles
[    0.000003] clocksource: kvm-clock: mask: 0xffffffffffffffff max_cycles: 0x1cd42e4dffb, max_idle_ns: 881590591483 ns
[    0.000008] tsc: Detected 2799.998 MHz processor
[    0.001035] last_pfn = 0x140000 max_arch_pfn = 0x400000000
[    0.001460] MTRR map: 4 entries (3 fixed + 1 variable; max 19), built from 8 variable MTRRs
[    0.001477] x86/PAT: Configuration [0-7]: WB  WC  UC- UC  WB  WP  UC- WT  
[    0.001973] last_pfn = 0xbffda max_arch_pfn = 0x400000000
[    0.002384] RAMDISK: [mem 0x7f71e000-0x7fffffff]
[    0.002387] ACPI: Early table checksum verification disabled
[    0.002394] ACPI: RSDP 0x00000000000F59A0 000014 (v00 BOCHS )
[    0.002399] ACPI: RSDT 0x00000000BFFE1975 000034 (v01 BOCHS  BXPC     00000001 BXPC 00000001)
[    0.002406] ACPI: FACP 0x00000000BFFE1821 000074 (v01 BOCHS  BXPC     00000001 BXPC 00000001)
[    0.002448] ACPI: DSDT 0x00000000BFFE0040 0017E1 (v01 BOCHS  BXPC     00000001 BXPC 00000001)
[    0.002452] ACPI: FACS 0x00000000BFFE0000 000040
[    0.002455] ACPI: APIC 0x00000000BFFE1895 000080 (v01 BOCHS  BXPC     00000001 BXPC 00000001)
[    0.002458] ACPI: HPET 0x00000000BFFE1915 000038 (v01 BOCHS  BXPC     00000001 BXPC 00000001)
[    0.002461] ACPI: WAET 0x00000000BFFE194D 000028 (v01 BOCHS  BXPC     00000001 BXPC 00000001)
[    0.002464] ACPI: Reserving FACP table memory at [mem 0xbffe1821-0xbffe1894]
[    0.002465] ACPI: Reserving DSDT table memory at [mem 0xbffe0040-0xbffe1820]
[    0.002466] ACPI: Reserving FACS table memory at [mem 0xbffe0000-0xbffe003f]
[    0.002467] ACPI: Reserving APIC table memory at [mem 0xbffe1895-0xbffe1914]
[    0.002467] ACPI: Reserving HPET table memory at [mem 0xbffe1915-0xbffe194c]
[    0.002468] ACPI: Reserving WAET table memory at [mem 0xbffe194d-0xbffe1974]
[    0.002952] Zone ranges:
[    0.002954]   DMA      [mem 0x0000000000001000-0x0000000000ffffff]
[    0.002956]   DMA32    [mem 0x0000000001000000-0x00000000ffffffff]
[    0.002957]   Normal   [mem 0x0000000100000000-0x000000013fffffff]
[    0.002959] Movable zone start for each node
[    0.002959] Early memory node ranges
[    0.002960]   node   0: [mem 0x0000000000001000-0x000000000009efff]
[    0.002961]   node   0: [mem 0x0000000000100000-0x00000000bffd9fff]
[    0.002962]   node   0: [mem 0x0000000100000000-0x000000013fffffff]
[    0.002963] Initmem setup node 0 [mem 0x0000000000001000-0x000000013fffffff]
[    0.003090] On node 0, zone DMA: 1 pages in unavailable ranges
[    0.004705] On node 0, zone DMA: 97 pages in unavailable ranges
[    0.492861] On node 0, zone Normal: 38 pages in unavailable ranges
[    0.498166] ACPI: PM-Timer IO Port: 0x608
[    0.498737] ACPI: LAPIC_NMI (acpi_id[0xff] dfl dfl lint[0x1])
[    0.499233] IOAPIC[0]: apic_id 0, version 17, address 0xfec00000, GSI 0-23
[    0.499302] ACPI: INT_SRC_OVR (bus 0 bus_irq 0 global_irq 2 dfl dfl)
[    0.499304] ACPI: INT_SRC_OVR (bus 0 bus_irq 5 global_irq 5 high level)
[    0.499351] ACPI: INT_SRC_OVR (bus 0 bus_irq 9 global_irq 9 high level)
[    0.499410] ACPI: INT_SRC_OVR (bus 0 bus_irq 10 global_irq 10 high level)
[    0.499412] ACPI: INT_SRC_OVR (bus 0 bus_irq 11 global_irq 11 high level)
[    0.499469] ACPI: Using ACPI (MADT) for SMP configuration information
[    0.499518] ACPI: HPET id: 0x8086a201 base: 0xfed00000
[    0.499933] smpboot: Allowing 2 CPUs, 0 hotplug CPUs
[    0.500883] kvm-guest: APIC: eoi() replaced with kvm_guest_apic_eoi_write()
[    0.501958] [mem 0xc0000000-0xfeffbfff] available for PCI devices
[    0.502009] Booting paravirtualized kernel on KVM
[    0.502154] clocksource: refined-jiffies: mask: 0xffffffff max_cycles: 0xffffffff, max_idle_ns: 19112604462750000 ns
[    0.514821] setup_percpu: NR_CPUS:256 nr_cpumask_bits:2 nr_cpu_ids:2 nr_node_ids:1
[    0.530233] percpu: Embedded 57 pages/cpu s195048 r8192 d30232 u1048576
[    0.530638] kvm-guest: PV spinlocks disabled, no host support
[    0.530662] Kernel command line: BOOT_IMAGE=vmlinuz-virt root=LABEL=/ modules=sd-mod,usb-storage,ext4 console=ttyS0,115200n8 initrd=initramfs-virt
[    0.532570] Unknown kernel command line parameters "BOOT_IMAGE=vmlinuz-virt modules=sd-mod,usb-storage,ext4", will be passed to user space.
[    0.557947] Dentry cache hash table entries: 524288 (order: 10, 4194304 bytes, linear)
[    0.570309] Inode-cache hash table entries: 262144 (order: 9, 2097152 bytes, linear)
[    0.571170] Built 1 zonelists, mobility grouping on.  Total pages: 1031898
[    0.585100] mem auto-init: stack:all(zero), heap alloc:on, heap free:off
[    0.585301] software IO TLB: area num 2.
[    1.002394] Memory: 4012148K/4193760K available (12288K kernel code, 1744K rwdata, 8008K rodata, 2640K init, 2300K bss, 181352K reserved, 0K cma-reserved)
[    1.008794] SLUB: HWalign=64, Order=0-3, MinObjects=0, CPUs=2, Nodes=1
[    1.009170] Kernel/User page tables isolation: enabled
[    1.029741] Dynamic Preempt: none
[    1.030204] rcu: Preemptible hierarchical RCU implementation.
[    1.030224] rcu: 	RCU restricting CPUs from NR_CPUS=256 to nr_cpu_ids=2.
[    1.030246] 	Trampoline variant of Tasks RCU enabled.
[    1.030275] 	Tracing variant of Tasks RCU enabled.
[    1.030296] rcu: RCU calculated value of scheduler-enlistment delay is 10 jiffies.
[    1.030297] rcu: Adjusting geometry for rcu_fanout_leaf=16, nr_cpu_ids=2
[    1.042226] NR_IRQS: 16640, nr_irqs: 440, preallocated irqs: 16
[    1.047695] rcu: srcu_init: Setting srcu_struct sizes based on contention.
[    1.048038] kfence: initialized - using 2097152 bytes for 255 objects at 0x(____ptrval____)-0x(____ptrval____)
[    1.077635] Console: colour VGA+ 80x25
[    1.078128] printk: console [ttyS0] enabled
[    1.417353] ACPI: Core revision 20230628
[    1.421034] clocksource: hpet: mask: 0xffffffff max_cycles: 0xffffffff, max_idle_ns: 19112604467 ns
[    1.427316] APIC: Switch to symmetric I/O mode setup
[    1.431866] x2apic enabled
[    1.435382] APIC: Switched APIC routing to: physical x2apic
[    1.445650] ..TIMER: vector=0x30 apic1=0 pin1=2 apic2=-1 pin2=-1
[    1.449018] clocksource: tsc-early: mask: 0xffffffffffffffff max_cycles: 0x285c3ee517e, max_idle_ns: 440795257231 ns
[    1.454671] Calibrating delay loop (skipped) preset value.. 5599.99 BogoMIPS (lpj=27999980)
[    1.465831] Last level iTLB entries: 4KB 0, 2MB 0, 4MB 0
[    1.468682] Last level dTLB entries: 4KB 0, 2MB 0, 4MB 0, 1GB 0
[    1.471910] Spectre V1 : Mitigation: usercopy/swapgs barriers and __user pointer sanitization
[    1.478856] Spectre V2 : Mitigation: Retpolines
[    1.484645] Spectre V2 : Spectre v2 / SpectreRSB mitigation: Filling RSB on context switch
[    1.488980] Spectre V2 : Spectre v2 / SpectreRSB : Filling RSB on VMEXIT
[    1.492516] Speculative Store Bypass: Vulnerable
[    1.494702] MDS: Vulnerable: Clear CPU buffers attempted, no microcode
[    1.498236] MMIO Stale Data: Unknown: No mitigations
[    1.501212] x86/fpu: x87 FPU will use FXSAVE
[    1.578755] Freeing SMP alternatives memory: 32K
[    1.581574] pid_max: default: 32768 minimum: 301
[    1.584944] LSM: initializing lsm=capability,landlock,lockdown,integrity
[    1.589664] landlock: Up and running.
[    1.595261] Mount-cache hash table entries: 8192 (order: 4, 65536 bytes, linear)
[    1.600467] Mountpoint-cache hash table entries: 8192 (order: 4, 65536 bytes, linear)
[    1.730518] smpboot: CPU0: Intel QEMU Virtual CPU version 2.5+ (family: 0xf, model: 0x6b, stepping: 0x1)
[    1.734642] RCU Tasks: Setting shift to 1 and lim to 1 rcu_task_cb_adjust=1.
[    1.734767] RCU Tasks Trace: Setting shift to 1 and lim to 1 rcu_task_cb_adjust=1.
[    1.738944] Performance Events: unsupported Netburst CPU model 107 no PMU driver, software events only.
[    1.744983] signal: max sigframe size: 1440
[    1.747503] rcu: Hierarchical SRCU implementation.
[    1.750074] rcu: 	Max phase no-delay instances is 1000.
[    1.754850] NMI watchdog: Perf NMI watchdog permanently disabled
[    1.758291] smp: Bringing up secondary CPUs ...
[    1.761828] smpboot: x86: Booting SMP configuration:
[    1.764497] .... node  #0, CPUs:      #1
[    1.777202] smp: Brought up 1 node, 2 CPUs
[    1.784658] smpboot: Max logical packages: 1
[    1.787002] ----------------
[    1.788590] | NMI testsuite:
[    1.790198] --------------------
[    1.791923]   remote IPI:  ok  |
[    1.794649]    local IPI:  ok  |
[    1.796447] --------------------
[    1.798261] Good, all   2 testcases passed! |
[    1.800664] ---------------------------------
[    1.803105] smpboot: Total of 2 processors activated (11199.99 BogoMIPS)
[    1.807441] devtmpfs: initialized
[    1.807441] x86/mm: Memory block size: 128MB
[    1.818778] clocksource: jiffies: mask: 0xffffffff max_cycles: 0xffffffff, max_idle_ns: 19112604462750000 ns
[    1.824829] futex hash table entries: 512 (order: 3, 32768 bytes, linear)
[    1.847541] NET: Registered PF_NETLINK/PF_ROUTE protocol family
[    1.851515] audit: initializing netlink subsys (disabled)
[    1.854836] audit: type=2000 audit(1772765683.846:1): state=initialized audit_enabled=0 res=1
[    1.854987] thermal_sys: Registered thermal governor 'step_wise'
[    1.864668] cpuidle: using governor ladder
[    1.870311] cpuidle: using governor menu
[    1.872705] acpiphp: ACPI Hot Plug PCI Controller Driver version: 0.5
[    1.875683] PCI: Using configuration type 1 for base access
[    1.879111] kprobes: kprobe jump-optimization is enabled. All kprobes are optimized if possible.
[    1.889206] HugeTLB: registered 2.00 MiB page size, pre-allocated 0 pages
[    1.889206] HugeTLB: 28 KiB vmemmap can be freed for a 2.00 MiB page
[    1.895311] ACPI: Added _OSI(Module Device)
[    1.904650] ACPI: Added _OSI(Processor Device)
[    1.907103] ACPI: Added _OSI(3.0 _SCP Extensions)
[    1.909640] ACPI: Added _OSI(Processor Aggregator Device)
[    1.913248] ACPI: 1 ACPI AML tables successfully acquired and loaded
[    1.916574] ACPI: _OSC evaluation for CPUs failed, trying _PDC
[    1.918073] ACPI: Interpreter enabled
[    1.924708] ACPI: PM: (supports S0 S3 S5)
[    1.927320] ACPI: Using IOAPIC for interrupt routing
[    1.930228] PCI: Using host bridge windows from ACPI; if necessary, use "pci=nocrs" and report a bug
[    1.934647] PCI: Using E820 reservations for host bridge windows
[    1.938063] ACPI: Enabled 2 GPEs in block 00 to 0F
[    1.947189] ACPI: PCI Root Bridge [PCI0] (domain 0000 [bus 00-ff])
[    1.950802] acpi PNP0A03:00: _OSC: OS supports [ASPM ClockPM Segments MSI HPX-Type3]
[    1.954651] acpi PNP0A03:00: _OSC: not requesting OS control; OS requires [ExtendedConfig ASPM ClockPM MSI]
[    1.965599] acpi PNP0A03:00: fail to add MMCONFIG information, can't access extended configuration space under this bridge
[    1.972540] acpiphp: Slot [3] registered
[    1.974702] acpiphp: Slot [4] registered
[    1.976899] acpiphp: Slot [5] registered
[    1.979187] acpiphp: Slot [6] registered
[    1.981481] acpiphp: Slot [7] registered
[    1.983831] acpiphp: Slot [8] registered
[    1.984700] acpiphp: Slot [9] registered
[    1.986889] acpiphp: Slot [10] registered
[    1.989101] acpiphp: Slot [11] registered
[    1.991462] acpiphp: Slot [12] registered
[    1.994750] acpiphp: Slot [13] registered
[    1.997138] acpiphp: Slot [14] registered
[    1.999498] acpiphp: Slot [15] registered
[    2.001890] acpiphp: Slot [16] registered
[    2.004700] acpiphp: Slot [17] registered
[    2.006956] acpiphp: Slot [18] registered
[    2.009227] acpiphp: Slot [19] registered
[    2.011498] acpiphp: Slot [20] registered
[    2.013791] acpiphp: Slot [21] registered
[    2.014704] acpiphp: Slot [22] registered
[    2.016934] acpiphp: Slot [23] registered
[    2.019291] acpiphp: Slot [24] registered
[    2.021532] acpiphp: Slot [25] registered
[    2.024698] acpiphp: Slot [26] registered
[    2.026974] acpiphp: Slot [27] registered
[    2.029247] acpiphp: Slot [28] registered
[    2.031666] acpiphp: Slot [29] registered
[    2.034652] acpiphp: Slot [30] registered
[    2.036877] acpiphp: Slot [31] registered
[    2.039103] PCI host bridge to bus 0000:00
[    2.041384] pci_bus 0000:00: root bus resource [io  0x0000-0x0cf7 window]
[    2.044649] pci_bus 0000:00: root bus resource [io  0x0d00-0xffff window]
[    2.048775] pci_bus 0000:00: root bus resource [mem 0x000a0000-0x000bffff window]
[    2.053297] pci_bus 0000:00: root bus resource [mem 0xc0000000-0xfebfffff window]
[    2.054648] pci_bus 0000:00: root bus resource [mem 0x140000000-0x1bfffffff window]
[    2.059508] pci_bus 0000:00: root bus resource [bus 00-ff]
[    2.064897] pci 0000:00:00.0: [8086:1237] type 00 class 0x060000
[    2.071392] pci 0000:00:01.0: [8086:7000] type 00 class 0x060100
[    2.078294] pci 0000:00:01.1: [8086:7010] type 00 class 0x010180
[    2.089996] pci 0000:00:01.1: reg 0x20: [io  0xc160-0xc16f]
[    2.095368] pci 0000:00:01.1: legacy IDE quirk: reg 0x10: [io  0x01f0-0x01f7]
[    2.100200] pci 0000:00:01.1: legacy IDE quirk: reg 0x14: [io  0x03f6]
[    2.103743] pci 0000:00:01.1: legacy IDE quirk: reg 0x18: [io  0x0170-0x0177]
[    2.104648] pci 0000:00:01.1: legacy IDE quirk: reg 0x1c: [io  0x0376]
[    2.108994] pci 0000:00:01.3: [8086:7113] type 00 class 0x068000
[    2.117092] pci 0000:00:01.3: quirk: [io  0x0600-0x063f] claimed by PIIX4 ACPI
[    2.121154] pci 0000:00:01.3: quirk: [io  0x0700-0x070f] claimed by PIIX4 SMB
[    2.129992] pci 0000:00:02.0: [1234:1111] type 00 class 0x030000
[    2.146534] pci 0000:00:02.0: reg 0x10: [mem 0xfd000000-0xfdffffff pref]
[    2.165017] pci 0000:00:02.0: reg 0x18: [mem 0xfeb90000-0xfeb90fff]
[    2.186377] pci 0000:00:02.0: reg 0x30: [mem 0xfeb80000-0xfeb8ffff pref]
[    2.207123] pci 0000:00:02.0: Video device with shadowed ROM at [mem 0x000c0000-0x000dffff]
[    2.228036] pci 0000:00:03.0: [1af4:1000] type 00 class 0x020000
[    2.233270] pci 0000:00:03.0: reg 0x10: [io  0xc140-0xc15f]
[    2.235779] pci 0000:00:03.0: reg 0x14: [mem 0xfeb91000-0xfeb91fff]
[    2.246360] pci 0000:00:03.0: reg 0x20: [mem 0xfe000000-0xfe003fff 64bit pref]
[    2.254657] pci 0000:00:03.0: reg 0x30: [mem 0xfeb00000-0xfeb7ffff pref]
[    2.266807] pci 0000:00:04.0: [1af4:1009] type 00 class 0x000200
[    2.272432] pci 0000:00:04.0: reg 0x10: [io  0xc100-0xc13f]
[    2.276208] pci 0000:00:04.0: reg 0x14: [mem 0xfeb92000-0xfeb92fff]
[    2.287980] pci 0000:00:04.0: reg 0x20: [mem 0xfe004000-0xfe007fff 64bit pref]
[    2.300884] pci 0000:00:05.0: [1af4:1001] type 00 class 0x010000
[    2.307189] pci 0000:00:05.0: reg 0x10: [io  0xc000-0xc07f]
[    2.312734] pci 0000:00:05.0: reg 0x14: [mem 0xfeb93000-0xfeb93fff]
[    2.320599] pci 0000:00:05.0: reg 0x20: [mem 0xfe008000-0xfe00bfff 64bit pref]
[    2.341522] pci 0000:00:06.0: [1af4:1001] type 00 class 0x010000
[    2.346978] pci 0000:00:06.0: reg 0x10: [io  0xc080-0xc0ff]
[    2.352867] pci 0000:00:06.0: reg 0x14: [mem 0xfeb94000-0xfeb94fff]
[    2.368214] pci 0000:00:06.0: reg 0x20: [mem 0xfe00c000-0xfe00ffff 64bit pref]
[    2.390998] ACPI: PCI: Interrupt link LNKA configured for IRQ 10
[    2.395229] ACPI: PCI: Interrupt link LNKB configured for IRQ 10
[    2.398919] ACPI: PCI: Interrupt link LNKC configured for IRQ 11
[    2.404885] ACPI: PCI: Interrupt link LNKD configured for IRQ 11
[    2.408353] ACPI: PCI: Interrupt link LNKS configured for IRQ 9
[    2.417581] iommu: Default domain type: Translated
[    2.420626] iommu: DMA domain TLB invalidation policy: lazy mode
[    2.430451] SCSI subsystem initialized
[    2.436566] pps_core: LinuxPPS API ver. 1 registered
[    2.438632] pps_core: Software ver. 5.3.6 - Copyright 2005-2007 Rodolfo Giometti <giometti@linux.it>
[    2.444693] PTP clock support registered
[    2.448580] PCI: Using ACPI for IRQ routing
[    2.456608] hpet: 3 channels of 0 reserved for per-cpu timers
[    2.460655] clocksource: Switched to clocksource kvm-clock
[    2.481172] VFS: Disk quotas dquot_6.6.0
[    2.484095] VFS: Dquot-cache hash table entries: 512 (order 0, 4096 bytes)
[    2.489735] pnp: PnP ACPI init
[    2.493778] pnp: PnP ACPI: found 6 devices
[    2.517127] clocksource: acpi_pm: mask: 0xffffff max_cycles: 0xffffff, max_idle_ns: 2085701024 ns
[    2.522882] NET: Registered PF_INET protocol family
[    2.529518] IP idents hash table entries: 65536 (order: 7, 524288 bytes, linear)
[    2.536745] tcp_listen_portaddr_hash hash table entries: 2048 (order: 3, 32768 bytes, linear)
[    2.548411] Table-perturb hash table entries: 65536 (order: 6, 262144 bytes, linear)
[    2.554421] TCP established hash table entries: 32768 (order: 6, 262144 bytes, linear)
[    2.570441] TCP bind hash table entries: 32768 (order: 8, 1048576 bytes, linear)
[    2.574861] TCP: Hash tables configured (established 32768 bind 32768)
[    2.580522] UDP hash table entries: 2048 (order: 4, 65536 bytes, linear)
[    2.584599] UDP-Lite hash table entries: 2048 (order: 4, 65536 bytes, linear)
[    2.589632] NET: Registered PF_UNIX/PF_LOCAL protocol family
[    2.593228] NET: Registered PF_XDP protocol family
[    2.596140] pci_bus 0000:00: resource 4 [io  0x0000-0x0cf7 window]
[    2.599783] pci_bus 0000:00: resource 5 [io  0x0d00-0xffff window]
[    2.603273] pci_bus 0000:00: resource 6 [mem 0x000a0000-0x000bffff window]
[    2.607186] pci_bus 0000:00: resource 7 [mem 0xc0000000-0xfebfffff window]
[    2.610948] pci_bus 0000:00: resource 8 [mem 0x140000000-0x1bfffffff window]
[    2.615070] pci 0000:00:01.0: PIIX3: Enabling Passive Release
[    2.618873] pci 0000:00:00.0: Limiting direct PCI/PCI transfers
[    2.623192] PCI: CLS 0 bytes, default 64
[    2.626657] PCI-DMA: Using software bounce buffering for IO (SWIOTLB)
[    2.627798] Unpacking initramfs...
[    2.631795] software IO TLB: mapped [mem 0x00000000bbfda000-0x00000000bffda000] (64MB)
[    2.641035] clocksource: tsc: mask: 0xffffffffffffffff max_cycles: 0x285c3ee517e, max_idle_ns: 440795257231 ns
[    2.652001] Initialise system trusted keyrings
[    2.667692] workingset: timestamp_bits=46 max_order=20 bucket_order=0
[    2.673427] zbud: loaded
[    2.677044] Key type asymmetric registered
[    2.680452] Asymmetric key parser 'x509' registered
[    2.685532] Block layer SCSI generic (bsg) driver version 0.4 loaded (major 247)
[    2.692563] io scheduler mq-deadline registered
[    2.696406] io scheduler kyber registered
[    2.699639] io scheduler bfq registered
[    2.704245] ERST DBG: ERST support is disabled.
[    2.728144] ACPI: \_SB_.LNKC: Enabled at IRQ 11
[    2.756573] ACPI: \_SB_.LNKD: Enabled at IRQ 10
[    2.775392] ACPI: \_SB_.LNKA: Enabled at IRQ 10
[    2.794124] ACPI: \_SB_.LNKB: Enabled at IRQ 11
[    2.803970] Serial: 8250/16550 driver, 4 ports, IRQ sharing enabled
[    2.808452] 00:04: ttyS0 at I/O 0x3f8 (irq = 4, base_baud = 115200) is a 16550A
[    2.828204] VMware PVSCSI driver - version 1.0.7.0-k
[    2.843926] scsi host0: ata_piix
[    2.847768] scsi host1: ata_piix
[    2.849836] ata1: PATA max MWDMA2 cmd 0x1f0 ctl 0x3f6 bmdma 0xc160 irq 14
[    2.853523] ata2: PATA max MWDMA2 cmd 0x170 ctl 0x376 bmdma 0xc168 irq 15
[    2.858303] i8042: PNP: PS/2 Controller [PNP0303:KBD,PNP0f13:MOU] at 0x60,0x64 irq 1,12
[    2.866605] serio: i8042 KBD port at 0x60,0x64 irq 1
[    2.869452] serio: i8042 AUX port at 0x60,0x64 irq 12
[    2.872739] rtc_cmos 00:05: RTC can wake from S4
[    2.882522] input: AT Translated Set 2 keyboard as /devices/platform/i8042/serio0/input/input0
[    2.891841] rtc_cmos 00:05: registered as rtc0
[    2.894665] rtc_cmos 00:05: setting system clock to 2026-03-06T02:54:44 UTC (1772765684)
[    2.899452] rtc_cmos 00:05: alarms up to one day, y3k, 242 bytes nvram, hpet irqs
[    2.903514] intel_pstate: CPU model not supported
[    2.906632] gre: GRE over IPv4 demultiplexor driver
[    3.000308] Key type dns_resolver registered
[    3.004198] IPI shorthand broadcast: enabled
[    3.013213] sched_clock: Marking stable (2620081272, 386862552)->(3014930762, -7986938)
[    3.019902] registered taskstats version 1
[    3.023518] Loading compiled-in X.509 certificates
[    3.054424] ata2: found unknown device (class 0)
[    3.070962] ata2.00: ATAPI: QEMU DVD-ROM, 2.5+, max UDMA/100
[    3.140059] scsi 1:0:0:0: CD-ROM            QEMU     QEMU DVD-ROM     2.5+ PQ: 0 ANSI: 5
[    3.142789] Freeing initrd memory: 9096K
[    3.177627] Loaded X.509 cert 'alpinelinux.org: Alpine Linux kernel key: d76a695f66ad9cd28f5c22a8508f36e91f521f7a'
[    3.186344] Key type .fscrypt registered
[    3.188731] Key type fscrypt-provisioning registered
[    3.217149] Freeing unused kernel image (initmem) memory: 2640K
[    3.227022] Write protecting the kernel read-only data: 20480k
[    3.230396] Freeing unused kernel image (rodata/data gap) memory: 184K
[    3.232674] rodata_test: all tests were successful
[    3.234363] Run /init as init process
[    3.274206] Alpine Init 3.9.0-r0
Alpine Init 3.9.[    3.275604] Loading boot drivers...
0-r0
 * Loading boot drivers: [    3.319701] ACPI: bus type USB registered
[    3.321125] usbcore: registered new interface driver usbfs
[    3.322867] usbcore: registered new interface driver hub
[    3.324583] usbcore: registered new device driver usb
[    3.331079] usbcore: registered new interface driver usb-storage
[    3.553422] loop: module loaded
[    3.600994] ACPI: bus type drm_connector registered
[    3.630160] Loading boot drivers: ok.
ok.
[    3.633794] Mounting root...
 * Mounting root: [    3.699496] piix4_smbus 0000:00:01.3: SMBus Host Controller at 0x700, revision 0
[    3.720633] [drm] Found bochs VGA, ID 0xb0c5.
[    3.722064] [drm] Framebuffer size 16384 kB @ 0xfd000000, mmio @ 0xfeb90000.
[    3.730963] [drm] Found EDID data blob.
[    3.732905] [drm] Initialized bochs-drm 1.0.0 20130925 for 0000:00:02.0 on minor 0
[    3.790763] Console: switching to colour frame buffer device 128x48
[    3.793802] bochs-drm 0000:00:02.0: [drm] fb0: bochs-drmdrmfb frame buffer device
[    3.909828] sr 1:0:0:0: [sr0] scsi3-mmc drive: 4x/4x cd/rw xa/form2 tray
[    3.912004] cdrom: Uniform CD-ROM driver Revision: 3.20
[    3.985136] virtio_blk virtio2: 2/0/0 default/read/poll queues
[    3.991848] virtio_blk virtio2: [vda] 8388608 512-byte logical blocks (4.29 GB/4.00 GiB)
[    3.997251] virtio_blk virtio3: 2/0/0 default/read/poll queues
[    4.003455] virtio_blk virtio3: [vdb] 736 512-byte logical blocks (377 kB/368 KiB)
[    4.083372] block sr0: the capability attribute has been deprecated.
[    6.925796] EXT4-fs (vda): mounted filesystem 367ceb5a-a72a-4cc6-9140-e18812d3c81b ro with ordered data mode. Quota mode: none.
[    6.930442] Mounting root: ok.
ok.

   OpenRC 0.52.1 is starting up Linux 6.6.4-1-virt (x86_64)

 * /proc is already mounted
 * Mounting /run ... [ ok ]
 * /run/openrc: creating directory
 * /run/lock: creating directory
 * /run/lock: correcting owner
 * Caching service dependencies ... [ ok ]
 * Remounting devtmpfs on /dev ... [ ok ]
 * Mounting /dev/mqueue ... [ ok ]
 * Mounting security filesystem ... [ ok ]
 * Mounting debug filesystem ... [ ok ]
 * Mounting persistent storage (pstore) filesystem ... [ ok ]
 * Starting busybox mdev ... [ ok ]
 * Scanning hardware for mdev ... [ ok ]
 * Loading hardware drivers ... [ ok ]
 * Loading modules ... [ ok ]
 * Setting system clock using the hardware clock [UTC] ... [ ok ]
 * Checking local filesystems  .../: clean, 8723/65536 files, 158031/262144 blocks
 [ ok ]
 * Remounting root filesystem read/write ... [ ok ]
 * Remounting filesystems ... [ ok ]
 * Activating swap devices ... [ ok ]
 * Mounting local filesystems ... [ ok ]
 * Starting busybox acpid ... [ ok ]
 * Configuring kernel parameters ... [ ok ]
 * Migrating /var/lock to /run/lock ... [ ok ]
 * Creating user login records ... [ ok ]
 * Cleaning /tmp directory ... [ ok ]
Cloud-init v. 23.4 running 'init-local' at Fri, 06 Mar 2026 02:54:54 +0000. Up 12.14 seconds.
 [ ok ]
 * Setting hostname ... [ ok ]
 * Starting busybox syslog ... [ ok ]
 * Mounting cgroup filesystem ... [ ok ]
 * Starting networking ... *   lo ... [ ok ]
 *   eth0 ... [ ok ]
 * /var/log/docker.log: creating file
 * /var/log/docker.log: correcting owner
 * Starting Docker Daemon ... [ ok ]
 * Starting benchmark agent ...
[1A[2Ka257f20c716c: Loading layer  557.1kB/81.04MB[1B[1A[2Ka257f20c716c: Loading layer  3.899MB/81.04MB[1B[1A[2Ka257f20c716c: Loading layer  7.242MB/81.04MB[1B[1A[2Ka257f20c716c: Loading layer  10.58MB/81.04MB[1B[1A[2Ka257f20c716c: Loading layer  15.04MB/81.04MB[1B[1A[2Ka257f20c716c: Loading layer  18.38MB/81.04MB[1B[1A[2Ka257f20c716c: Loading layer  20.61MB/81.04MB[1B[1A[2Ka257f20c716c: Loading layer  21.73MB/81.04MB[1B[1A[2Ka257f20c716c: Loading layer  24.51MB/81.04MB[1B[1A[2Ka257f20c716c: Loading layer   27.3MB/81.04MB[1B[1A[2Ka257f20c716c: Loading layer  30.08MB/81.04MB[1B[1A[2Ka257f20c716c: Loading layer  32.87MB/81.04MB[1B[1A[2Ka257f20c716c: Loading layer  37.32MB/81.04MB[1B[1A[2Ka257f20c716c: Loading layer  42.34MB/81.04MB[1B[1A[2Ka257f20c716c: Loading layer  45.12MB/81.04MB[1B[1A[2Ka257f20c716c: Loading layer  49.58MB/81.04MB[1B[1A[2Ka257f20c716c: Loading layer  51.25MB/81.04MB[1B[1A[2Ka257f20c716c: Loading layer  55.15MB/81.04MB[1B[1A[2Ka257f20c716c: Loading layer  60.72MB/81.04MB[1B[1A[2Ka257f20c716c: Loading layer   63.5MB/81.04MB[1B[1A[2Ka257f20c716c: Loading layer  66.29MB/81.04MB[1B[1A[2Ka257f20c716c: Loading layer  66.85MB/81.04MB[1B[1A[2Ka257f20c716c: Loading layer  67.96MB/81.04MB[1B[1A[2Ka257f20c716c: Loading layer  71.86MB/81.04MB[1B[1A[2Ka257f20c716c: Loading layer  73.53MB/81.04MB[1B[1A[2Ka257f20c716c: Loading layer   75.2MB/81.04MB[1B[1A[2Ka257f20c716c: Loading layer  75.76MB/81.04MB[1B[1A[2Ka257f20c716c: Loading layer  76.32MB/81.04MB[1B[1A[2Ka257f20c716c: Loading layer   79.1MB/81.04MB[1B[1A[2Ka257f20c716c: Loading layer  80.77MB/81.04MB[1B[1A[2Ka257f20c716c: Loading layer  81.04MB/81.04MB[1B
[1A[2Kb0c20bcd44fe: Loading layer  65.54kB/4.123MB[1B[1A[2Kb0c20bcd44fe: Loading layer  655.4kB/4.123MB[1B[1A[2Kb0c20bcd44fe: Loading layer  1.901MB/4.123MB[1B[1A[2Kb0c20bcd44fe: Loading layer  4.123MB/4.123MB[1B[1A[2Kb0c20bcd44fe: Loading layer  4.123MB/4.123MB[1B
[1A[2K5184c31ad48f: Loading layer  458.8kB/43.85MB[1B[1A[2K5184c31ad48f: Loading layer  2.294MB/43.85MB[1B[1A[2K5184c31ad48f: Loading layer   7.34MB/43.85MB[1B[1A[2K5184c31ad48f: Loading layer  10.09MB/43.85MB[1B[1A[2K5184c31ad48f: Loading layer  12.85MB/43.85MB[1B[1A[2K5184c31ad48f: Loading layer  16.97MB/43.85MB[1B[1A[2K5184c31ad48f: Loading layer  20.19MB/43.85MB[1B[1A[2K5184c31ad48f: Loading layer  24.31MB/43.85MB[1B[1A[2K5184c31ad48f: Loading layer  27.07MB/43.85MB[1B[1A[2K5184c31ad48f: Loading layer   28.9MB/43.85MB[1B[1A[2K5184c31ad48f: Loading layer  32.11MB/43.85MB[1B[1A[2K5184c31ad48f: Loading layer  33.95MB/43.85MB[1B[1A[2K5184c31ad48f: Loading layer  35.78MB/43.85MB[1B[1A[2K5184c31ad48f: Loading layer  37.62MB/43.85MB[1B[1A[2K5184c31ad48f: Loading layer  40.37MB/43.85MB[1B[1A[2K5184c31ad48f: Loading layer  43.58MB/43.85MB[1B[1A[2K5184c31ad48f: Loading layer  43.85MB/43.85MB[1B
[1A[2Kfa1d322086e6: Loading layer   5.12kB/5.12kB[1B[1A[2Kfa1d322086e6: Loading layer   5.12kB/5.12kB[1B
[1A[2Kbdf610394df6: Loading layer  22.02kB/22.02kB[1B[1A[2Kbdf610394df6: Loading layer  22.02kB/22.02kB[1B
[1A[2Keb067feb5b8d: Loading layer  9.728kB/9.728kB[1B[1A[2Keb067feb5b8d: Loading layer  9.728kB/9.728kB[1BLoaded image: bench-worker:latest
 [ ok ]
 * Starting chronyd ... [ ok ]
 * Starting cloud-init-hotplugd ... [ ok ]
Cloud-init v. 23.4 running 'init' at Fri, 06 Mar 2026 02:55:30 +0000. Up 48.80 seconds.
ci-info: +++++++++++++++++++++++++++++++++++++++Net device info+++++++++++++++++++++++++++++++++++++++
ci-info: +---------+-------+----------------------------+---------------+--------+-------------------+
ci-info: |  Device |   Up  |          Address           |      Mask     | Scope  |     Hw-Address    |
ci-info: +---------+-------+----------------------------+---------------+--------+-------------------+
ci-info: | docker0 | False |         172.17.0.1         |  255.255.0.0  | global | 02:42:5f:fd:2c:77 |
ci-info: |   eth0  |  True |         10.0.2.15          | 255.255.255.0 | global | 52:54:00:12:34:56 |
ci-info: |   eth0  |  True | fec0::5054:ff:fe12:3456/64 |       .       |  site  | 52:54:00:12:34:56 |
ci-info: |   eth0  |  True | fe80::5054:ff:fe12:3456/64 |       .       |  link  | 52:54:00:12:34:56 |
ci-info: |    lo   |  True |         127.0.0.1          |   255.0.0.0   |  host  |         .         |
ci-info: |    lo   |  True |          ::1/128           |       .       |  host  |         .         |
ci-info: +---------+-------+----------------------------+---------------+--------+-------------------+
ci-info: +++++++++++++++++++++++++++Route IPv4 info++++++++++++++++++++++++++++
ci-info: +-------+-------------+----------+---------------+-----------+-------+
ci-info: | Route | Destination | Gateway  |    Genmask    | Interface | Flags |
ci-info: +-------+-------------+----------+---------------+-----------+-------+
ci-info: |   0   |   0.0.0.0   | 10.0.2.2 |    0.0.0.0    |    eth0   |   UG  |
ci-info: |   1   |   10.0.2.0  | 0.0.0.0  | 255.255.255.0 |    eth0   |   U   |
ci-info: |   2   |  172.17.0.0 | 0.0.0.0  |  255.255.0.0  |  docker0  |   U   |
ci-info: +-------+-------------+----------+---------------+-----------+-------+
ci-info: +++++++++++++++++++Route IPv6 info+++++++++++++++++++
ci-info: +-------+-------------+---------+-----------+-------+
ci-info: | Route | Destination | Gateway | Interface | Flags |
ci-info: +-------+-------------+---------+-----------+-------+
ci-info: |   0   |  fe80::/64  |    ::   |    eth0   |   U   |
ci-info: |   1   |  fec0::/64  |    ::   |    eth0   |   Ue  |
ci-info: |   2   |     ::/0    | fe80::2 |    eth0   |  UGe  |
ci-info: |   4   |    local    |    ::   |    eth0   |   U   |
ci-info: |   5   |    local    |    ::   |    eth0   |   U   |
ci-info: |   6   |  multicast  |    ::   |    eth0   |   U   |
ci-info: +-------+-------------+---------+-----------+-------+
2026-03-06 02:55:30,977 - cloud_config.py[WARNING]: Failed at merging in cloud config part from part-001: empty cloud config
Generating public/private rsa key pair.
Your identification has been saved in /etc/ssh/ssh_host_rsa_key
Your public key has been saved in /etc/ssh/ssh_host_rsa_key.pub
The key fingerprint is:
SHA256:d4OTto3FG0AgWrhQRxsfuv/x6H05fzgDSjVmJw75ih4 root@agent-12
The key's randomart image is:
+---[RSA 3072]----+
|   ..o* o..      |
|  . .+ * o       |
|   ...o . ..     |
|    .  .  o=* .  |
|      . S *B*+   |
|       . o.B++   |
|        Eo+oo. o |
|        .oo=  B .|
|       ...+ o. =o|
+----[SHA256]-----+
Generating public/private dsa key pair.
Your identification has been saved in /etc/ssh/ssh_host_dsa_key
Your public key has been saved in /etc/ssh/ssh_host_dsa_key.pub
The key fingerprint is:
SHA256:uTaHv025/fLxiCGPMni/5PGjaQB2HmbugPPy7ZyRJXQ root@agent-12
The key's randomart image is:
+---[DSA 1024]----+
|                 |
|                 |
|        . E      |
|      o.=o       |
|     o BS..      |
|    o . +*   .   |
|     o +B.= +  . |
|    . o+=O.X.=..o|
|     o.o==X+*.o++|
+----[SHA256]-----+
Generating public/private ecdsa key pair.
Your identification has been saved in /etc/ssh/ssh_host_ecdsa_key
Your public key has been saved in /etc/ssh/ssh_host_ecdsa_key.pub
The key fingerprint is:
SHA256:JEhEGXajpAlpKIZpo2PHkuIzEcCiWf4c0NYRzSrXwgI root@agent-12
The key's randomart image is:
+---[ECDSA 256]---+
|Bo +B+==         |
|BOE*++..o        |
|O+B+o..o.        |
|*=.o+ =o.        |
|+.+o = .S        |
| +  o            |
|  o              |
|                 |
|                 |
+----[SHA256]-----+
Generating public/private ed25519 key pair.
Your identification has been saved in /etc/ssh/ssh_host_ed25519_key
Your public key has been saved in /etc/ssh/ssh_host_ed25519_key.pub
The key fingerprint is:
SHA256:oRkx5FTAl94bLNqXF3LfVTD8V1p0ueJdwBP5+e29iYk root@agent-12
The key's randomart image is:
+--[ED25519 256]--+
|     o*o..   o+=+|
|     o.oo     *o=|
|      oo.o     B=|
|       +o.= o..o*|
|      ooS. *.oo.*|
|      . . + ....+|
|         . .   ..|
|            . o +|
|           E o o.|
+----[SHA256]-----+
 [ ok ]
Cloud-init v. 23.4 running 'modules:config' at Fri, 06 Mar 2026 02:55:31 +0000. Up 49.81 seconds.
 [ ok ]
Cloud-init v. 23.4 running 'modules:final' at Fri, 06 Mar 2026 02:55:32 +0000. Up 50.29 seconds.
ci-info: no authorized SSH keys fingerprints found for user alpine.
cloud-init: #############################################################
cloud-init: -----BEGIN SSH HOST KEY FINGERPRINTS-----
cloud-init: 1024 SHA256:uTaHv025/fLxiCGPMni/5PGjaQB2HmbugPPy7ZyRJXQ root@agent-12 (DSA)
cloud-init: 256 SHA256:JEhEGXajpAlpKIZpo2PHkuIzEcCiWf4c0NYRzSrXwgI root@agent-12 (ECDSA)
cloud-init: 256 SHA256:oRkx5FTAl94bLNqXF3LfVTD8V1p0ueJdwBP5+e29iYk root@agent-12 (ED25519)
cloud-init: 3072 SHA256:d4OTto3FG0AgWrhQRxsfuv/x6H05fzgDSjVmJw75ih4 root@agent-12 (RSA)
cloud-init: -----END SSH HOST KEY FINGERPRINTS-----
cloud-init: #############################################################
-----BEGIN SSH HOST KEY KEYS-----
ecdsa-sha2-nistp256 AAAAE2VjZHNhLXNoYTItbmlzdHAyNTYAAAAIbmlzdHAyNTYAAABBBIjDH52sx10eLYYK/C00fsD0UtIbsPYcjcj5xYdmrjaWxGGn+GrXKNMnGeQRQVAJgjwanT3JnjXKFfXMvrzdqns= root@agent-12
ssh-ed25519 AAAAC3NzaC1lZDI1NTE5AAAAINd0hXnYSCCk+3r8yYD9wQNug7sHVzAMbC/Uig5Oc3F6 root@agent-12
ssh-rsa AAAAB3NzaC1yc2EAAAADAQABAAABgQDu6ShfSHbbmFo81ZV28Z+kFnGaZjszZ3XbEbp6hg79NSMDbJ3jtQDwiWyRfaNJ3rNkv7bP/y7Y4d5BGzt16CoxDabie8pO8sd4qo5+px1OXW8Fao1xkv16dsryiv5BjqovQ1gB+2jNirvbNuEC/Zj7GCJMQwiPMe/L3lx0F8ZSyCZ/5hnzRJutmNftHTzKKmz1bb2S/MMvkK/GG9+l/GnsxmgTM8UvrhFiwrINddpdth0haIb5zerp0QRPIXUgJIPHm7bR8gsyyBraLLoQXmga1gnM4PEqeBtr/TMfkussJLRUiIiNYukYGWUhIc+glXwnaZfEIWxhjIogYBrnAAThvBH01j9JulTDEBO+cc1bibhum2oMMy31Gp7wIgPR/xJR5poQYcWDDhQzmMADlIDtc7jbySF3kjsmAj/UDxT0tuJITq3pApQccoWCbJoz6VRYye4OvgxZRpxgsOZ305sISFntdmr5N+XdICg5A+9v7SjRDKk2zXERIXaf1bipgUU= root@agent-12
-----END SSH HOST KEY KEYS-----
Cloud-init v. 23.4 finished at Fri, 06 Mar 2026 02:55:32 +0000. Datasource DataSourceNoCloud [seed=/dev/vdb][dsmode=net].  Up 50.47 seconds
 [ ok ]

Welcome to Alpine Linux 3.19
Kernel 6.6.4-1-virt on an x86_64 (/dev/ttyS0)

agent-12 login: 