c[?7l[2J[0mSeaBIOS (version 1.15.0-1)


iPXE (https://ipxe.org) 00:03.0 CA00 PCI2.10 PnP PMM+BFF8B380+BFECB380 CA00
Press Ctrl-B to configure iPXE (PCI 00:03.0)...                                                                               


Booting from Hard Disk...

SYSLINUX 6.04 EDD 6.04-pre1 Copyright (C) 1994-2015 H. Peter Anvin et al

SYSLINUX 6.04 6.04-pre1 Copyright (C) 1994-2015 H. Peter Anvin et al
[2Je%@)0(B[0;37;40m[?25l[2J[23;16HAlpine will be booted automatically in [0;1m1[0m seconds[23;16H[0;3.7;40mAlpine will be booted automatically in [0;1;37;40m1[0;37;40m seconds.[23;16H                                                 [23;16H[0;37;40m                                                  [?25h[24;1H[0m 
Loading vmlinuz-virt...Loading vmlinuz-virt...  ook
k
Loading initramfs-virt..Loading initramfs-virt....ookk

c[?7l[2J[    0.000000] Linux version 6.6.4-1-virt (buildozer@build-3-19-x86_64) (gcc (Alpine 13.2.1_git20231014) 13.2.1 20231014, GNU ld (GNU Binutils) 2.41) #2-Alpine SMP PREEMPT_DYNAMIC Tue, 05 Dec 2023 20:25:50 +0000
[    0.000000] Command line: BOOT_IMAGE=vmlinuz-virt root=LABEL=/ modules=sd-mod,usb-storage,ext4 console=ttyS0,115200n8 initrd=initramfs-virt
[    0.000000] BIOS-provided physical RAM map:
[    0.000000] BIOS-e820: [mem 0x0000000000000000-0x000000000009fbff] usable
[    0.000000] BIOS-e820: [mem 0x000000000009fc00-0x000000000009ffff] reserved
[    0.000000] BIOS-e820: [mem 0x00000000000f0000-0x00000000000fffff] reserved
[    0.000000] BIOS-e820: [mem 0x0000000000100000-0x00000000bffd9fff] usable
[    0.000000] BIOS-e820: [mem 0x00000000bffda000-0x00000000bfffffff] reserved
[    0.000000] BIOS-e820: [mem 0x00000000feffc000-0x00000000feffffff] reserved
[    0.000000] BIOS-e820: [mem 0x00000000fffc0000-0x00000000ffffffff] reserved
[    0.000000] BIOS-e820: [mem 0x0000000100000000-0x000000013fffffff] usable
[    0.000000] NX (Execute Disable) protection: active
[    0.000000] APIC: Static calls initialized
[    0.000000] SMBIOS 2.8 present.
[    0.000000] DMI: QEMU Standard PC (i440FX + PIIX, 1996), BIOS 1.15.0-1 04/01/2014
[    0.000000] Hypervisor detected: KVM
[    0.000000] kvm-clock: Using msrs 4b564d01 and 4b564d00
[    0.000001] kvm-clock: using sched offset of 2543018421 cycles
[    0.000003] clocksource: kvm-clock: mask: 0xffffffffffffffff max_cycles: 0x1cd42e4dffb, max_idle_ns: 881590591483 ns
[    0.000006] tsc: Detected 2799.998 MHz processor
[    0.001088] last_pfn = 0x140000 max_arch_pfn = 0x400000000
[    0.001474] MTRR map: 4 entries (3 fixed + 1 variable; max 19), built from 8 variable MTRRs
[    0.001490] x86/PAT: Configuration [0-7]: WB  WC  UC- UC  WB  WP  UC- WT  
[    0.002006] last_pfn = 0xbffda max_arch_pfn = 0x400000000
[    0.002423] RAMDISK: [mem 0x7f71e000-0x7fffffff]
[    0.002426] ACPI: Early table checksum verification disabled
[    0.002433] ACPI: RSDP 0x00000000000F59A0 000014 (v00 BOCHS )
[    0.002437] ACPI: RSDT 0x00000000BFFE1975 000034 (v01 BOCHS  BXPC     00000001 BXPC 00000001)
[    0.002444] ACPI: FACP 0x00000000BFFE1821 000074 (v01 BOCHS  BXPC     00000001 BXPC 00000001)
[    0.002514] ACPI: DSDT 0x00000000BFFE0040 0017E1 (v01 BOCHS  BXPC     00000001 BXPC 00000001)
[    0.002518] ACPI: FACS 0x00000000BFFE0000 000040
[    0.002521] ACPI: APIC 0x00000000BFFE1895 000080 (v01 BOCHS  BXPC     00000001 BXPC 00000001)
[    0.002524] ACPI: HPET 0x00000000BFFE1915 000038 (v01 BOCHS  BXPC     00000001 BXPC 00000001)
[    0.002527] ACPI: WAET 0x00000000BFFE194D 000028 (v01 BOCHS  BXPC     00000001 BXPC 00000001)
[    0.002529] ACPI: Reserving FACP table memory at [mem 0xbffe1821-0xbffe1894]
[    0.002531] ACPI: Reserving DSDT table memory at [mem 0xbffe0040-0xbffe1820]
[    0.002532] ACPI: Reserving FACS table memory at [mem 0xbffe0000-0xbffe003f]
[    0.002532] ACPI: Reserving APIC table memory at [mem 0xbffe1895-0xbffe1914]
[    0.002533] ACPI: Reserving HPET table memory at [mem 0xbffe1915-0xbffe194c]
[    0.002533] ACPI: Reserving WAET table memory at [mem 0xbffe194d-0xbffe1974]
[    0.002928] Zone ranges:
[    0.002930]   DMA      [mem 0x0000000000001000-0x0000000000ffffff]
[    0.002932]   DMA32    [mem 0x0000000001000000-0x00000000ffffffff]
[    0.002933]   Normal   [mem 0x0000000100000000-0x000000013fffffff]
[    0.002934] Movable zone start for each node
[    0.002935] Early memory node ranges
[    0.002936]   node   0: [mem 0x0000000000001000-0x000000000009efff]
[    0.002937]   node   0: [mem 0x0000000000100000-0x00000000bffd9fff]
[    0.002938]   node   0: [mem 0x0000000100000000-0x000000013fffffff]
[    0.002939] Initmem setup node 0 [mem 0x0000000000001000-0x000000013fffffff]
[    0.003032] On node 0, zone DMA: 1 pages in unavailable ranges
[    0.004575] On node 0, zone DMA: 97 pages in unavailable ranges
[    0.447830] On node 0, zone Normal: 38 pages in unavailable ranges
[    0.451045] ACPI: PM-Timer IO Port: 0x608
[    0.451084] ACPI: LAPIC_NMI (acpi_id[0xff] dfl dfl lint[0x1])
[    0.451270] IOAPIC[0]: apic_id 0, version 17, address 0xfec00000, GSI 0-23
[    0.451274] ACPI: INT_SRC_OVR (bus 0 bus_irq 0 global_irq 2 dfl dfl)
[    0.451276] ACPI: INT_SRC_OVR (bus 0 bus_irq 5 global_irq 5 high level)
[    0.451278] ACPI: INT_SRC_OVR (bus 0 bus_irq 9 global_irq 9 high level)
[    0.451279] ACPI: INT_SRC_OVR (bus 0 bus_irq 10 global_irq 10 high level)
[    0.451280] ACPI: INT_SRC_OVR (bus 0 bus_irq 11 global_irq 11 high level)
[    0.451284] ACPI: Using ACPI (MADT) for SMP configuration information
[    0.451286] ACPI: HPET id: 0x8086a201 base: 0xfed00000
[    0.451325] smpboot: Allowing 2 CPUs, 0 hotplug CPUs
[    0.451379] kvm-guest: APIC: eoi() replaced with kvm_guest_apic_eoi_write()
[    0.451437] [mem 0xc0000000-0xfeffbfff] available for PCI devices
[    0.451439] Booting paravirtualized kernel on KVM
[    0.451441] clocksource: refined-jiffies: mask: 0xffffffff max_cycles: 0xffffffff, max_idle_ns: 19112604462750000 ns
[    0.455143] setup_percpu: NR_CPUS:256 nr_cpumask_bits:2 nr_cpu_ids:2 nr_node_ids:1
[    0.467364] percpu: Embedded 57 pages/cpu s195048 r8192 d30232 u1048576
[    0.467506] kvm-guest: PV spinlocks disabled, no host support
[    0.467508] Kernel command line: BOOT_IMAGE=vmlinuz-virt root=LABEL=/ modules=sd-mod,usb-storage,ext4 console=ttyS0,115200n8 initrd=initramfs-virt
[    0.467563] Unknown kernel command line parameters "BOOT_IMAGE=vmlinuz-virt modules=sd-mod,usb-storage,ext4", will be passed to user space.
[    0.497228] Dentry cache hash table entries: 524288 (order: 10, 4194304 bytes, linear)
[    0.509253] Inode-cache hash table entries: 262144 (order: 9, 2097152 bytes, linear)
[    0.509476] Built 1 zonelists, mobility grouping on.  Total pages: 1031898
[    0.523238] mem auto-init: stack:all(zero), heap alloc:on, heap free:off
[    0.523248] software IO TLB: area num 2.
[    1.020682] Memory: 4012148K/4193760K available (12288K kernel code, 1744K rwdata, 8008K rodata, 2640K init, 2300K bss, 181352K reserved, 0K cma-reserved)
[    1.026782] SLUB: HWalign=64, Order=0-3, MinObjects=0, CPUs=2, Nodes=1
[    1.026980] Kernel/User page tables isolation: enabled
[    1.030404] Dynamic Preempt: none
[    1.030661] rcu: Preemptible hierarchical RCU implementation.
[    1.030663] rcu: 	RCU restricting CPUs from NR_CPUS=256 to nr_cpu_ids=2.
[    1.030664] 	Trampoline variant of Tasks RCU enabled.
[    1.030665] 	Tracing variant of Tasks RCU enabled.
[    1.030666] rcu: RCU calculated value of scheduler-enlistment delay is 10 jiffies.
[    1.030667] rcu: Adjusting geometry for rcu_fanout_leaf=16, nr_cpu_ids=2
[    1.036036] NR_IRQS: 16640, nr_irqs: 440, preallocated irqs: 16
[    1.036693] rcu: srcu_init: Setting srcu_struct sizes based on contention.
[    1.036849] kfence: initialized - using 2097152 bytes for 255 objects at 0x(____ptrval____)-0x(____ptrval____)
[    1.062788] Console: colour VGA+ 80x25
[    1.062965] printk: console [ttyS0] enabled
[    1.401216] ACPI: Core revision 20230628
[    1.404169] clocksource: hpet: mask: 0xffffffff max_cycles: 0xffffffff, max_idle_ns: 19112604467 ns
[    1.409582] APIC: Switch to symmetric I/O mode setup
[    1.413903] x2apic enabled
[    1.416978] APIC: Switched APIC routing to: physical x2apic
[    1.426886] ..TIMER: vector=0x30 apic1=0 pin1=2 apic2=-1 pin2=-1
[    1.430273] clocksource: tsc-early: mask: 0xffffffffffffffff max_cycles: 0x285c3ee517e, max_idle_ns: 440795257231 ns
[    1.448189] Calibrating delay loop (skipped) preset value.. 5599.99 BogoMIPS (lpj=27999980)
[    1.459268] Last level iTLB entries: 4KB 0, 2MB 0, 4MB 0
[    1.462148] Last level dTLB entries: 4KB 0, 2MB 0, 4MB 0, 1GB 0
[    1.467844] Spectre V1 : Mitigation: usercopy/swapgs barriers and __user pointer sanitization
[    1.474337] Spectre V2 : Mitigation: Retpolines
[    1.477662] Spectre V2 : Spectre v2 / SpectreRSB mitigation: Filling RSB on context switch
[    1.482119] Spectre V2 : Spectre v2 / SpectreRSB : Filling RSB on VMEXIT
[    1.485716] Speculative Store Bypass: Vulnerable
[    1.488023] MDS: Vulnerable: Clear CPU buffers attempted, no microcode
[    1.491531] MMIO Stale Data: Unknown: No mitigations
[    1.494355] x86/fpu: x87 FPU will use FXSAVE
[    1.569278] Freeing SMP alternatives memory: 32K
[    1.571855] pid_max: default: 32768 minimum: 301
[    1.575728] LSM: initializing lsm=capability,landlock,lockdown,integrity
[    1.578528] landlock: Up and running.
[    1.581382] Mount-cache hash table entries: 8192 (order: 4, 65536 bytes, linear)
[    1.585728] Mountpoint-cache hash table entries: 8192 (order: 4, 65536 bytes, linear)
[    1.720660] smpboot: CPU0: Intel QEMU Virtual CPU version 2.5+ (family: 0xf, model: 0x6b, stepping: 0x1)
[    1.727658] RCU Tasks: Setting shift to 1 and lim to 1 rcu_task_cb_adjust=1.
[    1.727784] RCU Tasks Trace: Setting shift to 1 and lim to 1 rcu_task_cb_adjust=1.
[    1.731984] Performance Events: unsupported Netburst CPU model 107 no PMU driver, software events only.
[    1.738019] signal: max sigframe size: 1440
[    1.740637] rcu: Hierarchical SRCU implementation.
[    1.743233] rcu: 	Max phase no-delay instances is 1000.
[    1.750355] NMI watchdog: Perf NMI watchdog permanently disabled
[    1.753872] smp: Bringing up secondary CPUs ...
[    1.757580] smpboot: x86: Booting SMP configuration:
[    1.757664] .... node  #0, CPUs:      #1
[    1.772080] smp: Brought up 1 node, 2 CPUs
[    1.779870] smpboot: Max logical packages: 1
[    1.782137] ----------------
[    1.783682] | NMI testsuite:
[    1.785264] --------------------
[    1.786993]   remote IPI:
[    1.781227] INFO: NMI handler (nmi_cpu_backtrace_handler) took too long to run: 1.589 msecs
[    1.787693]   ok  |
[    1.794675]    local IPI:  ok  |
[    1.797665] --------------------
[    1.799390] Good, all   2 testcases passed! |
[    1.801748] ---------------------------------
[    1.804058] smpboot: Total of 2 processors activated (11199.99 BogoMIPS)
[    1.809472] devtmpfs: initialized
[    1.809753] x86/mm: Memory block size: 128MB
[    1.817664] clocksource: jiffies: mask: 0xffffffff max_cycles: 0xffffffff, max_idle_ns: 19112604462750000 ns
[    1.823027] futex hash table entries: 512 (order: 3, 32768 bytes, linear)
[    1.844284] NET: Registered PF_NETLINK/PF_ROUTE protocol family
[    1.847760] audit: initializing netlink subsys (disabled)
[    1.850783] audit: type=2000 audit(1772765683.114:1): state=initialized audit_enabled=0 res=1
[    1.850783] thermal_sys: Registered thermal governor 'step_wise'
[    1.852242] cpuidle: using governor ladder
[    1.859874] cpuidle: using governor menu
[    1.862269] acpiphp: ACPI Hot Plug PCI Controller Driver version: 0.5
[    1.867793] PCI: Using configuration type 1 for base access
[    1.871257] kprobes: kprobe jump-optimization is enabled. All kprobes are optimized if possible.
[    1.882222] HugeTLB: registered 2.00 MiB page size, pre-allocated 0 pages
[    1.882222] HugeTLB: 28 KiB vmemmap can be freed for a 2.00 MiB page
[    1.888181] ACPI: Added _OSI(Module Device)
[    1.890312] ACPI: Added _OSI(Processor Device)
[    1.892684] ACPI: Added _OSI(3.0 _SCP Extensions)
[    1.897665] ACPI: Added _OSI(Processor Aggregator Device)
[    1.901213] ACPI: 1 ACPI AML tables successfully acquired and loaded
[    1.907735] ACPI: _OSC evaluation for CPUs failed, trying _PDC
[    1.910906] ACPI: Interpreter enabled
[    1.912937] ACPI: PM: (supports S0 S3 S5)
[    1.917661] ACPI: Using IOAPIC for interrupt routing
[    1.920408] PCI: Using host bridge windows from ACPI; if necessary, use "pci=nocrs" and report a bug
[    1.925181] PCI: Using E820 reservations for host bridge windows
[    1.927812] ACPI: Enabled 2 GPEs in block 00 to 0F
[    1.933922] ACPI: PCI Root Bridge [PCI0] (domain 0000 [bus 00-ff])
[    1.937678] acpi PNP0A03:00: _OSC: OS supports [ASPM ClockPM Segments MSI HPX-Type3]
[    1.941739] acpi PNP0A03:00: _OSC: not requesting OS control; OS requires [ExtendedConfig ASPM ClockPM MSI]
[    1.947980] acpi PNP0A03:00: fail to add MMCONFIG information, can't access extended configuration space under this bridge
[    1.954245] acpiphp: Slot [3] registered
[    1.956396] acpiphp: Slot [4] registered
[    1.957721] acpiphp: Slot [5] registered
[    1.959866] acpiphp: Slot [6] registered
[    1.962009] acpiphp: Slot [7] registered
[    1.964148] acpiphp: Slot [8] registered
[    1.967710] acpiphp: Slot [9] registered
[    1.969883] acpiphp: Slot [10] registered
[    1.972101] acpiphp: Slot [11] registered
[    1.974282] acpiphp: Slot [12] registered
[    1.976488] acpiphp: Slot [13] registered
[    1.977712] acpiphp: Slot [14] registered
[    1.979918] acpiphp: Slot [15] registered
[    1.982100] acpiphp: Slot [16] registered
[    1.984265] acpiphp: Slot [17] registered
[    1.987752] acpiphp: Slot [18] registered
[    1.989930] acpiphp: Slot [19] registered
[    1.992102] acpiphp: Slot [20] registered
[    1.994285] acpiphp: Slot [21] registered
[    1.996489] acpiphp: Slot [22] registered
[    1.997712] acpiphp: Slot [23] registered
[    1.999884] acpiphp: Slot [24] registered
[    2.002053] acpiphp: Slot [25] registered
[    2.004279] acpiphp: Slot [26] registered
[    2.007709] acpiphp: Slot [27] registered
[    2.009968] acpiphp: Slot [28] registered
[    2.012152] acpiphp: Slot [29] registered
[    2.014347] acpiphp: Slot [30] registered
[    2.016555] acpiphp: Slot [31] registered
[    2.017714] PCI host bridge to bus 0000:00
[    2.019903] pci_bus 0000:00: root bus resource [io  0x0000-0x0cf7 window]
[    2.023457] pci_bus 0000:00: root bus resource [io  0x0d00-0xffff window]
[    2.027662] pci_bus 0000:00: root bus resource [mem 0x000a0000-0x000bffff window]
[    2.031609] pci_bus 0000:00: root bus resource [mem 0xc0000000-0xfebfffff window]
[    2.035494] pci_bus 0000:00: root bus resource [mem 0x140000000-0x1bfffffff window]
[    2.037663] pci_bus 0000:00: root bus resource [bus 00-ff]
[    2.040761] pci 0000:00:00.0: [8086:1237] type 00 class 0x060000
[    2.049636] pci 0000:00:01.0: [8086:7000] type 00 class 0x060100
[    2.055751] pci 0000:00:01.1: [8086:7010] type 00 class 0x010180
[    2.061518] pci 0000:00:01.1: reg 0x20: [io  0xc160-0xc16f]
[    2.066003] pci 0000:00:01.1: legacy IDE quirk: reg 0x10: [io  0x01f0-0x01f7]
[    2.067664] pci 0000:00:01.1: legacy IDE quirk: reg 0x14: [io  0x03f6]
[    2.071294] pci 0000:00:01.1: legacy IDE quirk: reg 0x18: [io  0x0170-0x0177]
[    2.077666] pci 0000:00:01.1: legacy IDE quirk: reg 0x1c: [io  0x0376]
[    2.084018] pci 0000:00:01.3: [8086:7113] type 00 class 0x068000
[    2.090141] pci 0000:00:01.3: quirk: [io  0x0600-0x063f] claimed by PIIX4 ACPI
[    2.094017] pci 0000:00:01.3: quirk: [io  0x0700-0x070f] claimed by PIIX4 SMB
[    2.101319] pci 0000:00:02.0: [1234:1111] type 00 class 0x030000
[    2.109436] pci 0000:00:02.0: reg 0x10: [mem 0xfd000000-0xfdffffff pref]
[    2.121654] pci 0000:00:02.0: reg 0x18: [mem 0xfeb90000-0xfeb90fff]
[    2.138166] pci 0000:00:02.0: reg 0x30: [mem 0xfeb80000-0xfeb8ffff pref]
[    2.144736] pci 0000:00:02.0: Video device with shadowed ROM at [mem 0x000c0000-0x000dffff]
[    2.158845] pci 0000:00:03.0: [1af4:1000] type 00 class 0x020000
[    2.163821] pci 0000:00:03.0: reg 0x10: [io  0xc140-0xc15f]
[    2.168233] pci 0000:00:03.0: reg 0x14: [mem 0xfeb91000-0xfeb91fff]
[    2.175634] pci 0000:00:03.0: reg 0x20: [mem 0xfe000000-0xfe003fff 64bit pref]
[    2.179243] pci 0000:00:03.0: reg 0x30: [mem 0xfeb00000-0xfeb7ffff pref]
[    2.191035] pci 0000:00:04.0: [1af4:1009] type 00 class 0x000200
[    2.195521] pci 0000:00:04.0: reg 0x10: [io  0xc100-0xc13f]
[    2.198712] pci 0000:00:04.0: reg 0x14: [mem 0xfeb92000-0xfeb92fff]
[    2.205695] pci 0000:00:04.0: reg 0x20: [mem 0xfe004000-0xfe007fff 64bit pref]
[    2.213442] pci 0000:00:05.0: [1af4:1001] type 00 class 0x010000
[    2.219484] pci 0000:00:05.0: reg 0x10: [io  0xc000-0xc07f]
[    2.224796] pci 0000:00:05.0: reg 0x14: [mem 0xfeb93000-0xfeb93fff]
[    2.231852] pci 0000:00:05.0: reg 0x20: [mem 0xfe008000-0xfe00bfff 64bit pref]
[    2.243751] pci 0000:00:06.0: [1af4:1001] type 00 class 0x010000
[    2.249254] pci 0000:00:06.0: reg 0x10: [io  0xc080-0xc0ff]
[    2.257667] pci 0000:00:06.0: reg 0x14: [mem 0xfeb94000-0xfeb94fff]
[    2.265534] pci 0000:00:06.0: reg 0x20: [mem 0xfe00c000-0xfe00ffff 64bit pref]
[    2.280888] ACPI: PCI: Interrupt link LNKA configured for IRQ 10
[    2.284924] ACPI: PCI: Interrupt link LNKB configured for IRQ 10
[    2.287933] ACPI: PCI: Interrupt link LNKC configured for IRQ 11
[    2.291594] ACPI: PCI: Interrupt link LNKD configured for IRQ 11
[    2.295175] ACPI: PCI: Interrupt link LNKS configured for IRQ 9
[    2.300513] iommu: Default domain type: Translated
[    2.303401] iommu: DMA domain TLB invalidation policy: lazy mode
[    2.315360] SCSI subsystem initialized
[    2.321064] pps_core: LinuxPPS API ver. 1 registered
[    2.321764] pps_core: Software ver. 5.3.6 - Copyright 2005-2007 Rodolfo Giometti <giometti@linux.it>
[    2.323472] PTP clock support registered
[    2.333236] PCI: Using ACPI for IRQ routing
[    2.348543] hpet: 3 channels of 0 reserved for per-cpu timers
[    2.352335] clocksource: Switched to clocksource kvm-clock
[    2.369076] VFS: Disk quotas dquot_6.6.0
[    2.371551] VFS: Dquot-cache hash table entries: 512 (order 0, 4096 bytes)
[    2.377149] pnp: PnP ACPI init
[    2.384711] pnp: PnP ACPI: found 6 devices
[    2.415997] clocksource: acpi_pm: mask: 0xffffff max_cycles: 0xffffff, max_idle_ns: 2085701024 ns
[    2.421784] NET: Registered PF_INET protocol family
[    2.427785] IP idents hash table entries: 65536 (order: 7, 524288 bytes, linear)
[    2.435160] tcp_listen_portaddr_hash hash table entries: 2048 (order: 3, 32768 bytes, linear)
[    2.441322] Table-perturb hash table entries: 65536 (order: 6, 262144 bytes, linear)
[    2.446906] TCP established hash table entries: 32768 (order: 6, 262144 bytes, linear)
[    2.456369] TCP bind hash table entries: 32768 (order: 8, 1048576 bytes, linear)
[    2.460360] TCP: Hash tables configured (established 32768 bind 32768)
[    2.465256] UDP hash table entries: 2048 (order: 4, 65536 bytes, linear)
[    2.469122] UDP-Lite hash table entries: 2048 (order: 4, 65536 bytes, linear)
[    2.473246] NET: Registered PF_UNIX/PF_LOCAL protocol family
[    2.476451] NET: Registered PF_XDP protocol family
[    2.479063] pci_bus 0000:00: resource 4 [io  0x0000-0x0cf7 window]
[    2.482396] pci_bus 0000:00: resource 5 [io  0x0d00-0xffff window]
[    2.485638] pci_bus 0000:00: resource 6 [mem 0x000a0000-0x000bffff window]
[    2.489235] pci_bus 0000:00: resource 7 [mem 0xc0000000-0xfebfffff window]
[    2.492890] pci_bus 0000:00: resource 8 [mem 0x140000000-0x1bfffffff window]
[    2.496990] pci 0000:00:01.0: PIIX3: Enabling Passive Release
[    2.500097] pci 0000:00:00.0: Limiting direct PCI/PCI transfers
[    2.503692] PCI: CLS 0 bytes, default 64
[    2.505917] PCI-DMA: Using software bounce buffering for IO (SWIOTLB)
[    2.506675] Unpacking initramfs...
[    2.509317] software IO TLB: mapped [mem 0x00000000bbfd9000-0x00000000bffd9000] (64MB)
[    2.515984] clocksource: tsc: mask: 0xffffffffffffffff max_cycles: 0x285c3ee517e, max_idle_ns: 440795257231 ns
[    2.522717] Initialise system trusted keyrings
[    2.525841] workingset: timestamp_bits=46 max_order=20 bucket_order=0
[    2.529552] zbud: loaded
[    2.531623] Key type asymmetric registered
[    2.533836] Asymmetric key parser 'x509' registered
[    2.536936] Block layer SCSI generic (bsg) driver version 0.4 loaded (major 247)
[    2.543013] io scheduler mq-deadline registered
[    2.545612] io scheduler kyber registered
[    2.548064] io scheduler bfq registered
[    2.551958] ERST DBG: ERST support is disabled.
[    2.569217] ACPI: \_SB_.LNKC: Enabled at IRQ 11
[    2.594183] ACPI: \_SB_.LNKD: Enabled at IRQ 10
[    2.612860] ACPI: \_SB_.LNKA: Enabled at IRQ 10
[    2.639396] ACPI: \_SB_.LNKB: Enabled at IRQ 11
[    2.651574] Serial: 8250/16550 driver, 4 ports, IRQ sharing enabled
[    2.656276] 00:04: ttyS0 at I/O 0x3f8 (irq = 4, base_baud = 115200) is a 16550A
[    2.670221] VMware PVSCSI driver - version 1.0.7.0-k
[    2.685804] scsi host0: ata_piix
[    2.689455] scsi host1: ata_piix
[    2.691753] ata1: PATA max MWDMA2 cmd 0x1f0 ctl 0x3f6 bmdma 0xc160 irq 14
[    2.695396] ata2: PATA max MWDMA2 cmd 0x170 ctl 0x376 bmdma 0xc168 irq 15
[    2.699818] i8042: PNP: PS/2 Controller [PNP0303:KBD,PNP0f13:MOU] at 0x60,0x64 irq 1,12
[    2.708680] serio: i8042 KBD port at 0x60,0x64 irq 1
[    2.711461] serio: i8042 AUX port at 0x60,0x64 irq 12
[    2.714638] rtc_cmos 00:05: RTC can wake from S4
[    2.720191] rtc_cmos 00:05: registered as rtc0
[    2.721342] input: AT Translated Set 2 keyboard as /devices/platform/i8042/serio0/input/input0
[    2.723296] rtc_cmos 00:05: setting system clock to 2026-03-06T02:54:44 UTC (1772765684)
[    2.732404] rtc_cmos 00:05: alarms up to one day, y3k, 242 bytes nvram, hpet irqs
[    2.736784] intel_pstate: CPU model not supported
[    2.740671] gre: GRE over IPv4 demultiplexor driver
[    2.805059] Freeing initrd memory: 9096K
[    2.811502] Key type dns_resolver registered
[    2.814336] IPI shorthand broadcast: enabled
[    2.819828] sched_clock: Marking stable (2430519237, 380945612)->(2820989158, -9524309)
[    2.852561] registered taskstats version 1
[    2.855317] Loading compiled-in X.509 certificates
[    2.871749] ata2: found unknown device (class 0)
[    2.877148] ata2.00: ATAPI: QEMU DVD-ROM, 2.5+, max UDMA/100
[    2.878396] Loaded X.509 cert 'alpinelinux.org: Alpine Linux kernel key: d76a695f66ad9cd28f5c22a8508f36e91f521f7a'
[    2.884976] scsi 1:0:0:0: CD-ROM            QEMU     QEMU DVD-ROM     2.5+ PQ: 0 ANSI: 5
[    2.888516] Key type .fscrypt registered
[    2.893560] Key type fscrypt-provisioning registered
[    2.945859] Freeing unused kernel image (initmem) memory: 2640K
[    2.961223] Write protecting the kernel read-only data: 20480k
[    2.964647] Freeing unused kernel image (rodata/data gap) memory: 184K
[    2.966980] rodata_test: all tests were successful
[    2.969063] Run /init as init process
[    2.998861] Alpine Init 3.9.0-r0
Alpine Init 3.9.0-r0
[    3.001196] Loading boot drivers...
 * Loading boot drivers: [    3.065332] ACPI: bus type USB registered
[    3.066797] usbcore: registered new interface driver usbfs
[    3.068964] usbcore: registered new interface driver hub
[    3.071093] usbcore: registered new device driver usb
[    3.076506] usbcore: registered new interface driver usb-storage
[    3.298094] loop: module loaded
[    3.381913] ACPI: bus type drm_connector registered
[    3.426411] Loading boot drivers: ok.
ok.
[    3.430727] Mounting root...
 * Mounting root: [    3.504341] piix4_smbus 0000:00:01.3: SMBus Host Controller at 0x700, revision 0
[    3.530838] [drm] Found bochs VGA, ID 0xb0c5.
[    3.532449] [drm] Framebuffer size 16384 kB @ 0xfd000000, mmio @ 0xfeb90000.
[    3.542003] [drm] Found EDID data blob.
[    3.548577] [drm] Initialized bochs-drm 1.0.0 20130925 for 0000:00:02.0 on minor 0
[    3.619225] Console: switching to colour frame buffer device 128x48
[    3.622705] bochs-drm 0000:00:02.0: [drm] fb0: bochs-drmdrmfb frame buffer device
[    3.777232] sr 1:0:0:0: [sr0] scsi3-mmc drive: 4x/4x cd/rw xa/form2 tray
[    3.779947] cdrom: Uniform CD-ROM driver Revision: 3.20
[    3.881306] virtio_blk virtio2: 2/0/0 default/read/poll queues
[    3.888625] virtio_blk virtio2: [vda] 8388608 512-byte logical blocks (4.29 GB/4.00 GiB)
[    3.893384] virtio_blk virtio3: 2/0/0 default/read/poll queues
[    3.899738] virtio_blk virtio3: [vdb] 736 512-byte logical blocks (377 kB/368 KiB)
[    3.985900] block sr0: the capability attribute has been deprecated.
[    6.837437] EXT4-fs (vda): mounted filesystem 367ceb5a-a72a-4cc6-9140-e18812d3c81b ro with ordered data mode. Quota mode: none.
[    6.841315] Mounting root: ok.
ok.

   OpenRC 0.52.1 is starting up Linux 6.6.4-1-virt (x86_64)

 * /proc is already mounted
 * Mounting /run ... [ ok ]
 * /run/openrc: creating directory
 * /run/lock: creating directory
 * /run/lock: correcting owner
 * Caching service dependencies ... [ ok ]
 * Remounting devtmpfs on /dev ... [ ok ]
 * Mounting /dev/mqueue ... [ ok ]
 * Mounting security filesystem ... [ ok ]
 * Mounting debug filesystem ... [ ok ]
 * Mounting persistent storage (pstore) filesystem ... [ ok ]
 * Starting busybox mdev ... [ ok ]
 * Scanning hardware for mdev ... [ ok ]
 * Loading hardware drivers ... [ ok ]
 * Loading modules ... [ ok ]
 * Setting system clock using the hardware clock [UTC] ... [ ok ]
 * Checking local filesystems  .../: clean, 8723/65536 files, 158031/262144 blocks
 [ ok ]
 * Remounting root filesystem read/write ... [ ok ]
 * Remounting filesystems ... [ ok ]
 * Activating swap devices ... [ ok ]
 * Mounting local filesystems ... [ ok ]
 * Starting busybox acpid ... [ ok ]
 * Configuring kernel parameters ... [ ok ]
 * Migrating /var/lock to /run/lock ... [ ok ]
 * Creating user login records ... [ ok ]
 * Cleaning /tmp directory ... [ ok ]
Cloud-init v. 23.4 running 'init-local' at Fri, 06 Mar 2026 02:54:53 +0000. Up 11.85 seconds.
 [ ok ]
 * Setting hostname ... [ ok ]
 * Starting busybox syslog ... [ ok ]
 * Mounting cgroup filesystem ... [ ok ]
 * Starting networking ... *   lo ... [ ok ]
 *   eth0 ... [ ok ]
 * /var/log/docker.log: creating file
 * /var/log/docker.log: correcting owner
 * Starting Docker Daemon ... [ ok ]
 * Starting benchmark agent ...
[1A[2Ka257f20c716c: Loading layer  557.1kB/81.04MB[1B[1A[2Ka257f20c716c: Loading layer  3.899MB/81.04MB[1B[1A[2Ka257f20c716c: Loading layer  7.242MB/81.04MB[1B[1A[2Ka257f20c716c: Loading layer  10.03MB/81.04MB[1B[1A[2Ka257f20c716c: Loading layer  12.26MB/81.04MB[1B[1A[2Ka257f20c716c: Loading layer  16.15MB/81.04MB[1B[1A[2Ka257f20c716c: Loading layer   19.5MB/81.04MB[1B[1A[2Ka257f20c716c: Loading layer  21.73MB/81.04MB[1B[1A[2Ka257f20c716c: Loading layer  24.51MB/81.04MB[1B[1A[2Ka257f20c716c: Loading layer  26.74MB/81.04MB[1B[1A[2Ka257f20c716c: Loading layer  28.97MB/81.04MB[1B[1A[2Ka257f20c716c: Loading layer  31.75MB/81.04MB[1B[1A[2Ka257f20c716c: Loading layer  37.32MB/81.04MB[1B[1A[2Ka257f20c716c: Loading layer  41.78MB/81.04MB[1B[1A[2Ka257f20c716c: Loading layer  45.68MB/81.04MB[1B[1A[2Ka257f20c716c: Loading layer  49.58MB/81.04MB[1B[1A[2Ka257f20c716c: Loading layer  53.48MB/81.04MB[1B[1A[2Ka257f20c716c: Loading layer  57.93MB/81.04MB[1B[1A[2Ka257f20c716c: Loading layer  61.83MB/81.04MB[1B[1A[2Ka257f20c716c: Loading layer  65.18MB/81.04MB[1B[1A[2Ka257f20c716c: Loading layer  66.85MB/81.04MB[1B[1A[2Ka257f20c716c: Loading layer   67.4MB/81.04MB[1B[1A[2Ka257f20c716c: Loading layer  69.63MB/81.04MB[1B[1A[2Ka257f20c716c: Loading layer  72.97MB/81.04MB[1B[1A[2Ka257f20c716c: Loading layer  74.65MB/81.04MB[1B[1A[2Ka257f20c716c: Loading layer  75.76MB/81.04MB[1B[1A[2Ka257f20c716c: Loading layer  76.87MB/81.04MB[1B[1A[2Ka257f20c716c: Loading layer   79.1MB/81.04MB[1B[1A[2Ka257f20c716c: Loading layer  80.77MB/81.04MB[1B[1A[2Ka257f20c716c: Loading layer  81.04MB/81.04MB[1B
[1A[2Kb0c20bcd44fe: Loading layer  65.54kB/4.123MB[1B[1A[2Kb0c20bcd44fe: Loading layer  1.704MB/4.123MB[1B[1A[2Kb0c20bcd44fe: Loading layer  3.932MB/4.123MB[1B[1A[2Kb0c20bcd44fe: Loading layer  4.123MB/4.123MB[1B[1A[2Kb0c20bcd44fe: Loading layer  4.123MB/4.123MB[1B
[1A[2K5184c31ad48f: Loading layer  458.8kB/43.85MB[1B[1A[2K5184c31ad48f: Loading layer  2.753MB/43.85MB[1B[1A[2K5184c31ad48f: Loading layer  7.799MB/43.85MB[1B[1A[2K5184c31ad48f: Loading layer  10.09MB/43.85MB[1B[1A[2K5184c31ad48f: Loading layer  12.85MB/43.85MB[1B[1A[2K5184c31ad48f: Loading layer  17.43MB/43.85MB[1B[1A[2K5184c31ad48f: Loading layer  20.64MB/43.85MB[1B[1A[2K5184c31ad48f: Loading layer  23.86MB/43.85MB[1B[1A[2K5184c31ad48f: Loading layer  24.31MB/43.85MB[1B[1A[2K5184c31ad48f: Loading layer  27.53MB/43.85MB[1B[1A[2K5184c31ad48f: Loading layer  30.28MB/43.85MB[1B[1A[2K5184c31ad48f: Loading layer  33.03MB/43.85MB[1B[1A[2K5184c31ad48f: Loading layer  34.41MB/43.85MB[1B[1A[2K5184c31ad48f: Loading layer  36.24MB/43.85MB[1B[1A[2K5184c31ad48f: Loading layer  38.08MB/43.85MB[1B[1A[2K5184c31ad48f: Loading layer  40.37MB/43.85MB[1B[1A[2K5184c31ad48f: Loading layer  43.58MB/43.85MB[1B[1A[2K5184c31ad48f: Loading layer  43.85MB/43.85MB[1B
[1A[2Kfa1d322086e6: Loading layer   5.12kB/5.12kB[1B[1A[2Kfa1d322086e6: Loading layer   5.12kB/5.12kB[1B
[1A[2Kbdf610394df6: Loading layer  22.02kB/22.02kB[1B[1A[2Kbdf610394df6: Loading layer  22.02kB/22.02kB[1B
[1A[2Keb067feb5b8d: Loading layer  9.728kB/9.728kB[1B[1A[2Keb067feb5b8d: Loading layer  9.728kB/9.728kB[1BLoaded image: bench-worker:latest
 [ ok ]
 * Starting chronyd ... [ ok ]
 * Starting cloud-init-hotplugd ... [ ok ]
Cloud-init v. 23.4 running 'init' at Fri, 06 Mar 2026 02:55:23 +0000. Up 42.33 seconds.
ci-info: +++++++++++++++++++++++++++++++++++++++Net device info+++++++++++++++++++++++++++++++++++++++
ci-info: +---------+-------+----------------------------+---------------+--------+-------------------+
ci-info: |  Device |   Up  |          Address           |      Mask     | Scope  |     Hw-Address    |
ci-info: +---------+-------+----------------------------+---------------+--------+-------------------+
ci-info: | docker0 | False |         172.17.0.1         |  255.255.0.0  | global | 02:42:33:11:07:ec |
ci-info: |   eth0  |  True |         10.0.2.15          | 255.255.255.0 | global | 52:54:00:12:34:56 |
ci-info: |   eth0  |  True | fec0::5054:ff:fe12:3456/64 |       .       |  site  | 52:54:00:12:34:56 |
ci-info: |   eth0  |  True | fe80::5054:ff:fe12:3456/64 |       .       |  link  | 52:54:00:12:34:56 |
ci-info: |    lo   |  True |         127.0.0.1          |   255.0.0.0   |  host  |         .         |
ci-info: |    lo   |  True |          ::1/128           |       .       |  host  |         .         |
ci-info: +---------+-------+----------------------------+---------------+--------+-------------------+
ci-info: +++++++++++++++++++++++++++Route IPv4 info++++++++++++++++++++++++++++
ci-info: +-------+-------------+----------+---------------+-----------+-------+
ci-info: | Route | Destination | Gateway  |    Genmask    | Interface | Flags |
ci-info: +-------+-------------+----------+---------------+-----------+-------+
ci-info: |   0   |   0.0.0.0   | 10.0.2.2 |    0.0.0.0    |    eth0   |   UG  |
ci-info: |   1   |   10.0.2.0  | 0.0.0.0  | 255.255.255.0 |    eth0   |   U   |
ci-info: |   2   |  172.17.0.0 | 0.0.0.0  |  255.255.0.0  |  docker0  |   U   |
ci-info: +-------+-------------+----------+---------------+-----------+-------+
ci-info: +++++++++++++++++++Route IPv6 info+++++++++++++++++++
ci-info: +-------+-------------+---------+-----------+-------+
ci-info: | Route | Destination | Gateway | Interface | Flags |
ci-info: +-------+-------------+---------+-----------+-------+
ci-info: |   0   |  fe80::/64  |    ::   |    eth0   |   U   |
ci-info: |   1   |  fec0::/64  |    ::   |    eth0   |   Ue  |
ci-info: |   2   |     ::/0    | fe80::2 |    eth0   |  UGe  |
ci-info: |   4   |    local    |    ::   |    eth0   |   U   |
ci-info: |   5   |    local    |    ::   |    eth0   |   U   |
ci-info: |   6   |  multicast  |    ::   |    eth0   |   U   |
ci-info: +-------+-------------+---------+-----------+-------+
2026-03-06 02:55:23,832 - cloud_config.py[WARNING]: Failed at merging in cloud config part from part-001: empty cloud config
Generating public/private rsa key pair.
Your identification has been saved in /etc/ssh/ssh_host_rsa_key
Your public key has been saved in /etc/ssh/ssh_host_rsa_key.pub
The key fingerprint is:
SHA256:XHQCyG/KuGDi30525SCZ40u+dzi1VyuNERoW1kJM/VA root@agent-1
The key's randomart image is:
+---[RSA 3072]----+
|     . .=+= oE   |
|      o  * *     |
|       .. + o    |
|      o.o+ . .   |
|     B +S.o .    |
|. o o = +o . .   |
|.o . * .o.. = .  |
| .  B o+ o + o   |
|  ...*o o . .    |
+----[SHA256]-----+
Generating public/private dsa key pair.
Your identification has been saved in /etc/ssh/ssh_host_dsa_key
Your public key has been saved in /etc/ssh/ssh_host_dsa_key.pub
The key fingerprint is:
SHA256:X1eHsvotXIudpQP7TLC8xHusu3M3Qdusiv/9s5UsYMs root@agent-1
The key's randomart image is:
+---[DSA 1024]----+
|                 |
|               . |
|            . . o|
|             o o.|
|        S  o+ o.o|
|         .o=++oo=|
|          oE=O.Oo|
|           +**%+o|
|          ..X%=+B|
+----[SHA256]-----+
Generating public/private ecdsa key pair.
Your identification has been saved in /etc/ssh/ssh_host_ecdsa_key
Your public key has been saved in /etc/ssh/ssh_host_ecdsa_key.pub
The key fingerprint is:
SHA256:F287zYdhHHhsGuYn8Zw9F7bLm7VNllMo/KH7pBKC54E root@agent-1
The key's randomart image is:
+---[ECDSA 256]---+
|                 |
|             o   |
|          . = =o |
|           * X.=o|
|       oS . O @o+|
|      E +... @.+*|
|       o o .+ *==|
|        . .  = +B|
|           .o..+.|
+----[SHA256]-----+
Generating public/private ed25519 key pair.
Your identification has been saved in /etc/ssh/ssh_host_ed25519_key
Your public key has been saved in /etc/ssh/ssh_host_ed25519_key.pub
The key fingerprint is:
SHA256:tSIRugh+y7ls+6wQLPZ7Q5vZvnYyZfRVhIta28srThA root@agent-1
The key's randomart image is:
+--[ED25519 256]--+
|      .       o. |
|     . .     . . |
|.   . .  E. . o  |
|o. . . . o.+ o   |
|.=... . S.= +    |
|o = o. . =.o .   |
| . =. = o  .. .  |
|  o.+* = ... o   |
|  .*=o+o= .....  |
+----[SHA256]-----+
 [ ok ]
Cloud-init v. 23.4 running 'modules:config' at Fri, 06 Mar 2026 02:55:24 +0000. Up 43.39 seconds.
 [ ok ]
Cloud-init v. 23.4 running 'modules:final' at Fri, 06 Mar 2026 02:55:25 +0000. Up 43.88 seconds.
ci-info: no authorized SSH keys fingerprints found for user alpine.
cloud-init: #############################################################
cloud-init: -----BEGIN SSH HOST KEY FINGERPRINTS-----
cloud-init: 1024 SHA256:X1eHsvotXIudpQP7TLC8xHusu3M3Qdusiv/9s5UsYMs root@agent-1 (DSA)
cloud-init: 256 SHA256:F287zYdhHHhsGuYn8Zw9F7bLm7VNllMo/KH7pBKC54E root@agent-1 (ECDSA)
cloud-init: 256 SHA256:tSIRugh+y7ls+6wQLPZ7Q5vZvnYyZfRVhIta28srThA root@agent-1 (ED25519)
cloud-init: 3072 SHA256:XHQCyG/KuGDi30525SCZ40u+dzi1VyuNERoW1kJM/VA root@agent-1 (RSA)
cloud-init: -----END SSH HOST KEY FINGERPRINTS-----
cloud-init: #############################################################
-----BEGIN SSH HOST KEY KEYS-----
ecdsa-sha2-nistp256 AAAAE2VjZHNhLXNoYTItbmlzdHAyNTYAAAAIbmlzdHAyNTYAAABBBKRkPMCTA/aFkuExPCmZUWz3kdiQHZ3LhLo2hKAVY5StLMK62Y9rbamSwCKDl+Rq2TbAtt0PxgzjJzAJshx/1yg= root@agent-1
ssh-ed25519 AAAAC3NzaC1lZDI1NTE5AAAAIMe0CglXHnlp2zXJSoZOC/lsBVaZjUx1F0dhZBN7sFya root@agent-1
ssh-rsa AAAAB3NzaC1yc2EAAAADAQABAAABgQCs/3Xm0uySApDtJyRxEpVSc1b3gc1tPZP/c5o0Xxp90Mtg3F91wfFggnEbtFG9KdWX/8Vg0k08ajalTaVi9OfPlbG7/u1FgaFhZFBWM28KlTdnYsW2og4dS4ddpQuIG21jwzYnUbs+0kE3k+YSZshpVqxe8G5/2QMDPNZy9p2VQJhdlewjEE1bBRRpnnq5VIV3X+lrNtQPdknWkzoh0KZQh2w2LNK5oMSkLEL6YM7A3ql0WKg0L2H4hNI3ysp5BsxjJvOjB4X9AlD6N5Glm7Xj+1ehmo81ajAIJD5RFnKRZTWcMnlW43enynqCwclSZ1aSw9V3OTMK+MDUmMrpEVeI6bhUTWUMTd38SeQS1H4iVJ9ic141Uqar2MGQetD6wW2Bl+7D48BgCebVKkdRfOntuf0ZNWcopcvxSLU9dKER0u/B2xGPnl231gdCoIi3VQt0U5n+wOko0SB245lN6Hv0Ujhd2QM9N14uNAfZ/gtsCgUeXHh4T7eTpmUx3vK9Zec= root@agent-1
-----END SSH HOST KEY KEYS-----
Cloud-init v. 23.4 finished at Fri, 06 Mar 2026 02:55:25 +0000. Datasource DataSourceNoCloud [seed=/dev/vdb][dsmode=net].  Up 44.06 seconds
 [ ok ]

Welcome to Alpine Linux 3.19
Kernel 6.6.4-1-virt on an x86_64 (/dev/ttyS0)

agent-1 login: 