c[?7l[2J[0mSeaBIOS (version 1.15.0-1)


iPXE (https://ipxe.org) 00:03.0 CA00 PCI2.10 PnP PMM+BFF8B380+BFECB380 CA00
Press Ctrl-B to configure iPXE (PCI 00:03.0)...                                                                               


Booting from Hard Disk...

SYSLINUX 6.04 EDD 6.04-pre1 Copyright (C) 1994-2015 H. Peter Anvin et al

SYSLINUX 6.04 6.04-pre1 Copyright (C) 1994-2015 H. Peter Anvin et al
[2Je%@)0(B[0;37;40m[?25l[2J[23;16HAlpine will be booted automatically in [0;1m1[0m s[23;57H[23;58Heconds[23;16H[0;37;40mAlpine will be booted automatically in [0;1;37;40m1[0;37;40m seconds..[23;16H                                                 [23;16H[0;37;40m                                                  [?25h[24;1H[0m 
Loading vmlinuz-virt...Loading vmlinuz-virt...  ook
k
Loading initramfs-virt..Loading initramfs-virt....ookk

c[?7l[2J[    0.000000] Linux version 6.6.4-1-virt (buildozer@build-3-19-x86_64) (gcc (Alpine 13.2.1_git20231014) 13.2.1 20231014, GNU ld (GNU Binutils) 2.41) #2-Alpine SMP PREEMPT_DYNAMIC Tue, 05 Dec 2023 20:25:50 +0000
[    0.000000] Command line: BOOT_IMAGE=vmlinuz-virt root=LABEL=/ modules=sd-mod,usb-storage,ext4 console=ttyS0,115200n8 initrd=initramfs-virt
[    0.000000] BIOS-provided physical RAM map:
[    0.000000] BIOS-e820: [mem 0x0000000000000000-0x000000000009fbff] usable
[    0.000000] BIOS-e820: [mem 0x000000000009fc00-0x000000000009ffff] reserved
[    0.000000] BIOS-e820: [mem 0x00000000000f0000-0x00000000000fffff] reserved
[    0.000000] BIOS-e820: [mem 0x0000000000100000-0x00000000bffd9fff] usable
[    0.000000] BIOS-e820: [mem 0x00000000bffda000-0x00000000bfffffff] reserved
[    0.000000] BIOS-e820: [mem 0x00000000feffc000-0x00000000feffffff] reserved
[    0.000000] BIOS-e820: [mem 0x00000000fffc0000-0x00000000ffffffff] reserved
[    0.000000] BIOS-e820: [mem 0x0000000100000000-0x000000013fffffff] usable
[    0.000000] NX (Execute Disable) protection: active
[    0.000000] APIC: Static calls initialized
[    0.000000] SMBIOS 2.8 present.
[    0.000000] DMI: QEMU Standard PC (i440FX + PIIX, 1996), BIOS 1.15.0-1 04/01/2014
[    0.000000] Hypervisor detected: KVM
[    0.000000] kvm-clock: Using msrs 4b564d01 and 4b564d00
[    0.000001] kvm-clock: using sched offset of 2649961421 cycles
[    0.000003] clocksource: kvm-clock: mask: 0xffffffffffffffff max_cycles: 0x1cd42e4dffb, max_idle_ns: 881590591483 ns
[    0.000006] tsc: Detected 2799.998 MHz processor
[    0.001013] last_pfn = 0x140000 max_arch_pfn = 0x400000000
[    0.001409] MTRR map: 4 entries (3 fixed + 1 variable; max 19), built from 8 variable MTRRs
[    0.001424] x86/PAT: Configuration [0-7]: WB  WC  UC- UC  WB  WP  UC- WT  
[    0.001919] last_pfn = 0xbffda max_arch_pfn = 0x400000000
[    0.002249] RAMDISK: [mem 0x7f71e000-0x7fffffff]
[    0.002251] ACPI: Early table checksum verification disabled
[    0.002256] ACPI: RSDP 0x00000000000F59A0 000014 (v00 BOCHS )
[    0.002261] ACPI: RSDT 0x00000000BFFE1975 000034 (v01 BOCHS  BXPC     00000001 BXPC 00000001)
[    0.002267] ACPI: FACP 0x00000000BFFE1821 000074 (v01 BOCHS  BXPC     00000001 BXPC 00000001)
[    0.002302] ACPI: DSDT 0x00000000BFFE0040 0017E1 (v01 BOCHS  BXPC     00000001 BXPC 00000001)
[    0.002307] ACPI: FACS 0x00000000BFFE0000 000040
[    0.002309] ACPI: APIC 0x00000000BFFE1895 000080 (v01 BOCHS  BXPC     00000001 BXPC 00000001)
[    0.002312] ACPI: HPET 0x00000000BFFE1915 000038 (v01 BOCHS  BXPC     00000001 BXPC 00000001)
[    0.002315] ACPI: WAET 0x00000000BFFE194D 000028 (v01 BOCHS  BXPC     00000001 BXPC 00000001)
[    0.002317] ACPI: Reserving FACP table memory at [mem 0xbffe1821-0xbffe1894]
[    0.002319] ACPI: Reserving DSDT table memory at [mem 0xbffe0040-0xbffe1820]
[    0.002320] ACPI: Reserving FACS table memory at [mem 0xbffe0000-0xbffe003f]
[    0.002320] ACPI: Reserving APIC table memory at [mem 0xbffe1895-0xbffe1914]
[    0.002321] ACPI: Reserving HPET table memory at [mem 0xbffe1915-0xbffe194c]
[    0.002321] ACPI: Reserving WAET table memory at [mem 0xbffe194d-0xbffe1974]
[    0.002702] Zone ranges:
[    0.002704]   DMA      [mem 0x0000000000001000-0x0000000000ffffff]
[    0.002706]   DMA32    [mem 0x0000000001000000-0x00000000ffffffff]
[    0.002707]   Normal   [mem 0x0000000100000000-0x000000013fffffff]
[    0.002708] Movable zone start for each node
[    0.002709] Early memory node ranges
[    0.002709]   node   0: [mem 0x0000000000001000-0x000000000009efff]
[    0.002711]   node   0: [mem 0x0000000000100000-0x00000000bffd9fff]
[    0.002712]   node   0: [mem 0x0000000100000000-0x000000013fffffff]
[    0.002713] Initmem setup node 0 [mem 0x0000000000001000-0x000000013fffffff]
[    0.002823] On node 0, zone DMA: 1 pages in unavailable ranges
[    0.004275] On node 0, zone DMA: 97 pages in unavailable ranges
[    0.455566] On node 0, zone Normal: 38 pages in unavailable ranges
[    0.459102] ACPI: PM-Timer IO Port: 0x608
[    0.459141] ACPI: LAPIC_NMI (acpi_id[0xff] dfl dfl lint[0x1])
[    0.459317] IOAPIC[0]: apic_id 0, version 17, address 0xfec00000, GSI 0-23
[    0.459321] ACPI: INT_SRC_OVR (bus 0 bus_irq 0 global_irq 2 dfl dfl)
[    0.459324] ACPI: INT_SRC_OVR (bus 0 bus_irq 5 global_irq 5 high level)
[    0.459325] ACPI: INT_SRC_OVR (bus 0 bus_irq 9 global_irq 9 high level)
[    0.459327] ACPI: INT_SRC_OVR (bus 0 bus_irq 10 global_irq 10 high level)
[    0.459328] ACPI: INT_SRC_OVR (bus 0 bus_irq 11 global_irq 11 high level)
[    0.459332] ACPI: Using ACPI (MADT) for SMP configuration information
[    0.459334] ACPI: HPET id: 0x8086a201 base: 0xfed00000
[    0.459378] smpboot: Allowing 2 CPUs, 0 hotplug CPUs
[    0.459432] kvm-guest: APIC: eoi() replaced with kvm_guest_apic_eoi_write()
[    0.459487] [mem 0xc0000000-0xfeffbfff] available for PCI devices
[    0.459489] Booting paravirtualized kernel on KVM
[    0.459491] clocksource: refined-jiffies: mask: 0xffffffff max_cycles: 0xffffffff, max_idle_ns: 19112604462750000 ns
[    0.463248] setup_percpu: NR_CPUS:256 nr_cpumask_bits:2 nr_cpu_ids:2 nr_node_ids:1
[    0.477076] percpu: Embedded 57 pages/cpu s195048 r8192 d30232 u1048576
[    0.477200] kvm-guest: PV spinlocks disabled, no host support
[    0.477202] Kernel command line: BOOT_IMAGE=vmlinuz-virt root=LABEL=/ modules=sd-mod,usb-storage,ext4 console=ttyS0,115200n8 initrd=initramfs-virt
[    0.477256] Unknown kernel command line parameters "BOOT_IMAGE=vmlinuz-virt modules=sd-mod,usb-storage,ext4", will be passed to user space.
[    0.509281] Dentry cache hash table entries: 524288 (order: 10, 4194304 bytes, linear)
[    0.523277] Inode-cache hash table entries: 262144 (order: 9, 2097152 bytes, linear)
[    0.523503] Built 1 zonelists, mobility grouping on.  Total pages: 1031898
[    0.540879] mem auto-init: stack:all(zero), heap alloc:on, heap free:off
[    0.540886] software IO TLB: area num 2.
[    1.024223] Memory: 4012148K/4193760K available (12288K kernel code, 1744K rwdata, 8008K rodata, 2640K init, 2300K bss, 181352K reserved, 0K cma-reserved)
[    1.030174] SLUB: HWalign=64, Order=0-3, MinObjects=0, CPUs=2, Nodes=1
[    1.030345] Kernel/User page tables isolation: enabled
[    1.033254] Dynamic Preempt: none
[    1.033473] rcu: Preemptible hierarchical RCU implementation.
[    1.033474] rcu: 	RCU restricting CPUs from NR_CPUS=256 to nr_cpu_ids=2.
[    1.033476] 	Trampoline variant of Tasks RCU enabled.
[    1.033477] 	Tracing variant of Tasks RCU enabled.
[    1.033478] rcu: RCU calculated value of scheduler-enlistment delay is 10 jiffies.
[    1.033480] rcu: Adjusting geometry for rcu_fanout_leaf=16, nr_cpu_ids=2
[    1.038340] NR_IRQS: 16640, nr_irqs: 440, preallocated irqs: 16
[    1.038934] rcu: srcu_init: Setting srcu_struct sizes based on contention.
[    1.039087] kfence: initialized - using 2097152 bytes for 255 objects at 0x(____ptrval____)-0x(____ptrval____)
[    1.065282] Console: colour VGA+ 80x25
[    1.065449] printk: console [ttyS0] enabled
[    1.400875] ACPI: Core revision 20230628
[    1.405031] clocksource: hpet: mask: 0xffffffff max_cycles: 0xffffffff, max_idle_ns: 19112604467 ns
[    1.411506] APIC: Switch to symmetric I/O mode setup
[    1.415751] x2apic enabled
[    1.419193] APIC: Switched APIC routing to: physical x2apic
[    1.428897] ..TIMER: vector=0x30 apic1=0 pin1=2 apic2=-1 pin2=-1
[    1.432229] clocksource: tsc-early: mask: 0xffffffffffffffff max_cycles: 0x285c3ee517e, max_idle_ns: 440795257231 ns
[    1.437776] Calibrating delay loop (skipped) preset value.. 5599.99 BogoMIPS (lpj=27999980)
[    1.448811] Last level iTLB entries: 4KB 0, 2MB 0, 4MB 0
[    1.451587] Last level dTLB entries: 4KB 0, 2MB 0, 4MB 0, 1GB 0
[    1.454700] Spectre V1 : Mitigation: usercopy/swapgs barriers and __user pointer sanitization
[    1.457651] Spectre V2 : Mitigation: Retpolines
[    1.460022] Spectre V2 : Spectre v2 / SpectreRSB mitigation: Filling RSB on context switch
[    1.467648] Spectre V2 : Spectre v2 / SpectreRSB : Filling RSB on VMEXIT
[    1.471131] Speculative Store Bypass: Vulnerable
[    1.477653] MDS: Vulnerable: Clear CPU buffers attempted, no microcode
[    1.481074] MMIO Stale Data: Unknown: No mitigations
[    1.483716] x86/fpu: x87 FPU will use FXSAVE
[    1.539867] Freeing SMP alternatives memory: 32K
[    1.542330] pid_max: default: 32768 minimum: 301
[    1.545215] LSM: initializing lsm=capability,landlock,lockdown,integrity
[    1.548420] landlock: Up and running.
[    1.550860] Mount-cache hash table entries: 8192 (order: 4, 65536 bytes, linear)
[    1.555052] Mountpoint-cache hash table entries: 8192 (order: 4, 65536 bytes, linear)
[    1.683136] smpboot: CPU0: Intel QEMU Virtual CPU version 2.5+ (family: 0xf, model: 0x6b, stepping: 0x1)
[    1.687646] RCU Tasks: Setting shift to 1 and lim to 1 rcu_task_cb_adjust=1.
[    1.687757] RCU Tasks Trace: Setting shift to 1 and lim to 1 rcu_task_cb_adjust=1.
[    1.691801] Performance Events: unsupported Netburst CPU model 107 no PMU driver, software events only.
[    1.696795] signal: max sigframe size: 1440
[    1.697931] rcu: Hierarchical SRCU implementation.
[    1.700437] rcu: 	Max phase no-delay instances is 1000.
[    1.703925] NMI watchdog: Perf NMI watchdog permanently disabled
[    1.707893] smp: Bringing up secondary CPUs ...
[    1.711378] smpboot: x86: Booting SMP configuration:
[    1.713975] .... node  #0, CPUs:      #1
[    1.729649] smp: Brought up 1 node, 2 CPUs
[    1.731920] smpboot: Max logical packages: 1
[    1.734139] ----------------
[    1.737651] | NMI testsuite:
[    1.739176] --------------------
[    1.740855]   remote IPI:  ok  |
[    1.742608]    local IPI:  ok  |
[    1.744325] --------------------
[    1.746023] Good, all   2 testcases passed! |
[    1.747652] ---------------------------------
[    1.749924] smpboot: Total of 2 processors activated (11199.99 BogoMIPS)
[    1.758459] devtmpfs: initialized
[    1.759532] x86/mm: Memory block size: 128MB
[    1.763207] clocksource: jiffies: mask: 0xffffffff max_cycles: 0xffffffff, max_idle_ns: 19112604462750000 ns
[    1.770887] futex hash table entries: 512 (order: 3, 32768 bytes, linear)
[    1.804329] NET: Registered PF_NETLINK/PF_ROUTE protocol family
[    1.804329] audit: initializing netlink subsys (disabled)
[    1.807793] audit: type=2000 audit(1772765683.384:1): state=initialized audit_enabled=0 res=1
[    1.807824] thermal_sys: Registered thermal governor 'step_wise'
[    1.817667] cpuidle: using governor ladder
[    1.823192] cpuidle: using governor menu
[    1.825529] acpiphp: ACPI Hot Plug PCI Controller Driver version: 0.5
[    1.828644] PCI: Using configuration type 1 for base access
[    1.831968] kprobes: kprobe jump-optimization is enabled. All kprobes are optimized if possible.
[    1.841073] HugeTLB: registered 2.00 MiB page size, pre-allocated 0 pages
[    1.847649] HugeTLB: 28 KiB vmemmap can be freed for a 2.00 MiB page
[    1.851400] ACPI: Added _OSI(Module Device)
[    1.851400] ACPI: Added _OSI(Processor Device)
[    1.857650] ACPI: Added _OSI(3.0 _SCP Extensions)
[    1.860318] ACPI: Added _OSI(Processor Aggregator Device)
[    1.864089] ACPI: 1 ACPI AML tables successfully acquired and loaded
[    1.869599] ACPI: _OSC evaluation for CPUs failed, trying _PDC
[    1.870870] ACPI: Interpreter enabled
[    1.872845] ACPI: PM: (supports S0 S3 S5)
[    1.877650] ACPI: Using IOAPIC for interrupt routing
[    1.880281] PCI: Using host bridge windows from ACPI; if necessary, use "pci=nocrs" and report a bug
[    1.885027] PCI: Using E820 reservations for host bridge windows
[    1.887794] ACPI: Enabled 2 GPEs in block 00 to 0F
[    1.898014] ACPI: PCI Root Bridge [PCI0] (domain 0000 [bus 00-ff])
[    1.901234] acpi PNP0A03:00: _OSC: OS supports [ASPM ClockPM Segments MSI HPX-Type3]
[    1.907650] acpi PNP0A03:00: _OSC: not requesting OS control; OS requires [ExtendedConfig ASPM ClockPM MSI]
[    1.912708] acpi PNP0A03:00: fail to add MMCONFIG information, can't access extended configuration space under this bridge
[    1.918271] acpiphp: Slot [3] registered
[    1.920674] acpiphp: Slot [4] registered
[    1.923071] acpiphp: Slot [5] registered
[    1.925209] acpiphp: Slot [6] registered
[    1.927716] acpiphp: Slot [7] registered
[    1.929949] acpiphp: Slot [8] registered
[    1.932157] acpiphp: Slot [9] registered
[    1.937654] acpiphp: Slot [10] registered
[    1.940068] acpiphp: Slot [11] registered
[    1.942516] acpiphp: Slot [12] registered
[    1.945020] acpiphp: Slot [13] registered
[    1.947412] acpiphp: Slot [14] registered
[    1.947716] acpiphp: Slot [15] registered
[    1.950130] acpiphp: Slot [16] registered
[    1.952559] acpiphp: Slot [17] registered
[    1.954996] acpiphp: Slot [18] registered
[    1.957697] acpiphp: Slot [19] registered
[    1.960010] acpiphp: Slot [20] registered
[    1.962550] acpiphp: Slot [21] registered
[    1.965013] acpiphp: Slot [22] registered
[    1.967709] acpiphp: Slot [23] registered
[    1.970180] acpiphp: Slot [24] registered
[    1.972829] acpiphp: Slot [25] registered
[    1.975303] acpiphp: Slot [26] registered
[    1.977699] acpiphp: Slot [27] registered
[    1.980101] acpiphp: Slot [28] registered
[    1.982681] acpiphp: Slot [29] registered
[    1.985080] acpiphp: Slot [30] registered
[    1.987704] acpiphp: Slot [31] registered
[    1.990057] PCI host bridge to bus 0000:00
[    1.992396] pci_bus 0000:00: root bus resource [io  0x0000-0x0cf7 window]
[    1.996272] pci_bus 0000:00: root bus resource [io  0x0d00-0xffff window]
[    1.997649] pci_bus 0000:00: root bus resource [mem 0x000a0000-0x000bffff window]
[    2.001976] pci_bus 0000:00: root bus resource [mem 0xc0000000-0xfebfffff window]
[    2.007649] pci_bus 0000:00: root bus resource [mem 0x140000000-0x1bfffffff window]
[    2.011574] pci_bus 0000:00: root bus resource [bus 00-ff]
[    2.015088] pci 0000:00:00.0: [8086:1237] type 00 class 0x060000
[    2.020620] pci 0000:00:01.0: [8086:7000] type 00 class 0x060100
[    2.030884] pci 0000:00:01.1: [8086:7010] type 00 class 0x010180
[    2.038401] pci 0000:00:01.1: reg 0x20: [io  0xc160-0xc16f]
[    2.043463] pci 0000:00:01.1: legacy IDE quirk: reg 0x10: [io  0x01f0-0x01f7]
[    2.047653] pci 0000:00:01.1: legacy IDE quirk: reg 0x14: [io  0x03f6]
[    2.051306] pci 0000:00:01.1: legacy IDE quirk: reg 0x18: [io  0x0170-0x0177]
[    2.055020] pci 0000:00:01.1: legacy IDE quirk: reg 0x1c: [io  0x0376]
[    2.059183] pci 0000:00:01.3: [8086:7113] type 00 class 0x068000
[    2.064709] pci 0000:00:01.3: quirk: [io  0x0600-0x063f] claimed by PIIX4 ACPI
[    2.067691] pci 0000:00:01.3: quirk: [io  0x0700-0x070f] claimed by PIIX4 SMB
[    2.072409] pci 0000:00:02.0: [1234:1111] type 00 class 0x030000
[    2.089210] pci 0000:00:02.0: reg 0x10: [mem 0xfd000000-0xfdffffff pref]
[    2.112581] pci 0000:00:02.0: reg 0x18: [mem 0xfeb90000-0xfeb90fff]
[    2.132281] pci 0000:00:02.0: reg 0x30: [mem 0xfeb80000-0xfeb8ffff pref]
[    2.139769] pci 0000:00:02.0: Video device with shadowed ROM at [mem 0x000c0000-0x000dffff]
[    2.155813] pci 0000:00:03.0: [1af4:1000] type 00 class 0x020000
[    2.159552] pci 0000:00:03.0: reg 0x10: [io  0xc140-0xc15f]
[    2.164479] pci 0000:00:03.0: reg 0x14: [mem 0xfeb91000-0xfeb91fff]
[    2.172294] pci 0000:00:03.0: reg 0x20: [mem 0xfe000000-0xfe003fff 64bit pref]
[    2.179106] pci 0000:00:03.0: reg 0x30: [mem 0xfeb00000-0xfeb7ffff pref]
[    2.190374] pci 0000:00:04.0: [1af4:1009] type 00 class 0x000200
[    2.195655] pci 0000:00:04.0: reg 0x10: [io  0xc100-0xc13f]
[    2.198727] pci 0000:00:04.0: reg 0x14: [mem 0xfeb92000-0xfeb92fff]
[    2.208635] pci 0000:00:04.0: reg 0x20: [mem 0xfe004000-0xfe007fff 64bit pref]
[    2.221661] pci 0000:00:05.0: [1af4:1001] type 00 class 0x010000
[    2.228694] pci 0000:00:05.0: reg 0x10: [io  0xc000-0xc07f]
[    2.234471] pci 0000:00:05.0: reg 0x14: [mem 0xfeb93000-0xfeb93fff]
[    2.248905] pci 0000:00:05.0: reg 0x20: [mem 0xfe008000-0xfe00bfff 64bit pref]
[    2.264815] pci 0000:00:06.0: [1af4:1001] type 00 class 0x010000
[    2.271248] pci 0000:00:06.0: reg 0x10: [io  0xc080-0xc0ff]
[    2.278704] pci 0000:00:06.0: reg 0x14: [mem 0xfeb94000-0xfeb94fff]
[    2.288961] pci 0000:00:06.0: reg 0x20: [mem 0xfe00c000-0xfe00ffff 64bit pref]
[    2.305239] ACPI: PCI: Interrupt link LNKA configured for IRQ 10
[    2.307972] ACPI: PCI: Interrupt link LNKB configured for IRQ 10
[    2.312341] ACPI: PCI: Interrupt link LNKC configured for IRQ 11
[    2.318003] ACPI: PCI: Interrupt link LNKD configured for IRQ 11
[    2.322253] ACPI: PCI: Interrupt link LNKS configured for IRQ 9
[    2.358818] iommu: Default domain type: Translated
[    2.362847] iommu: DMA domain TLB invalidation policy: lazy mode
[    2.375998] SCSI subsystem initialized
[    2.388425] pps_core: LinuxPPS API ver. 1 registered
[    2.392049] pps_core: Software ver. 5.3.6 - Copyright 2005-2007 Rodolfo Giometti <giometti@linux.it>
[    2.397704] PTP clock support registered
[    2.409462] PCI: Using ACPI for IRQ routing
[    2.421452] hpet: 3 channels of 0 reserved for per-cpu timers
[    2.426207] clocksource: Switched to clocksource kvm-clock
[    2.446677] VFS: Disk quotas dquot_6.6.0
[    2.449722] VFS: Dquot-cache hash table entries: 512 (order 0, 4096 bytes)
[    2.455130] pnp: PnP ACPI init
[    2.462224] pnp: PnP ACPI: found 6 devices
[    2.493703] clocksource: acpi_pm: mask: 0xffffff max_cycles: 0xffffff, max_idle_ns: 2085701024 ns
[    2.499668] NET: Registered PF_INET protocol family
[    2.506497] IP idents hash table entries: 65536 (order: 7, 524288 bytes, linear)
[    2.514803] tcp_listen_portaddr_hash hash table entries: 2048 (order: 3, 32768 bytes, linear)
[    2.521447] Table-perturb hash table entries: 65536 (order: 6, 262144 bytes, linear)
[    2.527027] TCP established hash table entries: 32768 (order: 6, 262144 bytes, linear)
[    2.542285] TCP bind hash table entries: 32768 (order: 8, 1048576 bytes, linear)
[    2.546328] TCP: Hash tables configured (established 32768 bind 32768)
[    2.552164] UDP hash table entries: 2048 (order: 4, 65536 bytes, linear)
[    2.560543] UDP-Lite hash table entries: 2048 (order: 4, 65536 bytes, linear)
[    2.565208] NET: Registered PF_UNIX/PF_LOCAL protocol family
[    2.569013] NET: Registered PF_XDP protocol family
[    2.572102] pci_bus 0000:00: resource 4 [io  0x0000-0x0cf7 window]
[    2.575720] pci_bus 0000:00: resource 5 [io  0x0d00-0xffff window]
[    2.579408] pci_bus 0000:00: resource 6 [mem 0x000a0000-0x000bffff window]
[    2.583247] pci_bus 0000:00: resource 7 [mem 0xc0000000-0xfebfffff window]
[    2.587127] pci_bus 0000:00: resource 8 [mem 0x140000000-0x1bfffffff window]
[    2.592228] pci 0000:00:01.0: PIIX3: Enabling Passive Release
[    2.596120] pci 0000:00:00.0: Limiting direct PCI/PCI transfers
[    2.600508] PCI: CLS 0 bytes, default 64
[    2.603112] PCI-DMA: Using software bounce buffering for IO (SWIOTLB)
[    2.603708] Unpacking initramfs...
[    2.606633] software IO TLB: mapped [mem 0x00000000bbfd9000-0x00000000bffd9000] (64MB)
[    2.614587] clocksource: tsc: mask: 0xffffffffffffffff max_cycles: 0x285c3ee517e, max_idle_ns: 440795257231 ns
[    2.622036] Initialise system trusted keyrings
[    2.628533] workingset: timestamp_bits=46 max_order=20 bucket_order=0
[    2.633990] zbud: loaded
[    2.636559] Key type asymmetric registered
[    2.639012] Asymmetric key parser 'x509' registered
[    2.642268] Block layer SCSI generic (bsg) driver version 0.4 loaded (major 247)
[    2.647193] io scheduler mq-deadline registered
[    2.649865] io scheduler kyber registered
[    2.652474] io scheduler bfq registered
[    2.657137] ERST DBG: ERST support is disabled.
[    2.675473] ACPI: \_SB_.LNKC: Enabled at IRQ 11
[    2.707760] ACPI: \_SB_.LNKD: Enabled at IRQ 10
[    2.735116] ACPI: \_SB_.LNKA: Enabled at IRQ 10
[    2.757722] ACPI: \_SB_.LNKB: Enabled at IRQ 11
[    2.768265] Serial: 8250/16550 driver, 4 ports, IRQ sharing enabled
[    2.779321] 00:04: ttyS0 at I/O 0x3f8 (irq = 4, base_baud = 115200) is a 16550A
[    2.790414] VMware PVSCSI driver - version 1.0.7.0-k
[    2.798169] scsi host0: ata_piix
[    2.802024] scsi host1: ata_piix
[    2.804412] ata1: PATA max MWDMA2 cmd 0x1f0 ctl 0x3f6 bmdma 0xc160 irq 14
[    2.808176] ata2: PATA max MWDMA2 cmd 0x170 ctl 0x376 bmdma 0xc168 irq 15
[    2.813677] i8042: PNP: PS/2 Controller [PNP0303:KBD,PNP0f13:MOU] at 0x60,0x64 irq 1,12
[    2.824028] serio: i8042 KBD port at 0x60,0x64 irq 1
[    2.826778] serio: i8042 AUX port at 0x60,0x64 irq 12
[    2.829925] rtc_cmos 00:05: RTC can wake from S4
[    2.837625] input: AT Translated Set 2 keyboard as /devices/platform/i8042/serio0/input/input0
[    2.843505] rtc_cmos 00:05: registered as rtc0
[    2.846599] rtc_cmos 00:05: setting system clock to 2026-03-06T02:54:44 UTC (1772765684)
[    2.851844] rtc_cmos 00:05: alarms up to one day, y3k, 242 bytes nvram, hpet irqs
[    2.856038] intel_pstate: CPU model not supported
[    2.859224] gre: GRE over IPv4 demultiplexor driver
[    2.925418] Key type dns_resolver registered
[    2.928088] IPI shorthand broadcast: enabled
[    2.937305] sched_clock: Marking stable (2551824766, 378690832)->(2937258580, -6742982)
[    2.942801] registered taskstats version 1
[    2.946004] Loading compiled-in X.509 certificates
[    2.990434] ata2: found unknown device (class 0)
[    2.996577] ata2.00: ATAPI: QEMU DVD-ROM, 2.5+, max UDMA/100
[    3.004698] scsi 1:0:0:0: CD-ROM            QEMU     QEMU DVD-ROM     2.5+ PQ: 0 ANSI: 5
[    3.117712] Freeing initrd memory: 9096K
[    3.138020] Loaded X.509 cert 'alpinelinux.org: Alpine Linux kernel key: d76a695f66ad9cd28f5c22a8508f36e91f521f7a'
[    3.147988] Key type .fscrypt registered
[    3.150881] Key type fscrypt-provisioning registered
[    3.181961] Freeing unused kernel image (initmem) memory: 2640K
[    3.241269] Write protecting the kernel read-only data: 20480k
[    3.246488] Freeing unused kernel image (rodata/data gap) memory: 184K
[    3.249194] rodata_test: all tests were successful
[    3.251338] Run /init as init process
[    3.282901] Alpine Init 3.9.0-r0
Alpine Init 3.9.[    3.284769] Loading boot drivers...
0-r0
 * Loading boot drivers: [    3.367720] ACPI: bus type USB registered
[    3.369333] usbcore: registered new interface driver usbfs
[    3.371230] usbcore: registered new interface driver hub
[    3.372993] usbcore: registered new device driver usb
[    3.394921] usbcore: registered new interface driver usb-storage
[    3.642918] loop: module loaded
[    3.682897] ACPI: bus type drm_connector registered
[    3.749963] Loading boot drivers: ok.
ok.
[    3.753205] Mounting root...
 * Mounting root: [    3.798031] piix4_smbus 0000:00:01.3: SMBus Host Controller at 0x700, revision 0
[    3.825710] [drm] Found bochs VGA, ID 0xb0c5.
[    3.827181] [drm] Framebuffer size 16384 kB @ 0xfd000000, mmio @ 0xfeb90000.
[    3.836545] [drm] Found EDID data blob.
[    3.838307] [drm] Initialized bochs-drm 1.0.0 20130925 for 0000:00:02.0 on minor 0
[    3.878767] Console: switching to colour frame buffer device 128x48
[    3.881810] bochs-drm 0000:00:02.0: [drm] fb0: bochs-drmdrmfb frame buffer device
[    4.051532] sr 1:0:0:0: [sr0] scsi3-mmc drive: 4x/4x cd/rw xa/form2 tray
[    4.053676] cdrom: Uniform CD-ROM driver Revision: 3.20
[    4.136251] virtio_blk virtio2: 2/0/0 default/read/poll queues
[    4.142769] virtio_blk virtio2: [vda] 8388608 512-byte logical blocks (4.29 GB/4.00 GiB)
[    4.147406] virtio_blk virtio3: 2/0/0 default/read/poll queues
[    4.153671] virtio_blk virtio3: [vdb] 736 512-byte logical blocks (377 kB/368 KiB)
[    4.236754] block sr0: the capability attribute has been deprecated.
[    7.205147] EXT4-fs (vda): mounted filesystem 367ceb5a-a72a-4cc6-9140-e18812d3c81b ro with ordered data mode. Quota mode: none.
[    7.209031] Mounting root: ok.
ok.

   OpenRC 0.52.1 is starting up Linux 6.6.4-1-virt (x86_64)

 * /proc is already mounted
 * Mounting /run ... [ ok ]
 * /run/openrc: creating directory
 * /run/lock: creating directory
 * /run/lock: correcting owner
 * Caching service dependencies ... [ ok ]
 * Remounting devtmpfs on /dev ... [ ok ]
 * Mounting /dev/mqueue ... [ ok ]
 * Mounting security filesystem ... [ ok ]
 * Mounting debug filesystem ... [ ok ]
 * Mounting persistent storage (pstore) filesystem ... [ ok ]
 * Starting busybox mdev ... [ ok ]
 * Scanning hardware for mdev ... [ ok ]
 * Loading hardware drivers ... [ ok ]
 * Loading modules ... [ ok ]
 * Setting system clock using the hardware clock [UTC] ... [ ok ]
 * Checking local filesystems  .../: clean, 8723/65536 files, 158031/262144 blocks
 [ ok ]
 * Remounting root filesystem read/write ... [ ok ]
 * Remounting filesystems ... [ ok ]
 * Activating swap devices ... [ ok ]
 * Mounting local filesystems ... [ ok ]
 * Starting busybox acpid ... [ ok ]
 * Configuring kernel parameters ... [ ok ]
 * Migrating /var/lock to /run/lock ... [ ok ]
 * Creating user login records ... [ ok ]
 * Cleaning /tmp directory ... [ ok ]
Cloud-init v. 23.4 running 'init-local' at Fri, 06 Mar 2026 02:54:53 +0000. Up 11.98 seconds.
 [ ok ]
 * Setting hostname ... [ ok ]
 * Starting busybox syslog ... [ ok ]
 * Mounting cgroup filesystem ... [ ok ]
 * Starting networking ... *   lo ... [ ok ]
 *   eth0 ... [ ok ]
 * /var/log/docker.log: creating file
 * /var/log/docker.log: correcting owner
 * Starting Docker Daemon ... [ ok ]
 * Starting benchmark agent ...
[1A[2Ka257f20c716c: Loading layer  557.1kB/81.04MB[1B[1A[2Ka257f20c716c: Loading layer  3.899MB/81.04MB[1B[1A[2Ka257f20c716c: Loading layer  7.242MB/81.04MB[1B[1A[2Ka257f20c716c: Loading layer  10.58MB/81.04MB[1B[1A[2Ka257f20c716c: Loading layer  14.48MB/81.04MB[1B[1A[2Ka257f20c716c: Loading layer  17.83MB/81.04MB[1B[1A[2Ka257f20c716c: Loading layer  21.73MB/81.04MB[1B[1A[2Ka257f20c716c: Loading layer  23.95MB/81.04MB[1B[1A[2Ka257f20c716c: Loading layer  25.62MB/81.04MB[1B[1A[2Ka257f20c716c: Loading layer   27.3MB/81.04MB[1B[1A[2Ka257f20c716c: Loading layer  30.08MB/81.04MB[1B[1A[2Ka257f20c716c: Loading layer  32.87MB/81.04MB[1B[1A[2Ka257f20c716c: Loading layer  38.44MB/81.04MB[1B[1A[2Ka257f20c716c: Loading layer  44.56MB/81.04MB[1B[1A[2Ka257f20c716c: Loading layer  47.35MB/81.04MB[1B[1A[2Ka257f20c716c: Loading layer  50.69MB/81.04MB[1B[1A[2Ka257f20c716c: Loading layer  53.48MB/81.04MB[1B[1A[2Ka257f20c716c: Loading layer  57.38MB/81.04MB[1B[1A[2Ka257f20c716c: Loading layer  61.28MB/81.04MB[1B[1A[2Ka257f20c716c: Loading layer  64.06MB/81.04MB[1B[1A[2Ka257f20c716c: Loading layer  64.62MB/81.04MB[1B[1A[2Ka257f20c716c: Loading layer  66.29MB/81.04MB[1B[1A[2Ka257f20c716c: Loading layer  66.85MB/81.04MB[1B[1A[2Ka257f20c716c: Loading layer   67.4MB/81.04MB[1B[1A[2Ka257f20c716c: Loading layer  70.19MB/81.04MB[1B[1A[2Ka257f20c716c: Loading layer  71.86MB/81.04MB[1B[1A[2Ka257f20c716c: Loading layer  73.53MB/81.04MB[1B[1A[2Ka257f20c716c: Loading layer  74.65MB/81.04MB[1B[1A[2Ka257f20c716c: Loading layer  75.76MB/81.04MB[1B[1A[2Ka257f20c716c: Loading layer  76.32MB/81.04MB[1B[1A[2Ka257f20c716c: Loading layer  78.54MB/81.04MB[1B[1A[2Ka257f20c716c: Loading layer   79.1MB/81.04MB[1B[1A[2Ka257f20c716c: Loading layer  80.77MB/81.04MB[1B[1A[2Ka257f20c716c: Loading layer  81.04MB/81.04MB[1B
[1A[2Kb0c20bcd44fe: Loading layer  65.54kB/4.123MB[1B[1A[2Kb0c20bcd44fe: Loading layer  786.4kB/4.123MB[1B[1A[2Kb0c20bcd44fe: Loading layer  2.032MB/4.123MB[1B[1A[2Kb0c20bcd44fe: Loading layer  4.123MB/4.123MB[1B[1A[2Kb0c20bcd44fe: Loading layer  4.123MB/4.123MB[1B
[1A[2K5184c31ad48f: Loading layer  458.8kB/43.85MB[1B[1A[2K5184c31ad48f: Loading layer  1.835MB/43.85MB[1B[1A[2K5184c31ad48f: Loading layer  5.505MB/43.85MB[1B[1A[2K5184c31ad48f: Loading layer  8.716MB/43.85MB[1B[1A[2K5184c31ad48f: Loading layer  11.01MB/43.85MB[1B[1A[2K5184c31ad48f: Loading layer  12.85MB/43.85MB[1B[1A[2K5184c31ad48f: Loading layer  16.52MB/43.85MB[1B[1A[2K5184c31ad48f: Loading layer  18.81MB/43.85MB[1B[1A[2K5184c31ad48f: Loading layer  22.48MB/43.85MB[1B[1A[2K5184c31ad48f: Loading layer  24.77MB/43.85MB[1B[1A[2K5184c31ad48f: Loading layer  27.53MB/43.85MB[1B[1A[2K5184c31ad48f: Loading layer  29.36MB/43.85MB[1B[1A[2K5184c31ad48f: Loading layer  31.65MB/43.85MB[1B[1A[2K5184c31ad48f: Loading layer  33.49MB/43.85MB[1B[1A[2K5184c31ad48f: Loading layer  35.32MB/43.85MB[1B[1A[2K5184c31ad48f: Loading layer  36.24MB/43.85MB[1B[1A[2K5184c31ad48f: Loading layer  37.62MB/43.85MB[1B[1A[2K5184c31ad48f: Loading layer  39.91MB/43.85MB[1B[1A[2K5184c31ad48f: Loading layer  41.75MB/43.85MB[1B[1A[2K5184c31ad48f: Loading layer  43.85MB/43.85MB[1B
[1A[2Kfa1d322086e6: Loading layer   5.12kB/5.12kB[1B[1A[2Kfa1d322086e6: Loading layer   5.12kB/5.12kB[1B
[1A[2Kbdf610394df6: Loading layer  22.02kB/22.02kB[1B[1A[2Kbdf610394df6: Loading layer  22.02kB/22.02kB[1B
[1A[2Keb067feb5b8d: Loading layer  9.728kB/9.728kB[1B[1A[2Keb067feb5b8d: Loading layer  9.728kB/9.728kB[1BLoaded image: bench-worker:latest
 [ ok ]
 * Starting chronyd ... [ ok ]
 * Starting cloud-init-hotplugd ... [ ok ]
Cloud-init v. 23.4 running 'init' at Fri, 06 Mar 2026 02:55:35 +0000. Up 53.84 seconds.
ci-info: +++++++++++++++++++++++++++++++++++++++Net device info+++++++++++++++++++++++++++++++++++++++
ci-info: +---------+-------+----------------------------+---------------+--------+-------------------+
ci-info: |  Device |   Up  |          Address           |      Mask     | Scope  |     Hw-Address    |
ci-info: +---------+-------+----------------------------+---------------+--------+-------------------+
ci-info: | docker0 | False |         172.17.0.1         |  255.255.0.0  | global | 02:42:12:76:c2:57 |
ci-info: |   eth0  |  True |         10.0.2.15          | 255.255.255.0 | global | 52:54:00:12:34:56 |
ci-info: |   eth0  |  True | fec0::5054:ff:fe12:3456/64 |       .       |  site  | 52:54:00:12:34:56 |
ci-info: |   eth0  |  True | fe80::5054:ff:fe12:3456/64 |       .       |  link  | 52:54:00:12:34:56 |
ci-info: |    lo   |  True |         127.0.0.1          |   255.0.0.0   |  host  |         .         |
ci-info: |    lo   |  True |          ::1/128           |       .       |  host  |         .         |
ci-info: +---------+-------+----------------------------+---------------+--------+-------------------+
ci-info: +++++++++++++++++++++++++++Route IPv4 info++++++++++++++++++++++++++++
ci-info: +-------+-------------+----------+---------------+-----------+-------+
ci-info: | Route | Destination | Gateway  |    Genmask    | Interface | Flags |
ci-info: +-------+-------------+----------+---------------+-----------+-------+
ci-info: |   0   |   0.0.0.0   | 10.0.2.2 |    0.0.0.0    |    eth0   |   UG  |
ci-info: |   1   |   10.0.2.0  | 0.0.0.0  | 255.255.255.0 |    eth0   |   U   |
ci-info: |   2   |  172.17.0.0 | 0.0.0.0  |  255.255.0.0  |  docker0  |   U   |
ci-info: +-------+-------------+----------+---------------+-----------+-------+
ci-info: +++++++++++++++++++Route IPv6 info+++++++++++++++++++
ci-info: +-------+-------------+---------+-----------+-------+
ci-info: | Route | Destination | Gateway | Interface | Flags |
ci-info: +-------+-------------+---------+-----------+-------+
ci-info: |   0   |  fe80::/64  |    ::   |    eth0   |   U   |
ci-info: |   1   |  fec0::/64  |    ::   |    eth0   |   Ue  |
ci-info: |   2   |     ::/0    | fe80::2 |    eth0   |  UGe  |
ci-info: |   4   |    local    |    ::   |    eth0   |   U   |
ci-info: |   5   |    local    |    ::   |    eth0   |   U   |
ci-info: |   6   |  multicast  |    ::   |    eth0   |   U   |
ci-info: +-------+-------------+---------+-----------+-------+
2026-03-06 02:55:35,882 - cloud_config.py[WARNING]: Failed at merging in cloud config part from part-001: empty cloud config
Generating public/private rsa key pair.
Your identification has been saved in /etc/ssh/ssh_host_rsa_key
Your public key has been saved in /etc/ssh/ssh_host_rsa_key.pub
The key fingerprint is:
SHA256:U5nSiqHYq3HsQVKYg3ma1leo0JWmH+OvPWheJPgNWTo root@agent-5
The key's randomart image is:
+---[RSA 3072]----+
|     ..          |
| o.o.o.  . o     |
|o.=.+..o. =      |
| +o*o+=o +       |
|o.o+*E+.S        |
|.  +o+*  .       |
|  . =.oo         |
|   = +oo         |
|  . +o...        |
+----[SHA256]-----+
Generating public/private dsa key pair.
Your identification has been saved in /etc/ssh/ssh_host_dsa_key
Your public key has been saved in /etc/ssh/ssh_host_dsa_key.pub
The key fingerprint is:
SHA256:+xRQ20LDON7cqIc42N0OuubLm9EmKCNcHJfc1DTIEh4 root@agent-5
The key's randomart image is:
+---[DSA 1024]----+
|     Eo.+=+      |
|    o.=oo+o+     |
|   . =.o.+oo.    |
|  . o   ..+..    |
|   o o oS+.      |
|. . ..+.=.o.     |
|..o . oo++.      |
| . o .o= o.      |
|     oB+  .      |
+----[SHA256]-----+
Generating public/private ecdsa key pair.
Your identification has been saved in /etc/ssh/ssh_host_ecdsa_key
Your public key has been saved in /etc/ssh/ssh_host_ecdsa_key.pub
The key fingerprint is:
SHA256:gUWCwupEq3Hytsh5Q0aIk50b9L0GqWMk7vDJ3ATogSk root@agent-5
The key's randomart image is:
+---[ECDSA 256]---+
| .   ...o        |
| .+ .  +         |
|+Bo+ o. .        |
|E=B.+ .  .       |
|BOo= . .S        |
|o+Bo. o          |
|+B+* .           |
|.+*o.            |
|  . .            |
+----[SHA256]-----+
Generating public/private ed25519 key pair.
Your identification has been saved in /etc/ssh/ssh_host_ed25519_key
Your public key has been saved in /etc/ssh/ssh_host_ed25519_key.pub
The key fingerprint is:
SHA256:KLG4jwg53m/8wY2mCjlFcdtgArCiqo/qTUAu//W6PzQ root@agent-5
The key's randomart image is:
+--[ED25519 256]--+
|o..o +           |
| .  = +          |
|o. ... .         |
|= .. o .         |
|oo..o . S        |
|oo+. .. E        |
|=+o.. .* o       |
|++*+ +o.o        |
|B+o+*o+=o.       |
+----[SHA256]-----+
 [ ok ]
Cloud-init v. 23.4 running 'modules:config' at Fri, 06 Mar 2026 02:55:36 +0000. Up 54.69 seconds.
 [ ok ]
Cloud-init v. 23.4 running 'modules:final' at Fri, 06 Mar 2026 02:55:37 +0000. Up 55.11 seconds.
ci-info: no authorized SSH keys fingerprints found for user alpine.
cloud-init: #############################################################
cloud-init: -----BEGIN SSH HOST KEY FINGERPRINTS-----
cloud-init: 1024 SHA256:+xRQ20LDON7cqIc42N0OuubLm9EmKCNcHJfc1DTIEh4 root@agent-5 (DSA)
cloud-init: 256 SHA256:gUWCwupEq3Hytsh5Q0aIk50b9L0GqWMk7vDJ3ATogSk root@agent-5 (ECDSA)
cloud-init: 256 SHA256:KLG4jwg53m/8wY2mCjlFcdtgArCiqo/qTUAu//W6PzQ root@agent-5 (ED25519)
cloud-init: 3072 SHA256:U5nSiqHYq3HsQVKYg3ma1leo0JWmH+OvPWheJPgNWTo root@agent-5 (RSA)
cloud-init: -----END SSH HOST KEY FINGERPRINTS-----
cloud-init: #############################################################
-----BEGIN SSH HOST KEY KEYS-----
ecdsa-sha2-nistp256 AAAAE2VjZHNhLXNoYTItbmlzdHAyNTYAAAAIbmlzdHAyNTYAAABBBFAWeG9yu41Raoj2qWhItKTuqHgmTE9vwNr+g7HA8ku/hAUdltiE7mn5vzQ/dHWBgZV6xx/qLzoNXtpfeeg3190= root@agent-5
ssh-ed25519 AAAAC3NzaC1lZDI1NTE5AAAAIAEJ2uO+sh3LhTxJw5R3qzrXi47ji4r10qNcuzZ1YOjK root@agent-5
ssh-rsa AAAAB3NzaC1yc2EAAAADAQABAAABgQC/xYHlgfXuMOgEJdN/KCktZtbwzsOb52eqVp5VArCINEtknj/NWXzPPw5sJl3zs5HUqVBGhpfMbnaPvWOhl14A5ekPXPduHzrqUI5MfAdKY59NZ+wrqyft2qv7GFRVmM1Dz6xgdB2QP0bzraV9ka2PHBtzj34AH1If+6eqYO+Kr/N0P0cC3izs2UQ1afB2NvorndYjL0SqaXFpMed7aBdtzSD5XE/LRy+I3YhKNkMxBxOpi7GnTcwCQrJJCCdxpwV7USvm20DdDeGbl6nL2WJ+Gkq3Yepvn5i94h7GyraiWyM7XJOWIHnuaXdWQIGFIyhsDIM5OlpE4r6XX2hqMn/a4eXAGaScrxYLWTU04u25JjS/xd9eEvTIz4iOQdJNWWZtQwkpf8HiA3kC8RL1gSDJDWm3y/DOt+2b3M05SOcA0l6ppdFtq5zZllDmjuZurgtn5Lt03BPu0JEEUkcRatrtlD9t0EqXLcx3tLDUUdnzHDmDeGz+Wav6h26o+lEufE0= root@agent-5
-----END SSH HOST KEY KEYS-----
Cloud-init v. 23.4 finished at Fri, 06 Mar 2026 02:55:37 +0000. Datasource DataSourceNoCloud [seed=/dev/vdb][dsmode=net].  Up 55.23 seconds
 [ ok ]

Welcome to Alpine Linux 3.19
Kernel 6.6.4-1-virt on an x86_64 (/dev/ttyS0)

agent-5 login: 