c[?7l[2J[0mSeaBIOS (version 1.15.0-1)


iPXE (https://ipxe.org) 00:03.0 CA00 PCI2.10 PnP PMM+BFF8B380+BFECB380 CA00
Press Ctrl-B to configure iPXE (PCI 00:03.0)...                                                                               


Booting from Hard Disk...

SYSLINUX 6.04 EDD 6.04-pre1 Copyright (C) 1994-2015 H. Peter Anvin et al

SYSLINUX 6.04 6.04-pre1 Copyright (C) 1994-2015 H. Peter Anvin et al
[2Je%@)0(B[0;37;40m[?25l[2J[23;16HAlpine will be booted automatically in [0;1m1[0m seconds[23;16H[0;37;40mAlpine will be booted a.utomatically in [0;1;37;40m1[0;37;40m seconds.[23;16H                                                 [23;16H[0;37;40m                                                  [?25h[24;1H[0m 
Loading vmlinuz-virt...Loading vmlinuz-virt...  ook
k
Loading initramfs-virt..Loading initramfs-virt....ookk

c[?7l[2J[    0.000000] Linux version 6.6.4-1-virt (buildozer@build-3-19-x86_64) (gcc (Alpine 13.2.1_git20231014) 13.2.1 20231014, GNU ld (GNU Binutils) 2.41) #2-Alpine SMP PREEMPT_DYNAMIC Tue, 05 Dec 2023 20:25:50 +0000
[    0.000000] Command line: BOOT_IMAGE=vmlinuz-virt root=LABEL=/ modules=sd-mod,usb-storage,ext4 console=ttyS0,115200n8 initrd=initramfs-virt
[    0.000000] BIOS-provided physical RAM map:
[    0.000000] BIOS-e820: [mem 0x0000000000000000-0x000000000009fbff] usable
[    0.000000] BIOS-e820: [mem 0x000000000009fc00-0x000000000009ffff] reserved
[    0.000000] BIOS-e820: [mem 0x00000000000f0000-0x00000000000fffff] reserved
[    0.000000] BIOS-e820: [mem 0x0000000000100000-0x00000000bffd9fff] usable
[    0.000000] BIOS-e820: [mem 0x00000000bffda000-0x00000000bfffffff] reserved
[    0.000000] BIOS-e820: [mem 0x00000000feffc000-0x00000000feffffff] reserved
[    0.000000] BIOS-e820: [mem 0x00000000fffc0000-0x00000000ffffffff] reserved
[    0.000000] BIOS-e820: [mem 0x0000000100000000-0x000000013fffffff] usable
[    0.000000] NX (Execute Disable) protection: active
[    0.000000] APIC: Static calls initialized
[    0.000000] SMBIOS 2.8 present.
[    0.000000] DMI: QEMU Standard PC (i440FX + PIIX, 1996), BIOS 1.15.0-1 04/01/2014
[    0.000000] Hypervisor detected: KVM
[    0.000000] kvm-clock: Using msrs 4b564d01 and 4b564d00
[    0.000001] kvm-clock: using sched offset of 2710170788 cycles
[    0.000003] clocksource: kvm-clock: mask: 0xffffffffffffffff max_cycles: 0x1cd42e4dffb, max_idle_ns: 881590591483 ns
[    0.000006] tsc: Detected 2799.998 MHz processor
[    0.001095] last_pfn = 0x140000 max_arch_pfn = 0x400000000
[    0.001495] MTRR map: 4 entries (3 fixed + 1 variable; max 19), built from 8 variable MTRRs
[    0.001511] x86/PAT: Configuration [0-7]: WB  WC  UC- UC  WB  WP  UC- WT  
[    0.002023] last_pfn = 0xbffda max_arch_pfn = 0x400000000
[    0.002479] RAMDISK: [mem 0x7f71e000-0x7fffffff]
[    0.002482] ACPI: Early table checksum verification disabled
[    0.002488] ACPI: RSDP 0x00000000000F59A0 000014 (v00 BOCHS )
[    0.002493] ACPI: RSDT 0x00000000BFFE1975 000034 (v01 BOCHS  BXPC     00000001 BXPC 00000001)
[    0.002499] ACPI: FACP 0x00000000BFFE1821 000074 (v01 BOCHS  BXPC     00000001 BXPC 00000001)
[    0.002546] ACPI: DSDT 0x00000000BFFE0040 0017E1 (v01 BOCHS  BXPC     00000001 BXPC 00000001)
[    0.002551] ACPI: FACS 0x00000000BFFE0000 000040
[    0.002554] ACPI: APIC 0x00000000BFFE1895 000080 (v01 BOCHS  BXPC     00000001 BXPC 00000001)
[    0.002557] ACPI: HPET 0x00000000BFFE1915 000038 (v01 BOCHS  BXPC     00000001 BXPC 00000001)
[    0.002559] ACPI: WAET 0x00000000BFFE194D 000028 (v01 BOCHS  BXPC     00000001 BXPC 00000001)
[    0.002562] ACPI: Reserving FACP table memory at [mem 0xbffe1821-0xbffe1894]
[    0.002563] ACPI: Reserving DSDT table memory at [mem 0xbffe0040-0xbffe1820]
[    0.002564] ACPI: Reserving FACS table memory at [mem 0xbffe0000-0xbffe003f]
[    0.002564] ACPI: Reserving APIC table memory at [mem 0xbffe1895-0xbffe1914]
[    0.002565] ACPI: Reserving HPET table memory at [mem 0xbffe1915-0xbffe194c]
[    0.002565] ACPI: Reserving WAET table memory at [mem 0xbffe194d-0xbffe1974]
[    0.003024] Zone ranges:
[    0.003026]   DMA      [mem 0x0000000000001000-0x0000000000ffffff]
[    0.003028]   DMA32    [mem 0x0000000001000000-0x00000000ffffffff]
[    0.003029]   Normal   [mem 0x0000000100000000-0x000000013fffffff]
[    0.003030] Movable zone start for each node
[    0.003031] Early memory node ranges
[    0.003032]   node   0: [mem 0x0000000000001000-0x000000000009efff]
[    0.003033]   node   0: [mem 0x0000000000100000-0x00000000bffd9fff]
[    0.003034]   node   0: [mem 0x0000000100000000-0x000000013fffffff]
[    0.003035] Initmem setup node 0 [mem 0x0000000000001000-0x000000013fffffff]
[    0.003160] On node 0, zone DMA: 1 pages in unavailable ranges
[    0.004841] On node 0, zone DMA: 97 pages in unavailable ranges
[    0.424920] On node 0, zone Normal: 38 pages in unavailable ranges
[    0.428218] ACPI: PM-Timer IO Port: 0x608
[    0.428260] ACPI: LAPIC_NMI (acpi_id[0xff] dfl dfl lint[0x1])
[    0.428436] IOAPIC[0]: apic_id 0, version 17, address 0xfec00000, GSI 0-23
[    0.428440] ACPI: INT_SRC_OVR (bus 0 bus_irq 0 global_irq 2 dfl dfl)
[    0.428443] ACPI: INT_SRC_OVR (bus 0 bus_irq 5 global_irq 5 high level)
[    0.428444] ACPI: INT_SRC_OVR (bus 0 bus_irq 9 global_irq 9 high level)
[    0.428445] ACPI: INT_SRC_OVR (bus 0 bus_irq 10 global_irq 10 high level)
[    0.428446] ACPI: INT_SRC_OVR (bus 0 bus_irq 11 global_irq 11 high level)
[    0.428450] ACPI: Using ACPI (MADT) for SMP configuration information
[    0.428452] ACPI: HPET id: 0x8086a201 base: 0xfed00000
[    0.428490] smpboot: Allowing 2 CPUs, 0 hotplug CPUs
[    0.428545] kvm-guest: APIC: eoi() replaced with kvm_guest_apic_eoi_write()
[    0.428598] [mem 0xc0000000-0xfeffbfff] available for PCI devices
[    0.428600] Booting paravirtualized kernel on KVM
[    0.428602] clocksource: refined-jiffies: mask: 0xffffffff max_cycles: 0xffffffff, max_idle_ns: 19112604462750000 ns
[    0.432328] setup_percpu: NR_CPUS:256 nr_cpumask_bits:2 nr_cpu_ids:2 nr_node_ids:1
[    0.443611] percpu: Embedded 57 pages/cpu s195048 r8192 d30232 u1048576
[    0.443736] kvm-guest: PV spinlocks disabled, no host support
[    0.443737] Kernel command line: BOOT_IMAGE=vmlinuz-virt root=LABEL=/ modules=sd-mod,usb-storage,ext4 console=ttyS0,115200n8 initrd=initramfs-virt
[    0.443792] Unknown kernel command line parameters "BOOT_IMAGE=vmlinuz-virt modules=sd-mod,usb-storage,ext4", will be passed to user space.
[    0.467127] Dentry cache hash table entries: 524288 (order: 10, 4194304 bytes, linear)
[    0.478169] Inode-cache hash table entries: 262144 (order: 9, 2097152 bytes, linear)
[    0.478380] Built 1 zonelists, mobility grouping on.  Total pages: 1031898
[    0.490812] mem auto-init: stack:all(zero), heap alloc:on, heap free:off
[    0.490821] software IO TLB: area num 2.
[    0.890958] Memory: 4012148K/4193760K available (12288K kernel code, 1744K rwdata, 8008K rodata, 2640K init, 2300K bss, 181352K reserved, 0K cma-reserved)
[    0.896816] SLUB: HWalign=64, Order=0-3, MinObjects=0, CPUs=2, Nodes=1
[    0.897003] Kernel/User page tables isolation: enabled
[    0.899605] Dynamic Preempt: none
[    0.899804] rcu: Preemptible hierarchical RCU implementation.
[    0.899806] rcu: 	RCU restricting CPUs from NR_CPUS=256 to nr_cpu_ids=2.
[    0.899808] 	Trampoline variant of Tasks RCU enabled.
[    0.899809] 	Tracing variant of Tasks RCU enabled.
[    0.899809] rcu: RCU calculated value of scheduler-enlistment delay is 10 jiffies.
[    0.899810] rcu: Adjusting geometry for rcu_fanout_leaf=16, nr_cpu_ids=2
[    0.904277] NR_IRQS: 16640, nr_irqs: 440, preallocated irqs: 16
[    0.904825] rcu: srcu_init: Setting srcu_struct sizes based on contention.
[    0.904985] kfence: initialized - using 2097152 bytes for 255 objects at 0x(____ptrval____)-0x(____ptrval____)
[    0.930203] Console: colour VGA+ 80x25
[    0.930374] printk: console [ttyS0] enabled
[    1.284898] ACPI: Core revision 20230628
[    1.289871] clocksource: hpet: mask: 0xffffffff max_cycles: 0xffffffff, max_idle_ns: 19112604467 ns
[    1.302600] APIC: Switch to symmetric I/O mode setup
[    1.307589] x2apic enabled
[    1.312957] APIC: Switched APIC routing to: physical x2apic
[    1.327686] ..TIMER: vector=0x30 apic1=0 pin1=2 apic2=-1 pin2=-1
[    1.331088] clocksource: tsc-early: mask: 0xffffffffffffffff max_cycles: 0x285c3ee517e, max_idle_ns: 440795257231 ns
[    1.337111] Calibrating delay loop (skipped) preset value.. 5599.99 BogoMIPS (lpj=27999980)
[    1.348292] Last level iTLB entries: 4KB 0, 2MB 0, 4MB 0
[    1.351337] Last level dTLB entries: 4KB 0, 2MB 0, 4MB 0, 1GB 0
[    1.355043] Spectre V1 : Mitigation: usercopy/swapgs barriers and __user pointer sanitization
[    1.356923] Spectre V2 : Mitigation: Retpolines
[    1.359370] Spectre V2 : Spectre v2 / SpectreRSB mitigation: Filling RSB on context switch
[    1.366879] Spectre V2 : Spectre v2 / SpectreRSB : Filling RSB on VMEXIT
[    1.370414] Speculative Store Bypass: Vulnerable
[    1.372937] MDS: Vulnerable: Clear CPU buffers attempted, no microcode
[    1.376878] MMIO Stale Data: Unknown: No mitigations
[    1.379590] x86/fpu: x87 FPU will use FXSAVE
[    1.456294] Freeing SMP alternatives memory: 32K
[    1.456937] pid_max: default: 32768 minimum: 301
[    1.463650] LSM: initializing lsm=capability,landlock,lockdown,integrity
[    1.467690] landlock: Up and running.
[    1.470703] Mount-cache hash table entries: 8192 (order: 4, 65536 bytes, linear)
[    1.477278] Mountpoint-cache hash table entries: 8192 (order: 4, 65536 bytes, linear)
[    1.607760] smpboot: CPU0: Intel QEMU Virtual CPU version 2.5+ (family: 0xf, model: 0x6b, stepping: 0x1)
[    1.615891] RCU Tasks: Setting shift to 1 and lim to 1 rcu_task_cb_adjust=1.
[    1.616997] RCU Tasks Trace: Setting shift to 1 and lim to 1 rcu_task_cb_adjust=1.
[    1.621696] Performance Events: unsupported Netburst CPU model 107 no PMU driver, software events only.
[    1.627221] signal: max sigframe size: 1440
[    1.629796] rcu: Hierarchical SRCU implementation.
[    1.632531] rcu: 	Max phase no-delay instances is 1000.
[    1.640347] NMI watchdog: Perf NMI watchdog permanently disabled
[    1.644036] smp: Bringing up secondary CPUs ...
[    1.648117] smpboot: x86: Booting SMP configuration:
[    1.650824] .... node  #0, CPUs:      #1
[    1.662616] smp: Brought up 1 node, 2 CPUs
[    1.669100] smpboot: Max logical packages: 1
[    1.671436] ----------------
[    1.673011] | NMI testsuite:
[    1.674581] --------------------
[    1.676882]   remote IPI:  ok  |
[    1.678655]    local IPI:  ok  |
[    1.680429] --------------------
[    1.682167] Good, all   2 testcases passed! |
[    1.684523] ---------------------------------
[    1.686881] smpboot: Total of 2 processors activated (11199.99 BogoMIPS)
[    1.693524] devtmpfs: initialized
[    1.697191] x86/mm: Memory block size: 128MB
[    1.702094] clocksource: jiffies: mask: 0xffffffff max_cycles: 0xffffffff, max_idle_ns: 19112604462750000 ns
[    1.707105] futex hash table entries: 512 (order: 3, 32768 bytes, linear)
[    1.729561] NET: Registered PF_NETLINK/PF_ROUTE protocol family
[    1.733860] audit: initializing netlink subsys (disabled)
[    1.737060] audit: type=2000 audit(1772765684.065:1): state=initialized audit_enabled=0 res=1
[    1.737204] thermal_sys: Registered thermal governor 'step_wise'
[    1.741592] cpuidle: using governor ladder
[    1.746899] cpuidle: using governor menu
[    1.749367] acpiphp: ACPI Hot Plug PCI Controller Driver version: 0.5
[    1.753887] PCI: Using configuration type 1 for base access
[    1.760042] kprobes: kprobe jump-optimization is enabled. All kprobes are optimized if possible.
[    1.776877] HugeTLB: registered 2.00 MiB page size, pre-allocated 0 pages
[    1.778075] HugeTLB: 28 KiB vmemmap can be freed for a 2.00 MiB page
[    1.787543] ACPI: Added _OSI(Module Device)
[    1.789879] ACPI: Added _OSI(Processor Device)
[    1.792545] ACPI: Added _OSI(3.0 _SCP Extensions)
[    1.796880] ACPI: Added _OSI(Processor Aggregator Device)
[    1.800814] ACPI: 1 ACPI AML tables successfully acquired and loaded
[    1.806916] ACPI: _OSC evaluation for CPUs failed, trying _PDC
[    1.810226] ACPI: Interpreter enabled
[    1.812559] ACPI: PM: (supports S0 S3 S5)
[    1.815083] ACPI: Using IOAPIC for interrupt routing
[    1.815083] PCI: Using host bridge windows from ACPI; if necessary, use "pci=nocrs" and report a bug
[    1.815083] PCI: Using E820 reservations for host bridge windows
[    1.827392] ACPI: Enabled 2 GPEs in block 00 to 0F
[    1.843138] ACPI: PCI Root Bridge [PCI0] (domain 0000 [bus 00-ff])
[    1.843138] acpi PNP0A03:00: _OSC: OS supports [ASPM ClockPM Segments MSI HPX-Type3]
[    1.846516] acpi PNP0A03:00: _OSC: not requesting OS control; OS requires [ExtendedConfig ASPM ClockPM MSI]
[    1.856893] acpi PNP0A03:00: fail to add MMCONFIG information, can't access extended configuration space under this bridge
[    1.867448] acpiphp: Slot [3] registered
[    1.869920] acpiphp: Slot [4] registered
[    1.872441] acpiphp: Slot [5] registered
[    1.874737] acpiphp: Slot [6] registered
[    1.874737] acpiphp: Slot [7] registered
[    1.874737] acpiphp: Slot [8] registered
[    1.874737] acpiphp: Slot [9] registered
[    1.876365] acpiphp: Slot [10] registered
[    1.886994] acpiphp: Slot [11] registered
[    1.889681] acpiphp: Slot [12] registered
[    1.892123] acpiphp: Slot [13] registered
[    1.894724] acpiphp: Slot [14] registered
[    1.894724] acpiphp: Slot [15] registered
[    1.894724] acpiphp: Slot [16] registered
[    1.894724] acpiphp: Slot [17] registered
[    1.896607] acpiphp: Slot [18] registered
[    1.906939] acpiphp: Slot [19] registered
[    1.909334] acpiphp: Slot [20] registered
[    1.911697] acpiphp: Slot [21] registered
[    1.911697] acpiphp: Slot [22] registered
[    1.911697] acpiphp: Slot [23] registered
[    1.913919] acpiphp: Slot [24] registered
[    1.916261] acpiphp: Slot [25] registered
[    1.926941] acpiphp: Slot [26] registered
[    1.929308] acpiphp: Slot [27] registered
[    1.931558] acpiphp: Slot [28] registered
[    1.933820] acpiphp: Slot [29] registered
[    1.937387] acpiphp: Slot [30] registered
[    1.939856] acpiphp: Slot [31] registered
[    1.942265] PCI host bridge to bus 0000:00
[    1.944508] pci_bus 0000:00: root bus resource [io  0x0000-0x0cf7 window]
[    1.946880] pci_bus 0000:00: root bus resource [io  0x0d00-0xffff window]
[    1.950762] pci_bus 0000:00: root bus resource [mem 0x000a0000-0x000bffff window]
[    1.956879] pci_bus 0000:00: root bus resource [mem 0xc0000000-0xfebfffff window]
[    1.960904] pci_bus 0000:00: root bus resource [mem 0x140000000-0x1bfffffff window]
[    1.965233] pci_bus 0000:00: root bus resource [bus 00-ff]
[    1.967119] pci 0000:00:00.0: [8086:1237] type 00 class 0x060000
[    1.974467] pci 0000:00:01.0: [8086:7000] type 00 class 0x060100
[    1.974467] pci 0000:00:01.1: [8086:7010] type 00 class 0x010180
[    1.980927] pci 0000:00:01.1: reg 0x20: [io  0xc160-0xc16f]
[    1.985761] pci 0000:00:01.1: legacy IDE quirk: reg 0x10: [io  0x01f0-0x01f7]
[    1.996885] pci 0000:00:01.1: legacy IDE quirk: reg 0x14: [io  0x03f6]
[    2.000435] pci 0000:00:01.1: legacy IDE quirk: reg 0x18: [io  0x0170-0x0177]
[    2.006883] pci 0000:00:01.1: legacy IDE quirk: reg 0x1c: [io  0x0376]
[    2.011747] pci 0000:00:01.3: [8086:7113] type 00 class 0x068000
[    2.015623] pci 0000:00:01.3: quirk: [io  0x0600-0x063f] claimed by PIIX4 ACPI
[    2.015623] pci 0000:00:01.3: quirk: [io  0x0700-0x070f] claimed by PIIX4 SMB
[    2.028039] pci 0000:00:02.0: [1234:1111] type 00 class 0x030000
[    2.038249] pci 0000:00:02.0: reg 0x10: [mem 0xfd000000-0xfdffffff pref]
[    2.059218] pci 0000:00:02.0: reg 0x18: [mem 0xfeb90000-0xfeb90fff]
[    2.078975] pci 0000:00:02.0: reg 0x30: [mem 0xfeb80000-0xfeb8ffff pref]
[    2.085097] pci 0000:00:02.0: Video device with shadowed ROM at [mem 0x000c0000-0x000dffff]
[    2.091133] pci 0000:00:03.0: [1af4:1000] type 00 class 0x020000
[    2.096034] pci 0000:00:03.0: reg 0x10: [io  0xc140-0xc15f]
[    2.108216] pci 0000:00:03.0: reg 0x14: [mem 0xfeb91000-0xfeb91fff]
[    2.114965] pci 0000:00:03.0: reg 0x20: [mem 0xfe000000-0xfe003fff 64bit pref]
[    2.114965] pci 0000:00:03.0: reg 0x30: [mem 0xfeb00000-0xfeb7ffff pref]
[    2.121749] pci 0000:00:04.0: [1af4:1009] type 00 class 0x000200
[    2.126881] pci 0000:00:04.0: reg 0x10: [io  0xc100-0xc13f]
[    2.130861] pci 0000:00:04.0: reg 0x14: [mem 0xfeb92000-0xfeb92fff]
[    2.137996] pci 0000:00:04.0: reg 0x20: [mem 0xfe004000-0xfe007fff 64bit pref]
[    2.148616] pci 0000:00:05.0: [1af4:1001] type 00 class 0x010000
[    2.153618] pci 0000:00:05.0: reg 0x10: [io  0xc000-0xc07f]
[    2.158803] pci 0000:00:05.0: reg 0x14: [mem 0xfeb93000-0xfeb93fff]
[    2.168815] pci 0000:00:05.0: reg 0x20: [mem 0xfe008000-0xfe00bfff 64bit pref]
[    2.181694] pci 0000:00:06.0: [1af4:1001] type 00 class 0x010000
[    2.186881] pci 0000:00:06.0: reg 0x10: [io  0xc080-0xc0ff]
[    2.191435] pci 0000:00:06.0: reg 0x14: [mem 0xfeb94000-0xfeb94fff]
[    2.201685] pci 0000:00:06.0: reg 0x20: [mem 0xfe00c000-0xfe00ffff 64bit pref]
[    2.218341] ACPI: PCI: Interrupt link LNKA configured for IRQ 10
[    2.224442] ACPI: PCI: Interrupt link LNKB configured for IRQ 10
[    2.237204] ACPI: PCI: Interrupt link LNKC configured for IRQ 11
[    2.241884] ACPI: PCI: Interrupt link LNKD configured for IRQ 11
[    2.247063] ACPI: PCI: Interrupt link LNKS configured for IRQ 9
[    2.255449] iommu: Default domain type: Translated
[    2.256887] iommu: DMA domain TLB invalidation policy: lazy mode
[    2.263678] SCSI subsystem initialized
[    2.267394] pps_core: LinuxPPS API ver. 1 registered
[    2.270623] pps_core: Software ver. 5.3.6 - Copyright 2005-2007 Rodolfo Giometti <giometti@linux.it>
[    2.276947] PTP clock support registered
[    2.283078] PCI: Using ACPI for IRQ routing
[    2.299052] hpet: 3 channels of 0 reserved for per-cpu timers
[    2.303445] clocksource: Switched to clocksource kvm-clock
[    2.306874] VFS: Disk quotas dquot_6.6.0
[    2.309647] VFS: Dquot-cache hash table entries: 512 (order 0, 4096 bytes)
[    2.315339] pnp: PnP ACPI init
[    2.319143] pnp: PnP ACPI: found 6 devices
[    2.335738] clocksource: acpi_pm: mask: 0xffffff max_cycles: 0xffffff, max_idle_ns: 2085701024 ns
[    2.342360] NET: Registered PF_INET protocol family
[    2.348540] IP idents hash table entries: 65536 (order: 7, 524288 bytes, linear)
[    2.355380] tcp_listen_portaddr_hash hash table entries: 2048 (order: 3, 32768 bytes, linear)
[    2.361808] Table-perturb hash table entries: 65536 (order: 6, 262144 bytes, linear)
[    2.367780] TCP established hash table entries: 32768 (order: 6, 262144 bytes, linear)
[    2.377880] TCP bind hash table entries: 32768 (order: 8, 1048576 bytes, linear)
[    2.382377] TCP: Hash tables configured (established 32768 bind 32768)
[    2.389682] UDP hash table entries: 2048 (order: 4, 65536 bytes, linear)
[    2.397618] UDP-Lite hash table entries: 2048 (order: 4, 65536 bytes, linear)
[    2.403222] NET: Registered PF_UNIX/PF_LOCAL protocol family
[    2.407331] NET: Registered PF_XDP protocol family
[    2.410914] pci_bus 0000:00: resource 4 [io  0x0000-0x0cf7 window]
[    2.415216] pci_bus 0000:00: resource 5 [io  0x0d00-0xffff window]
[    2.419564] pci_bus 0000:00: resource 6 [mem 0x000a0000-0x000bffff window]
[    2.424563] pci_bus 0000:00: resource 7 [mem 0xc0000000-0xfebfffff window]
[    2.429414] pci_bus 0000:00: resource 8 [mem 0x140000000-0x1bfffffff window]
[    2.434443] pci 0000:00:01.0: PIIX3: Enabling Passive Release
[    2.438629] pci 0000:00:00.0: Limiting direct PCI/PCI transfers
[    2.443337] PCI: CLS 0 bytes, default 64
[    2.446364] PCI-DMA: Using software bounce buffering for IO (SWIOTLB)
[    2.447583] Unpacking initramfs...
[    2.450875] software IO TLB: mapped [mem 0x00000000bbfda000-0x00000000bffda000] (64MB)
[    2.467992] clocksource: tsc: mask: 0xffffffffffffffff max_cycles: 0x285c3ee517e, max_idle_ns: 440795257231 ns
[    2.485915] Initialise system trusted keyrings
[    2.496913] workingset: timestamp_bits=46 max_order=20 bucket_order=0
[    2.501896] zbud: loaded
[    2.505546] Key type asymmetric registered
[    2.508385] Asymmetric key parser 'x509' registered
[    2.514481] Block layer SCSI generic (bsg) driver version 0.4 loaded (major 247)
[    2.519375] io scheduler mq-deadline registered
[    2.521918] io scheduler kyber registered
[    2.524318] io scheduler bfq registered
[    2.532927] ERST DBG: ERST support is disabled.
[    2.551238] ACPI: \_SB_.LNKC: Enabled at IRQ 11
[    2.572534] ACPI: \_SB_.LNKD: Enabled at IRQ 10
[    2.591424] ACPI: \_SB_.LNKA: Enabled at IRQ 10
[    2.611447] ACPI: \_SB_.LNKB: Enabled at IRQ 11
[    2.627611] Serial: 8250/16550 driver, 4 ports, IRQ sharing enabled
[    2.634047] 00:04: ttyS0 at I/O 0x3f8 (irq = 4, base_baud = 115200) is a 16550A
[    2.662521] VMware PVSCSI driver - version 1.0.7.0-k
[    2.677837] scsi host0: ata_piix
[    2.683839] scsi host1: ata_piix
[    2.688310] ata1: PATA max MWDMA2 cmd 0x1f0 ctl 0x3f6 bmdma 0xc160 irq 14
[    2.693500] ata2: PATA max MWDMA2 cmd 0x170 ctl 0x376 bmdma 0xc168 irq 15
[    2.701800] i8042: PNP: PS/2 Controller [PNP0303:KBD,PNP0f13:MOU] at 0x60,0x64 irq 1,12
[    2.716384] serio: i8042 KBD port at 0x60,0x64 irq 1
[    2.721866] serio: i8042 AUX port at 0x60,0x64 irq 12
[    2.727077] rtc_cmos 00:05: RTC can wake from S4
[    2.738402] rtc_cmos 00:05: registered as rtc0
[    2.741888] rtc_cmos 00:05: setting system clock to 2026-03-06T02:54:45 UTC (1772765685)
[    2.742043] input: AT Translated Set 2 keyboard as /devices/platform/i8042/serio0/input/input0
[    2.747897] rtc_cmos 00:05: alarms up to one day, y3k, 242 bytes nvram, hpet irqs
[    2.758998] intel_pstate: CPU model not supported
[    2.765746] gre: GRE over IPv4 demultiplexor driver
[    2.857683] Freeing initrd memory: 9096K
[    2.864946] ata2: found unknown device (class 0)
[    2.870113] ata2.00: ATAPI: QEMU DVD-ROM, 2.5+, max UDMA/100
[    2.870285] Key type dns_resolver registered
[    2.876516] IPI shorthand broadcast: enabled
[    2.877946] scsi 1:0:0:0: CD-ROM            QEMU     QEMU DVD-ROM     2.5+ PQ: 0 ANSI: 5
[    2.880920] sched_clock: Marking stable (2461357876, 412028041)->(2875562851, -2176934)
[    2.907048] registered taskstats version 1
[    2.910852] Loading compiled-in X.509 certificates
[    2.926491] Loaded X.509 cert 'alpinelinux.org: Alpine Linux kernel key: d76a695f66ad9cd28f5c22a8508f36e91f521f7a'
[    2.937034] Key type .fscrypt registered
[    2.939170] Key type fscrypt-provisioning registered
[    2.962520] Freeing unused kernel image (initmem) memory: 2640K
[    2.992199] Write protecting the kernel read-only data: 20480k
[    2.996278] Freeing unused kernel image (rodata/data gap) memory: 184K
[    3.000703] rodata_test: all tests were successful
[    3.002649] Run /init as init process
[    3.019944] Alpine Init 3.9.0-r0
Alpine Init 3.9.[    3.021286] Loading boot drivers...
0-r0
 * Loading boot drivers: [    3.092242] ACPI: bus type USB registered
[    3.093704] usbcore: registered new interface driver usbfs
[    3.095450] usbcore: registered new interface driver hub
[    3.097151] usbcore: registered new device driver usb
[    3.103469] usbcore: registered new interface driver usb-storage
[    3.270669] loop: module loaded
[    3.328841] ACPI: bus type drm_connector registered
[    3.361485] Loading boot drivers: ok.
ok.
[    3.365163] Mounting root...
 * Mounting root: [    3.416933] piix4_smbus 0000:00:01.3: SMBus Host Controller at 0x700, revision 0
[    3.444112] [drm] Found bochs VGA, ID 0xb0c5.
[    3.445503] [drm] Framebuffer size 16384 kB @ 0xfd000000, mmio @ 0xfeb90000.
[    3.453936] [drm] Found EDID data blob.
[    3.456751] [drm] Initialized bochs-drm 1.0.0 20130925 for 0000:00:02.0 on minor 0
[    3.510669] Console: switching to colour frame buffer device 128x48
[    3.513990] bochs-drm 0000:00:02.0: [drm] fb0: bochs-drmdrmfb frame buffer device
[    3.674956] sr 1:0:0:0: [sr0] scsi3-mmc drive: 4x/4x cd/rw xa/form2 tray
[    3.677050] cdrom: Uniform CD-ROM driver Revision: 3.20
[    3.770552] virtio_blk virtio2: 2/0/0 default/read/poll queues
[    3.777075] virtio_blk virtio2: [vda] 8388608 512-byte logical blocks (4.29 GB/4.00 GiB)
[    3.782561] virtio_blk virtio3: 2/0/0 default/read/poll queues
[    3.788664] virtio_blk virtio3: [vdb] 736 512-byte logical blocks (377 kB/368 KiB)
[    3.871185] block sr0: the capability attribute has been deprecated.
[    6.829194] EXT4-fs (vda): mounted filesystem 367ceb5a-a72a-4cc6-9140-e18812d3c81b ro with ordered data mode. Quota mode: none.
[    6.833319] Mounting root: ok.
ok.

   OpenRC 0.52.1 is starting up Linux 6.6.4-1-virt (x86_64)

 * /proc is already mounted
 * Mounting /run ... [ ok ]
 * /run/openrc: creating directory
 * /run/lock: creating directory
 * /run/lock: correcting owner
 * Caching service dependencies ... [ ok ]
 * Remounting devtmpfs on /dev ... [ ok ]
 * Mounting /dev/mqueue ... [ ok ]
 * Mounting security filesystem ... [ ok ]
 * Mounting debug filesystem ... [ ok ]
 * Mounting persistent storage (pstore) filesystem ... [ ok ]
 * Starting busybox mdev ... [ ok ]
 * Scanning hardware for mdev ... [ ok ]
 * Loading hardware drivers ... [ ok ]
 * Loading modules ... [ ok ]
 * Setting system clock using the hardware clock [UTC] ... [ ok ]
 * Checking local filesystems  .../: clean, 8723/65536 files, 158031/262144 blocks
 [ ok ]
 * Remounting root filesystem read/write ... [ ok ]
 * Remounting filesystems ... [ ok ]
 * Activating swap devices ... [ ok ]
 * Mounting local filesystems ... [ ok ]
 * Starting busybox acpid ... [ ok ]
 * Configuring kernel parameters ... [ ok ]
 * Migrating /var/lock to /run/lock ... [ ok ]
 * Creating user login records ... [ ok ]
 * Cleaning /tmp directory ... [ ok ]
Cloud-init v. 23.4 running 'init-local' at Fri, 06 Mar 2026 02:54:53 +0000. Up 11.64 seconds.
 [ ok ]
 * Setting hostname ... [ ok ]
 * Starting busybox syslog ... [ ok ]
 * Mounting cgroup filesystem ... [ ok ]
 * Starting networking ... *   lo ... [ ok ]
 *   eth0 ... [ ok ]
 * /var/log/docker.log: creating file
 * /var/log/docker.log: correcting owner
 * Starting Docker Daemon ... [ ok ]
 * Starting benchmark agent ...
[1A[2Ka257f20c716c: Loading layer  557.1kB/81.04MB[1B[1A[2Ka257f20c716c: Loading layer  3.899MB/81.04MB[1B[1A[2Ka257f20c716c: Loading layer  7.799MB/81.04MB[1B[1A[2Ka257f20c716c: Loading layer  12.26MB/81.04MB[1B[1A[2Ka257f20c716c: Loading layer  16.71MB/81.04MB[1B[1A[2Ka257f20c716c: Loading layer   19.5MB/81.04MB[1B[1A[2Ka257f20c716c: Loading layer  22.84MB/81.04MB[1B[1A[2Ka257f20c716c: Loading layer  25.07MB/81.04MB[1B[1A[2Ka257f20c716c: Loading layer   27.3MB/81.04MB[1B[1A[2Ka257f20c716c: Loading layer  30.64MB/81.04MB[1B[1A[2Ka257f20c716c: Loading layer  34.54MB/81.04MB[1B[1A[2Ka257f20c716c: Loading layer  39.55MB/81.04MB[1B[1A[2Ka257f20c716c: Loading layer  41.22MB/81.04MB[1B[1A[2Ka257f20c716c: Loading layer  46.24MB/81.04MB[1B[1A[2Ka257f20c716c: Loading layer  50.69MB/81.04MB[1B[1A[2Ka257f20c716c: Loading layer  55.15MB/81.04MB[1B[1A[2Ka257f20c716c: Loading layer  60.16MB/81.04MB[1B[1A[2Ka257f20c716c: Loading layer  62.39MB/81.04MB[1B[1A[2Ka257f20c716c: Loading layer  66.29MB/81.04MB[1B[1A[2Ka257f20c716c: Loading layer   67.4MB/81.04MB[1B[1A[2Ka257f20c716c: Loading layer  71.86MB/81.04MB[1B[1A[2Ka257f20c716c: Loading layer  73.53MB/81.04MB[1B[1A[2Ka257f20c716c: Loading layer   75.2MB/81.04MB[1B[1A[2Ka257f20c716c: Loading layer  75.76MB/81.04MB[1B[1A[2Ka257f20c716c: Loading layer  77.43MB/81.04MB[1B[1A[2Ka257f20c716c: Loading layer   79.1MB/81.04MB[1B[1A[2Ka257f20c716c: Loading layer  80.77MB/81.04MB[1B[1A[2Ka257f20c716c: Loading layer  81.04MB/81.04MB[1B
[1A[2Kb0c20bcd44fe: Loading layer  65.54kB/4.123MB[1B[1A[2Kb0c20bcd44fe: Loading layer  1.638MB/4.123MB[1B[1A[2Kb0c20bcd44fe: Loading layer  3.408MB/4.123MB[1B[1A[2Kb0c20bcd44fe: Loading layer  4.123MB/4.123MB[1B[1A[2Kb0c20bcd44fe: Loading layer  4.123MB/4.123MB[1B
[1A[2K5184c31ad48f: Loading layer  458.8kB/43.85MB[1B[1A[2K5184c31ad48f: Loading layer  2.294MB/43.85MB[1B[1A[2K5184c31ad48f: Loading layer   7.34MB/43.85MB[1B[1A[2K5184c31ad48f: Loading layer  9.634MB/43.85MB[1B[1A[2K5184c31ad48f: Loading layer  12.85MB/43.85MB[1B[1A[2K5184c31ad48f: Loading layer  16.97MB/43.85MB[1B[1A[2K5184c31ad48f: Loading layer  20.19MB/43.85MB[1B[1A[2K5184c31ad48f: Loading layer  23.86MB/43.85MB[1B[1A[2K5184c31ad48f: Loading layer  26.61MB/43.85MB[1B[1A[2K5184c31ad48f: Loading layer  27.98MB/43.85MB[1B[1A[2K5184c31ad48f: Loading layer   31.2MB/43.85MB[1B[1A[2K5184c31ad48f: Loading layer  33.95MB/43.85MB[1B[1A[2K5184c31ad48f: Loading layer  35.78MB/43.85MB[1B[1A[2K5184c31ad48f: Loading layer  37.62MB/43.85MB[1B[1A[2K5184c31ad48f: Loading layer  40.37MB/43.85MB[1B[1A[2K5184c31ad48f: Loading layer  43.58MB/43.85MB[1B[1A[2K5184c31ad48f: Loading layer  43.85MB/43.85MB[1B
[1A[2Kfa1d322086e6: Loading layer   5.12kB/5.12kB[1B[1A[2Kfa1d322086e6: Loading layer   5.12kB/5.12kB[1B
[1A[2Kbdf610394df6: Loading layer  22.02kB/22.02kB[1B[1A[2Kbdf610394df6: Loading layer  22.02kB/22.02kB[1B
[1A[2Keb067feb5b8d: Loading layer  9.728kB/9.728kB[1B[1A[2Keb067feb5b8d: Loading layer  9.728kB/9.728kB[1BLoaded image: bench-worker:latest
 [ ok ]
 * Starting chronyd ... [ ok ]
 * Starting cloud-init-hotplugd ... [ ok ]
Cloud-init v. 23.4 running 'init' at Fri, 06 Mar 2026 02:55:26 +0000. Up 44.12 seconds.
ci-info: +++++++++++++++++++++++++++++++++++++++Net device info+++++++++++++++++++++++++++++++++++++++
ci-info: +---------+-------+----------------------------+---------------+--------+-------------------+
ci-info: |  Device |   Up  |          Address           |      Mask     | Scope  |     Hw-Address    |
ci-info: +---------+-------+----------------------------+---------------+--------+-------------------+
ci-info: | docker0 | False |         172.17.0.1         |  255.255.0.0  | global | 02:42:39:3b:ba:e2 |
ci-info: |   eth0  |  True |         10.0.2.15          | 255.255.255.0 | global | 52:54:00:12:34:56 |
ci-info: |   eth0  |  True | fec0::5054:ff:fe12:3456/64 |       .       |  site  | 52:54:00:12:34:56 |
ci-info: |   eth0  |  True | fe80::5054:ff:fe12:3456/64 |       .       |  link  | 52:54:00:12:34:56 |
ci-info: |    lo   |  True |         127.0.0.1          |   255.0.0.0   |  host  |         .         |
ci-info: |    lo   |  True |          ::1/128           |       .       |  host  |         .         |
ci-info: +---------+-------+----------------------------+---------------+--------+-------------------+
ci-info: +++++++++++++++++++++++++++Route IPv4 info++++++++++++++++++++++++++++
ci-info: +-------+-------------+----------+---------------+-----------+-------+
ci-info: | Route | Destination | Gateway  |    Genmask    | Interface | Flags |
ci-info: +-------+-------------+----------+---------------+-----------+-------+
ci-info: |   0   |   0.0.0.0   | 10.0.2.2 |    0.0.0.0    |    eth0   |   UG  |
ci-info: |   1   |   10.0.2.0  | 0.0.0.0  | 255.255.255.0 |    eth0   |   U   |
ci-info: |   2   |  172.17.0.0 | 0.0.0.0  |  255.255.0.0  |  docker0  |   U   |
ci-info: +-------+-------------+----------+---------------+-----------+-------+
ci-info: +++++++++++++++++++Route IPv6 info+++++++++++++++++++
ci-info: +-------+-------------+---------+-----------+-------+
ci-info: | Route | Destination | Gateway | Interface | Flags |
ci-info: +-------+-------------+---------+-----------+-------+
ci-info: |   0   |  fe80::/64  |    ::   |    eth0   |   U   |
ci-info: |   1   |  fec0::/64  |    ::   |    eth0   |   Ue  |
ci-info: |   2   |     ::/0    | fe80::2 |    eth0   |  UGe  |
ci-info: |   4   |    local    |    ::   |    eth0   |   U   |
ci-info: |   5   |    local    |    ::   |    eth0   |   U   |
ci-info: |   6   |  multicast  |    ::   |    eth0   |   U   |
ci-info: +-------+-------------+---------+-----------+-------+
2026-03-06 02:55:26,585 - cloud_config.py[WARNING]: Failed at merging in cloud config part from part-001: empty cloud config
Generating public/private rsa key pair.
Your identification has been saved in /etc/ssh/ssh_host_rsa_key
Your public key has been saved in /etc/ssh/ssh_host_rsa_key.pub
The key fingerprint is:
SHA256:YxlqikaXGJfBGUwcbheCx2TW7nvKGU1h5Eg2STs5vdM root@agent-19
The key's randomart image is:
+---[RSA 3072]----+
|   OX**..        |
|  .+B*oX         |
|  ..=.B *        |
|   = o.= *       |
|  o o.o S E      |
| . o o.+ o       |
|  o . ...        |
| .   ..o.        |
|      +o         |
+----[SHA256]-----+
Generating public/private dsa key pair.
Your identification has been saved in /etc/ssh/ssh_host_dsa_key
Your public key has been saved in /etc/ssh/ssh_host_dsa_key.pub
The key fingerprint is:
SHA256:mlKnfdxTzX1bXGzd4mi/ImE3o6kJgbMdBdzRpdkQoqE root@agent-19
The key's randomart image is:
+---[DSA 1024]----+
|     .o.oooo.    |
|     ..+...=   .o|
|    E . . o . . *|
|     . .     o *o|
|    o + S   o o B|
|     = O .oo+o  +|
|    o * ..o=oo.. |
|     . . o+ .. . |
|        o. . ..  |
+----[SHA256]-----+
Generating public/private ecdsa key pair.
Your identification has been saved in /etc/ssh/ssh_host_ecdsa_key
Your public key has been saved in /etc/ssh/ssh_host_ecdsa_key.pub
The key fingerprint is:
SHA256:wT7uOe76fVKQUeD/6n7UgRfAmQRocIlMhn4K7hznhjQ root@agent-19
The key's randomart image is:
+---[ECDSA 256]---+
|      ++o.++=o+  |
|     ..+.=.  + . |
|    .   + .o  . .|
|   . . o .o. . o |
|  . . o S  .. ...|
|   E o . .  ... .|
|  + *   .  . ..  |
|   + o ..o. ...  |
|    . .=*..=+.   |
+----[SHA256]-----+
Generating public/private ed25519 key pair.
Your identification has been saved in /etc/ssh/ssh_host_ed25519_key
Your public key has been saved in /etc/ssh/ssh_host_ed25519_key.pub
The key fingerprint is:
SHA256:ox7teV6ixaiKYwfW+jfCJ678iBoxu8A1S2WiJQHUj9o root@agent-19
The key's randomart image is:
+--[ED25519 256]--+
|+o.              |
|  ..             |
| . ooo           |
|  +.+.           |
|o.o=    S        |
|.==E+  o +       |
|+o =  o o + .    |
|.=+o=.++ +.o     |
|=.=B=*o.+o.      |
+----[SHA256]-----+
 [ ok ]
Cloud-init v. 23.4 running 'modules:config' at Fri, 06 Mar 2026 02:55:27 +0000. Up 45.60 seconds.
 [ ok ]
Cloud-init v. 23.4 running 'modules:final' at Fri, 06 Mar 2026 02:55:28 +0000. Up 46.07 seconds.
ci-info: no authorized SSH keys fingerprints found for user alpine.
cloud-init: #############################################################
cloud-init: -----BEGIN SSH HOST KEY FINGERPRINTS-----
cloud-init: 1024 SHA256:mlKnfdxTzX1bXGzd4mi/ImE3o6kJgbMdBdzRpdkQoqE root@agent-19 (DSA)
cloud-init: 256 SHA256:wT7uOe76fVKQUeD/6n7UgRfAmQRocIlMhn4K7hznhjQ root@agent-19 (ECDSA)
cloud-init: 256 SHA256:ox7teV6ixaiKYwfW+jfCJ678iBoxu8A1S2WiJQHUj9o root@agent-19 (ED25519)
cloud-init: 3072 SHA256:YxlqikaXGJfBGUwcbheCx2TW7nvKGU1h5Eg2STs5vdM root@agent-19 (RSA)
cloud-init: -----END SSH HOST KEY FINGERPRINTS-----
cloud-init: #############################################################
-----BEGIN SSH HOST KEY KEYS-----
ecdsa-sha2-nistp256 AAAAE2VjZHNhLXNoYTItbmlzdHAyNTYAAAAIbmlzdHAyNTYAAABBBNbOl0YKcoh1P55wQ/yKAjZUmL9s/fhH4f5vL+jlMlMrPrmAdo5kU/KulALBOejcpMMsxBD8LLeOTZ9RWDGgHGE= root@agent-19
ssh-ed25519 AAAAC3NzaC1lZDI1NTE5AAAAIDbAwlGp3VGvzbMLShZT59qyil95SG4Li1ZoTbtK73AM root@agent-19
ssh-rsa AAAAB3NzaC1yc2EAAAADAQABAAABgQCeZxUGTbcswGLvqAn1Uv5AZoaAlUgWJXWOp2LY3mNEY+b5sJbWc6awGfbuj2mCTFiAgmpYuqxH6Pi7lpZQ8WYeyxj7iDDuzf2ToaKCcKlYYa6cleOkdoqFB176xRs/VIvAx2iAg8wID75zNYTqPXSWA7rLhgRqIqPSYR0TcoxQortkaIT06T+o1vYSl+5LoabeXoX9fnsQfo3FN2dKSmk/Z+HrmTeybr3X8KXHTew4PTb2+zNZ4BZU4Z5GESHE5xfQK2zxGGPfpRqwbi5WX5fLc7VB7BiT1bM44djrrPrBVnJMpx7lHNfqzn6diKkAoQipbbzGHwMw03rVpw0Cf1am5JVznJ/EfaIk4pDXqIlmoGyX/ftZArjmXlu0/5J9X//AHXzhsOZTikGJtOr9Y3WUQnFol/huWHvNet5ffVRCwpiv6ljHYSps15apTllWxgArP12ba4T6QMIGhHJnHA4oJRKYpQIwtPseRThlv5rdsvSxv9Ea3rx2P1S9PHpNLo8= root@agent-19
-----END SSH HOST KEY KEYS-----
Cloud-init v. 23.4 finished at Fri, 06 Mar 2026 02:55:28 +0000. Datasource DataSourceNoCloud [seed=/dev/vdb][dsmode=net].  Up 46.20 seconds
 [ ok ]

Welcome to Alpine Linux 3.19
Kernel 6.6.4-1-virt on an x86_64 (/dev/ttyS0)

agent-19 login: 