c[?7l[2J[0mSeaBIOS (version 1.15.0-1)


iPXE (https://ipxe.org) 00:03.0 CA00 PCI2.10 PnP PMM+BFF8B380+BFECB380 CA00
Press Ctrl-B to configure iPXE (PCI 00:03.0)...                                                                               


Booting from Hard Disk...

SYSLINUX 6.04 EDD 6.04-pre1 Copyright (C) 1994-2015 H. Peter Anvin et al

SYSLINUX 6.04 6.04-pre1 Copyright (C) 1994-2015 H. Peter Anvin et al
[2Je%@)0(B[0;37;40m[?25l[2J[23;16HAlpine will be booted automatically in [0;1m1[0m seconds[23;16.H[0;37;40mAlpine will be booted automatically in [0;1;37;40m1[0;37;40m seconds.[23;16H                                                 [23;16H[0;37;40m                                                  [?25h[24;1H[0m 
Loading vmlinuz-virt...Loading vmlinuz-virt...  ook
k
Loading initramfs-virt..Loading initramfs-virt....ookk

c[?7l[2J[    0.000000] Linux version 6.6.4-1-virt (buildozer@build-3-19-x86_64) (gcc (Alpine 13.2.1_git20231014) 13.2.1 20231014, GNU ld (GNU Binutils) 2.41) #2-Alpine SMP PREEMPT_DYNAMIC Tue, 05 Dec 2023 20:25:50 +0000
[    0.000000] Command line: BOOT_IMAGE=vmlinuz-virt root=LABEL=/ modules=sd-mod,usb-storage,ext4 console=ttyS0,115200n8 initrd=initramfs-virt
[    0.000000] BIOS-provided physical RAM map:
[    0.000000] BIOS-e820: [mem 0x0000000000000000-0x000000000009fbff] usable
[    0.000000] BIOS-e820: [mem 0x000000000009fc00-0x000000000009ffff] reserved
[    0.000000] BIOS-e820: [mem 0x00000000000f0000-0x00000000000fffff] reserved
[    0.000000] BIOS-e820: [mem 0x0000000000100000-0x00000000bffd9fff] usable
[    0.000000] BIOS-e820: [mem 0x00000000bffda000-0x00000000bfffffff] reserved
[    0.000000] BIOS-e820: [mem 0x00000000feffc000-0x00000000feffffff] reserved
[    0.000000] BIOS-e820: [mem 0x00000000fffc0000-0x00000000ffffffff] reserved
[    0.000000] BIOS-e820: [mem 0x0000000100000000-0x000000013fffffff] usable
[    0.000000] NX (Execute Disable) protection: active
[    0.000000] APIC: Static calls initialized
[    0.000000] SMBIOS 2.8 present.
[    0.000000] DMI: QEMU Standard PC (i440FX + PIIX, 1996), BIOS 1.15.0-1 04/01/2014
[    0.000000] Hypervisor detected: KVM
[    0.000000] kvm-clock: Using msrs 4b564d01 and 4b564d00
[    0.000001] kvm-clock: using sched offset of 2479034762 cycles
[    0.000003] clocksource: kvm-clock: mask: 0xffffffffffffffff max_cycles: 0x1cd42e4dffb, max_idle_ns: 881590591483 ns
[    0.000006] tsc: Detected 2799.998 MHz processor
[    0.001047] last_pfn = 0x140000 max_arch_pfn = 0x400000000
[    0.001425] MTRR map: 4 entries (3 fixed + 1 variable; max 19), built from 8 variable MTRRs
[    0.001441] x86/PAT: Configuration [0-7]: WB  WC  UC- UC  WB  WP  UC- WT  
[    0.001939] last_pfn = 0xbffda max_arch_pfn = 0x400000000
[    0.002259] RAMDISK: [mem 0x7f71e000-0x7fffffff]
[    0.002262] ACPI: Early table checksum verification disabled
[    0.002267] ACPI: RSDP 0x00000000000F59A0 000014 (v00 BOCHS )
[    0.002272] ACPI: RSDT 0x00000000BFFE1975 000034 (v01 BOCHS  BXPC     00000001 BXPC 00000001)
[    0.002278] ACPI: FACP 0x00000000BFFE1821 000074 (v01 BOCHS  BXPC     00000001 BXPC 00000001)
[    0.002310] ACPI: DSDT 0x00000000BFFE0040 0017E1 (v01 BOCHS  BXPC     00000001 BXPC 00000001)
[    0.002314] ACPI: FACS 0x00000000BFFE0000 000040
[    0.002317] ACPI: APIC 0x00000000BFFE1895 000080 (v01 BOCHS  BXPC     00000001 BXPC 00000001)
[    0.002320] ACPI: HPET 0x00000000BFFE1915 000038 (v01 BOCHS  BXPC     00000001 BXPC 00000001)
[    0.002323] ACPI: WAET 0x00000000BFFE194D 000028 (v01 BOCHS  BXPC     00000001 BXPC 00000001)
[    0.002326] ACPI: Reserving FACP table memory at [mem 0xbffe1821-0xbffe1894]
[    0.002327] ACPI: Reserving DSDT table memory at [mem 0xbffe0040-0xbffe1820]
[    0.002328] ACPI: Reserving FACS table memory at [mem 0xbffe0000-0xbffe003f]
[    0.002328] ACPI: Reserving APIC table memory at [mem 0xbffe1895-0xbffe1914]
[    0.002329] ACPI: Reserving HPET table memory at [mem 0xbffe1915-0xbffe194c]
[    0.002329] ACPI: Reserving WAET table memory at [mem 0xbffe194d-0xbffe1974]
[    0.002725] Zone ranges:
[    0.002726]   DMA      [mem 0x0000000000001000-0x0000000000ffffff]
[    0.002728]   DMA32    [mem 0x0000000001000000-0x00000000ffffffff]
[    0.002730]   Normal   [mem 0x0000000100000000-0x000000013fffffff]
[    0.002731] Movable zone start for each node
[    0.002731] Early memory node ranges
[    0.002732]   node   0: [mem 0x0000000000001000-0x000000000009efff]
[    0.002733]   node   0: [mem 0x0000000000100000-0x00000000bffd9fff]
[    0.002734]   node   0: [mem 0x0000000100000000-0x000000013fffffff]
[    0.002735] Initmem setup node 0 [mem 0x0000000000001000-0x000000013fffffff]
[    0.002824] On node 0, zone DMA: 1 pages in unavailable ranges
[    0.004088] On node 0, zone DMA: 97 pages in unavailable ranges
[    0.367650] On node 0, zone Normal: 38 pages in unavailable ranges
[    0.370850] ACPI: PM-Timer IO Port: 0x608
[    0.370893] ACPI: LAPIC_NMI (acpi_id[0xff] dfl dfl lint[0x1])
[    0.371069] IOAPIC[0]: apic_id 0, version 17, address 0xfec00000, GSI 0-23
[    0.371074] ACPI: INT_SRC_OVR (bus 0 bus_irq 0 global_irq 2 dfl dfl)
[    0.371076] ACPI: INT_SRC_OVR (bus 0 bus_irq 5 global_irq 5 high level)
[    0.371077] ACPI: INT_SRC_OVR (bus 0 bus_irq 9 global_irq 9 high level)
[    0.371078] ACPI: INT_SRC_OVR (bus 0 bus_irq 10 global_irq 10 high level)
[    0.371079] ACPI: INT_SRC_OVR (bus 0 bus_irq 11 global_irq 11 high level)
[    0.371084] ACPI: Using ACPI (MADT) for SMP configuration information
[    0.371086] ACPI: HPET id: 0x8086a201 base: 0xfed00000
[    0.371120] smpboot: Allowing 2 CPUs, 0 hotplug CPUs
[    0.371175] kvm-guest: APIC: eoi() replaced with kvm_guest_apic_eoi_write()
[    0.371229] [mem 0xc0000000-0xfeffbfff] available for PCI devices
[    0.371231] Booting paravirtualized kernel on KVM
[    0.371233] clocksource: refined-jiffies: mask: 0xffffffff max_cycles: 0xffffffff, max_idle_ns: 19112604462750000 ns
[    0.374996] setup_percpu: NR_CPUS:256 nr_cpumask_bits:2 nr_cpu_ids:2 nr_node_ids:1
[    0.385784] percpu: Embedded 57 pages/cpu s195048 r8192 d30232 u1048576
[    0.385901] kvm-guest: PV spinlocks disabled, no host support
[    0.385903] Kernel command line: BOOT_IMAGE=vmlinuz-virt root=LABEL=/ modules=sd-mod,usb-storage,ext4 console=ttyS0,115200n8 initrd=initramfs-virt
[    0.385955] Unknown kernel command line parameters "BOOT_IMAGE=vmlinuz-virt modules=sd-mod,usb-storage,ext4", will be passed to user space.
[    0.410585] Dentry cache hash table entries: 524288 (order: 10, 4194304 bytes, linear)
[    0.421333] Inode-cache hash table entries: 262144 (order: 9, 2097152 bytes, linear)
[    0.421559] Built 1 zonelists, mobility grouping on.  Total pages: 1031898
[    0.433808] mem auto-init: stack:all(zero), heap alloc:on, heap free:off
[    0.433816] software IO TLB: area num 2.
[    0.837151] Memory: 4012148K/4193760K available (12288K kernel code, 1744K rwdata, 8008K rodata, 2640K init, 2300K bss, 181352K reserved, 0K cma-reserved)
[    0.843235] SLUB: HWalign=64, Order=0-3, MinObjects=0, CPUs=2, Nodes=1
[    0.843397] Kernel/User page tables isolation: enabled
[    0.846021] Dynamic Preempt: none
[    0.846223] rcu: Preemptible hierarchical RCU implementation.
[    0.846225] rcu: 	RCU restricting CPUs from NR_CPUS=256 to nr_cpu_ids=2.
[    0.846226] 	Trampoline variant of Tasks RCU enabled.
[    0.846227] 	Tracing variant of Tasks RCU enabled.
[    0.846228] rcu: RCU calculated value of scheduler-enlistment delay is 10 jiffies.
[    0.846229] rcu: Adjusting geometry for rcu_fanout_leaf=16, nr_cpu_ids=2
[    0.850980] NR_IRQS: 16640, nr_irqs: 440, preallocated irqs: 16
[    0.851569] rcu: srcu_init: Setting srcu_struct sizes based on contention.
[    0.851737] kfence: initialized - using 2097152 bytes for 255 objects at 0x(____ptrval____)-0x(____ptrval____)
[    0.877477] Console: colour VGA+ 80x25
[    0.877669] printk: console [ttyS0] enabled
[    1.209541] ACPI: Core revision 20230628
[    1.212388] clocksource: hpet: mask: 0xffffffff max_cycles: 0xffffffff, max_idle_ns: 19112604467 ns
[    1.217623] APIC: Switch to symmetric I/O mode setup
[    1.221819] x2apic enabled
[    1.224880] APIC: Switched APIC routing to: physical x2apic
[    1.234584] ..TIMER: vector=0x30 apic1=0 pin1=2 apic2=-1 pin2=-1
[    1.237916] clocksource: tsc-early: mask: 0xffffffffffffffff max_cycles: 0x285c3ee517e, max_idle_ns: 440795257231 ns
[    1.243388] Calibrating delay loop (skipped) preset value.. 5599.99 BogoMIPS (lpj=27999980)
[    1.254375] Last level iTLB entries: 4KB 0, 2MB 0, 4MB 0
[    1.257171] Last level dTLB entries: 4KB 0, 2MB 0, 4MB 0, 1GB 0
[    1.260288] Spectre V1 : Mitigation: usercopy/swapgs barriers and __user pointer sanitization
[    1.263388] Spectre V2 : Mitigation: Retpolines
[    1.265805] Spectre V2 : Spectre v2 / SpectreRSB mitigation: Filling RSB on context switch
[    1.270140] Spectre V2 : Spectre v2 / SpectreRSB : Filling RSB on VMEXIT
[    1.273386] Speculative Store Bypass: Vulnerable
[    1.275834] MDS: Vulnerable: Clear CPU buffers attempted, no microcode
[    1.279234] MMIO Stale Data: Unknown: No mitigations
[    1.283389] x86/fpu: x87 FPU will use FXSAVE
[    1.298968] Freeing SMP alternatives memory: 32K
[    1.301469] pid_max: default: 32768 minimum: 301
[    1.303868] LSM: initializing lsm=capability,landlock,lockdown,integrity
[    1.308199] landlock: Up and running.
[    1.310645] Mount-cache hash table entries: 8192 (order: 4, 65536 bytes, linear)
[    1.313717] Mountpoint-cache hash table entries: 8192 (order: 4, 65536 bytes, linear)
[    1.442231] smpboot: CPU0: Intel QEMU Virtual CPU version 2.5+ (family: 0xf, model: 0x6b, stepping: 0x1)
[    1.443382] RCU Tasks: Setting shift to 1 and lim to 1 rcu_task_cb_adjust=1.
[    1.443488] RCU Tasks Trace: Setting shift to 1 and lim to 1 rcu_task_cb_adjust=1.
[    1.447628] Performance Events: unsupported Netburst CPU model 107 no PMU driver, software events only.
[    1.452689] signal: max sigframe size: 1440
[    1.453680] rcu: Hierarchical SRCU implementation.
[    1.456224] rcu: 	Max phase no-delay instances is 1000.
[    1.459818] NMI watchdog: Perf NMI watchdog permanently disabled
[    1.463625] smp: Bringing up secondary CPUs ...
[    1.467166] smpboot: x86: Booting SMP configuration:
[    1.469785] .... node  #0, CPUs:      #1
[    1.495384] smp: Brought up 1 node, 2 CPUs
[    1.497824] smpboot: Max logical packages: 1
[    1.503388] ----------------
[    1.504976] | NMI testsuite:
[    1.506535] --------------------
[    1.514244]   remote IPI:  ok  |
[    1.517178]    local IPI:  ok  |
[    1.518923] --------------------
[    1.520652] Good, all   2 testcases passed! |
[    1.523385] ---------------------------------
[    1.525718] smpboot: Total of 2 processors activated (11199.99 BogoMIPS)
[    1.536897] devtmpfs: initialized
[    1.536897] x86/mm: Memory block size: 128MB
[    1.546767] clocksource: jiffies: mask: 0xffffffff max_cycles: 0xffffffff, max_idle_ns: 19112604462750000 ns
[    1.553606] futex hash table entries: 512 (order: 3, 32768 bytes, linear)
[    1.569813] NET: Registered PF_NETLINK/PF_ROUTE protocol family
[    1.573988] audit: initializing netlink subsys (disabled)
[    1.576873] audit: type=2000 audit(1772765556.445:1): state=initialized audit_enabled=0 res=1
[    1.576873] thermal_sys: Registered thermal governor 'step_wise'
[    1.583425] cpuidle: using governor ladder
[    1.588738] cpuidle: using governor menu
[    1.594388] acpiphp: ACPI Hot Plug PCI Controller Driver version: 0.5
[    1.599240] PCI: Using configuration type 1 for base access
[    1.603066] kprobes: kprobe jump-optimization is enabled. All kprobes are optimized if possible.
[    1.613930] HugeTLB: registered 2.00 MiB page size, pre-allocated 0 pages
[    1.617316] HugeTLB: 28 KiB vmemmap can be freed for a 2.00 MiB page
[    1.624690] ACPI: Added _OSI(Module Device)
[    1.626922] ACPI: Added _OSI(Processor Device)
[    1.629308] ACPI: Added _OSI(3.0 _SCP Extensions)
[    1.631768] ACPI: Added _OSI(Processor Aggregator Device)
[    1.638433] ACPI: 1 ACPI AML tables successfully acquired and loaded
[    1.645504] ACPI: _OSC evaluation for CPUs failed, trying _PDC
[    1.646763] ACPI: Interpreter enabled
[    1.653575] ACPI: PM: (supports S0 S3 S5)
[    1.655774] ACPI: Using IOAPIC for interrupt routing
[    1.658938] PCI: Using host bridge windows from ACPI; if necessary, use "pci=nocrs" and report a bug
[    1.663385] PCI: Using E820 reservations for host bridge windows
[    1.666705] ACPI: Enabled 2 GPEs in block 00 to 0F
[    1.675239] ACPI: PCI Root Bridge [PCI0] (domain 0000 [bus 00-ff])
[    1.679687] acpi PNP0A03:00: _OSC: OS supports [ASPM ClockPM Segments MSI HPX-Type3]
[    1.683386] acpi PNP0A03:00: _OSC: not requesting OS control; OS requires [ExtendedConfig ASPM ClockPM MSI]
[    1.688531] acpi PNP0A03:00: fail to add MMCONFIG information, can't access extended configuration space under this bridge
[    1.694112] acpiphp: Slot [3] registered
[    1.696289] acpiphp: Slot [4] registered
[    1.698412] acpiphp: Slot [5] registered
[    1.701348] acpiphp: Slot [6] registered
[    1.703438] acpiphp: Slot [7] registered
[    1.705572] acpiphp: Slot [8] registered
[    1.707954] acpiphp: Slot [9] registered
[    1.710319] acpiphp: Slot [10] registered
[    1.713449] acpiphp: Slot [11] registered
[    1.716021] acpiphp: Slot [12] registered
[    1.718209] acpiphp: Slot [13] registered
[    1.720395] acpiphp: Slot [14] registered
[    1.723434] acpiphp: Slot [15] registered
[    1.725636] acpiphp: Slot [16] registered
[    1.727812] acpiphp: Slot [17] registered
[    1.730027] acpiphp: Slot [18] registered
[    1.732170] acpiphp: Slot [19] registered
[    1.733436] acpiphp: Slot [20] registered
[    1.735641] acpiphp: Slot [21] registered
[    1.737822] acpiphp: Slot [22] registered
[    1.739975] acpiphp: Slot [23] registered
[    1.743435] acpiphp: Slot [24] registered
[    1.745713] acpiphp: Slot [25] registered
[    1.748122] acpiphp: Slot [26] registered
[    1.750422] acpiphp: Slot [27] registered
[    1.752579] acpiphp: Slot [28] registered
[    1.753440] acpiphp: Slot [29] registered
[    1.755580] acpiphp: Slot [30] registered
[    1.757734] acpiphp: Slot [31] registered
[    1.759986] PCI host bridge to bus 0000:00
[    1.763392] pci_bus 0000:00: root bus resource [io  0x0000-0x0cf7 window]
[    1.767249] pci_bus 0000:00: root bus resource [io  0x0d00-0xffff window]
[    1.770785] pci_bus 0000:00: root bus resource [mem 0x000a0000-0x000bffff window]
[    1.773388] pci_bus 0000:00: root bus resource [mem 0xc0000000-0xfebfffff window]
[    1.777427] pci_bus 0000:00: root bus resource [mem 0x140000000-0x1bfffffff window]
[    1.783389] pci_bus 0000:00: root bus resource [bus 00-ff]
[    1.787633] pci 0000:00:00.0: [8086:1237] type 00 class 0x060000
[    1.796605] pci 0000:00:01.0: [8086:7000] type 00 class 0x060100
[    1.803019] pci 0000:00:01.1: [8086:7010] type 00 class 0x010180
[    1.807029] pci 0000:00:01.1: reg 0x20: [io  0xc160-0xc16f]
[    1.814892] pci 0000:00:01.1: legacy IDE quirk: reg 0x10: [io  0x01f0-0x01f7]
[    1.819235] pci 0000:00:01.1: legacy IDE quirk: reg 0x14: [io  0x03f6]
[    1.822903] pci 0000:00:01.1: legacy IDE quirk: reg 0x18: [io  0x0170-0x0177]
[    1.823389] pci 0000:00:01.1: legacy IDE quirk: reg 0x1c: [io  0x0376]
[    1.833802] pci 0000:00:01.3: [8086:7113] type 00 class 0x068000
[    1.839775] pci 0000:00:01.3: quirk: [io  0x0600-0x063f] claimed by PIIX4 ACPI
[    1.843432] pci 0000:00:01.3: quirk: [io  0x0700-0x070f] claimed by PIIX4 SMB
[    1.851964] pci 0000:00:02.0: [1234:1111] type 00 class 0x030000
[    1.864914] pci 0000:00:02.0: reg 0x10: [mem 0xfd000000-0xfdffffff pref]
[    1.880194] pci 0000:00:02.0: reg 0x18: [mem 0xfeb90000-0xfeb90fff]
[    1.893913] pci 0000:00:02.0: reg 0x30: [mem 0xfeb80000-0xfeb8ffff pref]
[    1.904308] pci 0000:00:02.0: Video device with shadowed ROM at [mem 0x000c0000-0x000dffff]
[    1.915709] pci 0000:00:03.0: [1af4:1000] type 00 class 0x020000
[    1.920097] pci 0000:00:03.0: reg 0x10: [io  0xc140-0xc15f]
[    1.924154] pci 0000:00:03.0: reg 0x14: [mem 0xfeb91000-0xfeb91fff]
[    1.933386] pci 0000:00:03.0: reg 0x20: [mem 0xfe000000-0xfe003fff 64bit pref]
[    1.938695] pci 0000:00:03.0: reg 0x30: [mem 0xfeb00000-0xfeb7ffff pref]
[    1.947167] pci 0000:00:04.0: [1af4:1009] type 00 class 0x000200
[    1.951832] pci 0000:00:04.0: reg 0x10: [io  0xc100-0xc13f]
[    1.954378] pci 0000:00:04.0: reg 0x14: [mem 0xfeb92000-0xfeb92fff]
[    1.963738] pci 0000:00:04.0: reg 0x20: [mem 0xfe004000-0xfe007fff 64bit pref]
[    1.973832] pci 0000:00:05.0: [1af4:1001] type 00 class 0x010000
[    1.978906] pci 0000:00:05.0: reg 0x10: [io  0xc000-0xc07f]
[    1.983175] pci 0000:00:05.0: reg 0x14: [mem 0xfeb93000-0xfeb93fff]
[    1.988026] pci 0000:00:05.0: reg 0x20: [mem 0xfe008000-0xfe00bfff 64bit pref]
[    1.998753] pci 0000:00:06.0: [1af4:1001] type 00 class 0x010000
[    2.004929] pci 0000:00:06.0: reg 0x10: [io  0xc080-0xc0ff]
[    2.009150] pci 0000:00:06.0: reg 0x14: [mem 0xfeb94000-0xfeb94fff]
[    2.017429] pci 0000:00:06.0: reg 0x20: [mem 0xfe00c000-0xfe00ffff 64bit pref]
[    2.029605] ACPI: PCI: Interrupt link LNKA configured for IRQ 10
[    2.032993] ACPI: PCI: Interrupt link LNKB configured for IRQ 10
[    2.033679] ACPI: PCI: Interrupt link LNKC configured for IRQ 11
[    2.037108] ACPI: PCI: Interrupt link LNKD configured for IRQ 11
[    2.040340] ACPI: PCI: Interrupt link LNKS configured for IRQ 9
[    2.046100] iommu: Default domain type: Translated
[    2.048710] iommu: DMA domain TLB invalidation policy: lazy mode
[    2.057515] SCSI subsystem initialized
[    2.064621] pps_core: LinuxPPS API ver. 1 registered
[    2.066650] pps_core: Software ver. 5.3.6 - Copyright 2005-2007 Rodolfo Giometti <giometti@linux.it>
[    2.073474] PTP clock support registered
[    2.085725] PCI: Using ACPI for IRQ routing
[    2.094703] hpet: 3 channels of 0 reserved for per-cpu timers
[    2.098423] clocksource: Switched to clocksource kvm-clock
[    2.111263] VFS: Disk quotas dquot_6.6.0
[    2.113687] VFS: Dquot-cache hash table entries: 512 (order 0, 4096 bytes)
[    2.117850] pnp: PnP ACPI init
[    2.120510] pnp: PnP ACPI: found 6 devices
[    2.153868] clocksource: acpi_pm: mask: 0xffffff max_cycles: 0xffffff, max_idle_ns: 2085701024 ns
[    2.158985] NET: Registered PF_INET protocol family
[    2.165117] IP idents hash table entries: 65536 (order: 7, 524288 bytes, linear)
[    2.171740] tcp_listen_portaddr_hash hash table entries: 2048 (order: 3, 32768 bytes, linear)
[    2.179175] Table-perturb hash table entries: 65536 (order: 6, 262144 bytes, linear)
[    2.186220] TCP established hash table entries: 32768 (order: 6, 262144 bytes, linear)
[    2.196133] TCP bind hash table entries: 32768 (order: 8, 1048576 bytes, linear)
[    2.200243] TCP: Hash tables configured (established 32768 bind 32768)
[    2.205263] UDP hash table entries: 2048 (order: 4, 65536 bytes, linear)
[    2.209454] UDP-Lite hash table entries: 2048 (order: 4, 65536 bytes, linear)
[    2.215950] NET: Registered PF_UNIX/PF_LOCAL protocol family
[    2.219291] NET: Registered PF_XDP protocol family
[    2.222292] pci_bus 0000:00: resource 4 [io  0x0000-0x0cf7 window]
[    2.225694] pci_bus 0000:00: resource 5 [io  0x0d00-0xffff window]
[    2.229105] pci_bus 0000:00: resource 6 [mem 0x000a0000-0x000bffff window]
[    2.233020] pci_bus 0000:00: resource 7 [mem 0xc0000000-0xfebfffff window]
[    2.236605] pci_bus 0000:00: resource 8 [mem 0x140000000-0x1bfffffff window]
[    2.240652] pci 0000:00:01.0: PIIX3: Enabling Passive Release
[    2.244140] pci 0000:00:00.0: Limiting direct PCI/PCI transfers
[    2.247811] PCI: CLS 0 bytes, default 64
[    2.250493] PCI-DMA: Using software bounce buffering for IO (SWIOTLB)
[    2.251189] Unpacking initramfs...
[    2.253991] software IO TLB: mapped [mem 0x00000000bbfda000-0x00000000bffda000] (64MB)
[    2.254288] clocksource: tsc: mask: 0xffffffffffffffff max_cycles: 0x285c3ee517e, max_idle_ns: 440795257231 ns
[    2.267153] Initialise system trusted keyrings
[    2.270634] workingset: timestamp_bits=46 max_order=20 bucket_order=0
[    2.274263] zbud: loaded
[    2.276120] Key type asymmetric registered
[    2.278385] Asymmetric key parser 'x509' registered
[    2.281613] Block layer SCSI generic (bsg) driver version 0.4 loaded (major 247)
[    2.286008] io scheduler mq-deadline registered
[    2.288600] io scheduler kyber registered
[    2.290955] io scheduler bfq registered
[    2.294617] ERST DBG: ERST support is disabled.
[    2.309303] ACPI: \_SB_.LNKC: Enabled at IRQ 11
[    2.327756] ACPI: \_SB_.LNKD: Enabled at IRQ 10
[    2.345925] ACPI: \_SB_.LNKA: Enabled at IRQ 10
[    2.364054] ACPI: \_SB_.LNKB: Enabled at IRQ 11
[    2.372981] Serial: 8250/16550 driver, 4 ports, IRQ sharing enabled
[    2.377216] 00:04: ttyS0 at I/O 0x3f8 (irq = 4, base_baud = 115200) is a 16550A
[    2.385207] VMware PVSCSI driver - version 1.0.7.0-k
[    2.391614] scsi host0: ata_piix
[    2.394723] scsi host1: ata_piix
[    2.396682] ata1: PATA max MWDMA2 cmd 0x1f0 ctl 0x3f6 bmdma 0xc160 irq 14
[    2.400223] ata2: PATA max MWDMA2 cmd 0x170 ctl 0x376 bmdma 0xc168 irq 15
[    2.404525] i8042: PNP: PS/2 Controller [PNP0303:KBD,PNP0f13:MOU] at 0x60,0x64 irq 1,12
[    2.411601] serio: i8042 KBD port at 0x60,0x64 irq 1
[    2.414291] serio: i8042 AUX port at 0x60,0x64 irq 12
[    2.417310] rtc_cmos 00:05: RTC can wake from S4
[    2.425343] rtc_cmos 00:05: registered as rtc0
[    2.428114] rtc_cmos 00:05: setting system clock to 2026-03-06T02:52:36 UTC (1772765556)
[    2.432679] rtc_cmos 00:05: alarms up to one day, y3k, 242 bytes nvram, hpet irqs
[    2.436881] intel_pstate: CPU model not supported
[    2.439670] gre: GRE over IPv4 demultiplexor driver
[    2.488670] input: AT Translated Set 2 keyboard as /devices/platform/i8042/serio0/input/input0
[    2.495407] Key type dns_resolver registered
[    2.497953] IPI shorthand broadcast: enabled
[    2.504990] sched_clock: Marking stable (2130027582, 371788627)->(2519837701, -18021492)
[    2.512415] registered taskstats version 1
[    2.515374] Loading compiled-in X.509 certificates
[    2.574340] Freeing initrd memory: 9096K
[    2.590801] Loaded X.509 cert 'alpinelinux.org: Alpine Linux kernel key: d76a695f66ad9cd28f5c22a8508f36e91f521f7a'
[    2.599849] ata2: found unknown device (class 0)
[    2.604178] Key type .fscrypt registered
[    2.604838] ata2.00: ATAPI: QEMU DVD-ROM, 2.5+, max UDMA/100
[    2.606306] Key type fscrypt-provisioning registered
[    2.613492] scsi 1:0:0:0: CD-ROM            QEMU     QEMU DVD-ROM     2.5+ PQ: 0 ANSI: 5
[    2.673502] Freeing unused kernel image (initmem) memory: 2640K
[    2.731942] Write protecting the kernel read-only data: 20480k
[    2.734907] Freeing unused kernel image (rodata/data gap) memory: 184K
[    2.736962] rodata_test: all tests were successful
[    2.738592] Run /init as init process
[    2.757507] Alpine Init 3.9.0-r0
Alpine Init 3.9.[    2.759056] Loading boot drivers...
0-r0
 * Loading boot drivers: [    2.815969] ACPI: bus type USB registered
[    2.817603] usbcore: registered new interface driver usbfs
[    2.819685] usbcore: registered new interface driver hub
[    2.821687] usbcore: registered new device driver usb
[    2.828928] usbcore: registered new interface driver usb-storage
[    3.010904] loop: module loaded
[    3.051569] ACPI: bus type drm_connector registered
[    3.078812] Loading boot drivers: ok.
ok.
[    3.082131] Mounting root...
 * Mounting root: [    3.118107] piix4_smbus 0000:00:01.3: SMBus Host Controller at 0x700, revision 0
[    3.137621] [drm] Found bochs VGA, ID 0xb0c5.
[    3.139179] [drm] Framebuffer size 16384 kB @ 0xfd000000, mmio @ 0xfeb90000.
[    3.150237] [drm] Found EDID data blob.
[    3.151978] [drm] Initialized bochs-drm 1.0.0 20130925 for 0000:00:02.0 on minor 0
[    3.194178] Console: switching to colour frame buffer device 128x48
[    3.197183] bochs-drm 0000:00:02.0: [drm] fb0: bochs-drmdrmfb frame buffer device
[    3.374482] sr 1:0:0:0: [sr0] scsi3-mmc drive: 4x/4x cd/rw xa/form2 tray
[    3.376548] cdrom: Uniform CD-ROM driver Revision: 3.20
[    3.468611] virtio_blk virtio2: 2/0/0 default/read/poll queues
[    3.475901] virtio_blk virtio2: [vda] 8388608 512-byte logical blocks (4.29 GB/4.00 GiB)
[    3.485084] virtio_blk virtio3: 2/0/0 default/read/poll queues
[    3.490396] virtio_blk virtio3: [vdb] 736 512-byte logical blocks (377 kB/368 KiB)
[    3.573450] block sr0: the capability attribute has been deprecated.
[    6.468305] EXT4-fs (vda): mounted filesystem 367ceb5a-a72a-4cc6-9140-e18812d3c81b ro with ordered data mode. Quota mode: none.
[    6.472299] Mounting root: ok.
ok.

   OpenRC 0.52.1 is starting up Linux 6.6.4-1-virt (x86_64)

 * /proc is already mounted
 * Mounting /run ... [ ok ]
 * /run/openrc: creating directory
 * /run/lock: creating directory
 * /run/lock: correcting owner
 * Caching service dependencies ... [ ok ]
 * Remounting devtmpfs on /dev ... [ ok ]
 * Mounting /dev/mqueue ... [ ok ]
 * Mounting security filesystem ... [ ok ]
 * Mounting debug filesystem ... [ ok ]
 * Mounting persistent storage (pstore) filesystem ... [ ok ]
 * Starting busybox mdev ... [ ok ]
 * Scanning hardware for mdev ... [ ok ]
 * Loading hardware drivers ... [ ok ]
 * Loading modules ... [ ok ]
 * Setting system clock using the hardware clock [UTC] ... [ ok ]
 * Checking local filesystems  .../: clean, 8723/65536 files, 158031/262144 blocks
 [ ok ]
 * Remounting root filesystem read/write ... [ ok ]
 * Remounting filesystems ... [ ok ]
 * Activating swap devices ... [ ok ]
 * Mounting local filesystems ... [ ok ]
 * Starting busybox acpid ... [ ok ]
 * Configuring kernel parameters ... [ ok ]
 * Migrating /var/lock to /run/lock ... [ ok ]
 * Creating user login records ... [ ok ]
 * Cleaning /tmp directory ... [ ok ]
Cloud-init v. 23.4 running 'init-local' at Fri, 06 Mar 2026 02:52:45 +0000. Up 11.15 seconds.
 [ ok ]
 * Setting hostname ... [ ok ]
 * Starting busybox syslog ... [ ok ]
 * Mounting cgroup filesystem ... [ ok ]
 * Starting networking ... *   lo ... [ ok ]
 *   eth0 ... [ ok ]
 * /var/log/docker.log: creating file
 * /var/log/docker.log: correcting owner
 * Starting Docker Daemon ... [ ok ]
 * Starting benchmark agent ...
[1A[2Ka257f20c716c: Loading layer  557.1kB/81.04MB[1B[1A[2Ka257f20c716c: Loading layer  4.456MB/81.04MB[1B[1A[2Ka257f20c716c: Loading layer  10.03MB/81.04MB[1B[1A[2Ka257f20c716c: Loading layer  16.15MB/81.04MB[1B[1A[2Ka257f20c716c: Loading layer  22.28MB/81.04MB[1B[1A[2Ka257f20c716c: Loading layer  25.62MB/81.04MB[1B[1A[2Ka257f20c716c: Loading layer  30.08MB/81.04MB[1B[1A[2Ka257f20c716c: Loading layer  35.09MB/81.04MB[1B[1A[2Ka257f20c716c: Loading layer  42.34MB/81.04MB[1B[1A[2Ka257f20c716c: Loading layer  49.02MB/81.04MB[1B[1A[2Ka257f20c716c: Loading layer  55.15MB/81.04MB[1B[1A[2Ka257f20c716c: Loading layer  60.72MB/81.04MB[1B[1A[2Ka257f20c716c: Loading layer  64.62MB/81.04MB[1B[1A[2Ka257f20c716c: Loading layer  66.29MB/81.04MB[1B[1A[2Ka257f20c716c: Loading layer   67.4MB/81.04MB[1B[1A[2Ka257f20c716c: Loading layer  72.42MB/81.04MB[1B[1A[2Ka257f20c716c: Loading layer  74.65MB/81.04MB[1B[1A[2Ka257f20c716c: Loading layer  75.76MB/81.04MB[1B[1A[2Ka257f20c716c: Loading layer  77.43MB/81.04MB[1B[1A[2Ka257f20c716c: Loading layer   79.1MB/81.04MB[1B[1A[2Ka257f20c716c: Loading layer  81.04MB/81.04MB[1B
[1A[2Kb0c20bcd44fe: Loading layer  65.54kB/4.123MB[1B[1A[2Kb0c20bcd44fe: Loading layer  1.966MB/4.123MB[1B[1A[2Kb0c20bcd44fe: Loading layer  4.123MB/4.123MB[1B[1A[2Kb0c20bcd44fe: Loading layer  4.123MB/4.123MB[1B
[1A[2K5184c31ad48f: Loading layer  458.8kB/43.85MB[1B[1A[2K5184c31ad48f: Loading layer  2.294MB/43.85MB[1B[1A[2K5184c31ad48f: Loading layer  8.258MB/43.85MB[1B[1A[2K5184c31ad48f: Loading layer  10.55MB/43.85MB[1B[1A[2K5184c31ad48f: Loading layer   13.3MB/43.85MB[1B[1A[2K5184c31ad48f: Loading layer  16.97MB/43.85MB[1B[1A[2K5184c31ad48f: Loading layer  19.73MB/43.85MB[1B[1A[2K5184c31ad48f: Loading layer  23.86MB/43.85MB[1B[1A[2K5184c31ad48f: Loading layer  26.15MB/43.85MB[1B[1A[2K5184c31ad48f: Loading layer  27.98MB/43.85MB[1B[1A[2K5184c31ad48f: Loading layer   31.2MB/43.85MB[1B[1A[2K5184c31ad48f: Loading layer  33.95MB/43.85MB[1B[1A[2K5184c31ad48f: Loading layer  35.78MB/43.85MB[1B[1A[2K5184c31ad48f: Loading layer  38.08MB/43.85MB[1B[1A[2K5184c31ad48f: Loading layer  40.37MB/43.85MB[1B[1A[2K5184c31ad48f: Loading layer  43.58MB/43.85MB[1B[1A[2K5184c31ad48f: Loading layer  43.85MB/43.85MB[1B
[1A[2Kfa1d322086e6: Loading layer   5.12kB/5.12kB[1B[1A[2Kfa1d322086e6: Loading layer   5.12kB/5.12kB[1B
[1A[2Kbdf610394df6: Loading layer  22.02kB/22.02kB[1B[1A[2Kbdf610394df6: Loading layer  22.02kB/22.02kB[1B
[1A[2Keb067feb5b8d: Loading layer  9.728kB/9.728kB[1B[1A[2Keb067feb5b8d: Loading layer  9.728kB/9.728kB[1BLoaded image: bench-worker:latest
 [ ok ]
 * Starting chronyd ... [ ok ]
 * Starting cloud-init-hotplugd ... [ ok ]
Cloud-init v. 23.4 running 'init' at Fri, 06 Mar 2026 02:53:11 +0000. Up 37.42 seconds.
ci-info: +++++++++++++++++++++++++++++++++++++++Net device info+++++++++++++++++++++++++++++++++++++++
ci-info: +---------+-------+----------------------------+---------------+--------+-------------------+
ci-info: |  Device |   Up  |          Address           |      Mask     | Scope  |     Hw-Address    |
ci-info: +---------+-------+----------------------------+---------------+--------+-------------------+
ci-info: | docker0 | False |         172.17.0.1         |  255.255.0.0  | global | 02:42:32:70:93:30 |
ci-info: |   eth0  |  True |         10.0.2.15          | 255.255.255.0 | global | 52:54:00:12:34:56 |
ci-info: |   eth0  |  True | fec0::5054:ff:fe12:3456/64 |       .       |  site  | 52:54:00:12:34:56 |
ci-info: |   eth0  |  True | fe80::5054:ff:fe12:3456/64 |       .       |  link  | 52:54:00:12:34:56 |
ci-info: |    lo   |  True |         127.0.0.1          |   255.0.0.0   |  host  |         .         |
ci-info: |    lo   |  True |          ::1/128           |       .       |  host  |         .         |
ci-info: +---------+-------+----------------------------+---------------+--------+-------------------+
ci-info: +++++++++++++++++++++++++++Route IPv4 info++++++++++++++++++++++++++++
ci-info: +-------+-------------+----------+---------------+-----------+-------+
ci-info: | Route | Destination | Gateway  |    Genmask    | Interface | Flags |
ci-info: +-------+-------------+----------+---------------+-----------+-------+
ci-info: |   0   |   0.0.0.0   | 10.0.2.2 |    0.0.0.0    |    eth0   |   UG  |
ci-info: |   1   |   10.0.2.0  | 0.0.0.0  | 255.255.255.0 |    eth0   |   U   |
ci-info: |   2   |  172.17.0.0 | 0.0.0.0  |  255.255.0.0  |  docker0  |   U   |
ci-info: +-------+-------------+----------+---------------+-----------+-------+
ci-info: +++++++++++++++++++Route IPv6 info+++++++++++++++++++
ci-info: +-------+-------------+---------+-----------+-------+
ci-info: | Route | Destination | Gateway | Interface | Flags |
ci-info: +-------+-------------+---------+-----------+-------+
ci-info: |   0   |  fe80::/64  |    ::   |    eth0   |   U   |
ci-info: |   1   |  fec0::/64  |    ::   |    eth0   |   Ue  |
ci-info: |   2   |     ::/0    | fe80::2 |    eth0   |  UGe  |
ci-info: |   4   |    local    |    ::   |    eth0   |   U   |
ci-info: |   5   |    local    |    ::   |    eth0   |   U   |
ci-info: |   6   |  multicast  |    ::   |    eth0   |   U   |
ci-info: +-------+-------------+---------+-----------+-------+
2026-03-06 02:53:12,091 - cloud_config.py[WARNING]: Failed at merging in cloud config part from part-001: empty cloud config
Generating public/private rsa key pair.
Your identification has been saved in /etc/ssh/ssh_host_rsa_key
Your public key has been saved in /etc/ssh/ssh_host_rsa_key.pub
The key fingerprint is:
SHA256:ezdlPdHjTLCSNYQ76ZcgvJOz6egvda+HoMqNQuVgET8 root@agent-0
The key's randomart image is:
+---[RSA 3072]----+
|   ..       o=   |
|   ..      .o + .|
|    .E  .  oo. +.|
|   o ..  o =. +.o|
|  . +   S = o ++.|
|   . .   O o =  .|
|  .     + O *    |
|   .. oo.+ o +   |
|    .+o++o .o    |
+----[SHA256]-----+
Generating public/private dsa key pair.
Your identification has been saved in /etc/ssh/ssh_host_dsa_key
Your public key has been saved in /etc/ssh/ssh_host_dsa_key.pub
The key fingerprint is:
SHA256:L2Gv6uM6c7Gy6xMLHPXWEo/drI0JyHyVbKjQVP95tfU root@agent-0
The key's randomart image is:
+---[DSA 1024]----+
|   o...o .       |
|  . o o.=        |
|   = + O.o    . .|
|  . = B +.o. . o.|
| . . o oS=o . . E|
|  o . ..++..     |
|   . o o. o      |
|    * +  o       |
|   .=%+o.        |
+----[SHA256]-----+
Generating public/private ecdsa key pair.
Your identification has been saved in /etc/ssh/ssh_host_ecdsa_key
Your public key has been saved in /etc/ssh/ssh_host_ecdsa_key.pub
The key fingerprint is:
SHA256:ZdRr5c+AP8K9SMV4jjckHWhy4sfF9Rq+8BTjBA4qB8w root@agent-0
The key's randomart image is:
+---[ECDSA 256]---+
|     o.   o..o ..|
|      E. ooo=.= .|
|      . o.o*.X=..|
|       o o. O+O= |
|        S  +.X=+ |
|            =+B.o|
|           . +o+ |
|            . .  |
|                 |
+----[SHA256]-----+
Generating public/private ed25519 key pair.
Your identification has been saved in /etc/ssh/ssh_host_ed25519_key
Your public key has been saved in /etc/ssh/ssh_host_ed25519_key.pub
The key fingerprint is:
SHA256:fKKlUPH/Vo10aK10fjphn+QRYSws49kjG/je/8zkzMk root@agent-0
The key's randomart image is:
+--[ED25519 256]--+
|      .     . .o |
|       o   o o.+.|
|      . . o = *.+|
|     . . o = * B.|
|    .   S + + Bo+|
|     . + o + oo++|
|      o   . + ooo|
|           o ..O.|
|              .EO|
+----[SHA256]- [ ok ]
----+
Cloud-init v. 23.4 running 'modules:config' at Fri, 06 Mar 2026 02:53:13 +0000. Up 38.49 seconds.
 [ ok ]
Cloud-init v. 23.4 running 'modules:final' at Fri, 06 Mar 2026 02:53:13 +0000. Up 38.98 seconds.
ci-info: no authorized SSH keys fingerprints found for user alpine.
cloud-init: #############################################################
cloud-init: -----BEGIN SSH HOST KEY FINGERPRINTS-----
cloud-init: 1024 SHA256:L2Gv6uM6c7Gy6xMLHPXWEo/drI0JyHyVbKjQVP95tfU root@agent-0 (DSA)
cloud-init: 256 SHA256:ZdRr5c+AP8K9SMV4jjckHWhy4sfF9Rq+8BTjBA4qB8w root@agent-0 (ECDSA)
cloud-init: 256 SHA256:fKKlUPH/Vo10aK10fjphn+QRYSws49kjG/je/8zkzMk root@agent-0 (ED25519)
cloud-init: 3072 SHA256:ezdlPdHjTLCSNYQ76ZcgvJOz6egvda+HoMqNQuVgET8 root@agent-0 (RSA)
cloud-init: -----END SSH HOST KEY FINGERPRINTS-----
cloud-init: #############################################################
-----BEGIN SSH HOST KEY KEYS-----
ecdsa-sha2-nistp256 AAAAE2VjZHNhLXNoYTItbmlzdHAyNTYAAAAIbmlzdHAyNTYAAABBBCLJ3Ng9P/Q8/Z1tOluY6M2PxkL7NPcoeOhvaoWgahqBrk4gMWuJ7nZjqBbKm9sps7cx/LEtfMkWv0lR4m3LFgg= root@agent-0
ssh-ed25519 AAAAC3NzaC1lZDI1NTE5AAAAIJlXbWa5LlBB2gGuy8uyjhrVwWuTIKerBuJ1xrpFDxOB root@agent-0
ssh-rsa AAAAB3NzaC1yc2EAAAADAQABAAABgQDG3Z32vV+9DbOh4NT7dc7y4Zm/ytg6VjFY2QXxrs8HL4Iaj0x55XvUZSgLAkydX06MDg05ekyj75E0VPd1vlBmmt+ccyJABObfmfNP4AvfQaBkOn8CWlGk10uMnNMRSFUterSdGk/AlyrMUiCGC5/qPYQD7tSEA2M0opFmKexKHzWw10cf4PlKzM22GUbHeO1Z+17q5Ixv68ZAaU2967KZp66S0O1P6d6U0M7+HjaKn+gxEy+DCeGKCz6BuE4rLlBJ8i6WYm3SaCWB+HkpbUH/x1gGKlm6YwH+hbMIXyNSFh6tdaS395NmiEr4pW1WhP2LvYYXl+wHtj5fVFouTPMhR+pIZpG83MKv8WaxA6j51eHyB7AJLozS2t4x8EeUnDfWaNPImVTwGwZ83bAC6VMGhVfH0bZmfA35d3/YNdB6xLca05Cec1LdvY/uYSoZkctJySJ4eRk+mK//jvlUZA+uVEEX11Cp2EvCmMYb4o/GPhDjXPyJFrXr5kEJVKgjbFc= root@agent-0
-----END SSH HOST KEY KEYS-----
Cloud-init v. 23.4 finished at Fri, 06 Mar 2026 02:53:13 +0000. Datasource DataSourceNoCloud [seed=/dev/vdb][dsmode=net].  Up 39.18 seconds
 [ ok ]

Welcome to Alpine Linux 3.19
Kernel 6.6.4-1-virt on an x86_64 (/dev/ttyS0)

agent-0 login: 