c[?7l[2J[0mSeaBIOS (version 1.15.0-1)


iPXE (https://ipxe.org) 00:03.0 CA00 PCI2.10 PnP PMM+BFF8B380+BFECB380 CA00
Press Ctrl-B to configure iPXE (PCI 00:03.0)...                                                                               


Booting from Hard Disk...

SYSLINUX 6.04 EDD 6.04-pre1 Copyright (C) 1994-2015 H. Peter Anvin et al

SYSLINUX 6.04 6.04-pre1 Copyright (C) 1994-2015 H. Peter Anvin et al
[2Je%@)0(B[0;37;40m[?25l[2J[23;16HAlpine will be booted automatically in [0;1m1[0m s[23;57H[23;58Heconds[23;16H[0;37;40mAlpine will be booted automatically in [0;1;37;40m1[0;37;40m seconds..[23;16H                                                 [23;16H[0;37;40m                                                  [?25h[24;1H[0m 
Loading vmlinuz-virt...Loading vmlinuz-virt...  ook
k
Loading initramfs-virt..Loading initramfs-virt....ookk

c[?7l[2J[    0.000000] Linux version 6.6.4-1-virt (buildozer@build-3-19-x86_64) (gcc (Alpine 13.2.1_git20231014) 13.2.1 20231014, GNU ld (GNU Binutils) 2.41) #2-Alpine SMP PREEMPT_DYNAMIC Tue, 05 Dec 2023 20:25:50 +0000
[    0.000000] Command line: BOOT_IMAGE=vmlinuz-virt root=LABEL=/ modules=sd-mod,usb-storage,ext4 console=ttyS0,115200n8 initrd=initramfs-virt
[    0.000000] BIOS-provided physical RAM map:
[    0.000000] BIOS-e820: [mem 0x0000000000000000-0x000000000009fbff] usable
[    0.000000] BIOS-e820: [mem 0x000000000009fc00-0x000000000009ffff] reserved
[    0.000000] BIOS-e820: [mem 0x00000000000f0000-0x00000000000fffff] reserved
[    0.000000] BIOS-e820: [mem 0x0000000000100000-0x00000000bffd9fff] usable
[    0.000000] BIOS-e820: [mem 0x00000000bffda000-0x00000000bfffffff] reserved
[    0.000000] BIOS-e820: [mem 0x00000000feffc000-0x00000000feffffff] reserved
[    0.000000] BIOS-e820: [mem 0x00000000fffc0000-0x00000000ffffffff] reserved
[    0.000000] BIOS-e820: [mem 0x0000000100000000-0x000000013fffffff] usable
[    0.000000] NX (Execute Disable) protection: active
[    0.000000] APIC: Static calls initialized
[    0.000000] SMBIOS 2.8 present.
[    0.000000] DMI: QEMU Standard PC (i440FX + PIIX, 1996), BIOS 1.15.0-1 04/01/2014
[    0.000000] Hypervisor detected: KVM
[    0.000000] kvm-clock: Using msrs 4b564d01 and 4b564d00
[    0.000001] kvm-clock: using sched offset of 2514361106 cycles
[    0.000003] clocksource: kvm-clock: mask: 0xffffffffffffffff max_cycles: 0x1cd42e4dffb, max_idle_ns: 881590591483 ns
[    0.000007] tsc: Detected 2799.998 MHz processor
[    0.000919] last_pfn = 0x140000 max_arch_pfn = 0x400000000
[    0.001304] MTRR map: 4 entries (3 fixed + 1 variable; max 19), built from 8 variable MTRRs
[    0.001320] x86/PAT: Configuration [0-7]: WB  WC  UC- UC  WB  WP  UC- WT  
[    0.001823] last_pfn = 0xbffda max_arch_pfn = 0x400000000
[    0.002198] RAMDISK: [mem 0x7f71e000-0x7fffffff]
[    0.002201] ACPI: Early table checksum verification disabled
[    0.002208] ACPI: RSDP 0x00000000000F59A0 000014 (v00 BOCHS )
[    0.002213] ACPI: RSDT 0x00000000BFFE1975 000034 (v01 BOCHS  BXPC     00000001 BXPC 00000001)
[    0.002219] ACPI: FACP 0x00000000BFFE1821 000074 (v01 BOCHS  BXPC     00000001 BXPC 00000001)
[    0.002255] ACPI: DSDT 0x00000000BFFE0040 0017E1 (v01 BOCHS  BXPC     00000001 BXPC 00000001)
[    0.002260] ACPI: FACS 0x00000000BFFE0000 000040
[    0.002263] ACPI: APIC 0x00000000BFFE1895 000080 (v01 BOCHS  BXPC     00000001 BXPC 00000001)
[    0.002266] ACPI: HPET 0x00000000BFFE1915 000038 (v01 BOCHS  BXPC     00000001 BXPC 00000001)
[    0.002269] ACPI: WAET 0x00000000BFFE194D 000028 (v01 BOCHS  BXPC     00000001 BXPC 00000001)
[    0.002271] ACPI: Reserving FACP table memory at [mem 0xbffe1821-0xbffe1894]
[    0.002273] ACPI: Reserving DSDT table memory at [mem 0xbffe0040-0xbffe1820]
[    0.002274] ACPI: Reserving FACS table memory at [mem 0xbffe0000-0xbffe003f]
[    0.002274] ACPI: Reserving APIC table memory at [mem 0xbffe1895-0xbffe1914]
[    0.002275] ACPI: Reserving HPET table memory at [mem 0xbffe1915-0xbffe194c]
[    0.002276] ACPI: Reserving WAET table memory at [mem 0xbffe194d-0xbffe1974]
[    0.002701] Zone ranges:
[    0.002703]   DMA      [mem 0x0000000000001000-0x0000000000ffffff]
[    0.002705]   DMA32    [mem 0x0000000001000000-0x00000000ffffffff]
[    0.002706]   Normal   [mem 0x0000000100000000-0x000000013fffffff]
[    0.002707] Movable zone start for each node
[    0.002708] Early memory node ranges
[    0.002708]   node   0: [mem 0x0000000000001000-0x000000000009efff]
[    0.002709]   node   0: [mem 0x0000000000100000-0x00000000bffd9fff]
[    0.002710]   node   0: [mem 0x0000000100000000-0x000000013fffffff]
[    0.002712] Initmem setup node 0 [mem 0x0000000000001000-0x000000013fffffff]
[    0.002806] On node 0, zone DMA: 1 pages in unavailable ranges
[    0.004104] On node 0, zone DMA: 97 pages in unavailable ranges
[    0.373919] On node 0, zone Normal: 38 pages in unavailable ranges
[    0.377266] ACPI: PM-Timer IO Port: 0x608
[    0.377307] ACPI: LAPIC_NMI (acpi_id[0xff] dfl dfl lint[0x1])
[    0.377484] IOAPIC[0]: apic_id 0, version 17, address 0xfec00000, GSI 0-23
[    0.377489] ACPI: INT_SRC_OVR (bus 0 bus_irq 0 global_irq 2 dfl dfl)
[    0.377491] ACPI: INT_SRC_OVR (bus 0 bus_irq 5 global_irq 5 high level)
[    0.377492] ACPI: INT_SRC_OVR (bus 0 bus_irq 9 global_irq 9 high level)
[    0.377493] ACPI: INT_SRC_OVR (bus 0 bus_irq 10 global_irq 10 high level)
[    0.377494] ACPI: INT_SRC_OVR (bus 0 bus_irq 11 global_irq 11 high level)
[    0.377498] ACPI: Using ACPI (MADT) for SMP configuration information
[    0.377500] ACPI: HPET id: 0x8086a201 base: 0xfed00000
[    0.377534] smpboot: Allowing 2 CPUs, 0 hotplug CPUs
[    0.377588] kvm-guest: APIC: eoi() replaced with kvm_guest_apic_eoi_write()
[    0.377648] [mem 0xc0000000-0xfeffbfff] available for PCI devices
[    0.377650] Booting paravirtualized kernel on KVM
[    0.377651] clocksource: refined-jiffies: mask: 0xffffffff max_cycles: 0xffffffff, max_idle_ns: 19112604462750000 ns
[    0.381222] setup_percpu: NR_CPUS:256 nr_cpumask_bits:2 nr_cpu_ids:2 nr_node_ids:1
[    0.392238] percpu: Embedded 57 pages/cpu s195048 r8192 d30232 u1048576
[    0.392383] kvm-guest: PV spinlocks disabled, no host support
[    0.392385] Kernel command line: BOOT_IMAGE=vmlinuz-virt root=LABEL=/ modules=sd-mod,usb-storage,ext4 console=ttyS0,115200n8 initrd=initramfs-virt
[    0.392442] Unknown kernel command line parameters "BOOT_IMAGE=vmlinuz-virt modules=sd-mod,usb-storage,ext4", will be passed to user space.
[    0.413857] Dentry cache hash table entries: 524288 (order: 10, 4194304 bytes, linear)
[    0.430684] Inode-cache hash table entries: 262144 (order: 9, 2097152 bytes, linear)
[    0.430901] Built 1 zonelists, mobility grouping on.  Total pages: 1031898
[    0.443160] mem auto-init: stack:all(zero), heap alloc:on, heap free:off
[    0.443171] software IO TLB: area num 2.
[    0.838178] Memory: 4012148K/4193760K available (12288K kernel code, 1744K rwdata, 8008K rodata, 2640K init, 2300K bss, 181352K reserved, 0K cma-reserved)
[    0.845505] SLUB: HWalign=64, Order=0-3, MinObjects=0, CPUs=2, Nodes=1
[    0.845921] Kernel/User page tables isolation: enabled
[    0.867340] Dynamic Preempt: none
[    0.867833] rcu: Preemptible hierarchical RCU implementation.
[    0.867853] rcu: 	RCU restricting CPUs from NR_CPUS=256 to nr_cpu_ids=2.
[    0.867895] 	Trampoline variant of Tasks RCU enabled.
[    0.867915] 	Tracing variant of Tasks RCU enabled.
[    0.867934] rcu: RCU calculated value of scheduler-enlistment delay is 10 jiffies.
[    0.867936] rcu: Adjusting geometry for rcu_fanout_leaf=16, nr_cpu_ids=2
[    0.879627] NR_IRQS: 16640, nr_irqs: 440, preallocated irqs: 16
[    0.880815] rcu: srcu_init: Setting srcu_struct sizes based on contention.
[    0.881244] kfence: initialized - using 2097152 bytes for 255 objects at 0x(____ptrval____)-0x(____ptrval____)
[    0.907242] Console: colour VGA+ 80x25
[    0.907813] printk: console [ttyS0] enabled
[    1.236451] ACPI: Core revision 20230628
[    1.239968] clocksource: hpet: mask: 0xffffffff max_cycles: 0xffffffff, max_idle_ns: 19112604467 ns
[    1.245552] APIC: Switch to symmetric I/O mode setup
[    1.249936] x2apic enabled
[    1.253226] APIC: Switched APIC routing to: physical x2apic
[    1.262875] ..TIMER: vector=0x30 apic1=0 pin1=2 apic2=-1 pin2=-1
[    1.266189] clocksource: tsc-early: mask: 0xffffffffffffffff max_cycles: 0x285c3ee517e, max_idle_ns: 440795257231 ns
[    1.271691] Calibrating delay loop (skipped) preset value.. 5599.99 BogoMIPS (lpj=27999980)
[    1.282847] Last level iTLB entries: 4KB 0, 2MB 0, 4MB 0
[    1.285633] Last level dTLB entries: 4KB 0, 2MB 0, 4MB 0, 1GB 0
[    1.288796] Spectre V1 : Mitigation: usercopy/swapgs barriers and __user pointer sanitization
[    1.291700] Spectre V2 : Mitigation: Retpolines
[    1.294087] Spectre V2 : Spectre v2 / SpectreRSB mitigation: Filling RSB on context switch
[    1.298409] Spectre V2 : Spectre v2 / SpectreRSB : Filling RSB on VMEXIT
[    1.301670] Speculative Store Bypass: Vulnerable
[    1.304175] MDS: Vulnerable: Clear CPU buffers attempted, no microcode
[    1.307635] MMIO Stale Data: Unknown: No mitigations
[    1.311706] x86/fpu: x87 FPU will use FXSAVE
[    1.364387] Freeing SMP alternatives memory: 32K
[    1.366859] pid_max: default: 32768 minimum: 301
[    1.369884] LSM: initializing lsm=capability,landlock,lockdown,integrity
[    1.372442] landlock: Up and running.
[    1.376983] Mount-cache hash table entries: 8192 (order: 4, 65536 bytes, linear)
[    1.382005] Mountpoint-cache hash table entries: 8192 (order: 4, 65536 bytes, linear)
[    1.510264] smpboot: CPU0: Intel QEMU Virtual CPU version 2.5+ (family: 0xf, model: 0x6b, stepping: 0x1)
[    1.511666] RCU Tasks: Setting shift to 1 and lim to 1 rcu_task_cb_adjust=1.
[    1.511784] RCU Tasks Trace: Setting shift to 1 and lim to 1 rcu_task_cb_adjust=1.
[    1.515929] Performance Events: unsupported Netburst CPU model 107 no PMU driver, software events only.
[    1.522015] signal: max sigframe size: 1440
[    1.524574] rcu: Hierarchical SRCU implementation.
[    1.527159] rcu: 	Max phase no-delay instances is 1000.
[    1.532758] NMI watchdog: Perf NMI watchdog permanently disabled
[    1.536206] smp: Bringing up secondary CPUs ...
[    1.539780] smpboot: x86: Booting SMP configuration:
[    1.541672] .... node  #0, CPUs:      #1
[    1.553869] smp: Brought up 1 node, 2 CPUs
[    1.561696] smpboot: Max logical packages: 1
[    1.563939] ----------------
[    1.565491] | NMI testsuite:
[    1.567097] --------------------
[    1.568854]   remote IPI:  ok  |
[    1.570638]    local IPI:  ok  |
[    1.571673] --------------------
[    1.573430] Good, all   2 testcases passed! |
[    1.575808] ---------------------------------
[    1.578189] smpboot: Total of 2 processors activated (11199.99 BogoMIPS)
[    1.583441] devtmpfs: initialized
[    1.583683] x86/mm: Memory block size: 128MB
[    1.591913] clocksource: jiffies: mask: 0xffffffff max_cycles: 0xffffffff, max_idle_ns: 19112604462750000 ns
[    1.598072] futex hash table entries: 512 (order: 3, 32768 bytes, linear)
[    1.614691] NET: Registered PF_NETLINK/PF_ROUTE protocol family
[    1.618128] audit: initializing netlink subsys (disabled)
[    1.621189] audit: type=2000 audit(1772765556.666:1): state=initialized audit_enabled=0 res=1
[    1.621189] thermal_sys: Registered thermal governor 'step_wise'
[    1.621698] cpuidle: using governor ladder
[    1.627012] cpuidle: using governor menu
[    1.631971] acpiphp: ACPI Hot Plug PCI Controller Driver version: 0.5
[    1.637970] PCI: Using configuration type 1 for base access
[    1.642066] kprobes: kprobe jump-optimization is enabled. All kprobes are optimized if possible.
[    1.652061] HugeTLB: registered 2.00 MiB page size, pre-allocated 0 pages
[    1.655298] HugeTLB: 28 KiB vmemmap can be freed for a 2.00 MiB page
[    1.668736] ACPI: Added _OSI(Module Device)
[    1.671673] ACPI: Added _OSI(Processor Device)
[    1.674100] ACPI: Added _OSI(3.0 _SCP Extensions)
[    1.676723] ACPI: Added _OSI(Processor Aggregator Device)
[    1.691139] ACPI: 1 ACPI AML tables successfully acquired and loaded
[    1.693575] ACPI: _OSC evaluation for CPUs failed, trying _PDC
[    1.696907] ACPI: Interpreter enabled
[    1.701749] ACPI: PM: (supports S0 S3 S5)
[    1.703986] ACPI: Using IOAPIC for interrupt routing
[    1.707773] PCI: Using host bridge windows from ACPI; if necessary, use "pci=nocrs" and report a bug
[    1.711672] PCI: Using E820 reservations for host bridge windows
[    1.715305] ACPI: Enabled 2 GPEs in block 00 to 0F
[    1.724104] ACPI: PCI Root Bridge [PCI0] (domain 0000 [bus 00-ff])
[    1.727372] acpi PNP0A03:00: _OSC: OS supports [ASPM ClockPM Segments MSI HPX-Type3]
[    1.731479] acpi PNP0A03:00: _OSC: not requesting OS control; OS requires [ExtendedConfig ASPM ClockPM MSI]
[    1.731996] acpi PNP0A03:00: fail to add MMCONFIG information, can't access extended configuration space under this bridge
[    1.742236] acpiphp: Slot [3] registered
[    1.744373] acpiphp: Slot [4] registered
[    1.747199] acpiphp: Slot [5] registered
[    1.749378] acpiphp: Slot [6] registered
[    1.751749] acpiphp: Slot [7] registered
[    1.754496] acpiphp: Slot [8] registered
[    1.756724] acpiphp: Slot [9] registered
[    1.758968] acpiphp: Slot [10] registered
[    1.766102] acpiphp: Slot [11] registered
[    1.768378] acpiphp: Slot [12] registered
[    1.771727] acpiphp: Slot [13] registered
[    1.774023] acpiphp: Slot [14] registered
[    1.776222] acpiphp: Slot [15] registered
[    1.778438] acpiphp: Slot [16] registered
[    1.780750] acpiphp: Slot [17] registered
[    1.781760] acpiphp: Slot [18] registered
[    1.783985] acpiphp: Slot [19] registered
[    1.786160] acpiphp: Slot [20] registered
[    1.788374] acpiphp: Slot [21] registered
[    1.791729] acpiphp: Slot [22] registered
[    1.794007] acpiphp: Slot [23] registered
[    1.796310] acpiphp: Slot [24] registered
[    1.798734] acpiphp: Slot [25] registered
[    1.801677] acpiphp: Slot [26] registered
[    1.803904] acpiphp: Slot [27] registered
[    1.806083] acpiphp: Slot [28] registered
[    1.808408] acpiphp: Slot [29] registered
[    1.810602] acpiphp: Slot [30] registered
[    1.811754] acpiphp: Slot [31] registered
[    1.813952] PCI host bridge to bus 0000:00
[    1.816141] pci_bus 0000:00: root bus resource [io  0x0000-0x0cf7 window]
[    1.819697] pci_bus 0000:00: root bus resource [io  0x0d00-0xffff window]
[    1.821671] pci_bus 0000:00: root bus resource [mem 0x000a0000-0x000bffff window]
[    1.825571] pci_bus 0000:00: root bus resource [mem 0xc0000000-0xfebfffff window]
[    1.831670] pci_bus 0000:00: root bus resource [mem 0x140000000-0x1bfffffff window]
[    1.835694] pci_bus 0000:00: root bus resource [bus 00-ff]
[    1.839140] pci 0000:00:00.0: [8086:1237] type 00 class 0x060000
[    1.844779] pci 0000:00:01.0: [8086:7000] type 00 class 0x060100
[    1.852421] pci 0000:00:01.1: [8086:7010] type 00 class 0x010180
[    1.859339] pci 0000:00:01.1: reg 0x20: [io  0xc160-0xc16f]
[    1.863588] pci 0000:00:01.1: legacy IDE quirk: reg 0x10: [io  0x01f0-0x01f7]
[    1.867671] pci 0000:00:01.1: legacy IDE quirk: reg 0x14: [io  0x03f6]
[    1.871670] pci 0000:00:01.1: legacy IDE quirk: reg 0x18: [io  0x0170-0x0177]
[    1.875436] pci 0000:00:01.1: legacy IDE quirk: reg 0x1c: [io  0x0376]
[    1.879778] pci 0000:00:01.3: [8086:7113] type 00 class 0x068000
[    1.884074] pci 0000:00:01.3: quirk: [io  0x0600-0x063f] claimed by PIIX4 ACPI
[    1.888015] pci 0000:00:01.3: quirk: [io  0x0700-0x070f] claimed by PIIX4 SMB
[    1.894007] pci 0000:00:02.0: [1234:1111] type 00 class 0x030000
[    1.903175] pci 0000:00:02.0: reg 0x10: [mem 0xfd000000-0xfdffffff pref]
[    1.917231] pci 0000:00:02.0: reg 0x18: [mem 0xfeb90000-0xfeb90fff]
[    1.935438] pci 0000:00:02.0: reg 0x30: [mem 0xfeb80000-0xfeb8ffff pref]
[    1.943155] pci 0000:00:02.0: Video device with shadowed ROM at [mem 0x000c0000-0x000dffff]
[    1.963866] pci 0000:00:03.0: [1af4:1000] type 00 class 0x020000
[    1.968702] pci 0000:00:03.0: reg 0x10: [io  0xc140-0xc15f]
[    1.972638] pci 0000:00:03.0: reg 0x14: [mem 0xfeb91000-0xfeb91fff]
[    1.981672] pci 0000:00:03.0: reg 0x20: [mem 0xfe000000-0xfe003fff 64bit pref]
[    1.986793] pci 0000:00:03.0: reg 0x30: [mem 0xfeb00000-0xfeb7ffff pref]
[    1.996230] pci 0000:00:04.0: [1af4:1009] type 00 class 0x000200
[    2.001007] pci 0000:00:04.0: reg 0x10: [io  0xc100-0xc13f]
[    2.002937] pci 0000:00:04.0: reg 0x14: [mem 0xfeb92000-0xfeb92fff]
[    2.013388] pci 0000:00:04.0: reg 0x20: [mem 0xfe004000-0xfe007fff 64bit pref]
[    2.023281] pci 0000:00:05.0: [1af4:1001] type 00 class 0x010000
[    2.028275] pci 0000:00:05.0: reg 0x10: [io  0xc000-0xc07f]
[    2.032389] pci 0000:00:05.0: reg 0x14: [mem 0xfeb93000-0xfeb93fff]
[    2.043263] pci 0000:00:05.0: reg 0x20: [mem 0xfe008000-0xfe00bfff 64bit pref]
[    2.053858] pci 0000:00:06.0: [1af4:1001] type 00 class 0x010000
[    2.059189] pci 0000:00:06.0: reg 0x10: [io  0xc080-0xc0ff]
[    2.063093] pci 0000:00:06.0: reg 0x14: [mem 0xfeb94000-0xfeb94fff]
[    2.071673] pci 0000:00:06.0: reg 0x20: [mem 0xfe00c000-0xfe00ffff 64bit pref]
[    2.085526] ACPI: PCI: Interrupt link LNKA configured for IRQ 10
[    2.091942] ACPI: PCI: Interrupt link LNKB configured for IRQ 10
[    2.095374] ACPI: PCI: Interrupt link LNKC configured for IRQ 11
[    2.098850] ACPI: PCI: Interrupt link LNKD configured for IRQ 11
[    2.101799] ACPI: PCI: Interrupt link LNKS configured for IRQ 9
[    2.107765] iommu: Default domain type: Translated
[    2.111670] iommu: DMA domain TLB invalidation policy: lazy mode
[    2.117670] SCSI subsystem initialized
[    2.122514] pps_core: LinuxPPS API ver. 1 registered
[    2.125208] pps_core: Software ver. 5.3.6 - Copyright 2005-2007 Rodolfo Giometti <giometti@linux.it>
[    2.130071] PTP clock support registered
[    2.134811] PCI: Using ACPI for IRQ routing
[    2.142741] hpet: 3 channels of 0 reserved for per-cpu timers
[    2.146108] clocksource: Switched to clocksource kvm-clock
[    2.157979] VFS: Disk quotas dquot_6.6.0
[    2.160206] VFS: Dquot-cache hash table entries: 512 (order 0, 4096 bytes)
[    2.164567] pnp: PnP ACPI init
[    2.167348] pnp: PnP ACPI: found 6 devices
[    2.187550] clocksource: acpi_pm: mask: 0xffffff max_cycles: 0xffffff, max_idle_ns: 2085701024 ns
[    2.192880] NET: Registered PF_INET protocol family
[    2.198353] IP idents hash table entries: 65536 (order: 7, 524288 bytes, linear)
[    2.205122] tcp_listen_portaddr_hash hash table entries: 2048 (order: 3, 32768 bytes, linear)
[    2.210976] Table-perturb hash table entries: 65536 (order: 6, 262144 bytes, linear)
[    2.216338] TCP established hash table entries: 32768 (order: 6, 262144 bytes, linear)
[    2.225742] TCP bind hash table entries: 32768 (order: 8, 1048576 bytes, linear)
[    2.229753] TCP: Hash tables configured (established 32768 bind 32768)
[    2.234579] UDP hash table entries: 2048 (order: 4, 65536 bytes, linear)
[    2.238450] UDP-Lite hash table entries: 2048 (order: 4, 65536 bytes, linear)
[    2.242582] NET: Registered PF_UNIX/PF_LOCAL protocol family
[    2.245830] NET: Registered PF_XDP protocol family
[    2.248497] pci_bus 0000:00: resource 4 [io  0x0000-0x0cf7 window]
[    2.251838] pci_bus 0000:00: resource 5 [io  0x0d00-0xffff window]
[    2.255097] pci_bus 0000:00: resource 6 [mem 0x000a0000-0x000bffff window]
[    2.258672] pci_bus 0000:00: resource 7 [mem 0xc0000000-0xfebfffff window]
[    2.262378] pci_bus 0000:00: resource 8 [mem 0x140000000-0x1bfffffff window]
[    2.266239] pci 0000:00:01.0: PIIX3: Enabling Passive Release
[    2.269399] pci 0000:00:00.0: Limiting direct PCI/PCI transfers
[    2.273059] PCI: CLS 0 bytes, default 64
[    2.275317] PCI-DMA: Using software bounce buffering for IO (SWIOTLB)
[    2.276144] Unpacking initramfs...
[    2.278697] software IO TLB: mapped [mem 0x00000000bbfda000-0x00000000bffda000] (64MB)
[    2.285154] clocksource: tsc: mask: 0xffffffffffffffff max_cycles: 0x285c3ee517e, max_idle_ns: 440795257231 ns
[    2.291499] Initialise system trusted keyrings
[    2.294492] workingset: timestamp_bits=46 max_order=20 bucket_order=0
[    2.298062] zbud: loaded
[    2.300164] Key type asymmetric registered
[    2.302454] Asymmetric key parser 'x509' registered
[    2.305369] Block layer SCSI generic (bsg) driver version 0.4 loaded (major 247)
[    2.309761] io scheduler mq-deadline registered
[    2.312243] io scheduler kyber registered
[    2.314534] io scheduler bfq registered
[    2.317911] ERST DBG: ERST support is disabled.
[    2.333205] ACPI: \_SB_.LNKC: Enabled at IRQ 11
[    2.354645] ACPI: \_SB_.LNKD: Enabled at IRQ 10
[    2.375879] ACPI: \_SB_.LNKA: Enabled at IRQ 10
[    2.398627] ACPI: \_SB_.LNKB: Enabled at IRQ 11
[    2.405644] Serial: 8250/16550 driver, 4 ports, IRQ sharing enabled
[    2.410326] 00:04: ttyS0 at I/O 0x3f8 (irq = 4, base_baud = 115200) is a 16550A
[    2.418966] VMware PVSCSI driver - version 1.0.7.0-k
[    2.427194] scsi host0: ata_piix
[    2.430474] scsi host1: ata_piix
[    2.432867] ata1: PATA max MWDMA2 cmd 0x1f0 ctl 0x3f6 bmdma 0xc160 irq 14
[    2.436416] ata2: PATA max MWDMA2 cmd 0x170 ctl 0x376 bmdma 0xc168 irq 15
[    2.440624] i8042: PNP: PS/2 Controller [PNP0303:KBD,PNP0f13:MOU] at 0x60,0x64 irq 1,12
[    2.450455] serio: i8042 KBD port at 0x60,0x64 irq 1
[    2.453164] serio: i8042 AUX port at 0x60,0x64 irq 12
[    2.456058] rtc_cmos 00:05: RTC can wake from S4
[    2.461577] rtc_cmos 00:05: registered as rtc0
[    2.462126] input: AT Translated Set 2 keyboard as /devices/platform/i8042/serio0/input/input0
[    2.464377] rtc_cmos 00:05: setting system clock to 2026-03-06T02:52:37 UTC (1772765557)
[    2.473244] rtc_cmos 00:05: alarms up to one day, y3k, 242 bytes nvram, hpet irqs
[    2.477401] intel_pstate: CPU model not supported
[    2.481545] gre: GRE over IPv4 demultiplexor driver
[    2.570172] Key type dns_resolver registered
[    2.575569] IPI shorthand broadcast: enabled
[    2.596382] sched_clock: Marking stable (2220344595, 370750277)->(2607670531, -16575659)
[    2.653264] Freeing initrd memory: 9096K
[    2.664626] ata2: found unknown device (class 0)
[    2.676156] registered taskstats version 1
[    2.679290] Loading compiled-in X.509 certificates
[    2.679587] ata2.00: ATAPI: QEMU DVD-ROM, 2.5+, max UDMA/100
[    2.690156] scsi 1:0:0:0: CD-ROM            QEMU     QEMU DVD-ROM     2.5+ PQ: 0 ANSI: 5
[    2.697857] Loaded X.509 cert 'alpinelinux.org: Alpine Linux kernel key: d76a695f66ad9cd28f5c22a8508f36e91f521f7a'
[    2.706915] Key type .fscrypt registered
[    2.709006] Key type fscrypt-provisioning registered
[    2.732274] Freeing unused kernel image (initmem) memory: 2640K
[    2.750939] Write protecting the kernel read-only data: 20480k
[    2.754647] Freeing unused kernel image (rodata/data gap) memory: 184K
[    2.756746] rodata_test: all tests were successful
[    2.758276] Run /init as init process
[    2.777463] Alpine Init 3.9.0-r0
Alpine Init 3.9.0-r0
[    2.779639] Loading boot drivers...
 * Loading boot drivers: [    2.828107] ACPI: bus type USB registered
[    2.829618] usbcore: registered new interface driver usbfs
[    2.831441] usbcore: registered new interface driver hub
[    2.833117] usbcore: registered new device driver usb
[    2.838699] usbcore: registered new interface driver usb-storage
[    3.035595] loop: module loaded
[    3.069144] ACPI: bus type drm_connector registered
[    3.104865] Loading boot drivers: ok.
ok.
[    3.110567] Mounting root...
 * Mounting root: [    3.159105] piix4_smbus 0000:00:01.3: SMBus Host Controller at 0x700, revision 0
[    3.178052] [drm] Found bochs VGA, ID 0xb0c5.
[    3.179475] [drm] Framebuffer size 16384 kB @ 0xfd000000, mmio @ 0xfeb90000.
[    3.188089] [drm] Found EDID data blob.
[    3.189621] [drm] Initialized bochs-drm 1.0.0 20130925 for 0000:00:02.0 on minor 0
[    3.231910] Console: switching to colour frame buffer device 128x48
[    3.234835] bochs-drm 0000:00:02.0: [drm] fb0: bochs-drmdrmfb frame buffer device
[    3.393684] sr 1:0:0:0: [sr0] scsi3-mmc drive: 4x/4x cd/rw xa/form2 tray
[    3.395776] cdrom: Uniform CD-ROM driver Revision: 3.20
[    3.479174] virtio_blk virtio2: 2/0/0 default/read/poll queues
[    3.486059] virtio_blk virtio2: [vda] 8388608 512-byte logical blocks (4.29 GB/4.00 GiB)
[    3.490422] virtio_blk virtio3: 2/0/0 default/read/poll queues
[    3.496615] virtio_blk virtio3: [vdb] 736 512-byte logical blocks (377 kB/368 KiB)
[    3.579410] block sr0: the capability attribute has been deprecated.
[    6.387924] EXT4-fs (vda): mounted filesystem 367ceb5a-a72a-4cc6-9140-e18812d3c81b ro with ordered data mode. Quota mode: none.
[    6.392006] Mounting root: ok.
ok.

   OpenRC 0.52.1 is starting up Linux 6.6.4-1-virt (x86_64)

 * /proc is already mounted
 * Mounting /run ... [ ok ]
 * /run/openrc: creating directory
 * /run/lock: creating directory
 * /run/lock: correcting owner
 * Caching service dependencies ... [ ok ]
 * Remounting devtmpfs on /dev ... [ ok ]
 * Mounting /dev/mqueue ... [ ok ]
 * Mounting security filesystem ... [ ok ]
 * Mounting debug filesystem ... [ ok ]
 * Mounting persistent storage (pstore) filesystem ... [ ok ]
 * Starting busybox mdev ... [ ok ]
 * Scanning hardware for mdev ... [ ok ]
 * Loading hardware drivers ... [ ok ]
 * Loading modules ... [ ok ]
 * Setting system clock using the hardware clock [UTC] ... [ ok ]
 * Checking local filesystems  .../: clean, 8723/65536 files, 158031/262144 blocks
 [ ok ]
 * Remounting root filesystem read/write ... [ ok ]
 * Remounting filesystems ... [ ok ]
 * Activating swap devices ... [ ok ]
 * Mounting local filesystems ... [ ok ]
 * Starting busybox acpid ... [ ok ]
 * Configuring kernel parameters ... [ ok ]
 * Migrating /var/lock to /run/lock ... [ ok ]
 * Creating user login records ... [ ok ]
 * Cleaning /tmp directory ... [ ok ]
Cloud-init v. 23.4 running 'init-local' at Fri, 06 Mar 2026 02:52:45 +0000. Up 10.94 seconds.
 [ ok ]
 * Setting hostname ... [ ok ]
 * Starting busybox syslog ... [ ok ]
 * Mounting cgroup filesystem ... [ ok ]
 * Starting networking ... *   lo ... [ ok ]
 *   eth0 ... [ ok ]
 * /var/log/docker.log: creating file
 * /var/log/docker.log: correcting owner
 * Starting Docker Daemon ... [ ok ]
 * Starting benchmark agent ...
[1A[2Ka257f20c716c: Loading layer  557.1kB/81.04MB[1B[1A[2Ka257f20c716c: Loading layer  5.571MB/81.04MB[1B[1A[2Ka257f20c716c: Loading layer  10.58MB/81.04MB[1B[1A[2Ka257f20c716c: Loading layer  16.71MB/81.04MB[1B[1A[2Ka257f20c716c: Loading layer  21.17MB/81.04MB[1B[1A[2Ka257f20c716c: Loading layer  24.51MB/81.04MB[1B[1A[2Ka257f20c716c: Loading layer   27.3MB/81.04MB[1B[1A[2Ka257f20c716c: Loading layer   31.2MB/81.04MB[1B[1A[2Ka257f20c716c: Loading layer  37.88MB/81.04MB[1B[1A[2Ka257f20c716c: Loading layer  44.56MB/81.04MB[1B[1A[2Ka257f20c716c: Loading layer  50.69MB/81.04MB[1B[1A[2Ka257f20c716c: Loading layer  56.26MB/81.04MB[1B[1A[2Ka257f20c716c: Loading layer  61.83MB/81.04MB[1B[1A[2Ka257f20c716c: Loading layer  65.18MB/81.04MB[1B[1A[2Ka257f20c716c: Loading layer  66.85MB/81.04MB[1B[1A[2Ka257f20c716c: Loading layer  67.96MB/81.04MB[1B[1A[2Ka257f20c716c: Loading layer  72.42MB/81.04MB[1B[1A[2Ka257f20c716c: Loading layer  74.65MB/81.04MB[1B[1A[2Ka257f20c716c: Loading layer  75.76MB/81.04MB[1B[1A[2Ka257f20c716c: Loading layer  76.32MB/81.04MB[1B[1A[2Ka257f20c716c: Loading layer   79.1MB/81.04MB[1B[1A[2Ka257f20c716c: Loading layer  80.77MB/81.04MB[1B[1A[2Ka257f20c716c: Loading layer  81.04MB/81.04MB[1B
[1A[2Kb0c20bcd44fe: Loading layer  65.54kB/4.123MB[1B[1A[2Kb0c20bcd44fe: Loading layer  1.638MB/4.123MB[1B[1A[2Kb0c20bcd44fe: Loading layer  3.539MB/4.123MB[1B[1A[2Kb0c20bcd44fe: Loading layer  4.123MB/4.123MB[1B[1A[2Kb0c20bcd44fe: Loading layer  4.123MB/4.123MB[1B
[1A[2K5184c31ad48f: Loading layer  458.8kB/43.85MB[1B[1A[2K5184c31ad48f: Loading layer  2.294MB/43.85MB[1B[1A[2K5184c31ad48f: Loading layer  7.799MB/43.85MB[1B[1A[2K5184c31ad48f: Loading layer  10.09MB/43.85MB[1B[1A[2K5184c31ad48f: Loading layer  11.93MB/43.85MB[1B[1A[2K5184c31ad48f: Loading layer  16.06MB/43.85MB[1B[1A[2K5184c31ad48f: Loading layer  18.35MB/43.85MB[1B[1A[2K5184c31ad48f: Loading layer  22.94MB/43.85MB[1B[1A[2K5184c31ad48f: Loading layer  25.69MB/43.85MB[1B[1A[2K5184c31ad48f: Loading layer  27.98MB/43.85MB[1B[1A[2K5184c31ad48f: Loading layer   31.2MB/43.85MB[1B[1A[2K5184c31ad48f: Loading layer  33.49MB/43.85MB[1B[1A[2K5184c31ad48f: Loading layer  35.32MB/43.85MB[1B[1A[2K5184c31ad48f: Loading layer   36.7MB/43.85MB[1B[1A[2K5184c31ad48f: Loading layer  38.99MB/43.85MB[1B[1A[2K5184c31ad48f: Loading layer  41.29MB/43.85MB[1B[1A[2K5184c31ad48f: Loading layer  43.85MB/43.85MB[1B
[1A[2Kfa1d322086e6: Loading layer   5.12kB/5.12kB[1B[1A[2Kfa1d322086e6: Loading layer   5.12kB/5.12kB[1B
[1A[2Kbdf610394df6: Loading layer  22.02kB/22.02kB[1B[1A[2Kbdf610394df6: Loading layer  22.02kB/22.02kB[1B
[1A[2Keb067feb5b8d: Loading layer  9.728kB/9.728kB[1B[1A[2Keb067feb5b8d: Loading layer  9.728kB/9.728kB[1BLoaded image: bench-worker:latest
 [ ok ]
 * Starting chronyd ... [ ok ]
 * Starting cloud-init-hotplugd ... [ ok ]
Cloud-init v. 23.4 running 'init' at Fri, 06 Mar 2026 02:53:12 +0000. Up 37.69 seconds.
ci-info: +++++++++++++++++++++++++++++++++++++++Net device info+++++++++++++++++++++++++++++++++++++++
ci-info: +---------+-------+----------------------------+---------------+--------+-------------------+
ci-info: |  Device |   Up  |          Address           |      Mask     | Scope  |     Hw-Address    |
ci-info: +---------+-------+----------------------------+---------------+--------+-------------------+
ci-info: | docker0 | False |         172.17.0.1         |  255.255.0.0  | global | 02:42:75:7c:28:80 |
ci-info: |   eth0  |  True |         10.0.2.15          | 255.255.255.0 | global | 52:54:00:12:34:56 |
ci-info: |   eth0  |  True | fec0::5054:ff:fe12:3456/64 |       .       |  site  | 52:54:00:12:34:56 |
ci-info: |   eth0  |  True | fe80::5054:ff:fe12:3456/64 |       .       |  link  | 52:54:00:12:34:56 |
ci-info: |    lo   |  True |         127.0.0.1          |   255.0.0.0   |  host  |         .         |
ci-info: |    lo   |  True |          ::1/128           |       .       |  host  |         .         |
ci-info: +---------+-------+----------------------------+---------------+--------+-------------------+
ci-info: +++++++++++++++++++++++++++Route IPv4 info++++++++++++++++++++++++++++
ci-info: +-------+-------------+----------+---------------+-----------+-------+
ci-info: | Route | Destination | Gateway  |    Genmask    | Interface | Flags |
ci-info: +-------+-------------+----------+---------------+-----------+-------+
ci-info: |   0   |   0.0.0.0   | 10.0.2.2 |    0.0.0.0    |    eth0   |   UG  |
ci-info: |   1   |   10.0.2.0  | 0.0.0.0  | 255.255.255.0 |    eth0   |   U   |
ci-info: |   2   |  172.17.0.0 | 0.0.0.0  |  255.255.0.0  |  docker0  |   U   |
ci-info: +-------+-------------+----------+---------------+-----------+-------+
ci-info: +++++++++++++++++++Route IPv6 info+++++++++++++++++++
ci-info: +-------+-------------+---------+-----------+-------+
ci-info: | Route | Destination | Gateway | Interface | Flags |
ci-info: +-------+-------------+---------+-----------+-------+
ci-info: |   0   |  fe80::/64  |    ::   |    eth0   |   U   |
ci-info: |   1   |  fec0::/64  |    ::   |    eth0   |   Ue  |
ci-info: |   2   |     ::/0    | fe80::2 |    eth0   |  UGe  |
ci-info: |   4   |    local    |    ::   |    eth0   |   U   |
ci-info: |   5   |    local    |    ::   |    eth0   |   U   |
ci-info: |   6   |  multicast  |    ::   |    eth0   |   U   |
ci-info: +-------+-------------+---------+-----------+-------+
2026-03-06 02:53:12,423 - cloud_config.py[WARNING]: Failed at merging in cloud config part from part-001: empty cloud config
Generating public/private rsa key pair.
Your identification has been saved in /etc/ssh/ssh_host_rsa_key
Your public key has been saved in /etc/ssh/ssh_host_rsa_key.pub
The key fingerprint is:
SHA256:xjW3NmLXHWQY6VOOUZIXh82VmpGRbjelvA4E5RzBxXs root@agent-3
The key's randomart image is:
+---[RSA 3072]----+
|           o+B@O*|
|          .o.X*+=|
|          o.*.X+.|
|       . . o.@+=E|
|        S o.* +oo|
|       . . +...  |
|             o   |
|              .  |
|                 |
+----[SHA256]-----+
Generating public/private dsa key pair.
Your identification has been saved in /etc/ssh/ssh_host_dsa_key
Your public key has been saved in /etc/ssh/ssh_host_dsa_key.pub
The key fingerprint is:
SHA256:1KCyOwXNCPZ4Hysh2dDiY9g7AGxl1k1qS0w/qHwk+V8 root@agent-3
The key's randomart image is:
+---[DSA 1024]----+
|. ==..o..        |
|.++B==+o o       |
|o+++OB=o. .      |
|o *oB*.+.        |
| o =o++ SE       |
|  o .+. .        |
|   .o  .         |
|     .           |
|                 |
+----[SHA256]-----+
Generating public/private ecdsa key pair.
Your identification has been saved in /etc/ssh/ssh_host_ecdsa_key
Your public key has been saved in /etc/ssh/ssh_host_ecdsa_key.pub
The key fingerprint is:
SHA256:o3ZtIr7wCaJ737lXGjKssDCrxy7Q+k33vyraHa1fKIA root@agent-3
The key's randomart image is:
+---[ECDSA 256]---+
|                 |
|                 |
|                 |
|     .           |
| .  E.. S        |
|+ o   +o.+..     |
|.*.o+.=o=+= .    |
|+.=+.X.Bo* .     |
|=Bo.+.X==++.     |
+----[SHA256]-----+
Generating public/private ed25519 key pair.
Your identification has been saved in /etc/ssh/ssh_host_ed25519_key
Your public key has been saved in /etc/ssh/ssh_host_ed25519_key.pub
The key fingerprint is:
SHA256:TI3fhT4jHFtr2H5lHCQB9Zl3enjzMJteXOopvDJ1Mq0 root@agent-3
The key's randomart image is:
+--[ED25519 256]--+
|           .o+.. |
|         o   .+ o|
|        o o o .=o|
|       o o O o ++|
|        S * O.=.B|
|           ++oo%+|
|           o.== +|
|          o E+ o |
|           o.o+  |
+----[SHA256]-----+
 [ ok ]
Cloud-init v. 23.4 running 'modules:config' at Fri, 06 Mar 2026 02:53:13 +0000. Up 38.73 seconds.
 [ ok ]
Cloud-init v. 23.4 running 'modules:final' at Fri, 06 Mar 2026 02:53:13 +0000. Up 39.24 seconds.
ci-info: no authorized SSH keys fingerprints found for user alpine.
cloud-init: #############################################################
cloud-init: -----BEGIN SSH HOST KEY FINGERPRINTS-----
cloud-init: 1024 SHA256:1KCyOwXNCPZ4Hysh2dDiY9g7AGxl1k1qS0w/qHwk+V8 root@agent-3 (DSA)
cloud-init: 256 SHA256:o3ZtIr7wCaJ737lXGjKssDCrxy7Q+k33vyraHa1fKIA root@agent-3 (ECDSA)
cloud-init: 256 SHA256:TI3fhT4jHFtr2H5lHCQB9Zl3enjzMJteXOopvDJ1Mq0 root@agent-3 (ED25519)
cloud-init: 3072 SHA256:xjW3NmLXHWQY6VOOUZIXh82VmpGRbjelvA4E5RzBxXs root@agent-3 (RSA)
cloud-init: -----END SSH HOST KEY FINGERPRINTS-----
cloud-init: #############################################################
-----BEGIN SSH HOST KEY KEYS-----
ecdsa-sha2-nistp256 AAAAE2VjZHNhLXNoYTItbmlzdHAyNTYAAAAIbmlzdHAyNTYAAABBBJ1Awo9khvQsGBODtpOnkZ5zWeEQ7I5ffSLHd4TO680nslmQxyfu0B8RnpxrrPsJ37yPE8CQWmO41yrRgeWLXQQ= root@agent-3
ssh-ed25519 AAAAC3NzaC1lZDI1NTE5AAAAILJYe/yp1h3uQE2P/RU53HjR38y3v2HwKnva73DqGB/h root@agent-3
ssh-rsa AAAAB3NzaC1yc2EAAAADAQABAAABgQCx7h+qFf8B+kWe3xTGyJjb1WNH+3ZXD4RJG3nX1rMsz+yUpb8ovwTjyfzgvy2+1nYtjVQRVF+JDOgnTXZrSic++Xq4KI4YcofJXUjLtjGqqLLaIriivixmACb7XO9RC8sVUGLtvqtF6GaJE+Y7aNUXyqDegYRRw/zUR6S0cnqYQ/09uNN8yBeUk8G5clyl2p3IAG15WD8XK6ZzJCw/YSuM/DXCftnwkfmaxVAPEJI2ePtCVdI95bvlqzYGvImyYZwO/ndcs2vuMAjdqg+GYJ0bD0ChsuLFJoAX5lXEXK+H0q7Wc7khp0wlGQ6HyZnUXd7hVUB29uYjoni4PtpmvlU6pifOuWZl3aDcMvKq2MRMugIDD67fx144V/2cwVAqPV+HWdRD34fWhEaMz8SgpHT/XvKlII+VPm36NBr3rf0MR9cToPwvJnP4BYIV3dqKu2MB5g1l7xqG/6jsoglI8wK30UDnzLrJ8lkI4VgTP3M9EcvRGm5MXv+48fXG1ur/4Pc= root@agent-3
-----END SSH HOST KEY KEYS-----
Cloud-init v. 23.4 finished at Fri, 06 Mar 2026 02:53:14 +0000. Datasource DataSourceNoCloud [seed=/dev/vdb][dsmode=net].  Up 39.38 seconds
 [ ok ]

Welcome to Alpine Linux 3.19
Kernel 6.6.4-1-virt on an x86_64 (/dev/ttyS0)

agent-3 login: 