c[?7l[2J[0mSeaBIOS (version 1.15.0-1)


iPXE (https://ipxe.org) 00:03.0 CA00 PCI2.10 PnP PMM+BFF8B380+BFECB380 CA00
Press Ctrl-B to configure iPXE (PCI 00:03.0)...                                                                               


Booting from Hard Disk...

SYSLINUX 6.04 EDD 6.04-pre1 Copyright (C) 1994-2015 H. Peter Anvin et al

SYSLINUX 6.04 6.04-pre1 Copyright (C) 1994-2015 H. Peter Anvin et al
[2Je%@)0(B[0;37;40m[?25l[2J[23;16HAlpine will be booted automatically in [0;1m1[0m seconds[23;16H[0;37;40mA.lpine will be booted automatically in [0;1;37;40m1[0;37;40m seconds.[23;16H                                                 [23;16H[0;37;40m                                                  [?25h[24;1H[0m 
Loading vmlinuz-virt...Loading vmlinuz-virt...  ook
k
Loading initramfs-virt..Loading initramfs-virt....ookk

c[?7l[2J[    0.000000] Linux version 6.6.4-1-virt (buildozer@build-3-19-x86_64) (gcc (Alpine 13.2.1_git20231014) 13.2.1 20231014, GNU ld (GNU Binutils) 2.41) #2-Alpine SMP PREEMPT_DYNAMIC Tue, 05 Dec 2023 20:25:50 +0000
[    0.000000] Command line: BOOT_IMAGE=vmlinuz-virt root=LABEL=/ modules=sd-mod,usb-storage,ext4 console=ttyS0,115200n8 initrd=initramfs-virt
[    0.000000] BIOS-provided physical RAM map:
[    0.000000] BIOS-e820: [mem 0x0000000000000000-0x000000000009fbff] usable
[    0.000000] BIOS-e820: [mem 0x000000000009fc00-0x000000000009ffff] reserved
[    0.000000] BIOS-e820: [mem 0x00000000000f0000-0x00000000000fffff] reserved
[    0.000000] BIOS-e820: [mem 0x0000000000100000-0x00000000bffd9fff] usable
[    0.000000] BIOS-e820: [mem 0x00000000bffda000-0x00000000bfffffff] reserved
[    0.000000] BIOS-e820: [mem 0x00000000feffc000-0x00000000feffffff] reserved
[    0.000000] BIOS-e820: [mem 0x00000000fffc0000-0x00000000ffffffff] reserved
[    0.000000] BIOS-e820: [mem 0x0000000100000000-0x000000013fffffff] usable
[    0.000000] NX (Execute Disable) protection: active
[    0.000000] APIC: Static calls initialized
[    0.000000] SMBIOS 2.8 present.
[    0.000000] DMI: QEMU Standard PC (i440FX + PIIX, 1996), BIOS 1.15.0-1 04/01/2014
[    0.000000] Hypervisor detected: KVM
[    0.000000] kvm-clock: Using msrs 4b564d01 and 4b564d00
[    0.000001] kvm-clock: using sched offset of 2461921907 cycles
[    0.000003] clocksource: kvm-clock: mask: 0xffffffffffffffff max_cycles: 0x1cd42e4dffb, max_idle_ns: 881590591483 ns
[    0.000006] tsc: Detected 2799.998 MHz processor
[    0.000904] last_pfn = 0x140000 max_arch_pfn = 0x400000000
[    0.001280] MTRR map: 4 entries (3 fixed + 1 variable; max 19), built from 8 variable MTRRs
[    0.001295] x86/PAT: Configuration [0-7]: WB  WC  UC- UC  WB  WP  UC- WT  
[    0.001787] last_pfn = 0xbffda max_arch_pfn = 0x400000000
[    0.002148] RAMDISK: [mem 0x7f71e000-0x7fffffff]
[    0.002151] ACPI: Early table checksum verification disabled
[    0.002156] ACPI: RSDP 0x00000000000F59A0 000014 (v00 BOCHS )
[    0.002161] ACPI: RSDT 0x00000000BFFE1975 000034 (v01 BOCHS  BXPC     00000001 BXPC 00000001)
[    0.002167] ACPI: FACP 0x00000000BFFE1821 000074 (v01 BOCHS  BXPC     00000001 BXPC 00000001)
[    0.002199] ACPI: DSDT 0x00000000BFFE0040 0017E1 (v01 BOCHS  BXPC     00000001 BXPC 00000001)
[    0.002204] ACPI: FACS 0x00000000BFFE0000 000040
[    0.002207] ACPI: APIC 0x00000000BFFE1895 000080 (v01 BOCHS  BXPC     00000001 BXPC 00000001)
[    0.002210] ACPI: HPET 0x00000000BFFE1915 000038 (v01 BOCHS  BXPC     00000001 BXPC 00000001)
[    0.002213] ACPI: WAET 0x00000000BFFE194D 000028 (v01 BOCHS  BXPC     00000001 BXPC 00000001)
[    0.002215] ACPI: Reserving FACP table memory at [mem 0xbffe1821-0xbffe1894]
[    0.002216] ACPI: Reserving DSDT table memory at [mem 0xbffe0040-0xbffe1820]
[    0.002217] ACPI: Reserving FACS table memory at [mem 0xbffe0000-0xbffe003f]
[    0.002218] ACPI: Reserving APIC table memory at [mem 0xbffe1895-0xbffe1914]
[    0.002218] ACPI: Reserving HPET table memory at [mem 0xbffe1915-0xbffe194c]
[    0.002219] ACPI: Reserving WAET table memory at [mem 0xbffe194d-0xbffe1974]
[    0.002713] Zone ranges:
[    0.002715]   DMA      [mem 0x0000000000001000-0x0000000000ffffff]
[    0.002717]   DMA32    [mem 0x0000000001000000-0x00000000ffffffff]
[    0.002718]   Normal   [mem 0x0000000100000000-0x000000013fffffff]
[    0.002719] Movable zone start for each node
[    0.002720] Early memory node ranges
[    0.002721]   node   0: [mem 0x0000000000001000-0x000000000009efff]
[    0.002722]   node   0: [mem 0x0000000000100000-0x00000000bffd9fff]
[    0.002723]   node   0: [mem 0x0000000100000000-0x000000013fffffff]
[    0.002724] Initmem setup node 0 [mem 0x0000000000001000-0x000000013fffffff]
[    0.002815] On node 0, zone DMA: 1 pages in unavailable ranges
[    0.004066] On node 0, zone DMA: 97 pages in unavailable ranges
[    0.360351] On node 0, zone Normal: 38 pages in unavailable ranges
[    0.363569] ACPI: PM-Timer IO Port: 0x608
[    0.363608] ACPI: LAPIC_NMI (acpi_id[0xff] dfl dfl lint[0x1])
[    0.365619] IOAPIC[0]: apic_id 0, version 17, address 0xfec00000, GSI 0-23
[    0.365624] ACPI: INT_SRC_OVR (bus 0 bus_irq 0 global_irq 2 dfl dfl)
[    0.365626] ACPI: INT_SRC_OVR (bus 0 bus_irq 5 global_irq 5 high level)
[    0.365627] ACPI: INT_SRC_OVR (bus 0 bus_irq 9 global_irq 9 high level)
[    0.365628] ACPI: INT_SRC_OVR (bus 0 bus_irq 10 global_irq 10 high level)
[    0.365629] ACPI: INT_SRC_OVR (bus 0 bus_irq 11 global_irq 11 high level)
[    0.365633] ACPI: Using ACPI (MADT) for SMP configuration information
[    0.365635] ACPI: HPET id: 0x8086a201 base: 0xfed00000
[    0.365666] smpboot: Allowing 2 CPUs, 0 hotplug CPUs
[    0.365723] kvm-guest: APIC: eoi() replaced with kvm_guest_apic_eoi_write()
[    0.365779] [mem 0xc0000000-0xfeffbfff] available for PCI devices
[    0.365781] Booting paravirtualized kernel on KVM
[    0.365783] clocksource: refined-jiffies: mask: 0xffffffff max_cycles: 0xffffffff, max_idle_ns: 19112604462750000 ns
[    0.369340] setup_percpu: NR_CPUS:256 nr_cpumask_bits:2 nr_cpu_ids:2 nr_node_ids:1
[    0.380248] percpu: Embedded 57 pages/cpu s195048 r8192 d30232 u1048576
[    0.380363] kvm-guest: PV spinlocks disabled, no host support
[    0.380365] Kernel command line: BOOT_IMAGE=vmlinuz-virt root=LABEL=/ modules=sd-mod,usb-storage,ext4 console=ttyS0,115200n8 initrd=initramfs-virt
[    0.380419] Unknown kernel command line parameters "BOOT_IMAGE=vmlinuz-virt modules=sd-mod,usb-storage,ext4", will be passed to user space.
[    0.402874] Dentry cache hash table entries: 524288 (order: 10, 4194304 bytes, linear)
[    0.413711] Inode-cache hash table entries: 262144 (order: 9, 2097152 bytes, linear)
[    0.413927] Built 1 zonelists, mobility grouping on.  Total pages: 1031898
[    0.430810] mem auto-init: stack:all(zero), heap alloc:on, heap free:off
[    0.430819] software IO TLB: area num 2.
[    0.828416] Memory: 4012148K/4193760K available (12288K kernel code, 1744K rwdata, 8008K rodata, 2640K init, 2300K bss, 181352K reserved, 0K cma-reserved)
[    0.835761] SLUB: HWalign=64, Order=0-3, MinObjects=0, CPUs=2, Nodes=1
[    0.836178] Kernel/User page tables isolation: enabled
[    0.857794] Dynamic Preempt: none
[    0.858269] rcu: Preemptible hierarchical RCU implementation.
[    0.858290] rcu: 	RCU restricting CPUs from NR_CPUS=256 to nr_cpu_ids=2.
[    0.858332] 	Trampoline variant of Tasks RCU enabled.
[    0.858353] 	Tracing variant of Tasks RCU enabled.
[    0.858374] rcu: RCU calculated value of scheduler-enlistment delay is 10 jiffies.
[    0.858375] rcu: Adjusting geometry for rcu_fanout_leaf=16, nr_cpu_ids=2
[    0.870182] NR_IRQS: 16640, nr_irqs: 440, preallocated irqs: 16
[    0.871368] rcu: srcu_init: Setting srcu_struct sizes based on contention.
[    0.871827] kfence: initialized - using 2097152 bytes for 255 objects at 0x(____ptrval____)-0x(____ptrval____)
[    0.901341] Console: colour VGA+ 80x25
[    0.901903] printk: console [ttyS0] enabled
[    1.233475] ACPI: Core revision 20230628
[    1.236975] clocksource: hpet: mask: 0xffffffff max_cycles: 0xffffffff, max_idle_ns: 19112604467 ns
[    1.242554] APIC: Switch to symmetric I/O mode setup
[    1.246999] x2apic enabled
[    1.250357] APIC: Switched APIC routing to: physical x2apic
[    1.260104] ..TIMER: vector=0x30 apic1=0 pin1=2 apic2=-1 pin2=-1
[    1.263459] clocksource: tsc-early: mask: 0xffffffffffffffff max_cycles: 0x285c3ee517e, max_idle_ns: 440795257231 ns
[    1.268988] Calibrating delay loop (skipped) preset value.. 5599.99 BogoMIPS (lpj=27999980)
[    1.280166] Last level iTLB entries: 4KB 0, 2MB 0, 4MB 0
[    1.282989] Last level dTLB entries: 4KB 0, 2MB 0, 4MB 0, 1GB 0
[    1.286237] Spectre V1 : Mitigation: usercopy/swapgs barriers and __user pointer sanitization
[    1.288968] Spectre V2 : Mitigation: Retpolines
[    1.291401] Spectre V2 : Spectre v2 / SpectreRSB mitigation: Filling RSB on context switch
[    1.295738] Spectre V2 : Spectre v2 / SpectreRSB : Filling RSB on VMEXIT
[    1.298992] Speculative Store Bypass: Vulnerable
[    1.301505] MDS: Vulnerable: Clear CPU buffers attempted, no microcode
[    1.304964] MMIO Stale Data: Unknown: No mitigations
[    1.308991] x86/fpu: x87 FPU will use FXSAVE
[    1.357529] Freeing SMP alternatives memory: 32K
[    1.358969] pid_max: default: 32768 minimum: 301
[    1.362009] LSM: initializing lsm=capability,landlock,lockdown,integrity
[    1.366314] landlock: Up and running.
[    1.369520] Mount-cache hash table entries: 8192 (order: 4, 65536 bytes, linear)
[    1.373732] Mountpoint-cache hash table entries: 8192 (order: 4, 65536 bytes, linear)
[    1.501398] smpboot: CPU0: Intel QEMU Virtual CPU version 2.5+ (family: 0xf, model: 0x6b, stepping: 0x1)
[    1.508750] RCU Tasks: Setting shift to 1 and lim to 1 rcu_task_cb_adjust=1.
[    1.509071] RCU Tasks Trace: Setting shift to 1 and lim to 1 rcu_task_cb_adjust=1.
[    1.513200] Performance Events: unsupported Netburst CPU model 107 no PMU driver, software events only.
[    1.519281] signal: max sigframe size: 1440
[    1.521818] rcu: Hierarchical SRCU implementation.
[    1.524338] rcu: 	Max phase no-delay instances is 1000.
[    1.529218] NMI watchdog: Perf NMI watchdog permanently disabled
[    1.532651] smp: Bringing up secondary CPUs ...
[    1.536261] smpboot: x86: Booting SMP configuration:
[    1.538928] .... node  #0, CPUs:      #1
[    1.552660] smp: Brought up 1 node, 2 CPUs
[    1.558993] smpboot: Max logical packages: 1
[    1.561251] ----------------
[    1.562775] | NMI testsuite:
[    1.564323] --------------------
[    1.566039]   remote IPI:  ok  |
[    1.568967]    local IPI:  ok  |
[    1.570741] --------------------
[    1.572474] Good, all   2 testcases passed! |
[    1.574782] ---------------------------------
[    1.577077] smpboot: Total of 2 processors activated (11199.99 BogoMIPS)
[    1.580650] devtmpfs: initialized
[    1.580926] x86/mm: Memory block size: 128MB
[    1.589900] clocksource: jiffies: mask: 0xffffffff max_cycles: 0xffffffff, max_idle_ns: 19112604462750000 ns
[    1.594465] futex hash table entries: 512 (order: 3, 32768 bytes, linear)
[    1.614932] NET: Registered PF_NETLINK/PF_ROUTE protocol family
[    1.618374] audit: initializing netlink subsys (disabled)
[    1.619114] audit: type=2000 audit(1772765556.565:1): state=initialized audit_enabled=0 res=1
[    1.619161] thermal_sys: Registered thermal governor 'step_wise'
[    1.623629] cpuidle: using governor ladder
[    1.631132] cpuidle: using governor menu
[    1.633464] acpiphp: ACPI Hot Plug PCI Controller Driver version: 0.5
[    1.637829] PCI: Using configuration type 1 for base access
[    1.639331] kprobes: kprobe jump-optimization is enabled. All kprobes are optimized if possible.
[    1.644733] HugeTLB: registered 2.00 MiB page size, pre-allocated 0 pages
[    1.648967] HugeTLB: 28 KiB vmemmap can be freed for a 2.00 MiB page
[    1.652486] ACPI: Added _OSI(Module Device)
[    1.652486] ACPI: Added _OSI(Processor Device)
[    1.658967] ACPI: Added _OSI(3.0 _SCP Extensions)
[    1.661438] ACPI: Added _OSI(Processor Aggregator Device)
[    1.665011] ACPI: 1 ACPI AML tables successfully acquired and loaded
[    1.670413] ACPI: _OSC evaluation for CPUs failed, trying _PDC
[    1.673564] ACPI: Interpreter enabled
[    1.675597] ACPI: PM: (supports S0 S3 S5)
[    1.677728] ACPI: Using IOAPIC for interrupt routing
[    1.679033] PCI: Using host bridge windows from ACPI; if necessary, use "pci=nocrs" and report a bug
[    1.683749] PCI: Using E820 reservations for host bridge windows
[    1.689105] ACPI: Enabled 2 GPEs in block 00 to 0F
[    1.695301] ACPI: PCI Root Bridge [PCI0] (domain 0000 [bus 00-ff])
[    1.698977] acpi PNP0A03:00: _OSC: OS supports [ASPM ClockPM Segments MSI HPX-Type3]
[    1.702987] acpi PNP0A03:00: _OSC: not requesting OS control; OS requires [ExtendedConfig ASPM ClockPM MSI]
[    1.708049] acpi PNP0A03:00: fail to add MMCONFIG information, can't access extended configuration space under this bridge
[    1.709504] acpiphp: Slot [3] registered
[    1.711661] acpiphp: Slot [4] registered
[    1.713785] acpiphp: Slot [5] registered
[    1.719605] acpiphp: Slot [6] registered
[    1.721857] acpiphp: Slot [7] registered
[    1.723976] acpiphp: Slot [8] registered
[    1.726092] acpiphp: Slot [9] registered
[    1.729052] acpiphp: Slot [10] registered
[    1.731240] acpiphp: Slot [11] registered
[    1.733390] acpiphp: Slot [12] registered
[    1.735545] acpiphp: Slot [13] registered
[    1.739018] acpiphp: Slot [14] registered
[    1.741157] acpiphp: Slot [15] registered
[    1.743284] acpiphp: Slot [16] registered
[    1.745435] acpiphp: Slot [17] registered
[    1.747641] acpiphp: Slot [18] registered
[    1.749035] acpiphp: Slot [19] registered
[    1.751205] acpiphp: Slot [20] registered
[    1.753336] acpiphp: Slot [21] registered
[    1.755491] acpiphp: Slot [22] registered
[    1.757646] acpiphp: Slot [23] registered
[    1.759019] acpiphp: Slot [24] registered
[    1.761183] acpiphp: Slot [25] registered
[    1.763392] acpiphp: Slot [26] registered
[    1.765530] acpiphp: Slot [27] registered
[    1.769029] acpiphp: Slot [28] registered
[    1.771204] acpiphp: Slot [29] registered
[    1.773414] acpiphp: Slot [30] registered
[    1.778161] acpiphp: Slot [31] registered
[    1.779014] PCI host bridge to bus 0000:00
[    1.781335] pci_bus 0000:00: root bus resource [io  0x0000-0x0cf7 window]
[    1.784948] pci_bus 0000:00: root bus resource [io  0x0d00-0xffff window]
[    1.788967] pci_bus 0000:00: root bus resource [mem 0x000a0000-0x000bffff window]
[    1.792800] pci_bus 0000:00: root bus resource [mem 0xc0000000-0xfebfffff window]
[    1.798966] pci_bus 0000:00: root bus resource [mem 0x140000000-0x1bfffffff window]
[    1.803069] pci_bus 0000:00: root bus resource [bus 00-ff]
[    1.806371] pci 0000:00:00.0: [8086:1237] type 00 class 0x060000
[    1.811968] pci 0000:00:01.0: [8086:7000] type 00 class 0x060100
[    1.819439] pci 0000:00:01.1: [8086:7010] type 00 class 0x010180
[    1.826901] pci 0000:00:01.1: reg 0x20: [io  0xc160-0xc16f]
[    1.830555] pci 0000:00:01.1: legacy IDE quirk: reg 0x10: [io  0x01f0-0x01f7]
[    1.834503] pci 0000:00:01.1: legacy IDE quirk: reg 0x14: [io  0x03f6]
[    1.838966] pci 0000:00:01.1: legacy IDE quirk: reg 0x18: [io  0x0170-0x0177]
[    1.842722] pci 0000:00:01.1: legacy IDE quirk: reg 0x1c: [io  0x0376]
[    1.847610] pci 0000:00:01.3: [8086:7113] type 00 class 0x068000
[    1.851339] pci 0000:00:01.3: quirk: [io  0x0600-0x063f] claimed by PIIX4 ACPI
[    1.855130] pci 0000:00:01.3: quirk: [io  0x0700-0x070f] claimed by PIIX4 SMB
[    1.859931] pci 0000:00:02.0: [1234:1111] type 00 class 0x030000
[    1.870470] pci 0000:00:02.0: reg 0x10: [mem 0xfd000000-0xfdffffff pref]
[    1.880648] pci 0000:00:02.0: reg 0x18: [mem 0xfeb90000-0xfeb90fff]
[    1.899398] pci 0000:00:02.0: reg 0x30: [mem 0xfeb80000-0xfeb8ffff pref]
[    1.905256] pci 0000:00:02.0: Video device with shadowed ROM at [mem 0x000c0000-0x000dffff]
[    1.915729] pci 0000:00:03.0: [1af4:1000] type 00 class 0x020000
[    1.920329] pci 0000:00:03.0: reg 0x10: [io  0xc140-0xc15f]
[    1.924592] pci 0000:00:03.0: reg 0x14: [mem 0xfeb91000-0xfeb91fff]
[    1.933149] pci 0000:00:03.0: reg 0x20: [mem 0xfe000000-0xfe003fff 64bit pref]
[    1.939528] pci 0000:00:03.0: reg 0x30: [mem 0xfeb00000-0xfeb7ffff pref]
[    1.950075] pci 0000:00:04.0: [1af4:1009] type 00 class 0x000200
[    1.954579] pci 0000:00:04.0: reg 0x10: [io  0xc100-0xc13f]
[    1.958841] pci 0000:00:04.0: reg 0x14: [mem 0xfeb92000-0xfeb92fff]
[    1.962197] pci 0000:00:04.0: reg 0x20: [mem 0xfe004000-0xfe007fff 64bit pref]
[    1.974154] pci 0000:00:05.0: [1af4:1001] type 00 class 0x010000
[    1.979671] pci 0000:00:05.0: reg 0x10: [io  0xc000-0xc07f]
[    1.984051] pci 0000:00:05.0: reg 0x14: [mem 0xfeb93000-0xfeb93fff]
[    1.992266] pci 0000:00:05.0: reg 0x20: [mem 0xfe008000-0xfe00bfff 64bit pref]
[    2.010319] pci 0000:00:06.0: [1af4:1001] type 00 class 0x010000
[    2.015377] pci 0000:00:06.0: reg 0x10: [io  0xc080-0xc0ff]
[    2.021349] pci 0000:00:06.0: reg 0x14: [mem 0xfeb94000-0xfeb94fff]
[    2.029717] pci 0000:00:06.0: reg 0x20: [mem 0xfe00c000-0xfe00ffff 64bit pref]
[    2.043237] ACPI: PCI: Interrupt link LNKA configured for IRQ 10
[    2.046831] ACPI: PCI: Interrupt link LNKB configured for IRQ 10
[    2.049187] ACPI: PCI: Interrupt link LNKC configured for IRQ 11
[    2.052622] ACPI: PCI: Interrupt link LNKD configured for IRQ 11
[    2.056113] ACPI: PCI: Interrupt link LNKS configured for IRQ 9
[    2.067466] iommu: Default domain type: Translated
[    2.071715] iommu: DMA domain TLB invalidation policy: lazy mode
[    2.081118] SCSI subsystem initialized
[    2.083648] pps_core: LinuxPPS API ver. 1 registered
[    2.083648] pps_core: Software ver. 5.3.6 - Copyright 2005-2007 Rodolfo Giometti <giometti@linux.it>
[    2.089009] PTP clock support registered
[    2.102374] PCI: Using ACPI for IRQ routing
[    2.116602] hpet: 3 channels of 0 reserved for per-cpu timers
[    2.119416] clocksource: Switched to clocksource kvm-clock
[    2.143472] VFS: Disk quotas dquot_6.6.0
[    2.146642] VFS: Dquot-cache hash table entries: 512 (order 0, 4096 bytes)
[    2.152483] pnp: PnP ACPI init
[    2.156192] pnp: PnP ACPI: found 6 devices
[    2.177167] clocksource: acpi_pm: mask: 0xffffff max_cycles: 0xffffff, max_idle_ns: 2085701024 ns
[    2.189486] NET: Registered PF_INET protocol family
[    2.195451] IP idents hash table entries: 65536 (order: 7, 524288 bytes, linear)
[    2.202389] tcp_listen_portaddr_hash hash table entries: 2048 (order: 3, 32768 bytes, linear)
[    2.208749] Table-perturb hash table entries: 65536 (order: 6, 262144 bytes, linear)
[    2.215197] TCP established hash table entries: 32768 (order: 6, 262144 bytes, linear)
[    2.225623] TCP bind hash table entries: 32768 (order: 8, 1048576 bytes, linear)
[    2.229985] TCP: Hash tables configured (established 32768 bind 32768)
[    2.234837] UDP hash table entries: 2048 (order: 4, 65536 bytes, linear)
[    2.238964] UDP-Lite hash table entries: 2048 (order: 4, 65536 bytes, linear)
[    2.243081] NET: Registered PF_UNIX/PF_LOCAL protocol family
[    2.246311] NET: Registered PF_XDP protocol family
[    2.249290] pci_bus 0000:00: resource 4 [io  0x0000-0x0cf7 window]
[    2.252580] pci_bus 0000:00: resource 5 [io  0x0d00-0xffff window]
[    2.255836] pci_bus 0000:00: resource 6 [mem 0x000a0000-0x000bffff window]
[    2.259704] pci_bus 0000:00: resource 7 [mem 0xc0000000-0xfebfffff window]
[    2.263324] pci_bus 0000:00: resource 8 [mem 0x140000000-0x1bfffffff window]
[    2.267138] pci 0000:00:01.0: PIIX3: Enabling Passive Release
[    2.270495] pci 0000:00:00.0: Limiting direct PCI/PCI transfers
[    2.274061] PCI: CLS 0 bytes, default 64
[    2.276294] PCI-DMA: Using software bounce buffering for IO (SWIOTLB)
[    2.277047] Unpacking initramfs...
[    2.279866] software IO TLB: mapped [mem 0x00000000bbfda000-0x00000000bffda000] (64MB)
[    2.286059] clocksource: tsc: mask: 0xffffffffffffffff max_cycles: 0x285c3ee517e, max_idle_ns: 440795257231 ns
[    2.292545] Initialise system trusted keyrings
[    2.295496] workingset: timestamp_bits=46 max_order=20 bucket_order=0
[    2.299107] zbud: loaded
[    2.301308] Key type asymmetric registered
[    2.303603] Asymmetric key parser 'x509' registered
[    2.306474] Block layer SCSI generic (bsg) driver version 0.4 loaded (major 247)
[    2.317731] io scheduler mq-deadline registered
[    2.320198] io scheduler kyber registered
[    2.322465] io scheduler bfq registered
[    2.325868] ERST DBG: ERST support is disabled.
[    2.340550] ACPI: \_SB_.LNKC: Enabled at IRQ 11
[    2.359023] ACPI: \_SB_.LNKD: Enabled at IRQ 10
[    2.377803] ACPI: \_SB_.LNKA: Enabled at IRQ 10
[    2.396118] ACPI: \_SB_.LNKB: Enabled at IRQ 11
[    2.403329] Serial: 8250/16550 driver, 4 ports, IRQ sharing enabled
[    2.407667] 00:04: ttyS0 at I/O 0x3f8 (irq = 4, base_baud = 115200) is a 16550A
[    2.415398] VMware PVSCSI driver - version 1.0.7.0-k
[    2.421839] scsi host0: ata_piix
[    2.424375] scsi host1: ata_piix
[    2.426281] ata1: PATA max MWDMA2 cmd 0x1f0 ctl 0x3f6 bmdma 0xc160 irq 14
[    2.429907] ata2: PATA max MWDMA2 cmd 0x170 ctl 0x376 bmdma 0xc168 irq 15
[    2.434084] i8042: PNP: PS/2 Controller [PNP0303:KBD,PNP0f13:MOU] at 0x60,0x64 irq 1,12
[    2.442120] serio: i8042 KBD port at 0x60,0x64 irq 1
[    2.445273] serio: i8042 AUX port at 0x60,0x64 irq 12
[    2.449046] rtc_cmos 00:05: RTC can wake from S4
[    2.455762] rtc_cmos 00:05: registered as rtc0
[    2.459158] rtc_cmos 00:05: setting system clock to 2026-03-06T02:52:36 UTC (1772765556)
[    2.464528] rtc_cmos 00:05: alarms up to one day, y3k, 242 bytes nvram, hpet irqs
[    2.469559] intel_pstate: CPU model not supported
[    2.473009] gre: GRE over IPv4 demultiplexor driver
[    2.505493] Freeing initrd memory: 9096K
[    2.532046] input: AT Translated Set 2 keyboard as /devices/platform/i8042/serio0/input/input0
[    2.537383] Key type dns_resolver registered
[    2.539982] IPI shorthand broadcast: enabled
[    2.545127] sched_clock: Marking stable (2162203624, 377495701)->(2549378183, -9678858)
[    2.555920] registered taskstats version 1
[    2.558403] Loading compiled-in X.509 certificates
[    2.569339] Loaded X.509 cert 'alpinelinux.org: Alpine Linux kernel key: d76a695f66ad9cd28f5c22a8508f36e91f521f7a'
[    2.579733] Key type .fscrypt registered
[    2.581830] Key type fscrypt-provisioning registered
[    2.599374] ata2: found unknown device (class 0)
[    2.602826] ata2.00: ATAPI: QEMU DVD-ROM, 2.5+, max UDMA/100
[    2.608630] scsi 1:0:0:0: CD-ROM            QEMU     QEMU DVD-ROM     2.5+ PQ: 0 ANSI: 5
[    2.681926] Freeing unused kernel image (initmem) memory: 2640K
[    2.727736] Write protecting the kernel read-only data: 20480k
[    2.731472] Freeing unused kernel image (rodata/data gap) memory: 184K
[    2.734016] rodata_test: all tests were successful
[    2.742308] Run /init as init process
[    2.781782] Alpine Init 3.9.0-r0
Alpine Init 3.9.0-r0
[    2.784285] Loading boot drivers...
 * Loading boot drivers: [    2.854362] ACPI: bus type USB registered
[    2.855905] usbcore: registered new interface driver usbfs
[    2.857662] usbcore: registered new interface driver hub
[    2.859490] usbcore: registered new device driver usb
[    2.865174] usbcore: registered new interface driver usb-storage
[    3.085626] loop: module loaded
[    3.118250] ACPI: bus type drm_connector registered
[    3.149213] Loading boot drivers: ok.
ok.
[    3.152956] Mounting root...
 * Mounting root: [    3.213456] piix4_smbus 0000:00:01.3: SMBus Host Controller at 0x700, revision 0
[    3.236573] [drm] Found bochs VGA, ID 0xb0c5.
[    3.238081] [drm] Framebuffer size 16384 kB @ 0xfd000000, mmio @ 0xfeb90000.
[    3.246410] [drm] Found EDID data blob.
[    3.248118] [drm] Initialized bochs-drm 1.0.0 20130925 for 0000:00:02.0 on minor 0
[    3.295851] Console: switching to colour frame buffer device 128x48
[    3.298745] bochs-drm 0000:00:02.0: [drm] fb0: bochs-drmdrmfb frame buffer device
[    3.420211] sr 1:0:0:0: [sr0] scsi3-mmc drive: 4x/4x cd/rw xa/form2 tray
[    3.422300] cdrom: Uniform CD-ROM driver Revision: 3.20
[    3.504818] virtio_blk virtio2: 2/0/0 default/read/poll queues
[    3.511824] virtio_blk virtio2: [vda] 8388608 512-byte logical blocks (4.29 GB/4.00 GiB)
[    3.515996] virtio_blk virtio3: 2/0/0 default/read/poll queues
[    3.522137] virtio_blk virtio3: [vdb] 736 512-byte logical blocks (377 kB/368 KiB)
[    3.597288] block sr0: the capability attribute has been deprecated.
[    6.485957] EXT4-fs (vda): mounted filesystem 367ceb5a-a72a-4cc6-9140-e18812d3c81b ro with ordered data mode. Quota mode: none.
[    6.490025] Mounting root: ok.
ok.

   OpenRC 0.52.1 is starting up Linux 6.6.4-1-virt (x86_64)

 * /proc is already mounted
 * Mounting /run ... [ ok ]
 * /run/openrc: creating directory
 * /run/lock: creating directory
 * /run/lock: correcting owner
 * Caching service dependencies ... [ ok ]
 * Remounting devtmpfs on /dev ... [ ok ]
 * Mounting /dev/mqueue ... [ ok ]
 * Mounting security filesystem ... [ ok ]
 * Mounting debug filesystem ... [ ok ]
 * Mounting persistent storage (pstore) filesystem ... [ ok ]
 * Starting busybox mdev ... [ ok ]
 * Scanning hardware for mdev ... [ ok ]
 * Loading hardware drivers ... [ ok ]
 * Loading modules ... [ ok ]
 * Setting system clock using the hardware clock [UTC] ... [ ok ]
 * Checking local filesystems  .../: clean, 8723/65536 files, 158031/262144 blocks
 [ ok ]
 * Remounting root filesystem read/write ... [ ok ]
 * Remounting filesystems ... [ ok ]
 * Activating swap devices ... [ ok ]
 * Mounting local filesystems ... [ ok ]
 * Starting busybox acpid ... [ ok ]
 * Configuring kernel parameters ... [ ok ]
 * Migrating /var/lock to /run/lock ... [ ok ]
 * Creating user login records ... [ ok ]
 * Cleaning /tmp directory ... [ ok ]
Cloud-init v. 23.4 running 'init-local' at Fri, 06 Mar 2026 02:52:45 +0000. Up 11.06 seconds.
 [ ok ]
 * Setting hostname ... [ ok ]
 * Starting busybox syslog ... [ ok ]
 * Mounting cgroup filesystem ... [ ok ]
 * Starting networking ... *   lo ... [ ok ]
 *   eth0 ... [ ok ]
 * /var/log/docker.log: creating file
 * /var/log/docker.log: correcting owner
 * Starting Docker Daemon ... [ ok ]
 * Starting benchmark agent ...
[1A[2Ka257f20c716c: Loading layer  557.1kB/81.04MB[1B[1A[2Ka257f20c716c: Loading layer  6.128MB/81.04MB[1B[1A[2Ka257f20c716c: Loading layer  11.14MB/81.04MB[1B[1A[2Ka257f20c716c: Loading layer  17.27MB/81.04MB[1B[1A[2Ka257f20c716c: Loading layer  22.84MB/81.04MB[1B[1A[2Ka257f20c716c: Loading layer  26.74MB/81.04MB[1B[1A[2Ka257f20c716c: Loading layer  30.64MB/81.04MB[1B[1A[2Ka257f20c716c: Loading layer  36.77MB/81.04MB[1B[1A[2Ka257f20c716c: Loading layer  43.45MB/81.04MB[1B[1A[2Ka257f20c716c: Loading layer  49.02MB/81.04MB[1B[1A[2Ka257f20c716c: Loading layer  54.03MB/81.04MB[1B[1A[2Ka257f20c716c: Loading layer  60.72MB/81.04MB[1B[1A[2Ka257f20c716c: Loading layer  65.18MB/81.04MB[1B[1A[2Ka257f20c716c: Loading layer  66.85MB/81.04MB[1B[1A[2Ka257f20c716c: Loading layer  69.07MB/81.04MB[1B[1A[2Ka257f20c716c: Loading layer  73.53MB/81.04MB[1B[1A[2Ka257f20c716c: Loading layer   75.2MB/81.04MB[1B[1A[2Ka257f20c716c: Loading layer  75.76MB/81.04MB[1B[1A[2Ka257f20c716c: Loading layer  76.32MB/81.04MB[1B[1A[2Ka257f20c716c: Loading layer   79.1MB/81.04MB[1B[1A[2Ka257f20c716c: Loading layer  81.04MB/81.04MB[1B
[1A[2Kb0c20bcd44fe: Loading layer  65.54kB/4.123MB[1B[1A[2Kb0c20bcd44fe: Loading layer  1.901MB/4.123MB[1B[1A[2Kb0c20bcd44fe: Loading layer  4.123MB/4.123MB[1B[1A[2Kb0c20bcd44fe: Loading layer  4.123MB/4.123MB[1B
[1A[2K5184c31ad48f: Loading layer  458.8kB/43.85MB[1B[1A[2K5184c31ad48f: Loading layer  3.211MB/43.85MB[1B[1A[2K5184c31ad48f: Loading layer  9.634MB/43.85MB[1B[1A[2K5184c31ad48f: Loading layer  12.85MB/43.85MB[1B[1A[2K5184c31ad48f: Loading layer  17.89MB/43.85MB[1B[1A[2K5184c31ad48f: Loading layer   23.4MB/43.85MB[1B[1A[2K5184c31ad48f: Loading layer  27.07MB/43.85MB[1B[1A[2K5184c31ad48f: Loading layer  29.82MB/43.85MB[1B[1A[2K5184c31ad48f: Loading layer  33.03MB/43.85MB[1B[1A[2K5184c31ad48f: Loading layer  35.78MB/43.85MB[1B[1A[2K5184c31ad48f: Loading layer  38.54MB/43.85MB[1B[1A[2K5184c31ad48f: Loading layer  41.29MB/43.85MB[1B[1A[2K5184c31ad48f: Loading layer  43.85MB/43.85MB[1B
[1A[2Kfa1d322086e6: Loading layer   5.12kB/5.12kB[1B[1A[2Kfa1d322086e6: Loading layer   5.12kB/5.12kB[1B
[1A[2Kbdf610394df6: Loading layer  22.02kB/22.02kB[1B[1A[2Kbdf610394df6: Loading layer  22.02kB/22.02kB[1B
[1A[2Keb067feb5b8d: Loading layer  9.728kB/9.728kB[1B[1A[2Keb067feb5b8d: Loading layer  9.728kB/9.728kB[1BLoaded image: bench-worker:latest
 [ ok ]
 * Starting chronyd ... [ ok ]
 * Starting cloud-init-hotplugd ... [ ok ]
Cloud-init v. 23.4 running 'init' at Fri, 06 Mar 2026 02:53:13 +0000. Up 38.61 seconds.
ci-info: +++++++++++++++++++++++++++++++++++++++Net device info+++++++++++++++++++++++++++++++++++++++
ci-info: +---------+-------+----------------------------+---------------+--------+-------------------+
ci-info: |  Device |   Up  |          Address           |      Mask     | Scope  |     Hw-Address    |
ci-info: +---------+-------+----------------------------+---------------+--------+-------------------+
ci-info: | docker0 | False |         172.17.0.1         |  255.255.0.0  | global | 02:42:fb:04:98:b5 |
ci-info: |   eth0  |  True |         10.0.2.15          | 255.255.255.0 | global | 52:54:00:12:34:56 |
ci-info: |   eth0  |  True | fec0::5054:ff:fe12:3456/64 |       .       |  site  | 52:54:00:12:34:56 |
ci-info: |   eth0  |  True | fe80::5054:ff:fe12:3456/64 |       .       |  link  | 52:54:00:12:34:56 |
ci-info: |    lo   |  True |         127.0.0.1          |   255.0.0.0   |  host  |         .         |
ci-info: |    lo   |  True |          ::1/128           |       .       |  host  |         .         |
ci-info: +---------+-------+----------------------------+---------------+--------+-------------------+
ci-info: +++++++++++++++++++++++++++Route IPv4 info++++++++++++++++++++++++++++
ci-info: +-------+-------------+----------+---------------+-----------+-------+
ci-info: | Route | Destination | Gateway  |    Genmask    | Interface | Flags |
ci-info: +-------+-------------+----------+---------------+-----------+-------+
ci-info: |   0   |   0.0.0.0   | 10.0.2.2 |    0.0.0.0    |    eth0   |   UG  |
ci-info: |   1   |   10.0.2.0  | 0.0.0.0  | 255.255.255.0 |    eth0   |   U   |
ci-info: |   2   |  172.17.0.0 | 0.0.0.0  |  255.255.0.0  |  docker0  |   U   |
ci-info: +-------+-------------+----------+---------------+-----------+-------+
ci-info: +++++++++++++++++++Route IPv6 info+++++++++++++++++++
ci-info: +-------+-------------+---------+-----------+-------+
ci-info: | Route | Destination | Gateway | Interface | Flags |
ci-info: +-------+-------------+---------+-----------+-------+
ci-info: |   0   |  fe80::/64  |    ::   |    eth0   |   U   |
ci-info: |   1   |  fec0::/64  |    ::   |    eth0   |   Ue  |
ci-info: |   2   |     ::/0    | fe80::2 |    eth0   |  UGe  |
ci-info: |   4   |    local    |    ::   |    eth0   |   U   |
ci-info: |   5   |    local    |    ::   |    eth0   |   U   |
ci-info: |   6   |  multicast  |    ::   |    eth0   |   U   |
ci-info: +-------+-------------+---------+-----------+-------+
2026-03-06 02:53:13,360 - cloud_config.py[WARNING]: Failed at merging in cloud config part from part-001: empty cloud config
Generating public/private rsa key pair.
Your identification has been saved in /etc/ssh/ssh_host_rsa_key
Your public key has been saved in /etc/ssh/ssh_host_rsa_key.pub
The key fingerprint is:
SHA256:VR2HfsO5wjTlrN9QW7ksqPcG2oMkRtgXRPLGrSuqG08 root@agent-2
The key's randomart image is:
+---[RSA 3072]----+
|       .oo  ...o.|
|        +...  oo |
|      o  +o. .= o|
|     . o.o.  o.B+|
|      . S.  + +o*|
|       o ..o =.= |
|   . E..o.= . +..|
|    + . .+ + . ..|
|   ooo    . +.   |
+----[SHA256]-----+
Generating public/private dsa key pair.
Your identification has been saved in /etc/ssh/ssh_host_dsa_key
Your public key has been saved in /etc/ssh/ssh_host_dsa_key.pub
The key fingerprint is:
SHA256:Yqo+k8FjGmxcNP2w5CG+EMv0iGgfsWMdwpYYn5V18ZI root@agent-2
The key's randomart image is:
+---[DSA 1024]----+
| .+ o.o. o.      |
| +.XoB  . o      |
|= OoX *  E .     |
|o* O + .  .      |
|+.= + o S        |
|.+=o o .         |
|.+ +.            |
|. +.             |
| .oo             |
+----[SHA256]-----+
Generating public/private ecdsa key pair.
Your identification has been saved in /etc/ssh/ssh_host_ecdsa_key
Your public key has been saved in /etc/ssh/ssh_host_ecdsa_key.pub
The key fingerprint is:
SHA256:vBDlQ3fbuzrB8SnIAOKpXxnuBBY5+zSYACMNQ8ATl2g root@agent-2
The key's randomart image is:
+---[ECDSA 256]---+
|@*o...  o . .    |
|.E+.= .+ . . o   |
|. .o O..o   . .  |
|    O +o..  .  . |
|   o =.+So o o.. |
|  .   *. .o + o. |
|   . +  .    o.  |
|    . .     ..   |
|            ..   |
+----[SHA256]-----+
Generating public/private ed25519 key pair.
Your identification has been saved in /etc/ssh/ssh_host_ed25519_key
Your public key has been saved in /etc/ssh/ssh_host_ed25519_key.pub
The key fingerprint is:
SHA256:Gwxgj8b+ybteIOF47gQAeHE6F6BjHSunYn1JkBBaH98 root@agent-2
The key's randomart image is:
+--[ED25519 256]--+
|oo*=B            |
|+ooB+B .         |
|=+o+B.+ E        |
|.o=B...o         |
|.oo.=o. S        |
|o  +.+ o o       |
|    o + o        |
|   o   o         |
|    ..+.         |
+----[SHA256]-----+
 [ ok ]
Cloud-init v. 23.4 running 'modules:config' at Fri, 06 Mar 2026 02:53:14 +0000. Up 39.68 seconds.
 [ ok ]
Cloud-init v. 23.4 running 'modules:final' at Fri, 06 Mar 2026 02:53:14 +0000. Up 40.15 seconds.
ci-info: no authorized SSH keys fingerprints found for user alpine.
cloud-init: #############################################################
cloud-init: -----BEGIN SSH HOST KEY FINGERPRINTS-----
cloud-init: 1024 SHA256:Yqo+k8FjGmxcNP2w5CG+EMv0iGgfsWMdwpYYn5V18ZI root@agent-2 (DSA)
cloud-init: 256 SHA256:vBDlQ3fbuzrB8SnIAOKpXxnuBBY5+zSYACMNQ8ATl2g root@agent-2 (ECDSA)
cloud-init: 256 SHA256:Gwxgj8b+ybteIOF47gQAeHE6F6BjHSunYn1JkBBaH98 root@agent-2 (ED25519)
cloud-init: 3072 SHA256:VR2HfsO5wjTlrN9QW7ksqPcG2oMkRtgXRPLGrSuqG08 root@agent-2 (RSA)
cloud-init: -----END SSH HOST KEY FINGERPRINTS-----
cloud-init: #############################################################
-----BEGIN SSH HOST KEY KEYS-----
ecdsa-sha2-nistp256 AAAAE2VjZHNhLXNoYTItbmlzdHAyNTYAAAAIbmlzdHAyNTYAAABBBPFGWt4/q+utHxCSXvd+FP+f1/Z1q5n/RGr20liZPGOSRv/IRk0icj3HvmV1MrzG+VYSfUxhYvK9MWuZkIxEq2g= root@agent-2
ssh-ed25519 AAAAC3NzaC1lZDI1NTE5AAAAII0FGIWOSiNKNkaN5dcCoceGceJzJIjm3EOj+MpN5EEU root@agent-2
ssh-rsa AAAAB3NzaC1yc2EAAAADAQABAAABgQDt8T2clw24NnPBsxXMFs8tmXj5LBOnf7a3Al+G0FRjidD2l51w8A3CwvmovteKXIw1GgqHVmljcnglOHk7OgKUdnbOpcvYcJaTEeYBE1jo4cbTqAGuLilxfUvywrEA7+QIi5bZ8Wy/GLx9KS5wXJ06cTTvVSUw5+gTwZ7OohuC/OM/kQAz5ReylrbDK83+/A9fTcf7A6XFIKFUloccmooJTU841jrwdtAWWzOKVTCx+EoVUDSCotR4CgzErzdYSIU7ty1hnF5bBxmwf8XQJEist/EYERKr0B/0guXrcwhxgL7CDZ8SSAgURjG2z6CMR5WpGHMDiLENp0ih5QjMtW59OLKmrzMlapb2JpWnKLQ8Bp4qMSqUTcmPhoH+MG7vpPklLlAd2Iq5oTc4MAkwauts/YQvQg2LYCxYwf044OQ5Qt+PIR2amos+4i1fLtV729tuf/E/w84hvR4gnxVs9nu7PIHAiMbr52jJ302o9CMV64J/ii0wprr3ulE8tGZuuzU= root@agent-2
-----END SSH HOST KEY KEYS-----
Cloud-init v. 23.4 finished at Fri, 06 Mar 2026 02:53:15 +0000. Datasource DataSourceNoCloud [seed=/dev/vdb][dsmode=net].  Up 40.33 seconds
 [ ok ]

Welcome to Alpine Linux 3.19
Kernel 6.6.4-1-virt on an x86_64 (/dev/ttyS0)

agent-2 login: 