c[?7l[2J[0mSeaBIOS (version 1.15.0-1)


iPXE (https://ipxe.org) 00:03.0 CA00 PCI2.10 PnP PMM+BFF8B380+BFECB380 CA00
Press Ctrl-B to configure iPXE (PCI 00:03.0)...                                                                               


Booting from Hard Disk...

SYSLINUX 6.04 EDD 6.04-pre1 Copyright (C) 1994-2015 H. Peter Anvin et al

SYSLINUX 6.04 6.04-pre1 Copyright (C) 1994-2015 H. Peter Anvin et al
[2Je%@)0(B[0;37;40m[?25l[2J[23;16HAlpine will be booted automatically in [0;1m1[0m seconds[23;16H[0;37;40mAlpine will .be booted automatically in [0;1;37;40m1[0;37;40m seconds.[23;16H                                                 [23;16H[0;37;40m                                                  [?25h[24;1H[0m 
Loading vmlinuz-virt...Loading vmlinuz-virt...  ook
k
Loading initramfs-virt..Loading initramfs-virt....ookk

c[?7l[2J[    0.000000] Linux version 6.6.4-1-virt (buildozer@build-3-19-x86_64) (gcc (Alpine 13.2.1_git20231014) 13.2.1 20231014, GNU ld (GNU Binutils) 2.41) #2-Alpine SMP PREEMPT_DYNAMIC Tue, 05 Dec 2023 20:25:50 +0000
[    0.000000] Command line: BOOT_IMAGE=vmlinuz-virt root=LABEL=/ modules=sd-mod,usb-storage,ext4 console=ttyS0,115200n8 initrd=initramfs-virt
[    0.000000] BIOS-provided physical RAM map:
[    0.000000] BIOS-e820: [mem 0x0000000000000000-0x000000000009fbff] usable
[    0.000000] BIOS-e820: [mem 0x000000000009fc00-0x000000000009ffff] reserved
[    0.000000] BIOS-e820: [mem 0x00000000000f0000-0x00000000000fffff] reserved
[    0.000000] BIOS-e820: [mem 0x0000000000100000-0x00000000bffd9fff] usable
[    0.000000] BIOS-e820: [mem 0x00000000bffda000-0x00000000bfffffff] reserved
[    0.000000] BIOS-e820: [mem 0x00000000feffc000-0x00000000feffffff] reserved
[    0.000000] BIOS-e820: [mem 0x00000000fffc0000-0x00000000ffffffff] reserved
[    0.000000] BIOS-e820: [mem 0x0000000100000000-0x000000013fffffff] usable
[    0.000000] NX (Execute Disable) protection: active
[    0.000000] APIC: Static calls initialized
[    0.000000] SMBIOS 2.8 present.
[    0.000000] DMI: QEMU Standard PC (i440FX + PIIX, 1996), BIOS 1.15.0-1 04/01/2014
[    0.000000] Hypervisor detected: KVM
[    0.000000] kvm-clock: Using msrs 4b564d01 and 4b564d00
[    0.000001] kvm-clock: using sched offset of 2479492302 cycles
[    0.000003] clocksource: kvm-clock: mask: 0xffffffffffffffff max_cycles: 0x1cd42e4dffb, max_idle_ns: 881590591483 ns
[    0.000007] tsc: Detected 2799.998 MHz processor
[    0.000917] last_pfn = 0x140000 max_arch_pfn = 0x400000000
[    0.001301] MTRR map: 4 entries (3 fixed + 1 variable; max 19), built from 8 variable MTRRs
[    0.001316] x86/PAT: Configuration [0-7]: WB  WC  UC- UC  WB  WP  UC- WT  
[    0.001812] last_pfn = 0xbffda max_arch_pfn = 0x400000000
[    0.002043] RAMDISK: [mem 0x7f71e000-0x7fffffff]
[    0.002046] ACPI: Early table checksum verification disabled
[    0.002053] ACPI: RSDP 0x00000000000F59A0 000014 (v00 BOCHS )
[    0.002058] ACPI: RSDT 0x00000000BFFE1975 000034 (v01 BOCHS  BXPC     00000001 BXPC 00000001)
[    0.002064] ACPI: FACP 0x00000000BFFE1821 000074 (v01 BOCHS  BXPC     00000001 BXPC 00000001)
[    0.002098] ACPI: DSDT 0x00000000BFFE0040 0017E1 (v01 BOCHS  BXPC     00000001 BXPC 00000001)
[    0.002102] ACPI: FACS 0x00000000BFFE0000 000040
[    0.002105] ACPI: APIC 0x00000000BFFE1895 000080 (v01 BOCHS  BXPC     00000001 BXPC 00000001)
[    0.002108] ACPI: HPET 0x00000000BFFE1915 000038 (v01 BOCHS  BXPC     00000001 BXPC 00000001)
[    0.002111] ACPI: WAET 0x00000000BFFE194D 000028 (v01 BOCHS  BXPC     00000001 BXPC 00000001)
[    0.002114] ACPI: Reserving FACP table memory at [mem 0xbffe1821-0xbffe1894]
[    0.002115] ACPI: Reserving DSDT table memory at [mem 0xbffe0040-0xbffe1820]
[    0.002116] ACPI: Reserving FACS table memory at [mem 0xbffe0000-0xbffe003f]
[    0.002117] ACPI: Reserving APIC table memory at [mem 0xbffe1895-0xbffe1914]
[    0.002117] ACPI: Reserving HPET table memory at [mem 0xbffe1915-0xbffe194c]
[    0.002118] ACPI: Reserving WAET table memory at [mem 0xbffe194d-0xbffe1974]
[    0.002538] Zone ranges:
[    0.002539]   DMA      [mem 0x0000000000001000-0x0000000000ffffff]
[    0.002541]   DMA32    [mem 0x0000000001000000-0x00000000ffffffff]
[    0.002543]   Normal   [mem 0x0000000100000000-0x000000013fffffff]
[    0.002544] Movable zone start for each node
[    0.002545] Early memory node ranges
[    0.002545]   node   0: [mem 0x0000000000001000-0x000000000009efff]
[    0.002546]   node   0: [mem 0x0000000000100000-0x00000000bffd9fff]
[    0.002547]   node   0: [mem 0x0000000100000000-0x000000013fffffff]
[    0.002549] Initmem setup node 0 [mem 0x0000000000001000-0x000000013fffffff]
[    0.002662] On node 0, zone DMA: 1 pages in unavailable ranges
[    0.004798] On node 0, zone DMA: 97 pages in unavailable ranges
[    0.377803] On node 0, zone Normal: 38 pages in unavailable ranges
[    0.381032] ACPI: PM-Timer IO Port: 0x608
[    0.381072] ACPI: LAPIC_NMI (acpi_id[0xff] dfl dfl lint[0x1])
[    0.381240] IOAPIC[0]: apic_id 0, version 17, address 0xfec00000, GSI 0-23
[    0.381244] ACPI: INT_SRC_OVR (bus 0 bus_irq 0 global_irq 2 dfl dfl)
[    0.381246] ACPI: INT_SRC_OVR (bus 0 bus_irq 5 global_irq 5 high level)
[    0.381248] ACPI: INT_SRC_OVR (bus 0 bus_irq 9 global_irq 9 high level)
[    0.381249] ACPI: INT_SRC_OVR (bus 0 bus_irq 10 global_irq 10 high level)
[    0.381250] ACPI: INT_SRC_OVR (bus 0 bus_irq 11 global_irq 11 high level)
[    0.381254] ACPI: Using ACPI (MADT) for SMP configuration information
[    0.381255] ACPI: HPET id: 0x8086a201 base: 0xfed00000
[    0.381285] smpboot: Allowing 2 CPUs, 0 hotplug CPUs
[    0.381340] kvm-guest: APIC: eoi() replaced with kvm_guest_apic_eoi_write()
[    0.381394] [mem 0xc0000000-0xfeffbfff] available for PCI devices
[    0.381396] Booting paravirtualized kernel on KVM
[    0.381398] clocksource: refined-jiffies: mask: 0xffffffff max_cycles: 0xffffffff, max_idle_ns: 19112604462750000 ns
[    0.384953] setup_percpu: NR_CPUS:256 nr_cpumask_bits:2 nr_cpu_ids:2 nr_node_ids:1
[    0.400329] percpu: Embedded 57 pages/cpu s195048 r8192 d30232 u1048576
[    0.400448] kvm-guest: PV spinlocks disabled, no host support
[    0.400449] Kernel command line: BOOT_IMAGE=vmlinuz-virt root=LABEL=/ modules=sd-mod,usb-storage,ext4 console=ttyS0,115200n8 initrd=initramfs-virt
[    0.400504] Unknown kernel command line parameters "BOOT_IMAGE=vmlinuz-virt modules=sd-mod,usb-storage,ext4", will be passed to user space.
[    0.421868] Dentry cache hash table entries: 524288 (order: 10, 4194304 bytes, linear)
[    0.432454] Inode-cache hash table entries: 262144 (order: 9, 2097152 bytes, linear)
[    0.432690] Built 1 zonelists, mobility grouping on.  Total pages: 1031898
[    0.444886] mem auto-init: stack:all(zero), heap alloc:on, heap free:off
[    0.444896] software IO TLB: area num 2.
[    0.811957] Memory: 4012160K/4193760K available (12288K kernel code, 1744K rwdata, 8008K rodata, 2640K init, 2300K bss, 181340K reserved, 0K cma-reserved)
[    0.817842] SLUB: HWalign=64, Order=0-3, MinObjects=0, CPUs=2, Nodes=1
[    0.818011] Kernel/User page tables isolation: enabled
[    0.820572] Dynamic Preempt: none
[    0.820786] rcu: Preemptible hierarchical RCU implementation.
[    0.820788] rcu: 	RCU restricting CPUs from NR_CPUS=256 to nr_cpu_ids=2.
[    0.820790] 	Trampoline variant of Tasks RCU enabled.
[    0.820791] 	Tracing variant of Tasks RCU enabled.
[    0.820792] rcu: RCU calculated value of scheduler-enlistment delay is 10 jiffies.
[    0.820793] rcu: Adjusting geometry for rcu_fanout_leaf=16, nr_cpu_ids=2
[    0.825321] NR_IRQS: 16640, nr_irqs: 440, preallocated irqs: 16
[    0.825876] rcu: srcu_init: Setting srcu_struct sizes based on contention.
[    0.826039] kfence: initialized - using 2097152 bytes for 255 objects at 0x(____ptrval____)-0x(____ptrval____)
[    0.851121] Console: colour VGA+ 80x25
[    0.851283] printk: console [ttyS0] enabled
[    1.181264] ACPI: Core revision 20230628
[    1.184096] clocksource: hpet: mask: 0xffffffff max_cycles: 0xffffffff, max_idle_ns: 19112604467 ns
[    1.189309] APIC: Switch to symmetric I/O mode setup
[    1.193451] x2apic enabled
[    1.196441] APIC: Switched APIC routing to: physical x2apic
[    1.205944] ..TIMER: vector=0x30 apic1=0 pin1=2 apic2=-1 pin2=-1
[    1.209224] clocksource: tsc-early: mask: 0xffffffffffffffff max_cycles: 0x285c3ee517e, max_idle_ns: 440795257231 ns
[    1.214767] Calibrating delay loop (skipped) preset value.. 5599.99 BogoMIPS (lpj=27999980)
[    1.225620] Last level iTLB entries: 4KB 0, 2MB 0, 4MB 0
[    1.228482] Last level dTLB entries: 4KB 0, 2MB 0, 4MB 0, 1GB 0
[    1.231606] Spectre V1 : Mitigation: usercopy/swapgs barriers and __user pointer sanitization
[    1.234767] Spectre V2 : Mitigation: Retpolines
[    1.237161] Spectre V2 : Spectre v2 / SpectreRSB mitigation: Filling RSB on context switch
[    1.241492] Spectre V2 : Spectre v2 / SpectreRSB : Filling RSB on VMEXIT
[    1.244766] Speculative Store Bypass: Vulnerable
[    1.247208] MDS: Vulnerable: Clear CPU buffers attempted, no microcode
[    1.250630] MMIO Stale Data: Unknown: No mitigations
[    1.254768] x86/fpu: x87 FPU will use FXSAVE
[    1.270416] Freeing SMP alternatives memory: 32K
[    1.272892] pid_max: default: 32768 minimum: 301
[    1.275226] LSM: initializing lsm=capability,landlock,lockdown,integrity
[    1.279596] landlock: Up and running.
[    1.282911] Mount-cache hash table entries: 8192 (order: 4, 65536 bytes, linear)
[    1.285087] Mountpoint-cache hash table entries: 8192 (order: 4, 65536 bytes, linear)
[    1.414672] smpboot: CPU0: Intel QEMU Virtual CPU version 2.5+ (family: 0xf, model: 0x6b, stepping: 0x1)
[    1.414762] RCU Tasks: Setting shift to 1 and lim to 1 rcu_task_cb_adjust=1.
[    1.414875] RCU Tasks Trace: Setting shift to 1 and lim to 1 rcu_task_cb_adjust=1.
[    1.419026] Performance Events: unsupported Netburst CPU model 107 no PMU driver, software events only.
[    1.424942] signal: max sigframe size: 1440
[    1.427476] rcu: Hierarchical SRCU implementation.
[    1.430042] rcu: 	Max phase no-delay instances is 1000.
[    1.436809] NMI watchdog: Perf NMI watchdog permanently disabled
[    1.445115] smp: Bringing up secondary CPUs ...
[    1.448773] smpboot: x86: Booting SMP configuration:
[    1.451463] .... node  #0, CPUs:      #1
[    1.476768] smp: Brought up 1 node, 2 CPUs
[    1.479479] smpboot: Max logical packages: 1
[    1.484771] ----------------
[    1.486445] | NMI testsuite:
[    1.488084] --------------------
[    1.490032]   remote IPI:  ok  |
[    1.492003]    local IPI:  ok  |
[    1.494772] --------------------
[    1.496670] Good, all   2 testcases passed! |
[    1.499009] ---------------------------------
[    1.504793] smpboot: Total of 2 processors activated (11199.99 BogoMIPS)
[    1.515447] devtmpfs: initialized
[    1.516838] x86/mm: Memory block size: 128MB
[    1.520754] clocksource: jiffies: mask: 0xffffffff max_cycles: 0xffffffff, max_idle_ns: 19112604462750000 ns
[    1.524949] futex hash table entries: 512 (order: 3, 32768 bytes, linear)
[    1.550126] NET: Registered PF_NETLINK/PF_ROUTE protocol family
[    1.555266] audit: initializing netlink subsys (disabled)
[    1.558238] audit: type=2000 audit(1772765556.844:1): state=initialized audit_enabled=0 res=1
[    1.558238] thermal_sys: Registered thermal governor 'step_wise'
[    1.564883] cpuidle: using governor ladder
[    1.570589] cpuidle: using governor menu
[    1.575323] acpiphp: ACPI Hot Plug PCI Controller Driver version: 0.5
[    1.579672] PCI: Using configuration type 1 for base access
[    1.582952] kprobes: kprobe jump-optimization is enabled. All kprobes are optimized if possible.
[    1.585620] HugeTLB: registered 2.00 MiB page size, pre-allocated 0 pages
[    1.589221] HugeTLB: 28 KiB vmemmap can be freed for a 2.00 MiB page
[    1.595171] ACPI: Added _OSI(Module Device)
[    1.597382] ACPI: Added _OSI(Processor Device)
[    1.599759] ACPI: Added _OSI(3.0 _SCP Extensions)
[    1.604768] ACPI: Added _OSI(Processor Aggregator Device)
[    1.608518] ACPI: 1 ACPI AML tables successfully acquired and loaded
[    1.613377] ACPI: _OSC evaluation for CPUs failed, trying _PDC
[    1.614837] ACPI: Interpreter enabled
[    1.616825] ACPI: PM: (supports S0 S3 S5)
[    1.618959] ACPI: Using IOAPIC for interrupt routing
[    1.621722] PCI: Using host bridge windows from ACPI; if necessary, use "pci=nocrs" and report a bug
[    1.624792] PCI: Using E820 reservations for host bridge windows
[    1.628116] ACPI: Enabled 2 GPEs in block 00 to 0F
[    1.638209] ACPI: PCI Root Bridge [PCI0] (domain 0000 [bus 00-ff])
[    1.641497] acpi PNP0A03:00: _OSC: OS supports [ASPM ClockPM Segments MSI HPX-Type3]
[    1.644767] acpi PNP0A03:00: _OSC: not requesting OS control; OS requires [ExtendedConfig ASPM ClockPM MSI]
[    1.649848] acpi PNP0A03:00: fail to add MMCONFIG information, can't access extended configuration space under this bridge
[    1.655338] acpiphp: Slot [3] registered
[    1.657512] acpiphp: Slot [4] registered
[    1.659718] acpiphp: Slot [5] registered
[    1.662059] acpiphp: Slot [6] registered
[    1.664817] acpiphp: Slot [7] registered
[    1.667001] acpiphp: Slot [8] registered
[    1.669187] acpiphp: Slot [9] registered
[    1.671361] acpiphp: Slot [10] registered
[    1.675544] acpiphp: Slot [11] registered
[    1.677882] acpiphp: Slot [12] registered
[    1.684774] acpiphp: Slot [13] registered
[    1.687064] acpiphp: Slot [14] registered
[    1.689322] acpiphp: Slot [15] registered
[    1.691757] acpiphp: Slot [16] registered
[    1.694815] acpiphp: Slot [17] registered
[    1.697071] acpiphp: Slot [18] registered
[    1.699310] acpiphp: Slot [19] registered
[    1.701679] acpiphp: Slot [20] registered
[    1.704195] acpiphp: Slot [21] registered
[    1.704817] acpiphp: Slot [22] registered
[    1.707140] acpiphp: Slot [23] registered
[    1.709617] acpiphp: Slot [24] registered
[    1.712151] acpiphp: Slot [25] registered
[    1.714821] acpiphp: Slot [26] registered
[    1.717140] acpiphp: Slot [27] registered
[    1.719427] acpiphp: Slot [28] registered
[    1.721670] acpiphp: Slot [29] registered
[    1.724818] acpiphp: Slot [30] registered
[    1.727146] acpiphp: Slot [31] registered
[    1.729337] PCI host bridge to bus 0000:00
[    1.731536] pci_bus 0000:00: root bus resource [io  0x0000-0x0cf7 window]
[    1.734768] pci_bus 0000:00: root bus resource [io  0x0d00-0xffff window]
[    1.738397] pci_bus 0000:00: root bus resource [mem 0x000a0000-0x000bffff window]
[    1.742427] pci_bus 0000:00: root bus resource [mem 0xc0000000-0xfebfffff window]
[    1.744767] pci_bus 0000:00: root bus resource [mem 0x140000000-0x1bfffffff window]
[    1.748941] pci_bus 0000:00: root bus resource [bus 00-ff]
[    1.754965] pci 0000:00:00.0: [8086:1237] type 00 class 0x060000
[    1.761329] pci 0000:00:01.0: [8086:7000] type 00 class 0x060100
[    1.767859] pci 0000:00:01.1: [8086:7010] type 00 class 0x010180
[    1.775907] pci 0000:00:01.1: reg 0x20: [io  0xc160-0xc16f]
[    1.780549] pci 0000:00:01.1: legacy IDE quirk: reg 0x10: [io  0x01f0-0x01f7]
[    1.784767] pci 0000:00:01.1: legacy IDE quirk: reg 0x14: [io  0x03f6]
[    1.788390] pci 0000:00:01.1: legacy IDE quirk: reg 0x18: [io  0x0170-0x0177]
[    1.792118] pci 0000:00:01.1: legacy IDE quirk: reg 0x1c: [io  0x0376]
[    1.795607] pci 0000:00:01.3: [8086:7113] type 00 class 0x068000
[    1.801558] pci 0000:00:01.3: quirk: [io  0x0600-0x063f] claimed by PIIX4 ACPI
[    1.804810] pci 0000:00:01.3: quirk: [io  0x0700-0x070f] claimed by PIIX4 SMB
[    1.809977] pci 0000:00:02.0: [1234:1111] type 00 class 0x030000
[    1.826345] pci 0000:00:02.0: reg 0x10: [mem 0xfd000000-0xfdffffff pref]
[    1.839707] pci 0000:00:02.0: reg 0x18: [mem 0xfeb90000-0xfeb90fff]
[    1.853934] pci 0000:00:02.0: reg 0x30: [mem 0xfeb80000-0xfeb8ffff pref]
[    1.866194] pci 0000:00:02.0: Video device with shadowed ROM at [mem 0x000c0000-0x000dffff]
[    1.881238] pci 0000:00:03.0: [1af4:1000] type 00 class 0x020000
[    1.886111] pci 0000:00:03.0: reg 0x10: [io  0xc140-0xc15f]
[    1.890278] pci 0000:00:03.0: reg 0x14: [mem 0xfeb91000-0xfeb91fff]
[    1.898389] pci 0000:00:03.0: reg 0x20: [mem 0xfe000000-0xfe003fff 64bit pref]
[    1.904181] pci 0000:00:03.0: reg 0x30: [mem 0xfeb00000-0xfeb7ffff pref]
[    1.909067] pci 0000:00:04.0: [1af4:1009] type 00 class 0x000200
[    1.916128] pci 0000:00:04.0: reg 0x10: [io  0xc100-0xc13f]
[    1.920125] pci 0000:00:04.0: reg 0x14: [mem 0xfeb92000-0xfeb92fff]
[    1.929197] pci 0000:00:04.0: reg 0x20: [mem 0xfe004000-0xfe007fff 64bit pref]
[    1.939578] pci 0000:00:05.0: [1af4:1001] type 00 class 0x010000
[    1.944481] pci 0000:00:05.0: reg 0x10: [io  0xc000-0xc07f]
[    1.946047] pci 0000:00:05.0: reg 0x14: [mem 0xfeb93000-0xfeb93fff]
[    1.956906] pci 0000:00:05.0: reg 0x20: [mem 0xfe008000-0xfe00bfff 64bit pref]
[    1.966996] pci 0000:00:06.0: [1af4:1001] type 00 class 0x010000
[    1.972351] pci 0000:00:06.0: reg 0x10: [io  0xc080-0xc0ff]
[    1.976059] pci 0000:00:06.0: reg 0x14: [mem 0xfeb94000-0xfeb94fff]
[    1.984769] pci 0000:00:06.0: reg 0x20: [mem 0xfe00c000-0xfe00ffff 64bit pref]
[    1.996888] ACPI: PCI: Interrupt link LNKA configured for IRQ 10
[    2.000379] ACPI: PCI: Interrupt link LNKB configured for IRQ 10
[    2.003821] ACPI: PCI: Interrupt link LNKC configured for IRQ 11
[    2.005046] ACPI: PCI: Interrupt link LNKD configured for IRQ 11
[    2.008361] ACPI: PCI: Interrupt link LNKS configured for IRQ 9
[    2.016552] iommu: Default domain type: Translated
[    2.019181] iommu: DMA domain TLB invalidation policy: lazy mode
[    2.024878] SCSI subsystem initialized
[    2.027401] pps_core: LinuxPPS API ver. 1 registered
[    2.028089] pps_core: Software ver. 5.3.6 - Copyright 2005-2007 Rodolfo Giometti <giometti@linux.it>
[    2.032941] PTP clock support registered
[    2.038002] PCI: Using ACPI for IRQ routing
[    2.046299] hpet: 3 channels of 0 reserved for per-cpu timers
[    2.049660] clocksource: Switched to clocksource kvm-clock
[    2.062440] VFS: Disk quotas dquot_6.6.0
[    2.064681] VFS: Dquot-cache hash table entries: 512 (order 0, 4096 bytes)
[    2.068931] pnp: PnP ACPI init
[    2.071657] pnp: PnP ACPI: found 6 devices
[    2.090301] clocksource: acpi_pm: mask: 0xffffff max_cycles: 0xffffff, max_idle_ns: 2085701024 ns
[    2.095478] NET: Registered PF_INET protocol family
[    2.101154] IP idents hash table entries: 65536 (order: 7, 524288 bytes, linear)
[    2.107686] tcp_listen_portaddr_hash hash table entries: 2048 (order: 3, 32768 bytes, linear)
[    2.114798] Table-perturb hash table entries: 65536 (order: 6, 262144 bytes, linear)
[    2.121642] TCP established hash table entries: 32768 (order: 6, 262144 bytes, linear)
[    2.134095] TCP bind hash table entries: 32768 (order: 8, 1048576 bytes, linear)
[    2.139136] TCP: Hash tables configured (established 32768 bind 32768)
[    2.145125] UDP hash table entries: 2048 (order: 4, 65536 bytes, linear)
[    2.150020] UDP-Lite hash table entries: 2048 (order: 4, 65536 bytes, linear)
[    2.155028] NET: Registered PF_UNIX/PF_LOCAL protocol family
[    2.158811] NET: Registered PF_XDP protocol family
[    2.162199] pci_bus 0000:00: resource 4 [io  0x0000-0x0cf7 window]
[    2.165892] pci_bus 0000:00: resource 5 [io  0x0d00-0xffff window]
[    2.170013] pci_bus 0000:00: resource 6 [mem 0x000a0000-0x000bffff window]
[    2.174482] pci_bus 0000:00: resource 7 [mem 0xc0000000-0xfebfffff window]
[    2.178263] pci_bus 0000:00: resource 8 [mem 0x140000000-0x1bfffffff window]
[    2.182235] pci 0000:00:01.0: PIIX3: Enabling Passive Release
[    2.185397] pci 0000:00:00.0: Limiting direct PCI/PCI transfers
[    2.190414] PCI: CLS 0 bytes, default 64
[    2.192786] PCI-DMA: Using software bounce buffering for IO (SWIOTLB)
[    2.193490] Unpacking initramfs...
[    2.196237] software IO TLB: mapped [mem 0x00000000bbfda000-0x00000000bffda000] (64MB)
[    2.202712] clocksource: tsc: mask: 0xffffffffffffffff max_cycles: 0x285c3ee517e, max_idle_ns: 440795257231 ns
[    2.209372] Initialise system trusted keyrings
[    2.212847] workingset: timestamp_bits=46 max_order=20 bucket_order=0
[    2.216400] zbud: loaded
[    2.218212] Key type asymmetric registered
[    2.220500] Asymmetric key parser 'x509' registered
[    2.223624] Block layer SCSI generic (bsg) driver version 0.4 loaded (major 247)
[    2.228121] io scheduler mq-deadline registered
[    2.230607] io scheduler kyber registered
[    2.232897] io scheduler bfq registered
[    2.236472] ERST DBG: ERST support is disabled.
[    2.252811] ACPI: \_SB_.LNKC: Enabled at IRQ 11
[    2.273598] ACPI: \_SB_.LNKD: Enabled at IRQ 10
[    2.291870] ACPI: \_SB_.LNKA: Enabled at IRQ 10
[    2.312021] ACPI: \_SB_.LNKB: Enabled at IRQ 11
[    2.319215] Serial: 8250/16550 driver, 4 ports, IRQ sharing enabled
[    2.323502] 00:04: ttyS0 at I/O 0x3f8 (irq = 4, base_baud = 115200) is a 16550A
[    2.339156] VMware PVSCSI driver - version 1.0.7.0-k
[    2.347768] scsi host0: ata_piix
[    2.351595] scsi host1: ata_piix
[    2.354148] ata1: PATA max MWDMA2 cmd 0x1f0 ctl 0x3f6 bmdma 0xc160 irq 14
[    2.358556] ata2: PATA max MWDMA2 cmd 0x170 ctl 0x376 bmdma 0xc168 irq 15
[    2.372038] i8042: PNP: PS/2 Controller [PNP0303:KBD,PNP0f13:MOU] at 0x60,0x64 irq 1,12
[    2.383745] serio: i8042 KBD port at 0x60,0x64 irq 1
[    2.386949] serio: i8042 AUX port at 0x60,0x64 irq 12
[    2.390443] rtc_cmos 00:05: RTC can wake from S4
[    2.401548] input: AT Translated Set 2 keyboard as /devices/platform/i8042/serio0/input/input0
[    2.407750] rtc_cmos 00:05: registered as rtc0
[    2.413549] rtc_cmos 00:05: setting system clock to 2026-03-06T02:52:37 UTC (1772765557)
[    2.419036] rtc_cmos 00:05: alarms up to one day, y3k, 242 bytes nvram, hpet irqs
[    2.424048] intel_pstate: CPU model not supported
[    2.427463] gre: GRE over IPv4 demultiplexor driver
[    2.458325] Freeing initrd memory: 9096K
[    2.477189] Key type dns_resolver registered
[    2.479913] IPI shorthand broadcast: enabled
[    2.485511] sched_clock: Marking stable (2120761409, 358865174)->(2491978740, -12352157)
[    2.492317] registered taskstats version 1
[    2.495129] Loading compiled-in X.509 certificates
[    2.514899] Loaded X.509 cert 'alpinelinux.org: Alpine Linux kernel key: d76a695f66ad9cd28f5c22a8508f36e91f521f7a'
[    2.528082] Key type .fscrypt registered
[    2.530362] Key type fscrypt-provisioning registered
[    2.539789] ata2: found unknown device (class 0)
[    2.543305] ata2.00: ATAPI: QEMU DVD-ROM, 2.5+, max UDMA/100
[    2.561204] scsi 1:0:0:0: CD-ROM            QEMU     QEMU DVD-ROM     2.5+ PQ: 0 ANSI: 5
[    2.620315] Freeing unused kernel image (initmem) memory: 2640K
[    2.649048] Write protecting the kernel read-only data: 20480k
[    2.651997] Freeing unused kernel image (rodata/data gap) memory: 184K
[    2.654104] rodata_test: all tests were successful
[    2.655770] Run /init as init process
[    2.670884] Alpine Init 3.9.0-r0
Alpine Init 3.9.0-r0
[    2.673065] Loading boot drivers...
 * Loading boot drivers: [    2.707480] ACPI: bus type USB registered
[    2.708860] usbcore: registered new interface driver usbfs
[    2.710654] usbcore: registered new interface driver hub
[    2.712388] usbcore: registered new device driver usb
[    2.716950] usbcore: registered new interface driver usb-storage
[    2.882969] loop: module loaded
[    2.951928] ACPI: bus type drm_connector registered
[    2.989411] Loading boot drivers: ok.
ok.
[    2.994311] Mounting root...
 * Mounting root: [    3.030885] piix4_smbus 0000:00:01.3: SMBus Host Controller at 0x700, revision 0
[    3.065458] [drm] Found bochs VGA, ID 0xb0c5.
[    3.066886] [drm] Framebuffer size 16384 kB @ 0xfd000000, mmio @ 0xfeb90000.
[    3.075768] [drm] Found EDID data blob.
[    3.077527] [drm] Initialized bochs-drm 1.0.0 20130925 for 0000:00:02.0 on minor 0
[    3.115746] Console: switching to colour frame buffer device 128x48
[    3.118688] bochs-drm 0000:00:02.0: [drm] fb0: bochs-drmdrmfb frame buffer device
[    3.292324] sr 1:0:0:0: [sr0] scsi3-mmc drive: 4x/4x cd/rw xa/form2 tray
[    3.294442] cdrom: Uniform CD-ROM driver Revision: 3.20
[    3.387083] virtio_blk virtio2: 2/0/0 default/read/poll queues
[    3.392790] virtio_blk virtio2: [vda] 8388608 512-byte logical blocks (4.29 GB/4.00 GiB)
[    3.397171] virtio_blk virtio3: 2/0/0 default/read/poll queues
[    3.401963] virtio_blk virtio3: [vdb] 736 512-byte logical blocks (377 kB/368 KiB)
[    3.492635] block sr0: the capability attribute has been deprecated.
[    6.417646] EXT4-fs (vda): mounted filesystem 367ceb5a-a72a-4cc6-9140-e18812d3c81b ro with ordered data mode. Quota mode: none.
[    6.422099] Mounting root: ok.
ok.

   OpenRC 0.52.1 is starting up Linux 6.6.4-1-virt (x86_64)

 * /proc is already mounted
 * Mounting /run ... [ ok ]
 * /run/openrc: creating directory
 * /run/lock: creating directory
 * /run/lock: correcting owner
 * Caching service dependencies ... [ ok ]
 * Remounting devtmpfs on /dev ... [ ok ]
 * Mounting /dev/mqueue ... [ ok ]
 * Mounting security filesystem ... [ ok ]
 * Mounting debug filesystem ... [ ok ]
 * Mounting persistent storage (pstore) filesystem ... [ ok ]
 * Starting busybox mdev ... [ ok ]
 * Scanning hardware for mdev ... [ ok ]
 * Loading hardware drivers ... [ ok ]
 * Loading modules ... [ ok ]
 * Setting system clock using the hardware clock [UTC] ... [ ok ]
 * Checking local filesystems  .../: clean, 8723/65536 files, 158031/262144 blocks
 [ ok ]
 * Remounting root filesystem read/write ... [ ok ]
 * Remounting filesystems ... [ ok ]
 * Activating swap devices ... [ ok ]
 * Mounting local filesystems ... [ ok ]
 * Starting busybox acpid ... [ ok ]
 * Configuring kernel parameters ... [ ok ]
 * Migrating /var/lock to /run/lock ... [ ok ]
 * Creating user login records ... [ ok ]
 * Cleaning /tmp directory ... [ ok ]
Cloud-init v. 23.4 running 'init-local' at Fri, 06 Mar 2026 02:52:46 +0000. Up 10.81 seconds.
 [ ok ]
 * Setting hostname ... [ ok ]
 * Starting busybox syslog ... [ ok ]
 * Mounting cgroup filesystem ... [ ok ]
 * Starting networking ... *   lo ... [ ok ]
 *   eth0 ... [ ok ]
 * /var/log/docker.log: creating file
 * /var/log/docker.log: correcting owner
 * Starting Docker Daemon ... [ ok ]
 * Starting benchmark agent ...
[1A[2Ka257f20c716c: Loading layer  557.1kB/81.04MB[1B[1A[2Ka257f20c716c: Loading layer  6.685MB/81.04MB[1B[1A[2Ka257f20c716c: Loading layer  11.14MB/81.04MB[1B[1A[2Ka257f20c716c: Loading layer  16.71MB/81.04MB[1B[1A[2Ka257f20c716c: Loading layer  21.73MB/81.04MB[1B[1A[2Ka257f20c716c: Loading layer  25.07MB/81.04MB[1B[1A[2Ka257f20c716c: Loading layer  29.52MB/81.04MB[1B[1A[2Ka257f20c716c: Loading layer  34.54MB/81.04MB[1B[1A[2Ka257f20c716c: Loading layer  40.67MB/81.04MB[1B[1A[2Ka257f20c716c: Loading layer  46.24MB/81.04MB[1B[1A[2Ka257f20c716c: Loading layer  51.81MB/81.04MB[1B[1A[2Ka257f20c716c: Loading layer  57.38MB/81.04MB[1B[1A[2Ka257f20c716c: Loading layer   63.5MB/81.04MB[1B[1A[2Ka257f20c716c: Loading layer  66.29MB/81.04MB[1B[1A[2Ka257f20c716c: Loading layer   67.4MB/81.04MB[1B[1A[2Ka257f20c716c: Loading layer   71.3MB/81.04MB[1B[1A[2Ka257f20c716c: Loading layer  74.09MB/81.04MB[1B[1A[2Ka257f20c716c: Loading layer  75.76MB/81.04MB[1B[1A[2Ka257f20c716c: Loading layer  76.87MB/81.04MB[1B[1A[2Ka257f20c716c: Loading layer   79.1MB/81.04MB[1B[1A[2Ka257f20c716c: Loading layer  81.04MB/81.04MB[1B
[1A[2Kb0c20bcd44fe: Loading layer  65.54kB/4.123MB[1B[1A[2Kb0c20bcd44fe: Loading layer  1.835MB/4.123MB[1B[1A[2Kb0c20bcd44fe: Loading layer  4.123MB/4.123MB[1B[1A[2Kb0c20bcd44fe: Loading layer  4.123MB/4.123MB[1B
[1A[2K5184c31ad48f: Loading layer  458.8kB/43.85MB[1B[1A[2K5184c31ad48f: Loading layer  2.753MB/43.85MB[1B[1A[2K5184c31ad48f: Loading layer  8.716MB/43.85MB[1B[1A[2K5184c31ad48f: Loading layer  11.47MB/43.85MB[1B[1A[2K5184c31ad48f: Loading layer  16.06MB/43.85MB[1B[1A[2K5184c31ad48f: Loading layer  19.73MB/43.85MB[1B[1A[2K5184c31ad48f: Loading layer  24.31MB/43.85MB[1B[1A[2K5184c31ad48f: Loading layer  27.53MB/43.85MB[1B[1A[2K5184c31ad48f: Loading layer  30.74MB/43.85MB[1B[1A[2K5184c31ad48f: Loading layer  33.49MB/43.85MB[1B[1A[2K5184c31ad48f: Loading layer  35.78MB/43.85MB[1B[1A[2K5184c31ad48f: Loading layer  38.08MB/43.85MB[1B[1A[2K5184c31ad48f: Loading layer  41.29MB/43.85MB[1B[1A[2K5184c31ad48f: Loading layer  43.85MB/43.85MB[1B
[1A[2Kfa1d322086e6: Loading layer   5.12kB/5.12kB[1B[1A[2Kfa1d322086e6: Loading layer   5.12kB/5.12kB[1B
[1A[2Kbdf610394df6: Loading layer  22.02kB/22.02kB[1B[1A[2Kbdf610394df6: Loading layer  22.02kB/22.02kB[1B
[1A[2Keb067feb5b8d: Loading layer  9.728kB/9.728kB[1B[1A[2Keb067feb5b8d: Loading layer  9.728kB/9.728kB[1BLoaded image: bench-worker:latest
 [ ok ]
 * Starting chronyd ... [ ok ]
 * Starting cloud-init-hotplugd ... [ ok ]
Cloud-init v. 23.4 running 'init' at Fri, 06 Mar 2026 02:53:12 +0000. Up 36.59 seconds.
ci-info: +++++++++++++++++++++++++++++++++++++++Net device info+++++++++++++++++++++++++++++++++++++++
ci-info: +---------+-------+----------------------------+---------------+--------+-------------------+
ci-info: |  Device |   Up  |          Address           |      Mask     | Scope  |     Hw-Address    |
ci-info: +---------+-------+----------------------------+---------------+--------+-------------------+
ci-info: | docker0 | False |         172.17.0.1         |  255.255.0.0  | global | 02:42:e7:36:f1:80 |
ci-info: |   eth0  |  True |         10.0.2.15          | 255.255.255.0 | global | 52:54:00:12:34:56 |
ci-info: |   eth0  |  True | fec0::5054:ff:fe12:3456/64 |       .       |  site  | 52:54:00:12:34:56 |
ci-info: |   eth0  |  True | fe80::5054:ff:fe12:3456/64 |       .       |  link  | 52:54:00:12:34:56 |
ci-info: |    lo   |  True |         127.0.0.1          |   255.0.0.0   |  host  |         .         |
ci-info: |    lo   |  True |          ::1/128           |       .       |  host  |         .         |
ci-info: +---------+-------+----------------------------+---------------+--------+-------------------+
ci-info: +++++++++++++++++++++++++++Route IPv4 info++++++++++++++++++++++++++++
ci-info: +-------+-------------+----------+---------------+-----------+-------+
ci-info: | Route | Destination | Gateway  |    Genmask    | Interface | Flags |
ci-info: +-------+-------------+----------+---------------+-----------+-------+
ci-info: |   0   |   0.0.0.0   | 10.0.2.2 |    0.0.0.0    |    eth0   |   UG  |
ci-info: |   1   |   10.0.2.0  | 0.0.0.0  | 255.255.255.0 |    eth0   |   U   |
ci-info: |   2   |  172.17.0.0 | 0.0.0.0  |  255.255.0.0  |  docker0  |   U   |
ci-info: +-------+-------------+----------+---------------+-----------+-------+
ci-info: +++++++++++++++++++Route IPv6 info+++++++++++++++++++
ci-info: +-------+-------------+---------+-----------+-------+
ci-info: | Route | Destination | Gateway | Interface | Flags |
ci-info: +-------+-------------+---------+-----------+-------+
ci-info: |   0   |  fe80::/64  |    ::   |    eth0   |   U   |
ci-info: |   1   |  fec0::/64  |    ::   |    eth0   |   Ue  |
ci-info: |   2   |     ::/0    | fe80::2 |    eth0   |  UGe  |
ci-info: |   4   |    local    |    ::   |    eth0   |   U   |
ci-info: |   5   |    local    |    ::   |    eth0   |   U   |
ci-info: |   6   |  multicast  |    ::   |    eth0   |   U   |
ci-info: +-------+-------------+---------+-----------+-------+
2026-03-06 02:53:12,543 - cloud_config.py[WARNING]: Failed at merging in cloud config part from part-001: empty cloud config
Generating public/private rsa key pair.
Your identification has been saved in /etc/ssh/ssh_host_rsa_key
Your public key has been saved in /etc/ssh/ssh_host_rsa_key.pub
The key fingerprint is:
SHA256:w3dT3vknYOoK7VZCPeL2vSvy2YKn88A0BCAz5RTTuUc root@agent-8
The key's randomart image is:
+---[RSA 3072]----+
|  +.*+..         |
|   * .o.E        |
|    .  o..    .  |
|      .o+ o  o ..|
|       +S...= ...|
|       +++.+ o  .|
|      ..+=..  . o|
|       o=o=o.  ..|
|       .+O=o+o   |
+----[SHA256]-----+
Generating public/private dsa key pair.
Your identification has been saved in /etc/ssh/ssh_host_dsa_key
Your public key has been saved in /etc/ssh/ssh_host_dsa_key.pub
The key fingerprint is:
SHA256:utytx/He3RqPzYXk121vV4hysN/Y8LJzC1gsHwLXZKQ root@agent-8
The key's randomart image is:
+---[DSA 1024]----+
|           .+    |
|           =     |
|        . E .    |
|         o..     |
|        S oo+... |
|       .  +*++..+|
|      .  ..*o*+ B|
|     . o .o *o=X*|
|      o oo..o==+O|
+----[SHA256]-----+
Generating public/private ecdsa key pair.
Your identification has been saved in /etc/ssh/ssh_host_ecdsa_key
Your public key has been saved in /etc/ssh/ssh_host_ecdsa_key.pub
The key fingerprint is:
SHA256:cxdQG0eXjB0MesDCHq7bZWnEMNaldRNX0a7tKmeLoC0 root@agent-8
The key's randomart image is:
+---[ECDSA 256]---+
|        . +o+=O*@|
|         B +==.*+|
|        + *oo. . |
|         o o..  .|
|        S o o  o |
|       . o *  . .|
|        o =    . |
|       .E+ ...o .|
|        ... .+oo |
+----[SHA256]-----+
Generating public/private ed25519 key pair.
Your identification has been saved in /etc/ssh/ssh_host_ed25519_key
Your public key has been saved in /etc/ssh/ssh_host_ed25519_key.pub
The key fingerprint is:
SHA256:BJn8j5Ed8RjO7wwnZ87q606i+vnOlzETmWBtkMkQX7A root@agent-8
The key's randomart image is:
+--[ED25519 256]--+
|     .+*o*+.     |
|      +o*=++     |
|       oE=++.    |
|       .+ =.     |
|        S+o.=    |
|        . =@     |
|        . .==    |
|       + oo.     |
|    .o+o+=*.     |
+----[SHA256]-----+
 [ ok ]
Cloud-init v. 23.4 running 'modules:config' at Fri, 06 Mar 2026 02:53:13 +0000. Up 37.64 seconds.
 [ ok ]
Cloud-init v. 23.4 running 'modules:final' at Fri, 06 Mar 2026 02:53:13 +0000. Up 38.09 seconds.
ci-info: no authorized SSH keys fingerprints found for user alpine.
cloud-init: #############################################################
cloud-init: -----BEGIN SSH HOST KEY FINGERPRINTS-----
cloud-init: 1024 SHA256:utytx/He3RqPzYXk121vV4hysN/Y8LJzC1gsHwLXZKQ root@agent-8 (DSA)
cloud-init: 256 SHA256:cxdQG0eXjB0MesDCHq7bZWnEMNaldRNX0a7tKmeLoC0 root@agent-8 (ECDSA)
cloud-init: 256 SHA256:BJn8j5Ed8RjO7wwnZ87q606i+vnOlzETmWBtkMkQX7A root@agent-8 (ED25519)
cloud-init: 3072 SHA256:w3dT3vknYOoK7VZCPeL2vSvy2YKn88A0BCAz5RTTuUc root@agent-8 (RSA)
cloud-init: -----END SSH HOST KEY FINGERPRINTS-----
cloud-init: #############################################################
-----BEGIN SSH HOST KEY KEYS-----
ecdsa-sha2-nistp256 AAAAE2VjZHNhLXNoYTItbmlzdHAyNTYAAAAIbmlzdHAyNTYAAABBBFi69KIBW7TinPmvk6BOS+RFsR/8Qz5NZvVoe0d668UyzrWUvsFepiiJ8QXhoTX3sl7FZD90nsK++mSfpEb1+5Y= root@agent-8
ssh-ed25519 AAAAC3NzaC1lZDI1NTE5AAAAIKAocfebLJCubuSlIJsDDfqJ0+aBy91kuhYtgoQLj8F3 root@agent-8
ssh-rsa AAAAB3NzaC1yc2EAAAADAQABAAABgQDIs5upPvV9OKx1Ow7BtReNh0mVFL97vD1UobOk6uU02Tflik5qYtP9X4/HORZcM/3DNnbMsGakckUfuvpe12yi2aU4QBGuXFAEOvY2iDWCH8PSRtHsFPb5brevZlO0zC/96CdurHLGjNtfdomf7hKNmm6FUl8n7RZT+OWS6pB76Rj/OLF78w8wh4Nzn9Y/wj78VnapI45KM/B6lZroU5KwT7H7efKY6T9K9iKc5qpddwsYxuV1KA8WBJtaZlmaOGOUw2WJJRkB1lgWv5mDAHsxV/R93dUNFa+bXoOYlviNEBT7VIgr1193su92RxxjARSuiaCYnyz+e7MaQZZUotngBVsao+m0TIwirsUMLaDGyBEF2cHB3OifNti/pcHe43XsaZqZGZtu7hKV6YcdEQm3Bpoh4cQQ6+r9B53tMRpK/EqaFQ7f6ByPaccnLL+sigJVEjPirvUSYImTcAEMATvkBUGRwC1p6ddkzNinvoTnxcT44jwbRPCu1D8Dd7AXyn8= root@agent-8
-----END SSH HOST KEY KEYS-----
Cloud-init v. 23.4 finished at Fri, 06 Mar 2026 02:53:14 +0000. Datasource DataSourceNoCloud [seed=/dev/vdb][dsmode=net].  Up 38.22 seconds
 [ ok ]

Welcome to Alpine Linux 3.19
Kernel 6.6.4-1-virt on an x86_64 (/dev/ttyS0)

agent-8 login: 