c[?7l[2J[0mSeaBIOS (version 1.15.0-1)


iPXE (https://ipxe.org) 00:03.0 CA00 PCI2.10 PnP PMM+BFF8B380+BFECB380 CA00
Press Ctrl-B to configure iPXE (PCI 00:03.0)...                                                                               


Booting from Hard Disk...

SYSLINUX 6.04 EDD 6.04-pre1 Copyright (C) 1994-2015 H. Peter Anvin et al

SYSLINUX 6.04 6.04-pre1 Copyright (C) 1994-2015 H. Peter Anvin et al
[2Je%@)0(B[0;37;40m[?25l[2J[23;16HAlpine will be booted automatically in [0;1m1[0m seconds[23;16H[0;37;40mAlpine .will be booted automatically in [0;1;37;40m1[0;37;40m seconds.[23;16H                                                 [23;16H[0;37;40m                                                  [?25h[24;1H[0m 
Loading vmlinuz-virt...Loading vmlinuz-virt...  ook
k
Loading initramfs-virt..Loading initramfs-virt....ookk

c[?7l[2J[    0.000000] Linux version 6.6.4-1-virt (buildozer@build-3-19-x86_64) (gcc (Alpine 13.2.1_git20231014) 13.2.1 20231014, GNU ld (GNU Binutils) 2.41) #2-Alpine SMP PREEMPT_DYNAMIC Tue, 05 Dec 2023 20:25:50 +0000
[    0.000000] Command line: BOOT_IMAGE=vmlinuz-virt root=LABEL=/ modules=sd-mod,usb-storage,ext4 console=ttyS0,115200n8 initrd=initramfs-virt
[    0.000000] BIOS-provided physical RAM map:
[    0.000000] BIOS-e820: [mem 0x0000000000000000-0x000000000009fbff] usable
[    0.000000] BIOS-e820: [mem 0x000000000009fc00-0x000000000009ffff] reserved
[    0.000000] BIOS-e820: [mem 0x00000000000f0000-0x00000000000fffff] reserved
[    0.000000] BIOS-e820: [mem 0x0000000000100000-0x00000000bffd9fff] usable
[    0.000000] BIOS-e820: [mem 0x00000000bffda000-0x00000000bfffffff] reserved
[    0.000000] BIOS-e820: [mem 0x00000000feffc000-0x00000000feffffff] reserved
[    0.000000] BIOS-e820: [mem 0x00000000fffc0000-0x00000000ffffffff] reserved
[    0.000000] BIOS-e820: [mem 0x0000000100000000-0x000000013fffffff] usable
[    0.000000] NX (Execute Disable) protection: active
[    0.000000] APIC: Static calls initialized
[    0.000000] SMBIOS 2.8 present.
[    0.000000] DMI: QEMU Standard PC (i440FX + PIIX, 1996), BIOS 1.15.0-1 04/01/2014
[    0.000000] Hypervisor detected: KVM
[    0.000000] kvm-clock: Using msrs 4b564d01 and 4b564d00
[    0.000001] kvm-clock: using sched offset of 2465093627 cycles
[    0.000004] clocksource: kvm-clock: mask: 0xffffffffffffffff max_cycles: 0x1cd42e4dffb, max_idle_ns: 881590591483 ns
[    0.000007] tsc: Detected 2799.998 MHz processor
[    0.000878] last_pfn = 0x140000 max_arch_pfn = 0x400000000
[    0.001276] MTRR map: 4 entries (3 fixed + 1 variable; max 19), built from 8 variable MTRRs
[    0.001291] x86/PAT: Configuration [0-7]: WB  WC  UC- UC  WB  WP  UC- WT  
[    0.001758] last_pfn = 0xbffda max_arch_pfn = 0x400000000
[    0.002071] RAMDISK: [mem 0x7f71e000-0x7fffffff]
[    0.002075] ACPI: Early table checksum verification disabled
[    0.002081] ACPI: RSDP 0x00000000000F59A0 000014 (v00 BOCHS )
[    0.002086] ACPI: RSDT 0x00000000BFFE1975 000034 (v01 BOCHS  BXPC     00000001 BXPC 00000001)
[    0.002092] ACPI: FACP 0x00000000BFFE1821 000074 (v01 BOCHS  BXPC     00000001 BXPC 00000001)
[    0.002125] ACPI: DSDT 0x00000000BFFE0040 0017E1 (v01 BOCHS  BXPC     00000001 BXPC 00000001)
[    0.002130] ACPI: FACS 0x00000000BFFE0000 000040
[    0.002133] ACPI: APIC 0x00000000BFFE1895 000080 (v01 BOCHS  BXPC     00000001 BXPC 00000001)
[    0.002136] ACPI: HPET 0x00000000BFFE1915 000038 (v01 BOCHS  BXPC     00000001 BXPC 00000001)
[    0.002139] ACPI: WAET 0x00000000BFFE194D 000028 (v01 BOCHS  BXPC     00000001 BXPC 00000001)
[    0.002141] ACPI: Reserving FACP table memory at [mem 0xbffe1821-0xbffe1894]
[    0.002142] ACPI: Reserving DSDT table memory at [mem 0xbffe0040-0xbffe1820]
[    0.002143] ACPI: Reserving FACS table memory at [mem 0xbffe0000-0xbffe003f]
[    0.002144] ACPI: Reserving APIC table memory at [mem 0xbffe1895-0xbffe1914]
[    0.002144] ACPI: Reserving HPET table memory at [mem 0xbffe1915-0xbffe194c]
[    0.002145] ACPI: Reserving WAET table memory at [mem 0xbffe194d-0xbffe1974]
[    0.002514] Zone ranges:
[    0.002515]   DMA      [mem 0x0000000000001000-0x0000000000ffffff]
[    0.002517]   DMA32    [mem 0x0000000001000000-0x00000000ffffffff]
[    0.002519]   Normal   [mem 0x0000000100000000-0x000000013fffffff]
[    0.002520] Movable zone start for each node
[    0.002521] Early memory node ranges
[    0.002521]   node   0: [mem 0x0000000000001000-0x000000000009efff]
[    0.002523]   node   0: [mem 0x0000000000100000-0x00000000bffd9fff]
[    0.002523]   node   0: [mem 0x0000000100000000-0x000000013fffffff]
[    0.002525] Initmem setup node 0 [mem 0x0000000000001000-0x000000013fffffff]
[    0.002611] On node 0, zone DMA: 1 pages in unavailable ranges
[    0.003866] On node 0, zone DMA: 97 pages in unavailable ranges
[    0.363035] On node 0, zone Normal: 38 pages in unavailable ranges
[    0.366210] ACPI: PM-Timer IO Port: 0x608
[    0.366250] ACPI: LAPIC_NMI (acpi_id[0xff] dfl dfl lint[0x1])
[    0.366423] IOAPIC[0]: apic_id 0, version 17, address 0xfec00000, GSI 0-23
[    0.366427] ACPI: INT_SRC_OVR (bus 0 bus_irq 0 global_irq 2 dfl dfl)
[    0.366429] ACPI: INT_SRC_OVR (bus 0 bus_irq 5 global_irq 5 high level)
[    0.366431] ACPI: INT_SRC_OVR (bus 0 bus_irq 9 global_irq 9 high level)
[    0.366432] ACPI: INT_SRC_OVR (bus 0 bus_irq 10 global_irq 10 high level)
[    0.366434] ACPI: INT_SRC_OVR (bus 0 bus_irq 11 global_irq 11 high level)
[    0.366438] ACPI: Using ACPI (MADT) for SMP configuration information
[    0.366439] ACPI: HPET id: 0x8086a201 base: 0xfed00000
[    0.366468] smpboot: Allowing 2 CPUs, 0 hotplug CPUs
[    0.366523] kvm-guest: APIC: eoi() replaced with kvm_guest_apic_eoi_write()
[    0.366578] [mem 0xc0000000-0xfeffbfff] available for PCI devices
[    0.366580] Booting paravirtualized kernel on KVM
[    0.366582] clocksource: refined-jiffies: mask: 0xffffffff max_cycles: 0xffffffff, max_idle_ns: 19112604462750000 ns
[    0.370117] setup_percpu: NR_CPUS:256 nr_cpumask_bits:2 nr_cpu_ids:2 nr_node_ids:1
[    0.381885] percpu: Embedded 57 pages/cpu s195048 r8192 d30232 u1048576
[    0.382027] kvm-guest: PV spinlocks disabled, no host support
[    0.382028] Kernel command line: BOOT_IMAGE=vmlinuz-virt root=LABEL=/ modules=sd-mod,usb-storage,ext4 console=ttyS0,115200n8 initrd=initramfs-virt
[    0.382084] Unknown kernel command line parameters "BOOT_IMAGE=vmlinuz-virt modules=sd-mod,usb-storage,ext4", will be passed to user space.
[    0.403603] Dentry cache hash table entries: 524288 (order: 10, 4194304 bytes, linear)
[    0.416272] Inode-cache hash table entries: 262144 (order: 9, 2097152 bytes, linear)
[    0.416486] Built 1 zonelists, mobility grouping on.  Total pages: 1031898
[    0.428758] mem auto-init: stack:all(zero), heap alloc:on, heap free:off
[    0.428768] software IO TLB: area num 2.
[    0.828509] Memory: 4012148K/4193760K available (12288K kernel code, 1744K rwdata, 8008K rodata, 2640K init, 2300K bss, 181352K reserved, 0K cma-reserved)
[    0.834447] SLUB: HWalign=64, Order=0-3, MinObjects=0, CPUs=2, Nodes=1
[    0.834610] Kernel/User page tables isolation: enabled
[    0.837232] Dynamic Preempt: none
[    0.837436] rcu: Preemptible hierarchical RCU implementation.
[    0.837437] rcu: 	RCU restricting CPUs from NR_CPUS=256 to nr_cpu_ids=2.
[    0.837439] 	Trampoline variant of Tasks RCU enabled.
[    0.837440] 	Tracing variant of Tasks RCU enabled.
[    0.837441] rcu: RCU calculated value of scheduler-enlistment delay is 10 jiffies.
[    0.837442] rcu: Adjusting geometry for rcu_fanout_leaf=16, nr_cpu_ids=2
[    0.842168] NR_IRQS: 16640, nr_irqs: 440, preallocated irqs: 16
[    0.842745] rcu: srcu_init: Setting srcu_struct sizes based on contention.
[    0.842907] kfence: initialized - using 2097152 bytes for 255 objects at 0x(____ptrval____)-0x(____ptrval____)
[    0.868224] Console: colour VGA+ 80x25
[    0.868397] printk: console [ttyS0] enabled
[    1.198379] ACPI: Core revision 20230628
[    1.201178] clocksource: hpet: mask: 0xffffffff max_cycles: 0xffffffff, max_idle_ns: 19112604467 ns
[    1.206328] APIC: Switch to symmetric I/O mode setup
[    1.210432] x2apic enabled
[    1.213423] APIC: Switched APIC routing to: physical x2apic
[    1.222902] ..TIMER: vector=0x30 apic1=0 pin1=2 apic2=-1 pin2=-1
[    1.226153] clocksource: tsc-early: mask: 0xffffffffffffffff max_cycles: 0x285c3ee517e, max_idle_ns: 440795257231 ns
[    1.231664] Calibrating delay loop (skipped) preset value.. 5599.99 BogoMIPS (lpj=27999980)
[    1.242366] Last level iTLB entries: 4KB 0, 2MB 0, 4MB 0
[    1.245151] Last level dTLB entries: 4KB 0, 2MB 0, 4MB 0, 1GB 0
[    1.248256] Spectre V1 : Mitigation: usercopy/swapgs barriers and __user pointer sanitization
[    1.251664] Spectre V2 : Mitigation: Retpolines
[    1.254055] Spectre V2 : Spectre v2 / SpectreRSB mitigation: Filling RSB on context switch
[    1.258332] Spectre V2 : Spectre v2 / SpectreRSB : Filling RSB on VMEXIT
[    1.261663] Speculative Store Bypass: Vulnerable
[    1.264118] MDS: Vulnerable: Clear CPU buffers attempted, no microcode
[    1.267506] MMIO Stale Data: Unknown: No mitigations
[    1.270108] x86/fpu: x87 FPU will use FXSAVE
[    1.286887] Freeing SMP alternatives memory: 32K
[    1.289335] pid_max: default: 32768 minimum: 301
[    1.292128] LSM: initializing lsm=capability,landlock,lockdown,integrity
[    1.296393] landlock: Up and running.
[    1.298838] Mount-cache hash table entries: 8192 (order: 4, 65536 bytes, linear)
[    1.301977] Mountpoint-cache hash table entries: 8192 (order: 4, 65536 bytes, linear)
[    1.429897] smpboot: CPU0: Intel QEMU Virtual CPU version 2.5+ (family: 0xf, model: 0x6b, stepping: 0x1)
[    1.431659] RCU Tasks: Setting shift to 1 and lim to 1 rcu_task_cb_adjust=1.
[    1.431792] RCU Tasks Trace: Setting shift to 1 and lim to 1 rcu_task_cb_adjust=1.
[    1.435907] Performance Events: unsupported Netburst CPU model 107 no PMU driver, software events only.
[    1.440954] signal: max sigframe size: 1440
[    1.441940] rcu: Hierarchical SRCU implementation.
[    1.444466] rcu: 	Max phase no-delay instances is 1000.
[    1.452098] NMI watchdog: Perf NMI watchdog permanently disabled
[    1.455481] smp: Bringing up secondary CPUs ...
[    1.459009] smpboot: x86: Booting SMP configuration:
[    1.461666] .... node  #0, CPUs:      #1
[    1.474539] smp: Brought up 1 node, 2 CPUs
[    1.481672] smpboot: Max logical packages: 1
[    1.483913] ----------------
[    1.485454] | NMI testsuite:
[    1.486992] --------------------
[    1.488710]   remote IPI:  ok  |
[    1.490481]    local IPI:  ok  |
[    1.491667] --------------------
[    1.493381] Good, all   2 testcases passed! |
[    1.495716] ---------------------------------
[    1.498024] smpboot: Total of 2 processors activated (11199.99 BogoMIPS)
[    1.503241] devtmpfs: initialized
[    1.503540] x86/mm: Memory block size: 128MB
[    1.507010] clocksource: jiffies: mask: 0xffffffff max_cycles: 0xffffffff, max_idle_ns: 19112604462750000 ns
[    1.513026] futex hash table entries: 512 (order: 3, 32768 bytes, linear)
[    1.539773] NET: Registered PF_NETLINK/PF_ROUTE protocol family
[    1.543885] audit: initializing netlink subsys (disabled)
[    1.552733] audit: type=2000 audit(1772765556.470:1): state=initialized audit_enabled=0 res=1
[    1.553046] thermal_sys: Registered thermal governor 'step_wise'
[    1.556418] cpuidle: using governor ladder
[    1.563835] cpuidle: using governor menu
[    1.567295] acpiphp: ACPI Hot Plug PCI Controller Driver version: 0.5
[    1.573144] PCI: Using configuration type 1 for base access
[    1.577301] kprobes: kprobe jump-optimization is enabled. All kprobes are optimized if possible.
[    1.582986] HugeTLB: registered 2.00 MiB page size, pre-allocated 0 pages
[    1.586559] HugeTLB: 28 KiB vmemmap can be freed for a 2.00 MiB page
[    1.593028] ACPI: Added _OSI(Module Device)
[    1.595246] ACPI: Added _OSI(Processor Device)
[    1.597630] ACPI: Added _OSI(3.0 _SCP Extensions)
[    1.601665] ACPI: Added _OSI(Processor Aggregator Device)
[    1.609637] ACPI: 1 ACPI AML tables successfully acquired and loaded
[    1.613675] ACPI: _OSC evaluation for CPUs failed, trying _PDC
[    1.614973] ACPI: Interpreter enabled
[    1.621816] ACPI: PM: (supports S0 S3 S5)
[    1.624005] ACPI: Using IOAPIC for interrupt routing
[    1.626820] PCI: Using host bridge windows from ACPI; if necessary, use "pci=nocrs" and report a bug
[    1.631595] PCI: Using E820 reservations for host bridge windows
[    1.631845] ACPI: Enabled 2 GPEs in block 00 to 0F
[    1.641715] ACPI: PCI Root Bridge [PCI0] (domain 0000 [bus 00-ff])
[    1.646641] acpi PNP0A03:00: _OSC: OS supports [ASPM ClockPM Segments MSI HPX-Type3]
[    1.650716] acpi PNP0A03:00: _OSC: not requesting OS control; OS requires [ExtendedConfig ASPM ClockPM MSI]
[    1.651742] acpi PNP0A03:00: fail to add MMCONFIG information, can't access extended configuration space under this bridge
[    1.662465] acpiphp: Slot [3] registered
[    1.664610] acpiphp: Slot [4] registered
[    1.666829] acpiphp: Slot [5] registered
[    1.668955] acpiphp: Slot [6] registered
[    1.671085] acpiphp: Slot [7] registered
[    1.671712] acpiphp: Slot [8] registered
[    1.673899] acpiphp: Slot [9] registered
[    1.676006] acpiphp: Slot [10] registered
[    1.678265] acpiphp: Slot [11] registered
[    1.681758] acpiphp: Slot [12] registered
[    1.683931] acpiphp: Slot [13] registered
[    1.686084] acpiphp: Slot [14] registered
[    1.688247] acpiphp: Slot [15] registered
[    1.690415] acpiphp: Slot [16] registered
[    1.691711] acpiphp: Slot [17] registered
[    1.693930] acpiphp: Slot [18] registered
[    1.696131] acpiphp: Slot [19] registered
[    1.698295] acpiphp: Slot [20] registered
[    1.701714] acpiphp: Slot [21] registered
[    1.703903] acpiphp: Slot [22] registered
[    1.706083] acpiphp: Slot [23] registered
[    1.708253] acpiphp: Slot [24] registered
[    1.710413] acpiphp: Slot [25] registered
[    1.711717] acpiphp: Slot [26] registered
[    1.713981] acpiphp: Slot [27] registered
[    1.716233] acpiphp: Slot [28] registered
[    1.718423] acpiphp: Slot [29] registered
[    1.720626] acpiphp: Slot [30] registered
[    1.721713] acpiphp: Slot [31] registered
[    1.723980] PCI host bridge to bus 0000:00
[    1.726285] pci_bus 0000:00: root bus resource [io  0x0000-0x0cf7 window]
[    1.731664] pci_bus 0000:00: root bus resource [io  0x0d00-0xffff window]
[    1.735281] pci_bus 0000:00: root bus resource [mem 0x000a0000-0x000bffff window]
[    1.739212] pci_bus 0000:00: root bus resource [mem 0xc0000000-0xfebfffff window]
[    1.741666] pci_bus 0000:00: root bus resource [mem 0x140000000-0x1bfffffff window]
[    1.745678] pci_bus 0000:00: root bus resource [bus 00-ff]
[    1.748907] pci 0000:00:00.0: [8086:1237] type 00 class 0x060000
[    1.754884] pci 0000:00:01.0: [8086:7000] type 00 class 0x060100
[    1.763604] pci 0000:00:01.1: [8086:7010] type 00 class 0x010180
[    1.770382] pci 0000:00:01.1: reg 0x20: [io  0xc160-0xc16f]
[    1.773263] pci 0000:00:01.1: legacy IDE quirk: reg 0x10: [io  0x01f0-0x01f7]
[    1.777196] pci 0000:00:01.1: legacy IDE quirk: reg 0x14: [io  0x03f6]
[    1.781664] pci 0000:00:01.1: legacy IDE quirk: reg 0x18: [io  0x0170-0x0177]
[    1.785469] pci 0000:00:01.1: legacy IDE quirk: reg 0x1c: [io  0x0376]
[    1.789757] pci 0000:00:01.3: [8086:7113] type 00 class 0x068000
[    1.794168] pci 0000:00:01.3: quirk: [io  0x0600-0x063f] claimed by PIIX4 ACPI
[    1.798009] pci 0000:00:01.3: quirk: [io  0x0700-0x070f] claimed by PIIX4 SMB
[    1.802704] pci 0000:00:02.0: [1234:1111] type 00 class 0x030000
[    1.823235] pci 0000:00:02.0: reg 0x10: [mem 0xfd000000-0xfdffffff pref]
[    1.836925] pci 0000:00:02.0: reg 0x18: [mem 0xfeb90000-0xfeb90fff]
[    1.853069] pci 0000:00:02.0: reg 0x30: [mem 0xfeb80000-0xfeb8ffff pref]
[    1.862775] pci 0000:00:02.0: Video device with shadowed ROM at [mem 0x000c0000-0x000dffff]
[    1.877581] pci 0000:00:03.0: [1af4:1000] type 00 class 0x020000
[    1.882089] pci 0000:00:03.0: reg 0x10: [io  0xc140-0xc15f]
[    1.886251] pci 0000:00:03.0: reg 0x14: [mem 0xfeb91000-0xfeb91fff]
[    1.894099] pci 0000:00:03.0: reg 0x20: [mem 0xfe000000-0xfe003fff 64bit pref]
[    1.901668] pci 0000:00:03.0: reg 0x30: [mem 0xfeb00000-0xfeb7ffff pref]
[    1.913044] pci 0000:00:04.0: [1af4:1009] type 00 class 0x000200
[    1.917763] pci 0000:00:04.0: reg 0x10: [io  0xc100-0xc13f]
[    1.922068] pci 0000:00:04.0: reg 0x14: [mem 0xfeb92000-0xfeb92fff]
[    1.929118] pci 0000:00:04.0: reg 0x20: [mem 0xfe004000-0xfe007fff 64bit pref]
[    1.937979] pci 0000:00:05.0: [1af4:1001] type 00 class 0x010000
[    1.943407] pci 0000:00:05.0: reg 0x10: [io  0xc000-0xc07f]
[    1.948057] pci 0000:00:05.0: reg 0x14: [mem 0xfeb93000-0xfeb93fff]
[    1.957306] pci 0000:00:05.0: reg 0x20: [mem 0xfe008000-0xfe00bfff 64bit pref]
[    1.967342] pci 0000:00:06.0: [1af4:1001] type 00 class 0x010000
[    1.972377] pci 0000:00:06.0: reg 0x10: [io  0xc080-0xc0ff]
[    1.976617] pci 0000:00:06.0: reg 0x14: [mem 0xfeb94000-0xfeb94fff]
[    1.984117] pci 0000:00:06.0: reg 0x20: [mem 0xfe00c000-0xfe00ffff 64bit pref]
[    1.996182] ACPI: PCI: Interrupt link LNKA configured for IRQ 10
[    1.999976] ACPI: PCI: Interrupt link LNKB configured for IRQ 10
[    2.001944] ACPI: PCI: Interrupt link LNKC configured for IRQ 11
[    2.005363] ACPI: PCI: Interrupt link LNKD configured for IRQ 11
[    2.008692] ACPI: PCI: Interrupt link LNKS configured for IRQ 9
[    2.014429] iommu: Default domain type: Translated
[    2.017024] iommu: DMA domain TLB invalidation policy: lazy mode
[    2.025963] SCSI subsystem initialized
[    2.032707] pps_core: LinuxPPS API ver. 1 registered
[    2.034865] pps_core: Software ver. 5.3.6 - Copyright 2005-2007 Rodolfo Giometti <giometti@linux.it>
[    2.047861] PTP clock support registered
[    2.055035] PCI: Using ACPI for IRQ routing
[    2.058880] hpet: 3 channels of 0 reserved for per-cpu timers
[    2.061854] clocksource: Switched to clocksource kvm-clock
[    2.067835] VFS: Disk quotas dquot_6.6.0
[    2.070189] VFS: Dquot-cache hash table entries: 512 (order 0, 4096 bytes)
[    2.075034] pnp: PnP ACPI init
[    2.078024] pnp: PnP ACPI: found 6 devices
[    2.095813] clocksource: acpi_pm: mask: 0xffffff max_cycles: 0xffffff, max_idle_ns: 2085701024 ns
[    2.102910] NET: Registered PF_INET protocol family
[    2.108885] IP idents hash table entries: 65536 (order: 7, 524288 bytes, linear)
[    2.118587] tcp_listen_portaddr_hash hash table entries: 2048 (order: 3, 32768 bytes, linear)
[    2.124905] Table-perturb hash table entries: 65536 (order: 6, 262144 bytes, linear)
[    2.130807] TCP established hash table entries: 32768 (order: 6, 262144 bytes, linear)
[    2.142245] TCP bind hash table entries: 32768 (order: 8, 1048576 bytes, linear)
[    2.146415] TCP: Hash tables configured (established 32768 bind 32768)
[    2.154749] UDP hash table entries: 2048 (order: 4, 65536 bytes, linear)
[    2.159137] UDP-Lite hash table entries: 2048 (order: 4, 65536 bytes, linear)
[    2.163370] NET: Registered PF_UNIX/PF_LOCAL protocol family
[    2.166634] NET: Registered PF_XDP protocol family
[    2.169506] pci_bus 0000:00: resource 4 [io  0x0000-0x0cf7 window]
[    2.172886] pci_bus 0000:00: resource 5 [io  0x0d00-0xffff window]
[    2.176222] pci_bus 0000:00: resource 6 [mem 0x000a0000-0x000bffff window]
[    2.180005] pci_bus 0000:00: resource 7 [mem 0xc0000000-0xfebfffff window]
[    2.183636] pci_bus 0000:00: resource 8 [mem 0x140000000-0x1bfffffff window]
[    2.187870] pci 0000:00:01.0: PIIX3: Enabling Passive Release
[    2.191341] pci 0000:00:00.0: Limiting direct PCI/PCI transfers
[    2.195095] PCI: CLS 0 bytes, default 64
[    2.197443] PCI-DMA: Using software bounce buffering for IO (SWIOTLB)
[    2.198156] Unpacking initramfs...
[    2.201129] software IO TLB: mapped [mem 0x00000000bbfda000-0x00000000bffda000] (64MB)
[    2.201420] clocksource: tsc: mask: 0xffffffffffffffff max_cycles: 0x285c3ee517e, max_idle_ns: 440795257231 ns
[    2.214532] Initialise system trusted keyrings
[    2.217780] workingset: timestamp_bits=46 max_order=20 bucket_order=0
[    2.222081] zbud: loaded
[    2.229954] Key type asymmetric registered
[    2.232232] Asymmetric key parser 'x509' registered
[    2.235547] Block layer SCSI generic (bsg) driver version 0.4 loaded (major 247)
[    2.240314] io scheduler mq-deadline registered
[    2.242830] io scheduler kyber registered
[    2.245194] io scheduler bfq registered
[    2.248826] ERST DBG: ERST support is disabled.
[    2.264242] ACPI: \_SB_.LNKC: Enabled at IRQ 11
[    2.282855] ACPI: \_SB_.LNKD: Enabled at IRQ 10
[    2.301254] ACPI: \_SB_.LNKA: Enabled at IRQ 10
[    2.320390] ACPI: \_SB_.LNKB: Enabled at IRQ 11
[    2.327713] Serial: 8250/16550 driver, 4 ports, IRQ sharing enabled
[    2.332112] 00:04: ttyS0 at I/O 0x3f8 (irq = 4, base_baud = 115200) is a 16550A
[    2.343057] VMware PVSCSI driver - version 1.0.7.0-k
[    2.350376] scsi host0: ata_piix
[    2.353612] scsi host1: ata_piix
[    2.355504] ata1: PATA max MWDMA2 cmd 0x1f0 ctl 0x3f6 bmdma 0xc160 irq 14
[    2.359180] ata2: PATA max MWDMA2 cmd 0x170 ctl 0x376 bmdma 0xc168 irq 15
[    2.363589] i8042: PNP: PS/2 Controller [PNP0303:KBD,PNP0f13:MOU] at 0x60,0x64 irq 1,12
[    2.374354] serio: i8042 KBD port at 0x60,0x64 irq 1
[    2.377055] serio: i8042 AUX port at 0x60,0x64 irq 12
[    2.380007] rtc_cmos 00:05: RTC can wake from S4
[    2.386868] input: AT Translated Set 2 keyboard as /devices/platform/i8042/serio0/input/input0
[    2.392996] rtc_cmos 00:05: registered as rtc0
[    2.395789] rtc_cmos 00:05: setting system clock to 2026-03-06T02:52:36 UTC (1772765556)
[    2.400442] rtc_cmos 00:05: alarms up to one day, y3k, 242 bytes nvram, hpet irqs
[    2.404496] intel_pstate: CPU model not supported
[    2.407354] gre: GRE over IPv4 demultiplexor driver
[    2.429438] Freeing initrd memory: 9096K
[    2.459506] Key type dns_resolver registered
[    2.462167] IPI shorthand broadcast: enabled
[    2.466862] sched_clock: Marking stable (2100525532, 358893359)->(2475410720, -15991829)
[    2.481235] registered taskstats version 1
[    2.484310] Loading compiled-in X.509 certificates
[    2.500794] Loaded X.509 cert 'alpinelinux.org: Alpine Linux kernel key: d76a695f66ad9cd28f5c22a8508f36e91f521f7a'
[    2.509214] Key type .fscrypt registered
[    2.511793] Key type fscrypt-provisioning registered
[    2.540617] ata2: found unknown device (class 0)
[    2.544438] ata2.00: ATAPI: QEMU DVD-ROM, 2.5+, max UDMA/100
[    2.550529] scsi 1:0:0:0: CD-ROM            QEMU     QEMU DVD-ROM     2.5+ PQ: 0 ANSI: 5
[    2.633870] Freeing unused kernel image (initmem) memory: 2640K
[    2.669035] Write protecting the kernel read-only data: 20480k
[    2.672133] Freeing unused kernel image (rodata/data gap) memory: 184K
[    2.674253] rodata_test: all tests were successful
[    2.675909] Run /init as init process
[    2.694396] Alpine Init 3.9.0-r0
Alpine Init 3.9.0-r0
[    2.698527] Loading boot drivers...
 * Loading boot drivers: [    2.771582] ACPI: bus type USB registered
[    2.774339] usbcore: registered new interface driver usbfs
[    2.776556] usbcore: registered new interface driver hub
[    2.781766] usbcore: registered new device driver usb
[    2.794996] usbcore: registered new interface driver usb-storage
[    3.040284] loop: module loaded
[    3.085011] ACPI: bus type drm_connector registered
[    3.114851] Loading boot drivers: ok.
ok.
[    3.120209] Mounting root...
 * Mounting root: [    3.175629] piix4_smbus 0000:00:01.3: SMBus Host Controller at 0x700, revision 0
[    3.197157] [drm] Found bochs VGA, ID 0xb0c5.
[    3.198583] [drm] Framebuffer size 16384 kB @ 0xfd000000, mmio @ 0xfeb90000.
[    3.207285] [drm] Found EDID data blob.
[    3.208900] [drm] Initialized bochs-drm 1.0.0 20130925 for 0000:00:02.0 on minor 0
[    3.258460] Console: switching to colour frame buffer device 128x48
[    3.261887] bochs-drm 0000:00:02.0: [drm] fb0: bochs-drmdrmfb frame buffer device
[    3.401722] sr 1:0:0:0: [sr0] scsi3-mmc drive: 4x/4x cd/rw xa/form2 tray
[    3.403784] cdrom: Uniform CD-ROM driver Revision: 3.20
[    3.486293] virtio_blk virtio2: 2/0/0 default/read/poll queues
[    3.492891] virtio_blk virtio2: [vda] 8388608 512-byte logical blocks (4.29 GB/4.00 GiB)
[    3.497299] virtio_blk virtio3: 2/0/0 default/read/poll queues
[    3.503519] virtio_blk virtio3: [vdb] 736 512-byte logical blocks (377 kB/368 KiB)
[    3.591192] block sr0: the capability attribute has been deprecated.
[    6.507268] EXT4-fs (vda): mounted filesystem 367ceb5a-a72a-4cc6-9140-e18812d3c81b ro with ordered data mode. Quota mode: none.
[    6.511345] Mounting root: ok.
ok.

   OpenRC 0.52.1 is starting up Linux 6.6.4-1-virt (x86_64)

 * /proc is already mounted
 * Mounting /run ... [ ok ]
 * /run/openrc: creating directory
 * /run/lock: creating directory
 * /run/lock: correcting owner
 * Caching service dependencies ... [ ok ]
 * Remounting devtmpfs on /dev ... [ ok ]
 * Mounting /dev/mqueue ... [ ok ]
 * Mounting security filesystem ... [ ok ]
 * Mounting debug filesystem ... [ ok ]
 * Mounting persistent storage (pstore) filesystem ... [ ok ]
 * Starting busybox mdev ... [ ok ]
 * Scanning hardware for mdev ... [ ok ]
 * Loading hardware drivers ... [ ok ]
 * Loading modules ... [ ok ]
 * Setting system clock using the hardware clock [UTC] ... [ ok ]
 * Checking local filesystems  .../: clean, 8723/65536 files, 158031/262144 blocks
 [ ok ]
 * Remounting root filesystem read/write ... [ ok ]
 * Remounting filesystems ... [ ok ]
 * Activating swap devices ... [ ok ]
 * Mounting local filesystems ... [ ok ]
 * Starting busybox acpid ... [ ok ]
 * Configuring kernel parameters ... [ ok ]
 * Migrating /var/lock to /run/lock ... [ ok ]
 * Creating user login records ... [ ok ]
 * Cleaning /tmp directory ... [ ok ]
Cloud-init v. 23.4 running 'init-local' at Fri, 06 Mar 2026 02:52:45 +0000. Up 11.36 seconds.
 [ ok ]
 * Setting hostname ... [ ok ]
 * Starting busybox syslog ... [ ok ]
 * Mounting cgroup filesystem ... [ ok ]
 * Starting networking ... *   lo ... [ ok ]
 *   eth0 ... [ ok ]
 * /var/log/docker.log: creating file
 * /var/log/docker.log: correcting owner
 * Starting Docker Daemon ... [ ok ]
 * Starting benchmark agent ...
[1A[2Ka257f20c716c: Loading layer  557.1kB/81.04MB[1B[1A[2Ka257f20c716c: Loading layer  5.014MB/81.04MB[1B[1A[2Ka257f20c716c: Loading layer  10.58MB/81.04MB[1B[1A[2Ka257f20c716c: Loading layer  16.15MB/81.04MB[1B[1A[2Ka257f20c716c: Loading layer  21.17MB/81.04MB[1B[1A[2Ka257f20c716c: Loading layer  25.07MB/81.04MB[1B[1A[2Ka257f20c716c: Loading layer  29.52MB/81.04MB[1B[1A[2Ka257f20c716c: Loading layer  33.98MB/81.04MB[1B[1A[2Ka257f20c716c: Loading layer  39.55MB/81.04MB[1B[1A[2Ka257f20c716c: Loading layer  45.12MB/81.04MB[1B[1A[2Ka257f20c716c: Loading layer  51.25MB/81.04MB[1B[1A[2Ka257f20c716c: Loading layer  57.38MB/81.04MB[1B[1A[2Ka257f20c716c: Loading layer   63.5MB/81.04MB[1B[1A[2Ka257f20c716c: Loading layer  66.29MB/81.04MB[1B[1A[2Ka257f20c716c: Loading layer   67.4MB/81.04MB[1B[1A[2Ka257f20c716c: Loading layer  69.63MB/81.04MB[1B[1A[2Ka257f20c716c: Loading layer  72.97MB/81.04MB[1B[1A[2Ka257f20c716c: Loading layer  74.09MB/81.04MB[1B[1A[2Ka257f20c716c: Loading layer   75.2MB/81.04MB[1B[1A[2Ka257f20c716c: Loading layer  75.76MB/81.04MB[1B[1A[2Ka257f20c716c: Loading layer  77.99MB/81.04MB[1B[1A[2Ka257f20c716c: Loading layer   79.1MB/81.04MB[1B[1A[2Ka257f20c716c: Loading layer  81.04MB/81.04MB[1B
[1A[2Kb0c20bcd44fe: Loading layer  65.54kB/4.123MB[1B[1A[2Kb0c20bcd44fe: Loading layer  1.769MB/4.123MB[1B[1A[2Kb0c20bcd44fe: Loading layer  4.123MB/4.123MB[1B[1A[2Kb0c20bcd44fe: Loading layer  4.123MB/4.123MB[1B
[1A[2K5184c31ad48f: Loading layer  458.8kB/43.85MB[1B[1A[2K5184c31ad48f: Loading layer  2.294MB/43.85MB[1B[1A[2K5184c31ad48f: Loading layer  8.258MB/43.85MB[1B[1A[2K5184c31ad48f: Loading layer  11.01MB/43.85MB[1B[1A[2K5184c31ad48f: Loading layer   15.6MB/43.85MB[1B[1A[2K5184c31ad48f: Loading layer  18.35MB/43.85MB[1B[1A[2K5184c31ad48f: Loading layer  22.48MB/43.85MB[1B[1A[2K5184c31ad48f: Loading layer  25.23MB/43.85MB[1B[1A[2K5184c31ad48f: Loading layer  27.98MB/43.85MB[1B[1A[2K5184c31ad48f: Loading layer  31.65MB/43.85MB[1B[1A[2K5184c31ad48f: Loading layer  33.95MB/43.85MB[1B[1A[2K5184c31ad48f: Loading layer  35.78MB/43.85MB[1B[1A[2K5184c31ad48f: Loading layer  37.62MB/43.85MB[1B[1A[2K5184c31ad48f: Loading layer  40.37MB/43.85MB[1B[1A[2K5184c31ad48f: Loading layer  43.58MB/43.85MB[1B[1A[2K5184c31ad48f: Loading layer  43.85MB/43.85MB[1B
[1A[2Kfa1d322086e6: Loading layer   5.12kB/5.12kB[1B[1A[2Kfa1d322086e6: Loading layer   5.12kB/5.12kB[1B
[1A[2Kbdf610394df6: Loading layer  22.02kB/22.02kB[1B[1A[2Kbdf610394df6: Loading layer  22.02kB/22.02kB[1B
[1A[2Keb067feb5b8d: Loading layer  9.728kB/9.728kB[1B[1A[2Keb067feb5b8d: Loading layer  9.728kB/9.728kB[1BLoaded image: bench-worker:latest
 [ ok ]
 * Starting chronyd ... [ ok ]
 * Starting cloud-init-hotplugd ... [ ok ]
Cloud-init v. 23.4 running 'init' at Fri, 06 Mar 2026 02:53:11 +0000. Up 37.23 seconds.
ci-info: +++++++++++++++++++++++++++++++++++++++Net device info+++++++++++++++++++++++++++++++++++++++
ci-info: +---------+-------+----------------------------+---------------+--------+-------------------+
ci-info: |  Device |   Up  |          Address           |      Mask     | Scope  |     Hw-Address    |
ci-info: +---------+-------+----------------------------+---------------+--------+-------------------+
ci-info: | docker0 | False |         172.17.0.1         |  255.255.0.0  | global | 02:42:4e:2f:03:dc |
ci-info: |   eth0  |  True |         10.0.2.15          | 255.255.255.0 | global | 52:54:00:12:34:56 |
ci-info: |   eth0  |  True | fec0::5054:ff:fe12:3456/64 |       .       |  site  | 52:54:00:12:34:56 |
ci-info: |   eth0  |  True | fe80::5054:ff:fe12:3456/64 |       .       |  link  | 52:54:00:12:34:56 |
ci-info: |    lo   |  True |         127.0.0.1          |   255.0.0.0   |  host  |         .         |
ci-info: |    lo   |  True |          ::1/128           |       .       |  host  |         .         |
ci-info: +---------+-------+----------------------------+---------------+--------+-------------------+
ci-info: +++++++++++++++++++++++++++Route IPv4 info++++++++++++++++++++++++++++
ci-info: +-------+-------------+----------+---------------+-----------+-------+
ci-info: | Route | Destination | Gateway  |    Genmask    | Interface | Flags |
ci-info: +-------+-------------+----------+---------------+-----------+-------+
ci-info: |   0   |   0.0.0.0   | 10.0.2.2 |    0.0.0.0    |    eth0   |   UG  |
ci-info: |   1   |   10.0.2.0  | 0.0.0.0  | 255.255.255.0 |    eth0   |   U   |
ci-info: |   2   |  172.17.0.0 | 0.0.0.0  |  255.255.0.0  |  docker0  |   U   |
ci-info: +-------+-------------+----------+---------------+-----------+-------+
ci-info: +++++++++++++++++++Route IPv6 info+++++++++++++++++++
ci-info: +-------+-------------+---------+-----------+-------+
ci-info: | Route | Destination | Gateway | Interface | Flags |
ci-info: +-------+-------------+---------+-----------+-------+
ci-info: |   0   |  fe80::/64  |    ::   |    eth0   |   U   |
ci-info: |   1   |  fec0::/64  |    ::   |    eth0   |   Ue  |
ci-info: |   2   |     ::/0    | fe80::2 |    eth0   |  UGe  |
ci-info: |   4   |    local    |    ::   |    eth0   |   U   |
ci-info: |   5   |    local    |    ::   |    eth0   |   U   |
ci-info: |   6   |  multicast  |    ::   |    eth0   |   U   |
ci-info: +-------+-------------+---------+-----------+-------+
2026-03-06 02:53:11,852 - cloud_config.py[WARNING]: Failed at merging in cloud config part from part-001: empty cloud config
Generating public/private rsa key pair.
Your identification has been saved in /etc/ssh/ssh_host_rsa_key
Your public key has been saved in /etc/ssh/ssh_host_rsa_key.pub
The key fingerprint is:
SHA256:rw7tfaVgqeVWgbwUqYYdV+1sy7urvG1eP9h1Yk8q1yo root@agent-1
The key's randomart image is:
+---[RSA 3072]----+
|           o..   |
|        . +   .  |
|       o = o o   |
|      . + + . +  |
|       .S. o + . |
|       . .* . * +|
|      . .=.o +oB+|
|       o.oo.Eo=++|
|       .+...+O*+o|
+----[SHA256]-----+
Generating public/private dsa key pair.
Your identification has been saved in /etc/ssh/ssh_host_dsa_key
Your public key has been saved in /etc/ssh/ssh_host_dsa_key.pub
The key fingerprint is:
SHA256:H8hTT7gve/ZhBaIXgvMTrsCHEOAaIumoczJMudEY/pE root@agent-1
The key's randomart image is:
+---[DSA 1024]----+
|  ...            |
| o   .   . .     |
|=.. .   o = + .  |
|*o= .o o * B o . |
|oB E  + S B o   .|
|+ + .  o + =   . |
|=o..    . o . o  |
| =         oo. . |
|          .o ..  |
+----[SHA256]-----+
Generating public/private ecdsa key pair.
Your identification has been saved in /etc/ssh/ssh_host_ecdsa_key
Your public key has been saved in /etc/ssh/ssh_host_ecdsa_key.pub
The key fingerprint is:
SHA256:Jy+1kd930kLCvZDIib8MeRk7knU3ktzBLzXlOgZam3A root@agent-1
The key's randomart image is:
+---[ECDSA 256]---+
|                .|
|             . ..|
|          . E o.o|
|         o @ O =.|
|        S % % @ .|
|         X O O * |
|        * O . = +|
|         * o   +.|
|          o      |
+----[SHA256]-----+
Generating public/private ed25519 key pair.
Your identification has been saved in /etc/ssh/ssh_host_ed25519_key
Your public key has been saved in /etc/ssh/ssh_host_ed25519_key.pub
The key fingerprint is:
SHA256:xL5jTSwOi8FICFBhrG6QjnQRNj6hU6II1jV/PLNfE0o root@agent-1
The key's randomart image is:
+--[ED25519 256]--+
|===Boo           |
|*oBoo o..        |
|+=.o.  .o= E .   |
|+o.+.  o..= . .  |
|* o o . S.o. o   |
|.+   o + =. . .  |
|.   . . = ..     |
|       . .       |
|                 |
+----[SHA256]-----+
 [ ok ]
Cloud-init v. 23.4 running 'modules:config' at Fri, 06 Mar 2026 02:53:12 +0000. Up 38.06 seconds.
 [ ok ]
Cloud-init v. 23.4 running 'modules:final' at Fri, 06 Mar 2026 02:53:13 +0000. Up 38.54 seconds.
ci-info: no authorized SSH keys fingerprints found for user alpine.
cloud-init: #############################################################
cloud-init: -----BEGIN SSH HOST KEY FINGERPRINTS-----
cloud-init: 1024 SHA256:H8hTT7gve/ZhBaIXgvMTrsCHEOAaIumoczJMudEY/pE root@agent-1 (DSA)
cloud-init: 256 SHA256:Jy+1kd930kLCvZDIib8MeRk7knU3ktzBLzXlOgZam3A root@agent-1 (ECDSA)
cloud-init: 256 SHA256:xL5jTSwOi8FICFBhrG6QjnQRNj6hU6II1jV/PLNfE0o root@agent-1 (ED25519)
cloud-init: 3072 SHA256:rw7tfaVgqeVWgbwUqYYdV+1sy7urvG1eP9h1Yk8q1yo root@agent-1 (RSA)
cloud-init: -----END SSH HOST KEY FINGERPRINTS-----
cloud-init: #############################################################
-----BEGIN SSH HOST KEY KEYS-----
ecdsa-sha2-nistp256 AAAAE2VjZHNhLXNoYTItbmlzdHAyNTYAAAAIbmlzdHAyNTYAAABBBHVgZ6vIGRjeIGbRjpO8NCyRIPpW93x5mHkMHHwBl4xyg1Xs+MlZqiqB6BgNFvKhIDTQo4bx0g3ANeOfMhnHJG8= root@agent-1
ssh-ed25519 AAAAC3NzaC1lZDI1NTE5AAAAIIk2jnfa43gWrMWtWD7Aw9yQ8iOC1aRV2IaE2hEuIqFS root@agent-1
ssh-rsa AAAAB3NzaC1yc2EAAAADAQABAAABgQCTKm+zQ0X4LYaEmpsCbNGrltze+OZHYIZBLnzNfR0KH53a8UXkr8qVgHvAdj9zqugn/pcmmfgZreTaUCY9rSS4ZlQS3L8YGz4Oarukfdvjmn4b5+aSBnBCgneE/y5Clz+iqK8K+FyEUYpnMJ2qzk3JZiJpGg4mnRWmZxXMN88zPGYXwo+O2ZCwMDj5d/Qdp7p13SGQb9dKAsCjHlLDAmcftgcLlYPjbJJDeSV9+38OgwF3QVeeeWix7+bwjYnay3/343Dospc6jzL/Lg6MONFMM8NNG8t3qjt60fU5yqnyhwoY2EaA5qKevqPwpYQoXDCaI3O1SO96EzLiCEyd77uzvqnJJ4LtsU6vpYo1K5ILHJUlK5g/XFbCXmQvcBfuMGtL1o6DM1bH0tsZ9UQ9ZtBjPNqmk0pAtIR1hG5afVaj/ZEPwLnp/Ddb5vShxvWujaqSOA7ggoD/Fbccr1CzHMO3XQIIMM6mE40H1p9n8UrfjD2n2cwSKVx1dAwSbjjtR8c= root@agent-1
-----END SSH HOST KEY KEYS-----
Cloud-init v. 23.4 finished at Fri, 06 Mar 2026 02:53:13 +0000. Datasource DataSourceNoCloud [seed=/dev/vdb][dsmode=net].  Up 38.72 seconds
 [ ok ]

Welcome to Alpine Linux 3.19
Kernel 6.6.4-1-virt on an x86_64 (/dev/ttyS0)

agent-1 login: 