c[?7l[2J[0mSeaBIOS (version 1.15.0-1)


iPXE (https://ipxe.org) 00:03.0 CA00 PCI2.10 PnP PMM+BFF8B380+BFECB380 CA00
Press Ctrl-B to configure iPXE (PCI 00:03.0)...                                                                               


Booting from Hard Disk...

SYSLINUX 6.04 EDD 6.04-pre1 Copyright (C) 1994-2015 H. Peter Anvin et al

SYSLINUX 6.04 6.04-pre1 Copyright (C) 1994-2015 H. Peter Anvin et al
[2Je%@)0(B[0;37;40m[?25l[2J[23;16HAlpine will be booted automatically in [0;1m1[0m seconds[23;16H[0;37;40mAl.pine will be booted automatically in [0;1;37;40m1[0;37;40m seconds.[23;16H                                                 [23;16H[0;37;40m                                                  [?25h[24;1H[0m 
Loading vmlinuz-virt...Loading vmlinuz-virt...  ook
k
Loading initramfs-virt..Loading initramfs-virt....ookk

c[?7l[2J[    0.000000] Linux version 6.6.4-1-virt (buildozer@build-3-19-x86_64) (gcc (Alpine 13.2.1_git20231014) 13.2.1 20231014, GNU ld (GNU Binutils) 2.41) #2-Alpine SMP PREEMPT_DYNAMIC Tue, 05 Dec 2023 20:25:50 +0000
[    0.000000] Command line: BOOT_IMAGE=vmlinuz-virt root=LABEL=/ modules=sd-mod,usb-storage,ext4 console=ttyS0,115200n8 initrd=initramfs-virt
[    0.000000] BIOS-provided physical RAM map:
[    0.000000] BIOS-e820: [mem 0x0000000000000000-0x000000000009fbff] usable
[    0.000000] BIOS-e820: [mem 0x000000000009fc00-0x000000000009ffff] reserved
[    0.000000] BIOS-e820: [mem 0x00000000000f0000-0x00000000000fffff] reserved
[    0.000000] BIOS-e820: [mem 0x0000000000100000-0x00000000bffd9fff] usable
[    0.000000] BIOS-e820: [mem 0x00000000bffda000-0x00000000bfffffff] reserved
[    0.000000] BIOS-e820: [mem 0x00000000feffc000-0x00000000feffffff] reserved
[    0.000000] BIOS-e820: [mem 0x00000000fffc0000-0x00000000ffffffff] reserved
[    0.000000] BIOS-e820: [mem 0x0000000100000000-0x000000013fffffff] usable
[    0.000000] NX (Execute Disable) protection: active
[    0.000000] APIC: Static calls initialized
[    0.000000] SMBIOS 2.8 present.
[    0.000000] DMI: QEMU Standard PC (i440FX + PIIX, 1996), BIOS 1.15.0-1 04/01/2014
[    0.000000] Hypervisor detected: KVM
[    0.000000] kvm-clock: Using msrs 4b564d01 and 4b564d00
[    0.000001] kvm-clock: using sched offset of 2484218392 cycles
[    0.000003] clocksource: kvm-clock: mask: 0xffffffffffffffff max_cycles: 0x1cd42e4dffb, max_idle_ns: 881590591483 ns
[    0.000006] tsc: Detected 2799.998 MHz processor
[    0.000915] last_pfn = 0x140000 max_arch_pfn = 0x400000000
[    0.001301] MTRR map: 4 entries (3 fixed + 1 variable; max 19), built from 8 variable MTRRs
[    0.001316] x86/PAT: Configuration [0-7]: WB  WC  UC- UC  WB  WP  UC- WT  
[    0.001811] last_pfn = 0xbffda max_arch_pfn = 0x400000000
[    0.002052] RAMDISK: [mem 0x7f71e000-0x7fffffff]
[    0.002055] ACPI: Early table checksum verification disabled
[    0.002061] ACPI: RSDP 0x00000000000F59A0 000014 (v00 BOCHS )
[    0.002066] ACPI: RSDT 0x00000000BFFE1975 000034 (v01 BOCHS  BXPC     00000001 BXPC 00000001)
[    0.002072] ACPI: FACP 0x00000000BFFE1821 000074 (v01 BOCHS  BXPC     00000001 BXPC 00000001)
[    0.002108] ACPI: DSDT 0x00000000BFFE0040 0017E1 (v01 BOCHS  BXPC     00000001 BXPC 00000001)
[    0.002113] ACPI: FACS 0x00000000BFFE0000 000040
[    0.002116] ACPI: APIC 0x00000000BFFE1895 000080 (v01 BOCHS  BXPC     00000001 BXPC 00000001)
[    0.002119] ACPI: HPET 0x00000000BFFE1915 000038 (v01 BOCHS  BXPC     00000001 BXPC 00000001)
[    0.002122] ACPI: WAET 0x00000000BFFE194D 000028 (v01 BOCHS  BXPC     00000001 BXPC 00000001)
[    0.002124] ACPI: Reserving FACP table memory at [mem 0xbffe1821-0xbffe1894]
[    0.002125] ACPI: Reserving DSDT table memory at [mem 0xbffe0040-0xbffe1820]
[    0.002126] ACPI: Reserving FACS table memory at [mem 0xbffe0000-0xbffe003f]
[    0.002127] ACPI: Reserving APIC table memory at [mem 0xbffe1895-0xbffe1914]
[    0.002127] ACPI: Reserving HPET table memory at [mem 0xbffe1915-0xbffe194c]
[    0.002128] ACPI: Reserving WAET table memory at [mem 0xbffe194d-0xbffe1974]
[    0.002563] Zone ranges:
[    0.002565]   DMA      [mem 0x0000000000001000-0x0000000000ffffff]
[    0.002567]   DMA32    [mem 0x0000000001000000-0x00000000ffffffff]
[    0.002568]   Normal   [mem 0x0000000100000000-0x000000013fffffff]
[    0.002569] Movable zone start for each node
[    0.002570] Early memory node ranges
[    0.002570]   node   0: [mem 0x0000000000001000-0x000000000009efff]
[    0.002572]   node   0: [mem 0x0000000000100000-0x00000000bffd9fff]
[    0.002573]   node   0: [mem 0x0000000100000000-0x000000013fffffff]
[    0.002574] Initmem setup node 0 [mem 0x0000000000001000-0x000000013fffffff]
[    0.002663] On node 0, zone DMA: 1 pages in unavailable ranges
[    0.003968] On node 0, zone DMA: 97 pages in unavailable ranges
[    0.372791] On node 0, zone Normal: 38 pages in unavailable ranges
[    0.376088] ACPI: PM-Timer IO Port: 0x608
[    0.376128] ACPI: LAPIC_NMI (acpi_id[0xff] dfl dfl lint[0x1])
[    0.376296] IOAPIC[0]: apic_id 0, version 17, address 0xfec00000, GSI 0-23
[    0.376300] ACPI: INT_SRC_OVR (bus 0 bus_irq 0 global_irq 2 dfl dfl)
[    0.376302] ACPI: INT_SRC_OVR (bus 0 bus_irq 5 global_irq 5 high level)
[    0.376304] ACPI: INT_SRC_OVR (bus 0 bus_irq 9 global_irq 9 high level)
[    0.376305] ACPI: INT_SRC_OVR (bus 0 bus_irq 10 global_irq 10 high level)
[    0.376306] ACPI: INT_SRC_OVR (bus 0 bus_irq 11 global_irq 11 high level)
[    0.376310] ACPI: Using ACPI (MADT) for SMP configuration information
[    0.376311] ACPI: HPET id: 0x8086a201 base: 0xfed00000
[    0.376367] smpboot: Allowing 2 CPUs, 0 hotplug CPUs
[    0.376420] kvm-guest: APIC: eoi() replaced with kvm_guest_apic_eoi_write()
[    0.376474] [mem 0xc0000000-0xfeffbfff] available for PCI devices
[    0.376475] Booting paravirtualized kernel on KVM
[    0.376477] clocksource: refined-jiffies: mask: 0xffffffff max_cycles: 0xffffffff, max_idle_ns: 19112604462750000 ns
[    0.380009] setup_percpu: NR_CPUS:256 nr_cpumask_bits:2 nr_cpu_ids:2 nr_node_ids:1
[    0.395764] percpu: Embedded 57 pages/cpu s195048 r8192 d30232 u1048576
[    0.395881] kvm-guest: PV spinlocks disabled, no host support
[    0.395883] Kernel command line: BOOT_IMAGE=vmlinuz-virt root=LABEL=/ modules=sd-mod,usb-storage,ext4 console=ttyS0,115200n8 initrd=initramfs-virt
[    0.395942] Unknown kernel command line parameters "BOOT_IMAGE=vmlinuz-virt modules=sd-mod,usb-storage,ext4", will be passed to user space.
[    0.417337] Dentry cache hash table entries: 524288 (order: 10, 4194304 bytes, linear)
[    0.428093] Inode-cache hash table entries: 262144 (order: 9, 2097152 bytes, linear)
[    0.428332] Built 1 zonelists, mobility grouping on.  Total pages: 1031898
[    0.440497] mem auto-init: stack:all(zero), heap alloc:on, heap free:off
[    0.440506] software IO TLB: area num 2.
[    0.814020] Memory: 4012156K/4193760K available (12288K kernel code, 1744K rwdata, 8008K rodata, 2640K init, 2300K bss, 181344K reserved, 0K cma-reserved)
[    0.819917] SLUB: HWalign=64, Order=0-3, MinObjects=0, CPUs=2, Nodes=1
[    0.820082] Kernel/User page tables isolation: enabled
[    0.822660] Dynamic Preempt: none
[    0.822849] rcu: Preemptible hierarchical RCU implementation.
[    0.822851] rcu: 	RCU restricting CPUs from NR_CPUS=256 to nr_cpu_ids=2.
[    0.822852] 	Trampoline variant of Tasks RCU enabled.
[    0.822853] 	Tracing variant of Tasks RCU enabled.
[    0.822854] rcu: RCU calculated value of scheduler-enlistment delay is 10 jiffies.
[    0.822855] rcu: Adjusting geometry for rcu_fanout_leaf=16, nr_cpu_ids=2
[    0.827354] NR_IRQS: 16640, nr_irqs: 440, preallocated irqs: 16
[    0.827907] rcu: srcu_init: Setting srcu_struct sizes based on contention.
[    0.828062] kfence: initialized - using 2097152 bytes for 255 objects at 0x(____ptrval____)-0x(____ptrval____)
[    0.853311] Console: colour VGA+ 80x25
[    0.853483] printk: console [ttyS0] enabled
[    1.180150] ACPI: Core revision 20230628
[    1.182976] clocksource: hpet: mask: 0xffffffff max_cycles: 0xffffffff, max_idle_ns: 19112604467 ns
[    1.188159] APIC: Switch to symmetric I/O mode setup
[    1.192287] x2apic enabled
[    1.195309] APIC: Switched APIC routing to: physical x2apic
[    1.204922] ..TIMER: vector=0x30 apic1=0 pin1=2 apic2=-1 pin2=-1
[    1.208205] clocksource: tsc-early: mask: 0xffffffffffffffff max_cycles: 0x285c3ee517e, max_idle_ns: 440795257231 ns
[    1.213671] Calibrating delay loop (skipped) preset value.. 5599.99 BogoMIPS (lpj=27999980)
[    1.224579] Last level iTLB entries: 4KB 0, 2MB 0, 4MB 0
[    1.227390] Last level dTLB entries: 4KB 0, 2MB 0, 4MB 0, 1GB 0
[    1.230493] Spectre V1 : Mitigation: usercopy/swapgs barriers and __user pointer sanitization
[    1.233671] Spectre V2 : Mitigation: Retpolines
[    1.236028] Spectre V2 : Spectre v2 / SpectreRSB mitigation: Filling RSB on context switch
[    1.240334] Spectre V2 : Spectre v2 / SpectreRSB : Filling RSB on VMEXIT
[    1.243669] Speculative Store Bypass: Vulnerable
[    1.246111] MDS: Vulnerable: Clear CPU buffers attempted, no microcode
[    1.249540] MMIO Stale Data: Unknown: No mitigations
[    1.253672] x86/fpu: x87 FPU will use FXSAVE
[    1.268943] Freeing SMP alternatives memory: 32K
[    1.271392] pid_max: default: 32768 minimum: 301
[    1.274131] LSM: initializing lsm=capability,landlock,lockdown,integrity
[    1.278416] landlock: Up and running.
[    1.280837] Mount-cache hash table entries: 8192 (order: 4, 65536 bytes, linear)
[    1.283987] Mountpoint-cache hash table entries: 8192 (order: 4, 65536 bytes, linear)
[    1.415928] smpboot: CPU0: Intel QEMU Virtual CPU version 2.5+ (family: 0xf, model: 0x6b, stepping: 0x1)
[    1.422467] RCU Tasks: Setting shift to 1 and lim to 1 rcu_task_cb_adjust=1.
[    1.426433] RCU Tasks Trace: Setting shift to 1 and lim to 1 rcu_task_cb_adjust=1.
[    1.430521] Performance Events: unsupported Netburst CPU model 107 no PMU driver, software events only.
[    1.433853] signal: max sigframe size: 1440
[    1.436315] rcu: Hierarchical SRCU implementation.
[    1.438838] rcu: 	Max phase no-delay instances is 1000.
[    1.444378] NMI watchdog: Perf NMI watchdog permanently disabled
[    1.447756] smp: Bringing up secondary CPUs ...
[    1.451423] smpboot: x86: Booting SMP configuration:
[    1.453674] .... node  #0, CPUs:      #1
[    1.467659] smp: Brought up 1 node, 2 CPUs
[    1.473672] smpboot: Max logical packages: 1
[    1.475932] ----------------
[    1.477464] | NMI testsuite:
[    1.479003] --------------------
[    1.480714]   remote IPI:  ok  |
[    1.483673]    local IPI:  ok  |
[    1.485413] --------------------
[    1.487111] Good, all   2 testcases passed! |
[    1.489458] ---------------------------------
[    1.491808] smpboot: Total of 2 processors activated (11199.99 BogoMIPS)
[    1.497509] devtmpfs: initialized
[    1.504250] x86/mm: Memory block size: 128MB
[    1.518406] clocksource: jiffies: mask: 0xffffffff max_cycles: 0xffffffff, max_idle_ns: 19112604462750000 ns
[    1.523977] futex hash table entries: 512 (order: 3, 32768 bytes, linear)
[    1.546228] NET: Registered PF_NETLINK/PF_ROUTE protocol family
[    1.549936] audit: initializing netlink subsys (disabled)
[    1.553133] audit: type=2000 audit(1772765556.780:1): state=initialized audit_enabled=0 res=1
[    1.553133] thermal_sys: Registered thermal governor 'step_wise'
[    1.555009] cpuidle: using governor ladder
[    1.563723] cpuidle: using governor menu
[    1.566036] acpiphp: ACPI Hot Plug PCI Controller Driver version: 0.5
[    1.570332] PCI: Using configuration type 1 for base access
[    1.573912] kprobes: kprobe jump-optimization is enabled. All kprobes are optimized if possible.
[    1.579987] HugeTLB: registered 2.00 MiB page size, pre-allocated 0 pages
[    1.583671] HugeTLB: 28 KiB vmemmap can be freed for a 2.00 MiB page
[    1.594026] ACPI: Added _OSI(Module Device)
[    1.596296] ACPI: Added _OSI(Processor Device)
[    1.598751] ACPI: Added _OSI(3.0 _SCP Extensions)
[    1.601228] ACPI: Added _OSI(Processor Aggregator Device)
[    1.604824] ACPI: 1 ACPI AML tables successfully acquired and loaded
[    1.610639] ACPI: _OSC evaluation for CPUs failed, trying _PDC
[    1.613738] ACPI: Interpreter enabled
[    1.615694] ACPI: PM: (supports S0 S3 S5)
[    1.617910] ACPI: Using IOAPIC for interrupt routing
[    1.620639] PCI: Using host bridge windows from ACPI; if necessary, use "pci=nocrs" and report a bug
[    1.623669] PCI: Using E820 reservations for host bridge windows
[    1.627120] ACPI: Enabled 2 GPEs in block 00 to 0F
[    1.637322] ACPI: PCI Root Bridge [PCI0] (domain 0000 [bus 00-ff])
[    1.640566] acpi PNP0A03:00: _OSC: OS supports [ASPM ClockPM Segments MSI HPX-Type3]
[    1.643672] acpi PNP0A03:00: _OSC: not requesting OS control; OS requires [ExtendedConfig ASPM ClockPM MSI]
[    1.648737] acpi PNP0A03:00: fail to add MMCONFIG information, can't access extended configuration space under this bridge
[    1.654192] acpiphp: Slot [3] registered
[    1.656338] acpiphp: Slot [4] registered
[    1.658442] acpiphp: Slot [5] registered
[    1.660569] acpiphp: Slot [6] registered
[    1.663726] acpiphp: Slot [7] registered
[    1.665855] acpiphp: Slot [8] registered
[    1.667983] acpiphp: Slot [9] registered
[    1.670108] acpiphp: Slot [10] registered
[    1.673744] acpiphp: Slot [11] registered
[    1.675898] acpiphp: Slot [12] registered
[    1.678081] acpiphp: Slot [13] registered
[    1.680244] acpiphp: Slot [14] registered
[    1.682397] acpiphp: Slot [15] registered
[    1.683720] acpiphp: Slot [16] registered
[    1.685883] acpiphp: Slot [17] registered
[    1.688085] acpiphp: Slot [18] registered
[    1.690241] acpiphp: Slot [19] registered
[    1.692402] acpiphp: Slot [20] registered
[    1.693718] acpiphp: Slot [21] registered
[    1.695899] acpiphp: Slot [22] registered
[    1.698036] acpiphp: Slot [23] registered
[    1.700179] acpiphp: Slot [24] registered
[    1.703719] acpiphp: Slot [25] registered
[    1.705932] acpiphp: Slot [26] registered
[    1.708113] acpiphp: Slot [27] registered
[    1.710265] acpiphp: Slot [28] registered
[    1.712396] acpiphp: Slot [29] registered
[    1.713723] acpiphp: Slot [30] registered
[    1.715953] acpiphp: Slot [31] registered
[    1.718138] PCI host bridge to bus 0000:00
[    1.720264] pci_bus 0000:00: root bus resource [io  0x0000-0x0cf7 window]
[    1.723675] pci_bus 0000:00: root bus resource [io  0x0d00-0xffff window]
[    1.727296] pci_bus 0000:00: root bus resource [mem 0x000a0000-0x000bffff window]
[    1.731348] pci_bus 0000:00: root bus resource [mem 0xc0000000-0xfebfffff window]
[    1.733671] pci_bus 0000:00: root bus resource [mem 0x140000000-0x1bfffffff window]
[    1.737821] pci_bus 0000:00: root bus resource [bus 00-ff]
[    1.743901] pci 0000:00:00.0: [8086:1237] type 00 class 0x060000
[    1.750367] pci 0000:00:01.0: [8086:7000] type 00 class 0x060100
[    1.756863] pci 0000:00:01.1: [8086:7010] type 00 class 0x010180
[    1.764863] pci 0000:00:01.1: reg 0x20: [io  0xc160-0xc16f]
[    1.769898] pci 0000:00:01.1: legacy IDE quirk: reg 0x10: [io  0x01f0-0x01f7]
[    1.773670] pci 0000:00:01.1: legacy IDE quirk: reg 0x14: [io  0x03f6]
[    1.777156] pci 0000:00:01.1: legacy IDE quirk: reg 0x18: [io  0x0170-0x0177]
[    1.780879] pci 0000:00:01.1: legacy IDE quirk: reg 0x1c: [io  0x0376]
[    1.784540] pci 0000:00:01.3: [8086:7113] type 00 class 0x068000
[    1.790123] pci 0000:00:01.3: quirk: [io  0x0600-0x063f] claimed by PIIX4 ACPI
[    1.793711] pci 0000:00:01.3: quirk: [io  0x0700-0x070f] claimed by PIIX4 SMB
[    1.798472] pci 0000:00:02.0: [1234:1111] type 00 class 0x030000
[    1.805266] pci 0000:00:02.0: reg 0x10: [mem 0xfd000000-0xfdffffff pref]
[    1.819194] pci 0000:00:02.0: reg 0x18: [mem 0xfeb90000-0xfeb90fff]
[    1.844248] pci 0000:00:02.0: reg 0x30: [mem 0xfeb80000-0xfeb8ffff pref]
[    1.851113] pci 0000:00:02.0: Video device with shadowed ROM at [mem 0x000c0000-0x000dffff]
[    1.873935] pci 0000:00:03.0: [1af4:1000] type 00 class 0x020000
[    1.880205] pci 0000:00:03.0: reg 0x10: [io  0xc140-0xc15f]
[    1.884856] pci 0000:00:03.0: reg 0x14: [mem 0xfeb91000-0xfeb91fff]
[    1.895705] pci 0000:00:03.0: reg 0x20: [mem 0xfe000000-0xfe003fff 64bit pref]
[    1.901712] pci 0000:00:03.0: reg 0x30: [mem 0xfeb00000-0xfeb7ffff pref]
[    1.915320] pci 0000:00:04.0: [1af4:1009] type 00 class 0x000200
[    1.919919] pci 0000:00:04.0: reg 0x10: [io  0xc100-0xc13f]
[    1.923671] pci 0000:00:04.0: reg 0x14: [mem 0xfeb92000-0xfeb92fff]
[    1.930530] pci 0000:00:04.0: reg 0x20: [mem 0xfe004000-0xfe007fff 64bit pref]
[    1.939524] pci 0000:00:05.0: [1af4:1001] type 00 class 0x010000
[    1.945460] pci 0000:00:05.0: reg 0x10: [io  0xc000-0xc07f]
[    1.950275] pci 0000:00:05.0: reg 0x14: [mem 0xfeb93000-0xfeb93fff]
[    1.958157] pci 0000:00:05.0: reg 0x20: [mem 0xfe008000-0xfe00bfff 64bit pref]
[    1.968066] pci 0000:00:06.0: [1af4:1001] type 00 class 0x010000
[    1.972825] pci 0000:00:06.0: reg 0x10: [io  0xc080-0xc0ff]
[    1.974919] pci 0000:00:06.0: reg 0x14: [mem 0xfeb94000-0xfeb94fff]
[    1.984572] pci 0000:00:06.0: reg 0x20: [mem 0xfe00c000-0xfe00ffff 64bit pref]
[    1.996915] ACPI: PCI: Interrupt link LNKA configured for IRQ 10
[    2.000626] ACPI: PCI: Interrupt link LNKB configured for IRQ 10
[    2.003885] ACPI: PCI: Interrupt link LNKC configured for IRQ 11
[    2.007266] ACPI: PCI: Interrupt link LNKD configured for IRQ 11
[    2.010564] ACPI: PCI: Interrupt link LNKS configured for IRQ 9
[    2.016235] iommu: Default domain type: Translated
[    2.018832] iommu: DMA domain TLB invalidation policy: lazy mode
[    2.024511] SCSI subsystem initialized
[    2.027090] pps_core: LinuxPPS API ver. 1 registered
[    2.027090] pps_core: Software ver. 5.3.6 - Copyright 2005-2007 Rodolfo Giometti <giometti@linux.it>
[    2.033700] PTP clock support registered
[    2.036491] PCI: Using ACPI for IRQ routing
[    2.045035] hpet: 3 channels of 0 reserved for per-cpu timers
[    2.048368] clocksource: Switched to clocksource kvm-clock
[    2.051458] VFS: Disk quotas dquot_6.6.0
[    2.051581] VFS: Dquot-cache hash table entries: 512 (order 0, 4096 bytes)
[    2.056102] pnp: PnP ACPI init
[    2.058998] pnp: PnP ACPI: found 6 devices
[    2.072306] clocksource: acpi_pm: mask: 0xffffff max_cycles: 0xffffff, max_idle_ns: 2085701024 ns
[    2.077572] NET: Registered PF_INET protocol family
[    2.083360] IP idents hash table entries: 65536 (order: 7, 524288 bytes, linear)
[    2.090206] tcp_listen_portaddr_hash hash table entries: 2048 (order: 3, 32768 bytes, linear)
[    2.096081] Table-perturb hash table entries: 65536 (order: 6, 262144 bytes, linear)
[    2.101572] TCP established hash table entries: 32768 (order: 6, 262144 bytes, linear)
[    2.111155] TCP bind hash table entries: 32768 (order: 8, 1048576 bytes, linear)
[    2.115165] TCP: Hash tables configured (established 32768 bind 32768)
[    2.120022] UDP hash table entries: 2048 (order: 4, 65536 bytes, linear)
[    2.123895] UDP-Lite hash table entries: 2048 (order: 4, 65536 bytes, linear)
[    2.127987] NET: Registered PF_UNIX/PF_LOCAL protocol family
[    2.131074] NET: Registered PF_XDP protocol family
[    2.133717] pci_bus 0000:00: resource 4 [io  0x0000-0x0cf7 window]
[    2.137053] pci_bus 0000:00: resource 5 [io  0x0d00-0xffff window]
[    2.140311] pci_bus 0000:00: resource 6 [mem 0x000a0000-0x000bffff window]
[    2.143895] pci_bus 0000:00: resource 7 [mem 0xc0000000-0xfebfffff window]
[    2.147604] pci_bus 0000:00: resource 8 [mem 0x140000000-0x1bfffffff window]
[    2.151429] pci 0000:00:01.0: PIIX3: Enabling Passive Release
[    2.154655] pci 0000:00:00.0: Limiting direct PCI/PCI transfers
[    2.158973] PCI: CLS 0 bytes, default 64
[    2.161634] PCI-DMA: Using software bounce buffering for IO (SWIOTLB)
[    2.162610] Unpacking initramfs...
[    2.165732] software IO TLB: mapped [mem 0x00000000bbfda000-0x00000000bffda000] (64MB)
[    2.166171] clocksource: tsc: mask: 0xffffffffffffffff max_cycles: 0x285c3ee517e, max_idle_ns: 440795257231 ns
[    2.181063] Initialise system trusted keyrings
[    2.184669] workingset: timestamp_bits=46 max_order=20 bucket_order=0
[    2.188948] zbud: loaded
[    2.191088] Key type asymmetric registered
[    2.193803] Asymmetric key parser 'x509' registered
[    2.197591] Block layer SCSI generic (bsg) driver version 0.4 loaded (major 247)
[    2.202756] io scheduler mq-deadline registered
[    2.205669] io scheduler kyber registered
[    2.208445] io scheduler bfq registered
[    2.212565] ERST DBG: ERST support is disabled.
[    2.228896] ACPI: \_SB_.LNKC: Enabled at IRQ 11
[    2.248793] ACPI: \_SB_.LNKD: Enabled at IRQ 10
[    2.267391] ACPI: \_SB_.LNKA: Enabled at IRQ 10
[    2.286695] ACPI: \_SB_.LNKB: Enabled at IRQ 11
[    2.295953] Serial: 8250/16550 driver, 4 ports, IRQ sharing enabled
[    2.300621] 00:04: ttyS0 at I/O 0x3f8 (irq = 4, base_baud = 115200) is a 16550A
[    2.313011] VMware PVSCSI driver - version 1.0.7.0-k
[    2.320616] scsi host0: ata_piix
[    2.323783] scsi host1: ata_piix
[    2.325940] ata1: PATA max MWDMA2 cmd 0x1f0 ctl 0x3f6 bmdma 0xc160 irq 14
[    2.329614] ata2: PATA max MWDMA2 cmd 0x170 ctl 0x376 bmdma 0xc168 irq 15
[    2.333700] i8042: PNP: PS/2 Controller [PNP0303:KBD,PNP0f13:MOU] at 0x60,0x64 irq 1,12
[    2.344688] serio: i8042 KBD port at 0x60,0x64 irq 1
[    2.347551] serio: i8042 AUX port at 0x60,0x64 irq 12
[    2.350489] rtc_cmos 00:05: RTC can wake from S4
[    2.356947] input: AT Translated Set 2 keyboard as /devices/platform/i8042/serio0/input/input0
[    2.365986] rtc_cmos 00:05: registered as rtc0
[    2.369513] rtc_cmos 00:05: setting system clock to 2026-03-06T02:52:37 UTC (1772765557)
[    2.376517] rtc_cmos 00:05: alarms up to one day, y3k, 242 bytes nvram, hpet irqs
[    2.381343] intel_pstate: CPU model not supported
[    2.384987] gre: GRE over IPv4 demultiplexor driver
[    2.426047] Freeing initrd memory: 9096K
[    2.471202] Key type dns_resolver registered
[    2.475829] IPI shorthand broadcast: enabled
[    2.482017] sched_clock: Marking stable (2110037496, 365738900)->(2489359143, -13582747)
[    2.492420] registered taskstats version 1
[    2.495104] Loading compiled-in X.509 certificates
[    2.506757] ata2: found unknown device (class 0)
[    2.510765] Loaded X.509 cert 'alpinelinux.org: Alpine Linux kernel key: d76a695f66ad9cd28f5c22a8508f36e91f521f7a'
[    2.514774] ata2.00: ATAPI: QEMU DVD-ROM, 2.5+, max UDMA/100
[    2.528952] Key type .fscrypt registered
[    2.531709] Key type fscrypt-provisioning registered
[    2.531866] scsi 1:0:0:0: CD-ROM            QEMU     QEMU DVD-ROM     2.5+ PQ: 0 ANSI: 5
[    2.607296] Freeing unused kernel image (initmem) memory: 2640K
[    2.635892] Write protecting the kernel read-only data: 20480k
[    2.638793] Freeing unused kernel image (rodata/data gap) memory: 184K
[    2.640934] rodata_test: all tests were successful
[    2.642455] Run /init as init process
[    2.661158] Alpine Init 3.9.0-r0
Alpine Init 3.9.[    2.662470] Loading boot drivers...
0-r0
 * Loading boot drivers: [    2.710161] ACPI: bus type USB registered
[    2.711555] usbcore: registered new interface driver usbfs
[    2.713300] usbcore: registered new interface driver hub
[    2.714970] usbcore: registered new device driver usb
[    2.730419] usbcore: registered new interface driver usb-storage
[    2.933595] loop: module loaded
[    2.987705] ACPI: bus type drm_connector registered
[    3.031698] Loading boot drivers: ok.
ok.
[    3.035307] Mounting root...
 * Mounting root: [    3.080341] piix4_smbus 0000:00:01.3: SMBus Host Controller at 0x700, revision 0
[    3.096707] [drm] Found bochs VGA, ID 0xb0c5.
[    3.098120] [drm] Framebuffer size 16384 kB @ 0xfd000000, mmio @ 0xfeb90000.
[    3.106554] [drm] Found EDID data blob.
[    3.108133] [drm] Initialized bochs-drm 1.0.0 20130925 for 0000:00:02.0 on minor 0
[    3.146838] Console: switching to colour frame buffer device 128x48
[    3.149959] bochs-drm 0000:00:02.0: [drm] fb0: bochs-drmdrmfb frame buffer device
[    3.308780] sr 1:0:0:0: [sr0] scsi3-mmc drive: 4x/4x cd/rw xa/form2 tray
[    3.310865] cdrom: Uniform CD-ROM driver Revision: 3.20
[    3.393612] virtio_blk virtio2: 2/0/0 default/read/poll queues
[    3.399206] virtio_blk virtio2: [vda] 8388608 512-byte logical blocks (4.29 GB/4.00 GiB)
[    3.403694] virtio_blk virtio3: 2/0/0 default/read/poll queues
[    3.408512] virtio_blk virtio3: [vdb] 736 512-byte logical blocks (377 kB/368 KiB)
[    3.505950] block sr0: the capability attribute has been deprecated.
[    6.413428] EXT4-fs (vda): mounted filesystem 367ceb5a-a72a-4cc6-9140-e18812d3c81b ro with ordered data mode. Quota mode: none.
[    6.417509] Mounting root: ok.
ok.

   OpenRC 0.52.1 is starting up Linux 6.6.4-1-virt (x86_64)

 * /proc is already mounted
 * Mounting /run ... [ ok ]
 * /run/openrc: creating directory
 * /run/lock: creating directory
 * /run/lock: correcting owner
 * Caching service dependencies ... [ ok ]
 * Remounting devtmpfs on /dev ... [ ok ]
 * Mounting /dev/mqueue ... [ ok ]
 * Mounting security filesystem ... [ ok ]
 * Mounting debug filesystem ... [ ok ]
 * Mounting persistent storage (pstore) filesystem ... [ ok ]
 * Starting busybox mdev ... [ ok ]
 * Scanning hardware for mdev ... [ ok ]
 * Loading hardware drivers ... [ ok ]
 * Loading modules ... [ ok ]
 * Setting system clock using the hardware clock [UTC] ... [ ok ]
 * Checking local filesystems  .../: clean, 8723/65536 files, 158031/262144 blocks
 [ ok ]
 * Remounting root filesystem read/write ... [ ok ]
 * Remounting filesystems ... [ ok ]
 * Activating swap devices ... [ ok ]
 * Mounting local filesystems ... [ ok ]
 * Starting busybox acpid ... [ ok ]
 * Configuring kernel parameters ... [ ok ]
 * Migrating /var/lock to /run/lock ... [ ok ]
 * Creating user login records ... [ ok ]
 * Cleaning /tmp directory ... [ ok ]
Cloud-init v. 23.4 running 'init-local' at Fri, 06 Mar 2026 02:52:46 +0000. Up 10.91 seconds.
 [ ok ]
 * Setting hostname ... [ ok ]
 * Starting busybox syslog ... [ ok ]
 * Mounting cgroup filesystem ... [ ok ]
 * Starting networking ... *   lo ... [ ok ]
 *   eth0 ... [ ok ]
 * /var/log/docker.log: creating file
 * /var/log/docker.log: correcting owner
 * Starting Docker Daemon ... [ ok ]
 * Starting benchmark agent ...
[1A[2Ka257f20c716c: Loading layer  557.1kB/81.04MB[1B[1A[2Ka257f20c716c: Loading layer  4.456MB/81.04MB[1B[1A[2Ka257f20c716c: Loading layer  8.356MB/81.04MB[1B[1A[2Ka257f20c716c: Loading layer   11.7MB/81.04MB[1B[1A[2Ka257f20c716c: Loading layer  17.83MB/81.04MB[1B[1A[2Ka257f20c716c: Loading layer  21.73MB/81.04MB[1B[1A[2Ka257f20c716c: Loading layer  25.07MB/81.04MB[1B[1A[2Ka257f20c716c: Loading layer  28.97MB/81.04MB[1B[1A[2Ka257f20c716c: Loading layer  32.31MB/81.04MB[1B[1A[2Ka257f20c716c: Loading layer  37.32MB/81.04MB[1B[1A[2Ka257f20c716c: Loading layer  44.01MB/81.04MB[1B[1A[2Ka257f20c716c: Loading layer  49.02MB/81.04MB[1B[1A[2Ka257f20c716c: Loading layer  54.59MB/81.04MB[1B[1A[2Ka257f20c716c: Loading layer  60.16MB/81.04MB[1B[1A[2Ka257f20c716c: Loading layer  64.06MB/81.04MB[1B[1A[2Ka257f20c716c: Loading layer  66.85MB/81.04MB[1B[1A[2Ka257f20c716c: Loading layer  67.96MB/81.04MB[1B[1A[2Ka257f20c716c: Loading layer  71.86MB/81.04MB[1B[1A[2Ka257f20c716c: Loading layer  74.09MB/81.04MB[1B[1A[2Ka257f20c716c: Loading layer   75.2MB/81.04MB[1B[1A[2Ka257f20c716c: Loading layer  75.76MB/81.04MB[1B[1A[2Ka257f20c716c: Loading layer  76.32MB/81.04MB[1B[1A[2Ka257f20c716c: Loading layer   79.1MB/81.04MB[1B[1A[2Ka257f20c716c: Loading layer  81.04MB/81.04MB[1B
[1A[2Kb0c20bcd44fe: Loading layer  65.54kB/4.123MB[1B[1A[2Kb0c20bcd44fe: Loading layer  1.638MB/4.123MB[1B[1A[2Kb0c20bcd44fe: Loading layer  3.146MB/4.123MB[1B[1A[2Kb0c20bcd44fe: Loading layer  4.123MB/4.123MB[1B[1A[2Kb0c20bcd44fe: Loading layer  4.123MB/4.123MB[1B
[1A[2K5184c31ad48f: Loading layer  458.8kB/43.85MB[1B[1A[2K5184c31ad48f: Loading layer  2.294MB/43.85MB[1B[1A[2K5184c31ad48f: Loading layer  7.799MB/43.85MB[1B[1A[2K5184c31ad48f: Loading layer  10.55MB/43.85MB[1B[1A[2K5184c31ad48f: Loading layer   13.3MB/43.85MB[1B[1A[2K5184c31ad48f: Loading layer  17.89MB/43.85MB[1B[1A[2K5184c31ad48f: Loading layer  22.48MB/43.85MB[1B[1A[2K5184c31ad48f: Loading layer  26.15MB/43.85MB[1B[1A[2K5184c31ad48f: Loading layer  28.44MB/43.85MB[1B[1A[2K5184c31ad48f: Loading layer  31.65MB/43.85MB[1B[1A[2K5184c31ad48f: Loading layer  33.95MB/43.85MB[1B[1A[2K5184c31ad48f: Loading layer  35.78MB/43.85MB[1B[1A[2K5184c31ad48f: Loading layer  37.62MB/43.85MB[1B[1A[2K5184c31ad48f: Loading layer  39.91MB/43.85MB[1B[1A[2K5184c31ad48f: Loading layer  43.12MB/43.85MB[1B[1A[2K5184c31ad48f: Loading layer  43.85MB/43.85MB[1B
[1A[2Kfa1d322086e6: Loading layer   5.12kB/5.12kB[1B[1A[2Kfa1d322086e6: Loading layer   5.12kB/5.12kB[1B
[1A[2Kbdf610394df6: Loading layer  22.02kB/22.02kB[1B[1A[2Kbdf610394df6: Loading layer  22.02kB/22.02kB[1B
[1A[2Keb067feb5b8d: Loading layer  9.728kB/9.728kB[1B[1A[2Keb067feb5b8d: Loading layer  9.728kB/9.728kB[1BLoaded image: bench-worker:latest
 [ ok ]
 * Starting chronyd ... [ ok ]
 * Starting cloud-init-hotplugd ... [ ok ]
Cloud-init v. 23.4 running 'init' at Fri, 06 Mar 2026 02:53:12 +0000. Up 37.00 seconds.
ci-info: +++++++++++++++++++++++++++++++++++++++Net device info+++++++++++++++++++++++++++++++++++++++
ci-info: +---------+-------+----------------------------+---------------+--------+-------------------+
ci-info: |  Device |   Up  |          Address           |      Mask     | Scope  |     Hw-Address    |
ci-info: +---------+-------+----------------------------+---------------+--------+-------------------+
ci-info: | docker0 | False |         172.17.0.1         |  255.255.0.0  | global | 02:42:70:12:4c:ab |
ci-info: |   eth0  |  True |         10.0.2.15          | 255.255.255.0 | global | 52:54:00:12:34:56 |
ci-info: |   eth0  |  True | fec0::5054:ff:fe12:3456/64 |       .       |  site  | 52:54:00:12:34:56 |
ci-info: |   eth0  |  True | fe80::5054:ff:fe12:3456/64 |       .       |  link  | 52:54:00:12:34:56 |
ci-info: |    lo   |  True |         127.0.0.1          |   255.0.0.0   |  host  |         .         |
ci-info: |    lo   |  True |          ::1/128           |       .       |  host  |         .         |
ci-info: +---------+-------+----------------------------+---------------+--------+-------------------+
ci-info: +++++++++++++++++++++++++++Route IPv4 info++++++++++++++++++++++++++++
ci-info: +-------+-------------+----------+---------------+-----------+-------+
ci-info: | Route | Destination | Gateway  |    Genmask    | Interface | Flags |
ci-info: +-------+-------------+----------+---------------+-----------+-------+
ci-info: |   0   |   0.0.0.0   | 10.0.2.2 |    0.0.0.0    |    eth0   |   UG  |
ci-info: |   1   |   10.0.2.0  | 0.0.0.0  | 255.255.255.0 |    eth0   |   U   |
ci-info: |   2   |  172.17.0.0 | 0.0.0.0  |  255.255.0.0  |  docker0  |   U   |
ci-info: +-------+-------------+----------+---------------+-----------+-------+
ci-info: +++++++++++++++++++Route IPv6 info+++++++++++++++++++
ci-info: +-------+-------------+---------+-----------+-------+
ci-info: | Route | Destination | Gateway | Interface | Flags |
ci-info: +-------+-------------+---------+-----------+-------+
ci-info: |   0   |  fe80::/64  |    ::   |    eth0   |   U   |
ci-info: |   1   |  fec0::/64  |    ::   |    eth0   |   Ue  |
ci-info: |   2   |     ::/0    | fe80::2 |    eth0   |  UGe  |
ci-info: |   4   |    local    |    ::   |    eth0   |   U   |
ci-info: |   5   |    local    |    ::   |    eth0   |   U   |
ci-info: |   6   |  multicast  |    ::   |    eth0   |   U   |
ci-info: +-------+-------------+---------+-----------+-------+
2026-03-06 02:53:12,770 - cloud_config.py[WARNING]: Failed at merging in cloud config part from part-001: empty cloud config
Generating public/private rsa key pair.
Your identification has been saved in /etc/ssh/ssh_host_rsa_key
Your public key has been saved in /etc/ssh/ssh_host_rsa_key.pub
The key fingerprint is:
SHA256:pK6QLmqbOWALiT+uU4Yzav3YSP/zo7Z+od1SrJfB38A root@agent-7
The key's randomart image is:
+---[RSA 3072]----+
|                 |
|                 |
|        .        |
|       o         |
|.o    . S o .    |
|O.o. .   . = E   |
|=*=.  . o = + o  |
|+**o=. + * + . . |
|*O=+o++=*.+      |
+----[SHA256]-----+
Generating public/private dsa key pair.
Your identification has been saved in /etc/ssh/ssh_host_dsa_key
Your public key has been saved in /etc/ssh/ssh_host_dsa_key.pub
The key fingerprint is:
SHA256:YxtDPIdSWjqaL/ItFWMm6NPHcxpZvPhYIIQlUKMv1vo root@agent-7
The key's randomart image is:
+---[DSA 1024]----+
|.o+o.   o        |
| ..o.  * .       |
|.  o  =.= .      |
| .o oo*+oo       |
|.o.oo* BS.       |
|..+ ..O.+=       |
| ....o.O.        |
|  .o.oo .        |
|   E...          |
+----[SHA256]-----+
Generating public/private ecdsa key pair.
Your identification has been saved in /etc/ssh/ssh_host_ecdsa_key
Your public key has been saved in /etc/ssh/ssh_host_ecdsa_key.pub
The key fingerprint is:
SHA256:tapxkViWb95aZ9xxl8lMZIGECmzcWJ+O9EB0LbjC3+w root@agent-7
The key's randomart image is:
+---[ECDSA 256]---+
|      o =+..+..+.|
|       *.+oo.oo  |
|      o =o+o.  . |
|       *.*=.  + o|
|      . S.*o   *o|
|         * + . .+|
|      . o o o + .|
|       +   E o   |
|      .   .      |
+----[SHA256]-----+
Generating public/private ed25519 key pair.
Your identification has been saved in /etc/ssh/ssh_host_ed25519_key
Your public key has been saved in /etc/ssh/ssh_host_ed25519_key.pub
The key fingerprint is:
SHA256:+0I5bbqqzoJrR6K9jn3mnfuWFgOJh9als3GU8WI9EJM root@agent-7
The key's randomart image is:
+--[ED25519 256]--+
|        ==       |
|        E=       |
|     + =o +      |
|    + O... .     |
|   . . *So       |
| . .  . *.o      |
|.oo    ..B       |
|o+ooo. .*.       |
|+o=B=.=*oo.      |
+----[SHA256]-----+
 [ ok ]
Cloud-init v. 23.4 running 'modules:config' at Fri, 06 Mar 2026 02:53:13 +0000. Up 38.17 seconds.
 [ ok ]
Cloud-init v. 23.4 running 'modules:final' at Fri, 06 Mar 2026 02:53:14 +0000. Up 38.61 seconds.
ci-info: no authorized SSH keys fingerprints found for user alpine.
cloud-init: #############################################################
cloud-init: -----BEGIN SSH HOST KEY FINGERPRINTS-----
cloud-init: 1024 SHA256:YxtDPIdSWjqaL/ItFWMm6NPHcxpZvPhYIIQlUKMv1vo root@agent-7 (DSA)
cloud-init: 256 SHA256:tapxkViWb95aZ9xxl8lMZIGECmzcWJ+O9EB0LbjC3+w root@agent-7 (ECDSA)
cloud-init: 256 SHA256:+0I5bbqqzoJrR6K9jn3mnfuWFgOJh9als3GU8WI9EJM root@agent-7 (ED25519)
cloud-init: 3072 SHA256:pK6QLmqbOWALiT+uU4Yzav3YSP/zo7Z+od1SrJfB38A root@agent-7 (RSA)
cloud-init: -----END SSH HOST KEY FINGERPRINTS-----
cloud-init: #############################################################
-----BEGIN SSH HOST KEY KEYS-----
ecdsa-sha2-nistp256 AAAAE2VjZHNhLXNoYTItbmlzdHAyNTYAAAAIbmlzdHAyNTYAAABBBCtA0AlY6s/MsC3VcfgKekJJ3y4FKrZP+ldvYU3CQq+UtfNAlz5sOsaqxsi5f/Un3S2QzgjVyoR6xtxInRWJF2Q= root@agent-7
ssh-ed25519 AAAAC3NzaC1lZDI1NTE5AAAAIBfnkqpkh820H4bii5RALHEC6D6tdLugiPJDCUvc6nTj root@agent-7
ssh-rsa AAAAB3NzaC1yc2EAAAADAQABAAABgQC5Igh9/tIcWpYd26685Wt8MIe/SkvMdMOoX/L/1+630DemEdWRGeP4k92kx0r77RL8oOr/jk29DwYk3dhqHZ6RUjdYRLTnA2/xDHlRskJbU51lvEBPZDcV91SRLe6ssgq4nwMvgHUkuSrMjUUJgfNX3EokFh3DUiFaMX2rUnRLgP2wLgDeETt2ELXrdVojCIUj44OL3LG2hIcs68He7B4utqRo4htlmHYOQbYJ+v/46PnCM/HpdsvbjgaodAOYDHlf0GrcHjg2GIImI7wzKQgVzAG0IfdkSeKEXKOGgLC51/OWtBDueqP4lqzR2Zj2B1MkMTOgyb4y27hFhxIU208IujkNT1FFWFk7CB/IL0uK5vCsIWl7AlXTkw6xgUZN9RTB8oCzw4Bd11at3p9IKMqYAw7qWNKKA4tUQkQcVJVyXNOsup0g+JKMWt/C3Jync7qfhGD7y44qax8K+9A+tL++HvvJ43VU2BRM3T7aVzPj2xgT9au76Ax7dqO8robAUNs= root@agent-7
-----END SSH HOST KEY KEYS-----
Cloud-init v. 23.4 finished at Fri, 06 Mar 2026 02:53:14 +0000. Datasource DataSourceNoCloud [seed=/dev/vdb][dsmode=net].  Up 38.73 seconds
 [ ok ]

Welcome to Alpine Linux 3.19
Kernel 6.6.4-1-virt on an x86_64 (/dev/ttyS0)

agent-7 login: 