c[?7l[2J[0mSeaBIOS (version 1.15.0-1)


iPXE (https://ipxe.org) 00:03.0 CA00 PCI2.10 PnP PMM+BFF8B380+BFECB380 CA00
Press Ctrl-B to configure iPXE (PCI 00:03.0)...                                                                               


Booting from Hard Disk...

SYSLINUX 6.04 EDD 6.04-pre1 Copyright (C) 1994-2015 H. Peter Anvin et al

SYSLINUX 6.04 6.04-pre1 Copyright (C) 1994-2015 H. Peter Anvin et al
[2Je%@)0(B[0;37;40m[?25l[2J[23;16HAlpine will be booted automatically in [0;1m1[0m seconds[23;16H[0;37;40mAlpine will be .booted automatically in [0;1;37;40m1[0;37;40m seconds.[23;16H                                                 [23;16H[0;37;40m                                                  [?25h[24;1H[0m 
Loading vmlinuz-virt...Loading vmlinuz-virt...  ook
k
Loading initramfs-virt..Loading initramfs-virt....ookk

c[?7l[2J[    0.000000] Linux version 6.6.4-1-virt (buildozer@build-3-19-x86_64) (gcc (Alpine 13.2.1_git20231014) 13.2.1 20231014, GNU ld (GNU Binutils) 2.41) #2-Alpine SMP PREEMPT_DYNAMIC Tue, 05 Dec 2023 20:25:50 +0000
[    0.000000] Command line: BOOT_IMAGE=vmlinuz-virt root=LABEL=/ modules=sd-mod,usb-storage,ext4 console=ttyS0,115200n8 initrd=initramfs-virt
[    0.000000] BIOS-provided physical RAM map:
[    0.000000] BIOS-e820: [mem 0x0000000000000000-0x000000000009fbff] usable
[    0.000000] BIOS-e820: [mem 0x000000000009fc00-0x000000000009ffff] reserved
[    0.000000] BIOS-e820: [mem 0x00000000000f0000-0x00000000000fffff] reserved
[    0.000000] BIOS-e820: [mem 0x0000000000100000-0x00000000bffd9fff] usable
[    0.000000] BIOS-e820: [mem 0x00000000bffda000-0x00000000bfffffff] reserved
[    0.000000] BIOS-e820: [mem 0x00000000feffc000-0x00000000feffffff] reserved
[    0.000000] BIOS-e820: [mem 0x00000000fffc0000-0x00000000ffffffff] reserved
[    0.000000] BIOS-e820: [mem 0x0000000100000000-0x000000013fffffff] usable
[    0.000000] NX (Execute Disable) protection: active
[    0.000000] APIC: Static calls initialized
[    0.000000] SMBIOS 2.8 present.
[    0.000000] DMI: QEMU Standard PC (i440FX + PIIX, 1996), BIOS 1.15.0-1 04/01/2014
[    0.000000] Hypervisor detected: KVM
[    0.000000] kvm-clock: Using msrs 4b564d01 and 4b564d00
[    0.000001] kvm-clock: using sched offset of 2431774128 cycles
[    0.000003] clocksource: kvm-clock: mask: 0xffffffffffffffff max_cycles: 0x1cd42e4dffb, max_idle_ns: 881590591483 ns
[    0.000006] tsc: Detected 2799.998 MHz processor
[    0.000924] last_pfn = 0x140000 max_arch_pfn = 0x400000000
[    0.001313] MTRR map: 4 entries (3 fixed + 1 variable; max 19), built from 8 variable MTRRs
[    0.001329] x86/PAT: Configuration [0-7]: WB  WC  UC- UC  WB  WP  UC- WT  
[    0.001819] last_pfn = 0xbffda max_arch_pfn = 0x400000000
[    0.002166] RAMDISK: [mem 0x7f71e000-0x7fffffff]
[    0.002169] ACPI: Early table checksum verification disabled
[    0.002174] ACPI: RSDP 0x00000000000F59A0 000014 (v00 BOCHS )
[    0.002178] ACPI: RSDT 0x00000000BFFE1975 000034 (v01 BOCHS  BXPC     00000001 BXPC 00000001)
[    0.002185] ACPI: FACP 0x00000000BFFE1821 000074 (v01 BOCHS  BXPC     00000001 BXPC 00000001)
[    0.002215] ACPI: DSDT 0x00000000BFFE0040 0017E1 (v01 BOCHS  BXPC     00000001 BXPC 00000001)
[    0.002219] ACPI: FACS 0x00000000BFFE0000 000040
[    0.002222] ACPI: APIC 0x00000000BFFE1895 000080 (v01 BOCHS  BXPC     00000001 BXPC 00000001)
[    0.002225] ACPI: HPET 0x00000000BFFE1915 000038 (v01 BOCHS  BXPC     00000001 BXPC 00000001)
[    0.002228] ACPI: WAET 0x00000000BFFE194D 000028 (v01 BOCHS  BXPC     00000001 BXPC 00000001)
[    0.002230] ACPI: Reserving FACP table memory at [mem 0xbffe1821-0xbffe1894]
[    0.002231] ACPI: Reserving DSDT table memory at [mem 0xbffe0040-0xbffe1820]
[    0.002232] ACPI: Reserving FACS table memory at [mem 0xbffe0000-0xbffe003f]
[    0.002233] ACPI: Reserving APIC table memory at [mem 0xbffe1895-0xbffe1914]
[    0.002233] ACPI: Reserving HPET table memory at [mem 0xbffe1915-0xbffe194c]
[    0.002234] ACPI: Reserving WAET table memory at [mem 0xbffe194d-0xbffe1974]
[    0.002603] Zone ranges:
[    0.002604]   DMA      [mem 0x0000000000001000-0x0000000000ffffff]
[    0.002606]   DMA32    [mem 0x0000000001000000-0x00000000ffffffff]
[    0.002607]   Normal   [mem 0x0000000100000000-0x000000013fffffff]
[    0.002608] Movable zone start for each node
[    0.002609] Early memory node ranges
[    0.002610]   node   0: [mem 0x0000000000001000-0x000000000009efff]
[    0.002611]   node   0: [mem 0x0000000000100000-0x00000000bffd9fff]
[    0.002612]   node   0: [mem 0x0000000100000000-0x000000013fffffff]
[    0.002613] Initmem setup node 0 [mem 0x0000000000001000-0x000000013fffffff]
[    0.002699] On node 0, zone DMA: 1 pages in unavailable ranges
[    0.003963] On node 0, zone DMA: 97 pages in unavailable ranges
[    0.338543] On node 0, zone Normal: 38 pages in unavailable ranges
[    0.341712] ACPI: PM-Timer IO Port: 0x608
[    0.341752] ACPI: LAPIC_NMI (acpi_id[0xff] dfl dfl lint[0x1])
[    0.341930] IOAPIC[0]: apic_id 0, version 17, address 0xfec00000, GSI 0-23
[    0.341934] ACPI: INT_SRC_OVR (bus 0 bus_irq 0 global_irq 2 dfl dfl)
[    0.341936] ACPI: INT_SRC_OVR (bus 0 bus_irq 5 global_irq 5 high level)
[    0.341937] ACPI: INT_SRC_OVR (bus 0 bus_irq 9 global_irq 9 high level)
[    0.341939] ACPI: INT_SRC_OVR (bus 0 bus_irq 10 global_irq 10 high level)
[    0.341940] ACPI: INT_SRC_OVR (bus 0 bus_irq 11 global_irq 11 high level)
[    0.341944] ACPI: Using ACPI (MADT) for SMP configuration information
[    0.341945] ACPI: HPET id: 0x8086a201 base: 0xfed00000
[    0.341979] smpboot: Allowing 2 CPUs, 0 hotplug CPUs
[    0.342032] kvm-guest: APIC: eoi() replaced with kvm_guest_apic_eoi_write()
[    0.342086] [mem 0xc0000000-0xfeffbfff] available for PCI devices
[    0.342088] Booting paravirtualized kernel on KVM
[    0.342090] clocksource: refined-jiffies: mask: 0xffffffff max_cycles: 0xffffffff, max_idle_ns: 19112604462750000 ns
[    0.345631] setup_percpu: NR_CPUS:256 nr_cpumask_bits:2 nr_cpu_ids:2 nr_node_ids:1
[    0.361513] percpu: Embedded 57 pages/cpu s195048 r8192 d30232 u1048576
[    0.361650] kvm-guest: PV spinlocks disabled, no host support
[    0.361651] Kernel command line: BOOT_IMAGE=vmlinuz-virt root=LABEL=/ modules=sd-mod,usb-storage,ext4 console=ttyS0,115200n8 initrd=initramfs-virt
[    0.361705] Unknown kernel command line parameters "BOOT_IMAGE=vmlinuz-virt modules=sd-mod,usb-storage,ext4", will be passed to user space.
[    0.382621] Dentry cache hash table entries: 524288 (order: 10, 4194304 bytes, linear)
[    0.393102] Inode-cache hash table entries: 262144 (order: 9, 2097152 bytes, linear)
[    0.393307] Built 1 zonelists, mobility grouping on.  Total pages: 1031898
[    0.410372] mem auto-init: stack:all(zero), heap alloc:on, heap free:off
[    0.410380] software IO TLB: area num 2.
[    0.783685] Memory: 4012148K/4193760K available (12288K kernel code, 1744K rwdata, 8008K rodata, 2640K init, 2300K bss, 181352K reserved, 0K cma-reserved)
[    0.789569] SLUB: HWalign=64, Order=0-3, MinObjects=0, CPUs=2, Nodes=1
[    0.789724] Kernel/User page tables isolation: enabled
[    0.792283] Dynamic Preempt: none
[    0.792477] rcu: Preemptible hierarchical RCU implementation.
[    0.792479] rcu: 	RCU restricting CPUs from NR_CPUS=256 to nr_cpu_ids=2.
[    0.792480] 	Trampoline variant of Tasks RCU enabled.
[    0.792481] 	Tracing variant of Tasks RCU enabled.
[    0.792482] rcu: RCU calculated value of scheduler-enlistment delay is 10 jiffies.
[    0.792483] rcu: Adjusting geometry for rcu_fanout_leaf=16, nr_cpu_ids=2
[    0.797069] NR_IRQS: 16640, nr_irqs: 440, preallocated irqs: 16
[    0.797611] rcu: srcu_init: Setting srcu_struct sizes based on contention.
[    0.797772] kfence: initialized - using 2097152 bytes for 255 objects at 0x(____ptrval____)-0x(____ptrval____)
[    0.823223] Console: colour VGA+ 80x25
[    0.823393] printk: console [ttyS0] enabled
[    1.158634] ACPI: Core revision 20230628
[    1.161527] clocksource: hpet: mask: 0xffffffff max_cycles: 0xffffffff, max_idle_ns: 19112604467 ns
[    1.166774] APIC: Switch to symmetric I/O mode setup
[    1.170971] x2apic enabled
[    1.173983] APIC: Switched APIC routing to: physical x2apic
[    1.183637] ..TIMER: vector=0x30 apic1=0 pin1=2 apic2=-1 pin2=-1
[    1.187028] clocksource: tsc-early: mask: 0xffffffffffffffff max_cycles: 0x285c3ee517e, max_idle_ns: 440795257231 ns
[    1.192645] Calibrating delay loop (skipped) preset value.. 5599.99 BogoMIPS (lpj=27999980)
[    1.203657] Last level iTLB entries: 4KB 0, 2MB 0, 4MB 0
[    1.206511] Last level dTLB entries: 4KB 0, 2MB 0, 4MB 0, 1GB 0
[    1.209725] Spectre V1 : Mitigation: usercopy/swapgs barriers and __user pointer sanitization
[    1.212645] Spectre V2 : Mitigation: Retpolines
[    1.215064] Spectre V2 : Spectre v2 / SpectreRSB mitigation: Filling RSB on context switch
[    1.219435] Spectre V2 : Spectre v2 / SpectreRSB : Filling RSB on VMEXIT
[    1.222643] Speculative Store Bypass: Vulnerable
[    1.225108] MDS: Vulnerable: Clear CPU buffers attempted, no microcode
[    1.228571] MMIO Stale Data: Unknown: No mitigations
[    1.232645] x86/fpu: x87 FPU will use FXSAVE
[    1.248927] Freeing SMP alternatives memory: 32K
[    1.251427] pid_max: default: 32768 minimum: 301
[    1.253107] LSM: initializing lsm=capability,landlock,lockdown,integrity
[    1.257403] landlock: Up and running.
[    1.259855] Mount-cache hash table entries: 8192 (order: 4, 65536 bytes, linear)
[    1.262957] Mountpoint-cache hash table entries: 8192 (order: 4, 65536 bytes, linear)
[    1.392200] smpboot: CPU0: Intel QEMU Virtual CPU version 2.5+ (family: 0xf, model: 0x6b, stepping: 0x1)
[    1.392639] RCU Tasks: Setting shift to 1 and lim to 1 rcu_task_cb_adjust=1.
[    1.392766] RCU Tasks Trace: Setting shift to 1 and lim to 1 rcu_task_cb_adjust=1.
[    1.396945] Performance Events: unsupported Netburst CPU model 107 no PMU driver, software events only.
[    1.402066] signal: max sigframe size: 1440
[    1.402915] rcu: Hierarchical SRCU implementation.
[    1.405458] rcu: 	Max phase no-delay instances is 1000.
[    1.409034] NMI watchdog: Perf NMI watchdog permanently disabled
[    1.412880] smp: Bringing up secondary CPUs ...
[    1.416477] smpboot: x86: Booting SMP configuration:
[    1.419134] .... node  #0, CPUs:      #1
[    1.444642] smp: Brought up 1 node, 2 CPUs
[    1.447008] smpboot: Max logical packages: 1
[    1.452645] ----------------
[    1.454250] | NMI testsuite:
[    1.455843] --------------------
[    1.457571]   remote IPI:  ok  |
[    1.459355]    local IPI:  ok  |
[    1.461109] --------------------
[    1.462644] Good, all   2 testcases passed! |
[    1.464974] ---------------------------------
[    1.467280] smpboot: Total of 2 processors activated (11199.99 BogoMIPS)
[    1.473124] devtmpfs: initialized
[    1.474526] x86/mm: Memory block size: 128MB
[    1.478019] clocksource: jiffies: mask: 0xffffffff max_cycles: 0xffffffff, max_idle_ns: 19112604462750000 ns
[    1.482812] futex hash table entries: 512 (order: 3, 32768 bytes, linear)
[    1.496705] NET: Registered PF_NETLINK/PF_ROUTE protocol family
[    1.500262] audit: initializing netlink subsys (disabled)
[    1.502771] audit: type=2000 audit(1772765437.256:1): state=initialized audit_enabled=0 res=1
[    1.502854] thermal_sys: Registered thermal governor 'step_wise'
[    1.507114] cpuidle: using governor ladder
[    1.514869] cpuidle: using governor menu
[    1.517183] acpiphp: ACPI Hot Plug PCI Controller Driver version: 0.5
[    1.523524] PCI: Using configuration type 1 for base access
[    1.526742] kprobes: kprobe jump-optimization is enabled. All kprobes are optimized if possible.
[    1.534834] HugeTLB: registered 2.00 MiB page size, pre-allocated 0 pages
[    1.536275] HugeTLB: 28 KiB vmemmap can be freed for a 2.00 MiB page
[    1.543063] ACPI: Added _OSI(Module Device)
[    1.545207] ACPI: Added _OSI(Processor Device)
[    1.545207] ACPI: Added _OSI(3.0 _SCP Extensions)
[    1.547410] ACPI: Added _OSI(Processor Aggregator Device)
[    1.550872] ACPI: 1 ACPI AML tables successfully acquired and loaded
[    1.554221] ACPI: _OSC evaluation for CPUs failed, trying _PDC
[    1.562713] ACPI: Interpreter enabled
[    1.564678] ACPI: PM: (supports S0 S3 S5)
[    1.566821] ACPI: Using IOAPIC for interrupt routing
[    1.569548] PCI: Using host bridge windows from ACPI; if necessary, use "pci=nocrs" and report a bug
[    1.572642] PCI: Using E820 reservations for host bridge windows
[    1.576032] ACPI: Enabled 2 GPEs in block 00 to 0F
[    1.585243] ACPI: PCI Root Bridge [PCI0] (domain 0000 [bus 00-ff])
[    1.594362] acpi PNP0A03:00: _OSC: OS supports [ASPM ClockPM Segments MSI HPX-Type3]
[    1.598803] acpi PNP0A03:00: _OSC: not requesting OS control; OS requires [ExtendedConfig ASPM ClockPM MSI]
[    1.603449] acpi PNP0A03:00: fail to add MMCONFIG information, can't access extended configuration space under this bridge
[    1.623448] acpiphp: Slot [3] registered
[    1.625869] acpiphp: Slot [4] registered
[    1.628199] acpiphp: Slot [5] registered
[    1.632736] acpiphp: Slot [6] registered
[    1.634904] acpiphp: Slot [7] registered
[    1.637036] acpiphp: Slot [8] registered
[    1.639296] acpiphp: Slot [9] registered
[    1.642692] acpiphp: Slot [10] registered
[    1.644890] acpiphp: Slot [11] registered
[    1.647151] acpiphp: Slot [12] registered
[    1.649365] acpiphp: Slot [13] registered
[    1.652652] acpiphp: Slot [14] registered
[    1.655174] acpiphp: Slot [15] registered
[    1.662726] acpiphp: Slot [16] registered
[    1.665062] acpiphp: Slot [17] registered
[    1.667585] acpiphp: Slot [18] registered
[    1.669900] acpiphp: Slot [19] registered
[    1.672773] acpiphp: Slot [20] registered
[    1.675039] acpiphp: Slot [21] registered
[    1.677365] acpiphp: Slot [22] registered
[    1.679659] acpiphp: Slot [23] registered
[    1.682698] acpiphp: Slot [24] registered
[    1.684932] acpiphp: Slot [25] registered
[    1.687208] acpiphp: Slot [26] registered
[    1.689445] acpiphp: Slot [27] registered
[    1.691718] acpiphp: Slot [28] registered
[    1.692698] acpiphp: Slot [29] registered
[    1.695121] acpiphp: Slot [30] registered
[    1.697318] acpiphp: Slot [31] registered
[    1.699510] PCI host bridge to bus 0000:00
[    1.702744] pci_bus 0000:00: root bus resource [io  0x0000-0x0cf7 window]
[    1.706289] pci_bus 0000:00: root bus resource [io  0x0d00-0xffff window]
[    1.709838] pci_bus 0000:00: root bus resource [mem 0x000a0000-0x000bffff window]
[    1.712644] pci_bus 0000:00: root bus resource [mem 0xc0000000-0xfebfffff window]
[    1.716713] pci_bus 0000:00: root bus resource [mem 0x140000000-0x1bfffffff window]
[    1.720675] pci_bus 0000:00: root bus resource [bus 00-ff]
[    1.723711] pci 0000:00:00.0: [8086:1237] type 00 class 0x060000
[    1.735123] pci 0000:00:01.0: [8086:7000] type 00 class 0x060100
[    1.743581] pci 0000:00:01.1: [8086:7010] type 00 class 0x010180
[    1.750773] pci 0000:00:01.1: reg 0x20: [io  0xc160-0xc16f]
[    1.754460] pci 0000:00:01.1: legacy IDE quirk: reg 0x10: [io  0x01f0-0x01f7]
[    1.758541] pci 0000:00:01.1: legacy IDE quirk: reg 0x14: [io  0x03f6]
[    1.762643] pci 0000:00:01.1: legacy IDE quirk: reg 0x18: [io  0x0170-0x0177]
[    1.766606] pci 0000:00:01.1: legacy IDE quirk: reg 0x1c: [io  0x0376]
[    1.770898] pci 0000:00:01.3: [8086:7113] type 00 class 0x068000
[    1.775155] pci 0000:00:01.3: quirk: [io  0x0600-0x063f] claimed by PIIX4 ACPI
[    1.778964] pci 0000:00:01.3: quirk: [io  0x0700-0x070f] claimed by PIIX4 SMB
[    1.783824] pci 0000:00:02.0: [1234:1111] type 00 class 0x030000
[    1.794309] pci 0000:00:02.0: reg 0x10: [mem 0xfd000000-0xfdffffff pref]
[    1.806642] pci 0000:00:02.0: reg 0x18: [mem 0xfeb90000-0xfeb90fff]
[    1.823389] pci 0000:00:02.0: reg 0x30: [mem 0xfeb80000-0xfeb8ffff pref]
[    1.830845] pci 0000:00:02.0: Video device with shadowed ROM at [mem 0x000c0000-0x000dffff]
[    1.838575] pci 0000:00:03.0: [1af4:1000] type 00 class 0x020000
[    1.843853] pci 0000:00:03.0: reg 0x10: [io  0xc140-0xc15f]
[    1.847968] pci 0000:00:03.0: reg 0x14: [mem 0xfeb91000-0xfeb91fff]
[    1.857721] pci 0000:00:03.0: reg 0x20: [mem 0xfe000000-0xfe003fff 64bit pref]
[    1.863628] pci 0000:00:03.0: reg 0x30: [mem 0xfeb00000-0xfeb7ffff pref]
[    1.872906] pci 0000:00:04.0: [1af4:1009] type 00 class 0x000200
[    1.877535] pci 0000:00:04.0: reg 0x10: [io  0xc100-0xc13f]
[    1.881704] pci 0000:00:04.0: reg 0x14: [mem 0xfeb92000-0xfeb92fff]
[    1.885814] pci 0000:00:04.0: reg 0x20: [mem 0xfe004000-0xfe007fff 64bit pref]
[    1.897199] pci 0000:00:05.0: [1af4:1001] type 00 class 0x010000
[    1.902643] pci 0000:00:05.0: reg 0x10: [io  0xc000-0xc07f]
[    1.906978] pci 0000:00:05.0: reg 0x14: [mem 0xfeb93000-0xfeb93fff]
[    1.914737] pci 0000:00:05.0: reg 0x20: [mem 0xfe008000-0xfe00bfff 64bit pref]
[    1.924715] pci 0000:00:06.0: [1af4:1001] type 00 class 0x010000
[    1.929632] pci 0000:00:06.0: reg 0x10: [io  0xc080-0xc0ff]
[    1.934025] pci 0000:00:06.0: reg 0x14: [mem 0xfeb94000-0xfeb94fff]
[    1.941356] pci 0000:00:06.0: reg 0x20: [mem 0xfe00c000-0xfe00ffff 64bit pref]
[    1.953346] ACPI: PCI: Interrupt link LNKA configured for IRQ 10
[    1.957058] ACPI: PCI: Interrupt link LNKB configured for IRQ 10
[    1.960476] ACPI: PCI: Interrupt link LNKC configured for IRQ 11
[    1.962871] ACPI: PCI: Interrupt link LNKD configured for IRQ 11
[    1.966099] ACPI: PCI: Interrupt link LNKS configured for IRQ 9
[    1.972763] iommu: Default domain type: Translated
[    1.975333] iommu: DMA domain TLB invalidation policy: lazy mode
[    1.980828] SCSI subsystem initialized
[    1.984417] pps_core: LinuxPPS API ver. 1 registered
[    1.985745] pps_core: Software ver. 5.3.6 - Copyright 2005-2007 Rodolfo Giometti <giometti@linux.it>
[    1.987389] PTP clock support registered
[    1.995297] PCI: Using ACPI for IRQ routing
[    2.003980] hpet: 3 channels of 0 reserved for per-cpu timers
[    2.007302] clocksource: Switched to clocksource kvm-clock
[    2.019614] VFS: Disk quotas dquot_6.6.0
[    2.021854] VFS: Dquot-cache hash table entries: 512 (order 0, 4096 bytes)
[    2.026153] pnp: PnP ACPI init
[    2.028790] pnp: PnP ACPI: found 6 devices
[    2.045696] clocksource: acpi_pm: mask: 0xffffff max_cycles: 0xffffff, max_idle_ns: 2085701024 ns
[    2.050864] NET: Registered PF_INET protocol family
[    2.056357] IP idents hash table entries: 65536 (order: 7, 524288 bytes, linear)
[    2.062675] tcp_listen_portaddr_hash hash table entries: 2048 (order: 3, 32768 bytes, linear)
[    2.068468] Table-perturb hash table entries: 65536 (order: 6, 262144 bytes, linear)
[    2.073782] TCP established hash table entries: 32768 (order: 6, 262144 bytes, linear)
[    2.083312] TCP bind hash table entries: 32768 (order: 8, 1048576 bytes, linear)
[    2.087401] TCP: Hash tables configured (established 32768 bind 32768)
[    2.092177] UDP hash table entries: 2048 (order: 4, 65536 bytes, linear)
[    2.096119] UDP-Lite hash table entries: 2048 (order: 4, 65536 bytes, linear)
[    2.100267] NET: Registered PF_UNIX/PF_LOCAL protocol family
[    2.103308] NET: Registered PF_XDP protocol family
[    2.106067] pci_bus 0000:00: resource 4 [io  0x0000-0x0cf7 window]
[    2.109289] pci_bus 0000:00: resource 5 [io  0x0d00-0xffff window]
[    2.112503] pci_bus 0000:00: resource 6 [mem 0x000a0000-0x000bffff window]
[    2.116181] pci_bus 0000:00: resource 7 [mem 0xc0000000-0xfebfffff window]
[    2.119795] pci_bus 0000:00: resource 8 [mem 0x140000000-0x1bfffffff window]
[    2.123601] pci 0000:00:01.0: PIIX3: Enabling Passive Release
[    2.126794] pci 0000:00:00.0: Limiting direct PCI/PCI transfers
[    2.130323] PCI: CLS 0 bytes, default 64
[    2.132544] PCI-DMA: Using software bounce buffering for IO (SWIOTLB)
[    2.133189] Unpacking initramfs...
[    2.135973] software IO TLB: mapped [mem 0x00000000bbfda000-0x00000000bffda000] (64MB)
[    2.137264] clocksource: tsc: mask: 0xffffffffffffffff max_cycles: 0x285c3ee517e, max_idle_ns: 440795257231 ns
[    2.149708] Initialise system trusted keyrings
[    2.153163] workingset: timestamp_bits=46 max_order=20 bucket_order=0
[    2.156718] zbud: loaded
[    2.158556] Key type asymmetric registered
[    2.160779] Asymmetric key parser 'x509' registered
[    2.163838] Block layer SCSI generic (bsg) driver version 0.4 loaded (major 247)
[    2.168232] io scheduler mq-deadline registered
[    2.170636] io scheduler kyber registered
[    2.172847] io scheduler bfq registered
[    2.176191] ERST DBG: ERST support is disabled.
[    2.190730] ACPI: \_SB_.LNKC: Enabled at IRQ 11
[    2.209104] ACPI: \_SB_.LNKD: Enabled at IRQ 10
[    2.227139] ACPI: \_SB_.LNKA: Enabled at IRQ 10
[    2.245232] ACPI: \_SB_.LNKB: Enabled at IRQ 11
[    2.255578] Serial: 8250/16550 driver, 4 ports, IRQ sharing enabled
[    2.260603] 00:04: ttyS0 at I/O 0x3f8 (irq = 4, base_baud = 115200) is a 16550A
[    2.275415] VMware PVSCSI driver - version 1.0.7.0-k
[    2.283142] scsi host0: ata_piix
[    2.285928] scsi host1: ata_piix
[    2.287976] ata1: PATA max MWDMA2 cmd 0x1f0 ctl 0x3f6 bmdma 0xc160 irq 14
[    2.291484] ata2: PATA max MWDMA2 cmd 0x170 ctl 0x376 bmdma 0xc168 irq 15
[    2.295785] i8042: PNP: PS/2 Controller [PNP0303:KBD,PNP0f13:MOU] at 0x60,0x64 irq 1,12
[    2.304399] serio: i8042 KBD port at 0x60,0x64 irq 1
[    2.307100] serio: i8042 AUX port at 0x60,0x64 irq 12
[    2.309901] rtc_cmos 00:05: RTC can wake from S4
[    2.315059] rtc_cmos 00:05: registered as rtc0
[    2.317429] input: AT Translated Set 2 keyboard as /devices/platform/i8042/serio0/input/input0
[    2.317869] rtc_cmos 00:05: setting system clock to 2026-03-06T02:50:37 UTC (1772765437)
[    2.326613] rtc_cmos 00:05: alarms up to one day, y3k, 242 bytes nvram, hpet irqs
[    2.330658] intel_pstate: CPU model not supported
[    2.333391] gre: GRE over IPv4 demultiplexor driver
[    2.356797] Freeing initrd memory: 9096K
[    2.383116] Key type dns_resolver registered
[    2.385798] IPI shorthand broadcast: enabled
[    2.390634] sched_clock: Marking stable (2010407499, 375005802)->(2403682763, -18269462)
[    2.399149] registered taskstats version 1
[    2.401700] Loading compiled-in X.509 certificates
[    2.412212] Loaded X.509 cert 'alpinelinux.org: Alpine Linux kernel key: d76a695f66ad9cd28f5c22a8508f36e91f521f7a'
[    2.420641] Key type .fscrypt registered
[    2.422735] Key type fscrypt-provisioning registered
[    2.465779] ata2: found unknown device (class 0)
[    2.469816] ata2.00: ATAPI: QEMU DVD-ROM, 2.5+, max UDMA/100
[    2.475436] scsi 1:0:0:0: CD-ROM            QEMU     QEMU DVD-ROM     2.5+ PQ: 0 ANSI: 5
[    2.536346] Freeing unused kernel image (initmem) memory: 2640K
[    2.565152] Write protecting the kernel read-only data: 20480k
[    2.568107] Freeing unused kernel image (rodata/data gap) memory: 184K
[    2.570169] rodata_test: all tests were successful
[    2.571673] Run /init as init process
[    2.586818] Alpine Init 3.9.0-r0
Alpine Init 3.9.0-r0
[    2.589062] Loading boot drivers...
 * Loading boot drivers: [    2.624799] ACPI: bus type USB registered
[    2.626213] usbcore: registered new interface driver usbfs
[    2.627900] usbcore: registered new interface driver hub
[    2.629555] usbcore: registered new device driver usb
[    2.635421] usbcore: registered new interface driver usb-storage
[    2.821904] loop: module loaded
[    2.863453] ACPI: bus type drm_connector registered
[    2.891477] Loading boot drivers: ok.
ok.
[    2.894407] Mounting root...
 * Mounting root: [    2.944990] piix4_smbus 0000:00:01.3: SMBus Host Controller at 0x700, revision 0
[    2.969145] [drm] Found bochs VGA, ID 0xb0c5.
[    2.970517] [drm] Framebuffer size 16384 kB @ 0xfd000000, mmio @ 0xfeb90000.
[    2.978780] [drm] Found EDID data blob.
[    2.980429] [drm] Initialized bochs-drm 1.0.0 20130925 for 0000:00:02.0 on minor 0
[    3.023231] Console: switching to colour frame buffer device 128x48
[    3.026101] bochs-drm 0000:00:02.0: [drm] fb0: bochs-drmdrmfb frame buffer device
[    3.187527] sr 1:0:0:0: [sr0] scsi3-mmc drive: 4x/4x cd/rw xa/form2 tray
[    3.189603] cdrom: Uniform CD-ROM driver Revision: 3.20
[    3.281974] virtio_blk virtio2: 2/0/0 default/read/poll queues
[    3.287950] virtio_blk virtio2: [vda] 8388608 512-byte logical blocks (4.29 GB/4.00 GiB)
[    3.292165] virtio_blk virtio3: 2/0/0 default/read/poll queues
[    3.300661] virtio_blk virtio3: [vdb] 736 512-byte logical blocks (377 kB/368 KiB)
[    3.407130] block sr0: the capability attribute has been deprecated.
[    6.303707] EXT4-fs (vda): mounted filesystem 367ceb5a-a72a-4cc6-9140-e18812d3c81b ro with ordered data mode. Quota mode: none.
[    6.307607] Mounting root: ok.
ok.

   OpenRC 0.52.1 is starting up Linux 6.6.4-1-virt (x86_64)

 * /proc is already mounted
 * Mounting /run ... [ ok ]
 * /run/openrc: creating directory
 * /run/lock: creating directory
 * /run/lock: correcting owner
 * Caching service dependencies ... [ ok ]
 * Remounting devtmpfs on /dev ... [ ok ]
 * Mounting /dev/mqueue ... [ ok ]
 * Mounting security filesystem ... [ ok ]
 * Mounting debug filesystem ... [ ok ]
 * Mounting persistent storage (pstore) filesystem ... [ ok ]
 * Starting busybox mdev ... [ ok ]
 * Scanning hardware for mdev ... [ ok ]
 * Loading hardware drivers ... [ ok ]
 * Loading modules ... [ ok ]
 * Setting system clock using the hardware clock [UTC] ... [ ok ]
 * Checking local filesystems  .../: clean, 8723/65536 files, 158031/262144 blocks
 [ ok ]
 * Remounting root filesystem read/write ... [ ok ]
 * Remounting filesystems ... [ ok ]
 * Activating swap devices ... [ ok ]
 * Mounting local filesystems ... [ ok ]
 * Starting busybox acpid ... [ ok ]
 * Configuring kernel parameters ... [ ok ]
 * Migrating /var/lock to /run/lock ... [ ok ]
 * Creating user login records ... [ ok ]
 * Cleaning /tmp directory ... [ ok ]
Cloud-init v. 23.4 running 'init-local' at Fri, 06 Mar 2026 02:50:46 +0000. Up 10.75 seconds.
 [ ok ]
 * Setting hostname ... [ ok ]
 * Starting busybox syslog ... [ ok ]
 * Mounting cgroup filesystem ... [ ok ]
 * Starting networking ... *   lo ... [ ok ]
 *   eth0 ... [ ok ]
 * /var/log/docker.log: creating file
 * /var/log/docker.log: correcting owner
 * Starting Docker Daemon ... [ ok ]
 * Starting benchmark agent ...
[1A[2Ka257f20c716c: Loading layer  557.1kB/81.04MB[1B[1A[2Ka257f20c716c: Loading layer  6.685MB/81.04MB[1B[1A[2Ka257f20c716c: Loading layer  11.14MB/81.04MB[1B[1A[2Ka257f20c716c: Loading layer  17.83MB/81.04MB[1B[1A[2Ka257f20c716c: Loading layer  22.84MB/81.04MB[1B[1A[2Ka257f20c716c: Loading layer  25.07MB/81.04MB[1B[1A[2Ka257f20c716c: Loading layer  28.41MB/81.04MB[1B[1A[2Ka257f20c716c: Loading layer   31.2MB/81.04MB[1B[1A[2Ka257f20c716c: Loading layer  36.77MB/81.04MB[1B[1A[2Ka257f20c716c: Loading layer  41.78MB/81.04MB[1B[1A[2Ka257f20c716c: Loading layer  48.46MB/81.04MB[1B[1A[2Ka257f20c716c: Loading layer  52.92MB/81.04MB[1B[1A[2Ka257f20c716c: Loading layer  57.93MB/81.04MB[1B[1A[2Ka257f20c716c: Loading layer  62.95MB/81.04MB[1B[1A[2Ka257f20c716c: Loading layer  66.29MB/81.04MB[1B[1A[2Ka257f20c716c: Loading layer   67.4MB/81.04MB[1B[1A[2Ka257f20c716c: Loading layer   71.3MB/81.04MB[1B[1A[2Ka257f20c716c: Loading layer  74.09MB/81.04MB[1B[1A[2Ka257f20c716c: Loading layer  75.76MB/81.04MB[1B[1A[2Ka257f20c716c: Loading layer  77.43MB/81.04MB[1B[1A[2Ka257f20c716c: Loading layer   79.1MB/81.04MB[1B[1A[2Ka257f20c716c: Loading layer  81.04MB/81.04MB[1B
[1A[2Kb0c20bcd44fe: Loading layer  65.54kB/4.123MB[1B[1A[2Kb0c20bcd44fe: Loading layer  1.769MB/4.123MB[1B[1A[2Kb0c20bcd44fe: Loading layer  4.123MB/4.123MB[1B[1A[2Kb0c20bcd44fe: Loading layer  4.123MB/4.123MB[1B
[1A[2K5184c31ad48f: Loading layer  458.8kB/43.85MB[1B[1A[2K5184c31ad48f: Loading layer  2.294MB/43.85MB[1B[1A[2K5184c31ad48f: Loading layer  8.258MB/43.85MB[1B[1A[2K5184c31ad48f: Loading layer  11.01MB/43.85MB[1B[1A[2K5184c31ad48f: Loading layer  16.06MB/43.85MB[1B[1A[2K5184c31ad48f: Loading layer  19.73MB/43.85MB[1B[1A[2K5184c31ad48f: Loading layer  24.77MB/43.85MB[1B[1A[2K5184c31ad48f: Loading layer  27.98MB/43.85MB[1B[1A[2K5184c31ad48f: Loading layer  32.11MB/43.85MB[1B[1A[2K5184c31ad48f: Loading layer  34.87MB/43.85MB[1B[1A[2K5184c31ad48f: Loading layer  37.16MB/43.85MB[1B[1A[2K5184c31ad48f: Loading layer  40.83MB/43.85MB[1B[1A[2K5184c31ad48f: Loading layer  43.85MB/43.85MB[1B
[1A[2Kfa1d322086e6: Loading layer   5.12kB/5.12kB[1B[1A[2Kfa1d322086e6: Loading layer   5.12kB/5.12kB[1B
[1A[2Kbdf610394df6: Loading layer  22.02kB/22.02kB[1B[1A[2Kbdf610394df6: Loading layer  22.02kB/22.02kB[1B
[1A[2Keb067feb5b8d: Loading layer  9.728kB/9.728kB[1B[1A[2Keb067feb5b8d: Loading layer  9.728kB/9.728kB[1BLoaded image: bench-worker:latest
 [ ok ]
 * Starting chronyd ... [ ok ]
 * Starting cloud-init-hotplugd ... [ ok ]
Cloud-init v. 23.4 running 'init' at Fri, 06 Mar 2026 02:51:08 +0000. Up 32.98 seconds.
ci-info: +++++++++++++++++++++++++++++++++++++++Net device info+++++++++++++++++++++++++++++++++++++++
ci-info: +---------+-------+----------------------------+---------------+--------+-------------------+
ci-info: |  Device |   Up  |          Address           |      Mask     | Scope  |     Hw-Address    |
ci-info: +---------+-------+----------------------------+---------------+--------+-------------------+
ci-info: | docker0 | False |         172.17.0.1         |  255.255.0.0  | global | 02:42:ed:e3:b9:dc |
ci-info: |   eth0  |  True |         10.0.2.15          | 255.255.255.0 | global | 52:54:00:12:34:56 |
ci-info: |   eth0  |  True | fec0::5054:ff:fe12:3456/64 |       .       |  site  | 52:54:00:12:34:56 |
ci-info: |   eth0  |  True | fe80::5054:ff:fe12:3456/64 |       .       |  link  | 52:54:00:12:34:56 |
ci-info: |    lo   |  True |         127.0.0.1          |   255.0.0.0   |  host  |         .         |
ci-info: |    lo   |  True |          ::1/128           |       .       |  host  |         .         |
ci-info: +---------+-------+----------------------------+---------------+--------+-------------------+
ci-info: +++++++++++++++++++++++++++Route IPv4 info++++++++++++++++++++++++++++
ci-info: +-------+-------------+----------+---------------+-----------+-------+
ci-info: | Route | Destination | Gateway  |    Genmask    | Interface | Flags |
ci-info: +-------+-------------+----------+---------------+-----------+-------+
ci-info: |   0   |   0.0.0.0   | 10.0.2.2 |    0.0.0.0    |    eth0   |   UG  |
ci-info: |   1   |   10.0.2.0  | 0.0.0.0  | 255.255.255.0 |    eth0   |   U   |
ci-info: |   2   |  172.17.0.0 | 0.0.0.0  |  255.255.0.0  |  docker0  |   U   |
ci-info: +-------+-------------+----------+---------------+-----------+-------+
ci-info: +++++++++++++++++++Route IPv6 info+++++++++++++++++++
ci-info: +-------+-------------+---------+-----------+-------+
ci-info: | Route | Destination | Gateway | Interface | Flags |
ci-info: +-------+-------------+---------+-----------+-------+
ci-info: |   0   |  fe80::/64  |    ::   |    eth0   |   U   |
ci-info: |   1   |  fec0::/64  |    ::   |    eth0   |   Ue  |
ci-info: |   2   |     ::/0    | fe80::2 |    eth0   |  UGe  |
ci-info: |   4   |    local    |    ::   |    eth0   |   U   |
ci-info: |   5   |    local    |    ::   |    eth0   |   U   |
ci-info: |   6   |  multicast  |    ::   |    eth0   |   U   |
ci-info: +-------+-------------+---------+-----------+-------+
2026-03-06 02:51:08,932 - cloud_config.py[WARNING]: Failed at merging in cloud config part from part-001: empty cloud config
Generating public/private rsa key pair.
Your identification has been saved in /etc/ssh/ssh_host_rsa_key
Your public key has been saved in /etc/ssh/ssh_host_rsa_key.pub
The key fingerprint is:
SHA256:ZZEQFnURPw0ZD8+9mDted851BHZ2HNK2kuSql69bL5g root@agent-4
The key's randomart image is:
+---[RSA 3072]----+
|        ==o.++=+ |
|       .  .o oo@o|
|          o o B %|
|         o   =o*o|
|        S   .o...|
|           .  .. |
|          . ++ .=|
|         . Eo.+o=|
|          .o+o..o|
+----[SHA256]-----+
Generating public/private dsa key pair.
Your identification has been saved in /etc/ssh/ssh_host_dsa_key
Your public key has been saved in /etc/ssh/ssh_host_dsa_key.pub
The key fingerprint is:
SHA256:JPZgkMhNVJ/woUOZXcGi5uuw2TPRdYnAz/RqTGYIc2A root@agent-4
The key's randomart image is:
+---[DSA 1024]----+
| . =+oE*.oo.     |
|  o o+==*oo      |
|      B==B o .   |
|     oo*. O +    |
|     o .S* o     |
|      o . +      |
|    .  o .       |
|     =+          |
|    o.oo         |
+----[SHA256]-----+
Generating public/private ecdsa key pair.
Your identification has been saved in /etc/ssh/ssh_host_ecdsa_key
Your public key has been saved in /etc/ssh/ssh_host_ecdsa_key.pub
The key fingerprint is:
SHA256:ZaC7/FB+x26EIG9a/zfl4xIHp61TPxdGu28Kp/dwDoI root@agent-4
The key's randomart image is:
+---[ECDSA 256]---+
|        .        |
|       . .       |
|      .   o      |
|      ...o   . o |
|      .oS. .  * .|
|     . ++ .o.o B.|
|      ++..E.= Xo=|
|      .o ..o.O+O=|
|        .  o+o=*O|
+----[SHA256]-----+
Generating public/private ed25519 key pair.
Your identification has been saved in /etc/ssh/ssh_host_ed25519_key
Your public key has been saved in /etc/ssh/ssh_host_ed25519_key.pub
The key fingerprint is:
SHA256:dBXddz13vWTMdY0eX5hZQ7641GUn+P9XWPDP6bt5E8M root@agent-4
The key's randomart image is:
+--[ED25519 256]--+
|            oo+XO|
|           . .X*&|
|        . . ..+*%|
|       . .   .++B|
|        S    oo*o|
|            . oE+|
|             .. =|
|               o=|
|               +B|
+----[SHA256]-----+
 [ ok ]
Cloud-init v. 23.4 running 'modules:config' at Fri, 06 Mar 2026 02:51:10 +0000. Up 34.45 seconds.
 [ ok ]
Cloud-init v. 23.4 running 'modules:final' at Fri, 06 Mar 2026 02:51:10 +0000. Up 35.07 seconds.
ci-info: no authorized SSH keys fingerprints found for user alpine.
cloud-init: #############################################################
cloud-init: -----BEGIN SSH HOST KEY FINGERPRINTS-----
cloud-init: 1024 SHA256:JPZgkMhNVJ/woUOZXcGi5uuw2TPRdYnAz/RqTGYIc2A root@agent-4 (DSA)
cloud-init: 256 SHA256:ZaC7/FB+x26EIG9a/zfl4xIHp61TPxdGu28Kp/dwDoI root@agent-4 (ECDSA)
cloud-init: 256 SHA256:dBXddz13vWTMdY0eX5hZQ7641GUn+P9XWPDP6bt5E8M root@agent-4 (ED25519)
cloud-init: 3072 SHA256:ZZEQFnURPw0ZD8+9mDted851BHZ2HNK2kuSql69bL5g root@agent-4 (RSA)
cloud-init: -----END SSH HOST KEY FINGERPRINTS-----
cloud-init: #############################################################
-----BEGIN SSH HOST KEY KEYS-----
ecdsa-sha2-nistp256 AAAAE2VjZHNhLXNoYTItbmlzdHAyNTYAAAAIbmlzdHAyNTYAAABBBO+tsa2jmXHoz48+UqJqd5wi0Pk32FByccXjHci+Uo/tks0PcAgYuxI2M3pu4kLwn0UvW2sWVgL8ipiIW9Qt6c0= root@agent-4
ssh-ed25519 AAAAC3NzaC1lZDI1NTE5AAAAIFY3e2c07u2mQQbkGZDzFFpX6OG0BLM+yGEcuRD+8ERm root@agent-4
ssh-rsa AAAAB3NzaC1yc2EAAAADAQABAAABgQDMeGUDV9M2ij3j9jruyIXtwf7AQ29io/qP4WCoAzQtgjFZoE09tJOLreyvDg1SBmIh93bJHaIOfZwANct0z9Wp2iPAXLHGK1n9LR397avCjrpmP3QiuhsvY3q62XkQWE4W89mu8lST2n3bFn4bnNYO6Nj2X3PlD0nTHJjIIPcjHbFBk1FEWf/s69VfnGIgV3qlofqWknWHWgfmAVW8mpBYICuJW75jOaThViGUNdxC6Io9C8Mv3e97yVq7Fdi3bQguKfmBRKUh3zI1ebCKkYFVO7W2EoS1irHvcJF3iGxA8gOQkaacd5al5HnW6KtCyA4f9FUmBD0/Wg0+hI/lDQboNfAKAkQb63iCdHSvb/Km0w2QsLmHtfuroD9irbVlazUw5vxJFaKPLgWrfnyn6/aTM4f7NH8ZQgUyOrqlB/4RJvxSQZHN/bMxUgAGfExbiWQwBNJkUMQEJDSXKVlsCdvdB9sdfb2fAc2a//pU5jRacjPHxna33Bei0zuQg+UNPMs= root@agent-4
-----END SSH HOST KEY KEYS-----
Cloud-init v. 23.4 finished at Fri, 06 Mar 2026 02:51:11 +0000. Datasource DataSourceNoCloud [seed=/dev/vdb][dsmode=net].  Up 35.27 seconds
 [ ok ]

Welcome to Alpine Linux 3.19
Kernel 6.6.4-1-virt on an x86_64 (/dev/ttyS0)

agent-4 login: 