c[?7l[2J[0mSeaBIOS (version 1.15.0-1)


iPXE (https://ipxe.org) 00:03.0 CA00 PCI2.10 PnP PMM+BFF8B380+BFECB380 CA00
Press Ctrl-B to configure iPXE (PCI 00:03.0)...                                                                               


Booting from Hard Disk...

SYSLINUX 6.04 EDD 6.04-pre1 Copyright (C) 1994-2015 H. Peter Anvin et al

SYSLINUX 6.04 6.04-pre1 Copyright (C) 1994-2015 H. Peter Anvin et al
[2Je%@)0(B[0;37;40m[?25l[2J[23;16HAlpine will be booted automatically in [0;1m1[0m seconds[23;16H[0;37;40mAlpine will be booted auto.matically in [0;1;37;40m1[0;37;40m seconds.[23;16H                                                 [23;16H[0;37;40m                                                  [?25h[24;1H[0m 
Loading vmlinuz-virt...Loading vmlinuz-virt...  ook
k
Loading initramfs-virt..Loading initramfs-virt....ookk

c[?7l[2J[    0.000000] Linux version 6.6.4-1-virt (buildozer@build-3-19-x86_64) (gcc (Alpine 13.2.1_git20231014) 13.2.1 20231014, GNU ld (GNU Binutils) 2.41) #2-Alpine SMP PREEMPT_DYNAMIC Tue, 05 Dec 2023 20:25:50 +0000
[    0.000000] Command line: BOOT_IMAGE=vmlinuz-virt root=LABEL=/ modules=sd-mod,usb-storage,ext4 console=ttyS0,115200n8 initrd=initramfs-virt
[    0.000000] BIOS-provided physical RAM map:
[    0.000000] BIOS-e820: [mem 0x0000000000000000-0x000000000009fbff] usable
[    0.000000] BIOS-e820: [mem 0x000000000009fc00-0x000000000009ffff] reserved
[    0.000000] BIOS-e820: [mem 0x00000000000f0000-0x00000000000fffff] reserved
[    0.000000] BIOS-e820: [mem 0x0000000000100000-0x00000000bffd9fff] usable
[    0.000000] BIOS-e820: [mem 0x00000000bffda000-0x00000000bfffffff] reserved
[    0.000000] BIOS-e820: [mem 0x00000000feffc000-0x00000000feffffff] reserved
[    0.000000] BIOS-e820: [mem 0x00000000fffc0000-0x00000000ffffffff] reserved
[    0.000000] BIOS-e820: [mem 0x0000000100000000-0x000000013fffffff] usable
[    0.000000] NX (Execute Disable) protection: active
[    0.000000] APIC: Static calls initialized
[    0.000000] SMBIOS 2.8 present.
[    0.000000] DMI: QEMU Standard PC (i440FX + PIIX, 1996), BIOS 1.15.0-1 04/01/2014
[    0.000000] Hypervisor detected: KVM
[    0.000000] kvm-clock: Using msrs 4b564d01 and 4b564d00
[    0.000001] kvm-clock: using sched offset of 2425086290 cycles
[    0.000003] clocksource: kvm-clock: mask: 0xffffffffffffffff max_cycles: 0x1cd42e4dffb, max_idle_ns: 881590591483 ns
[    0.000007] tsc: Detected 2799.998 MHz processor
[    0.000896] last_pfn = 0x140000 max_arch_pfn = 0x400000000
[    0.001281] MTRR map: 4 entries (3 fixed + 1 variable; max 19), built from 8 variable MTRRs
[    0.001296] x86/PAT: Configuration [0-7]: WB  WC  UC- UC  WB  WP  UC- WT  
[    0.001771] last_pfn = 0xbffda max_arch_pfn = 0x400000000
[    0.002230] RAMDISK: [mem 0x7f71e000-0x7fffffff]
[    0.002234] ACPI: Early table checksum verification disabled
[    0.002240] ACPI: RSDP 0x00000000000F59A0 000014 (v00 BOCHS )
[    0.002245] ACPI: RSDT 0x00000000BFFE1975 000034 (v01 BOCHS  BXPC     00000001 BXPC 00000001)
[    0.002251] ACPI: FACP 0x00000000BFFE1821 000074 (v01 BOCHS  BXPC     00000001 BXPC 00000001)
[    0.002284] ACPI: DSDT 0x00000000BFFE0040 0017E1 (v01 BOCHS  BXPC     00000001 BXPC 00000001)
[    0.002288] ACPI: FACS 0x00000000BFFE0000 000040
[    0.002291] ACPI: APIC 0x00000000BFFE1895 000080 (v01 BOCHS  BXPC     00000001 BXPC 00000001)
[    0.002294] ACPI: HPET 0x00000000BFFE1915 000038 (v01 BOCHS  BXPC     00000001 BXPC 00000001)
[    0.002297] ACPI: WAET 0x00000000BFFE194D 000028 (v01 BOCHS  BXPC     00000001 BXPC 00000001)
[    0.002299] ACPI: Reserving FACP table memory at [mem 0xbffe1821-0xbffe1894]
[    0.002301] ACPI: Reserving DSDT table memory at [mem 0xbffe0040-0xbffe1820]
[    0.002302] ACPI: Reserving FACS table memory at [mem 0xbffe0000-0xbffe003f]
[    0.002302] ACPI: Reserving APIC table memory at [mem 0xbffe1895-0xbffe1914]
[    0.002303] ACPI: Reserving HPET table memory at [mem 0xbffe1915-0xbffe194c]
[    0.002303] ACPI: Reserving WAET table memory at [mem 0xbffe194d-0xbffe1974]
[    0.002663] Zone ranges:
[    0.002665]   DMA      [mem 0x0000000000001000-0x0000000000ffffff]
[    0.002667]   DMA32    [mem 0x0000000001000000-0x00000000ffffffff]
[    0.002668]   Normal   [mem 0x0000000100000000-0x000000013fffffff]
[    0.002670] Movable zone start for each node
[    0.002671] Early memory node ranges
[    0.002671]   node   0: [mem 0x0000000000001000-0x000000000009efff]
[    0.002672]   node   0: [mem 0x0000000000100000-0x00000000bffd9fff]
[    0.002673]   node   0: [mem 0x0000000100000000-0x000000013fffffff]
[    0.002675] Initmem setup node 0 [mem 0x0000000000001000-0x000000013fffffff]
[    0.002762] On node 0, zone DMA: 1 pages in unavailable ranges
[    0.003983] On node 0, zone DMA: 97 pages in unavailable ranges
[    0.340073] On node 0, zone Normal: 38 pages in unavailable ranges
[    0.343353] ACPI: PM-Timer IO Port: 0x608
[    0.343393] ACPI: LAPIC_NMI (acpi_id[0xff] dfl dfl lint[0x1])
[    0.343570] IOAPIC[0]: apic_id 0, version 17, address 0xfec00000, GSI 0-23
[    0.343575] ACPI: INT_SRC_OVR (bus 0 bus_irq 0 global_irq 2 dfl dfl)
[    0.343577] ACPI: INT_SRC_OVR (bus 0 bus_irq 5 global_irq 5 high level)
[    0.343579] ACPI: INT_SRC_OVR (bus 0 bus_irq 9 global_irq 9 high level)
[    0.343580] ACPI: INT_SRC_OVR (bus 0 bus_irq 10 global_irq 10 high level)
[    0.343581] ACPI: INT_SRC_OVR (bus 0 bus_irq 11 global_irq 11 high level)
[    0.343585] ACPI: Using ACPI (MADT) for SMP configuration information
[    0.343587] ACPI: HPET id: 0x8086a201 base: 0xfed00000
[    0.343621] smpboot: Allowing 2 CPUs, 0 hotplug CPUs
[    0.343674] kvm-guest: APIC: eoi() replaced with kvm_guest_apic_eoi_write()
[    0.343729] [mem 0xc0000000-0xfeffbfff] available for PCI devices
[    0.343731] Booting paravirtualized kernel on KVM
[    0.343733] clocksource: refined-jiffies: mask: 0xffffffff max_cycles: 0xffffffff, max_idle_ns: 19112604462750000 ns
[    0.347304] setup_percpu: NR_CPUS:256 nr_cpumask_bits:2 nr_cpu_ids:2 nr_node_ids:1
[    0.357797] percpu: Embedded 57 pages/cpu s195048 r8192 d30232 u1048576
[    0.357917] kvm-guest: PV spinlocks disabled, no host support
[    0.357919] Kernel command line: BOOT_IMAGE=vmlinuz-virt root=LABEL=/ modules=sd-mod,usb-storage,ext4 console=ttyS0,115200n8 initrd=initramfs-virt
[    0.357973] Unknown kernel command line parameters "BOOT_IMAGE=vmlinuz-virt modules=sd-mod,usb-storage,ext4", will be passed to user space.
[    0.378938] Dentry cache hash table entries: 524288 (order: 10, 4194304 bytes, linear)
[    0.389367] Inode-cache hash table entries: 262144 (order: 9, 2097152 bytes, linear)
[    0.389585] Built 1 zonelists, mobility grouping on.  Total pages: 1031898
[    0.401435] mem auto-init: stack:all(zero), heap alloc:on, heap free:off
[    0.401450] software IO TLB: area num 2.
[    0.785493] Memory: 4012148K/4193760K available (12288K kernel code, 1744K rwdata, 8008K rodata, 2640K init, 2300K bss, 181352K reserved, 0K cma-reserved)
[    0.791425] SLUB: HWalign=64, Order=0-3, MinObjects=0, CPUs=2, Nodes=1
[    0.791594] Kernel/User page tables isolation: enabled
[    0.794254] Dynamic Preempt: none
[    0.794457] rcu: Preemptible hierarchical RCU implementation.
[    0.794458] rcu: 	RCU restricting CPUs from NR_CPUS=256 to nr_cpu_ids=2.
[    0.794460] 	Trampoline variant of Tasks RCU enabled.
[    0.794461] 	Tracing variant of Tasks RCU enabled.
[    0.794462] rcu: RCU calculated value of scheduler-enlistment delay is 10 jiffies.
[    0.794463] rcu: Adjusting geometry for rcu_fanout_leaf=16, nr_cpu_ids=2
[    0.798970] NR_IRQS: 16640, nr_irqs: 440, preallocated irqs: 16
[    0.799524] rcu: srcu_init: Setting srcu_struct sizes based on contention.
[    0.799691] kfence: initialized - using 2097152 bytes for 255 objects at 0x(____ptrval____)-0x(____ptrval____)
[    0.824719] Console: colour VGA+ 80x25
[    0.824886] printk: console [ttyS0] enabled
[    1.154320] ACPI: Core revision 20230628
[    1.157200] clocksource: hpet: mask: 0xffffffff max_cycles: 0xffffffff, max_idle_ns: 19112604467 ns
[    1.162417] APIC: Switch to symmetric I/O mode setup
[    1.166526] x2apic enabled
[    1.169496] APIC: Switched APIC routing to: physical x2apic
[    1.179015] ..TIMER: vector=0x30 apic1=0 pin1=2 apic2=-1 pin2=-1
[    1.182296] clocksource: tsc-early: mask: 0xffffffffffffffff max_cycles: 0x285c3ee517e, max_idle_ns: 440795257231 ns
[    1.187856] Calibrating delay loop (skipped) preset value.. 5599.99 BogoMIPS (lpj=27999980)
[    1.198733] Last level iTLB entries: 4KB 0, 2MB 0, 4MB 0
[    1.201523] Last level dTLB entries: 4KB 0, 2MB 0, 4MB 0, 1GB 0
[    1.204666] Spectre V1 : Mitigation: usercopy/swapgs barriers and __user pointer sanitization
[    1.207856] Spectre V2 : Mitigation: Retpolines
[    1.210283] Spectre V2 : Spectre v2 / SpectreRSB mitigation: Filling RSB on context switch
[    1.214645] Spectre V2 : Spectre v2 / SpectreRSB : Filling RSB on VMEXIT
[    1.217856] Speculative Store Bypass: Vulnerable
[    1.220313] MDS: Vulnerable: Clear CPU buffers attempted, no microcode
[    1.223712] MMIO Stale Data: Unknown: No mitigations
[    1.227858] x86/fpu: x87 FPU will use FXSAVE
[    1.243632] Freeing SMP alternatives memory: 32K
[    1.246137] pid_max: default: 32768 minimum: 301
[    1.248317] LSM: initializing lsm=capability,landlock,lockdown,integrity
[    1.252590] landlock: Up and running.
[    1.255059] Mount-cache hash table entries: 8192 (order: 4, 65536 bytes, linear)
[    1.258178] Mountpoint-cache hash table entries: 8192 (order: 4, 65536 bytes, linear)
[    1.387051] smpboot: CPU0: Intel QEMU Virtual CPU version 2.5+ (family: 0xf, model: 0x6b, stepping: 0x1)
[    1.387851] RCU Tasks: Setting shift to 1 and lim to 1 rcu_task_cb_adjust=1.
[    1.387964] RCU Tasks Trace: Setting shift to 1 and lim to 1 rcu_task_cb_adjust=1.
[    1.392127] Performance Events: unsupported Netburst CPU model 107 no PMU driver, software events only.
[    1.397218] signal: max sigframe size: 1440
[    1.398173] rcu: Hierarchical SRCU implementation.
[    1.400741] rcu: 	Max phase no-delay instances is 1000.
[    1.404351] NMI watchdog: Perf NMI watchdog permanently disabled
[    1.408098] smp: Bringing up secondary CPUs ...
[    1.411634] smpboot: x86: Booting SMP configuration:
[    1.414262] .... node  #0, CPUs:      #1
[    1.439854] smp: Brought up 1 node, 2 CPUs
[    1.442246] smpboot: Max logical packages: 1
[    1.447860] ----------------
[    1.449405] | NMI testsuite:
[    1.450987] --------------------
[    1.452711]   remote IPI:  ok  |
[    1.454493]    local IPI:  ok  |
[    1.457861] --------------------
[    1.459590] Good, all   2 testcases passed! |
[    1.461916] ---------------------------------
[    1.464217] smpboot: Total of 2 processors activated (11199.99 BogoMIPS)
[    1.469426] devtmpfs: initialized
[    1.469727] x86/mm: Memory block size: 128MB
[    1.473231] clocksource: jiffies: mask: 0xffffffff max_cycles: 0xffffffff, max_idle_ns: 19112604462750000 ns
[    1.478026] futex hash table entries: 512 (order: 3, 32768 bytes, linear)
[    1.494326] NET: Registered PF_NETLINK/PF_ROUTE protocol family
[    1.498041] audit: initializing netlink subsys (disabled)
[    1.500938] audit: type=2000 audit(1772765437.210:1): state=initialized audit_enabled=0 res=1
[    1.500938] thermal_sys: Registered thermal governor 'step_wise'
[    1.507879] cpuidle: using governor ladder
[    1.513237] cpuidle: using governor menu
[    1.518140] acpiphp: ACPI Hot Plug PCI Controller Driver version: 0.5
[    1.522423] PCI: Using configuration type 1 for base access
[    1.525623] kprobes: kprobe jump-optimization is enabled. All kprobes are optimized if possible.
[    1.530884] HugeTLB: registered 2.00 MiB page size, pre-allocated 0 pages
[    1.531542] HugeTLB: 28 KiB vmemmap can be freed for a 2.00 MiB page
[    1.538397] ACPI: Added _OSI(Module Device)
[    1.540509] ACPI: Added _OSI(Processor Device)
[    1.542864] ACPI: Added _OSI(3.0 _SCP Extensions)
[    1.545406] ACPI: Added _OSI(Processor Aggregator Device)
[    1.548496] ACPI: 1 ACPI AML tables successfully acquired and loaded
[    1.557955] ACPI: _OSC evaluation for CPUs failed, trying _PDC
[    1.561118] ACPI: Interpreter enabled
[    1.563076] ACPI: PM: (supports S0 S3 S5)
[    1.565212] ACPI: Using IOAPIC for interrupt routing
[    1.567881] PCI: Using host bridge windows from ACPI; if necessary, use "pci=nocrs" and report a bug
[    1.572684] PCI: Using E820 reservations for host bridge windows
[    1.578006] ACPI: Enabled 2 GPEs in block 00 to 0F
[    1.583969] ACPI: PCI Root Bridge [PCI0] (domain 0000 [bus 00-ff])
[    1.587229] acpi PNP0A03:00: _OSC: OS supports [ASPM ClockPM Segments MSI HPX-Type3]
[    1.587875] acpi PNP0A03:00: _OSC: not requesting OS control; OS requires [ExtendedConfig ASPM ClockPM MSI]
[    1.593022] acpi PNP0A03:00: fail to add MMCONFIG information, can't access extended configuration space under this bridge
[    1.598391] acpiphp: Slot [3] registered
[    1.600564] acpiphp: Slot [4] registered
[    1.602747] acpiphp: Slot [5] registered
[    1.610218] acpiphp: Slot [6] registered
[    1.617953] acpiphp: Slot [7] registered
[    1.620093] acpiphp: Slot [8] registered
[    1.622224] acpiphp: Slot [9] registered
[    1.624357] acpiphp: Slot [10] registered
[    1.626614] acpiphp: Slot [11] registered
[    1.627924] acpiphp: Slot [12] registered
[    1.633089] acpiphp: Slot [13] registered
[    1.635325] acpiphp: Slot [14] registered
[    1.637915] acpiphp: Slot [15] registered
[    1.640178] acpiphp: Slot [16] registered
[    1.642349] acpiphp: Slot [17] registered
[    1.644523] acpiphp: Slot [18] registered
[    1.647910] acpiphp: Slot [19] registered
[    1.650200] acpiphp: Slot [20] registered
[    1.652560] acpiphp: Slot [21] registered
[    1.654911] acpiphp: Slot [22] registered
[    1.657139] acpiphp: Slot [23] registered
[    1.657912] acpiphp: Slot [24] registered
[    1.660319] acpiphp: Slot [25] registered
[    1.662712] acpiphp: Slot [26] registered
[    1.665097] acpiphp: Slot [27] registered
[    1.667905] acpiphp: Slot [28] registered
[    1.670286] acpiphp: Slot [29] registered
[    1.672528] acpiphp: Slot [30] registered
[    1.674806] acpiphp: Slot [31] registered
[    1.682720] PCI host bridge to bus 0000:00
[    1.685170] pci_bus 0000:00: root bus resource [io  0x0000-0x0cf7 window]
[    1.687857] pci_bus 0000:00: root bus resource [io  0x0d00-0xffff window]
[    1.691540] pci_bus 0000:00: root bus resource [mem 0x000a0000-0x000bffff window]
[    1.695594] pci_bus 0000:00: root bus resource [mem 0xc0000000-0xfebfffff window]
[    1.698019] pci_bus 0000:00: root bus resource [mem 0x140000000-0x1bfffffff window]
[    1.707892] pci_bus 0000:00: root bus resource [bus 00-ff]
[    1.718394] pci 0000:00:00.0: [8086:1237] type 00 class 0x060000
[    1.729181] pci 0000:00:01.0: [8086:7000] type 00 class 0x060100
[    1.735537] pci 0000:00:01.1: [8086:7010] type 00 class 0x010180
[    1.741617] pci 0000:00:01.1: reg 0x20: [io  0xc160-0xc16f]
[    1.746302] pci 0000:00:01.1: legacy IDE quirk: reg 0x10: [io  0x01f0-0x01f7]
[    1.747859] pci 0000:00:01.1: legacy IDE quirk: reg 0x14: [io  0x03f6]
[    1.751456] pci 0000:00:01.1: legacy IDE quirk: reg 0x18: [io  0x0170-0x0177]
[    1.757857] pci 0000:00:01.1: legacy IDE quirk: reg 0x1c: [io  0x0376]
[    1.762028] pci 0000:00:01.3: [8086:7113] type 00 class 0x068000
[    1.769142] pci 0000:00:01.3: quirk: [io  0x0600-0x063f] claimed by PIIX4 ACPI
[    1.773026] pci 0000:00:01.3: quirk: [io  0x0700-0x070f] claimed by PIIX4 SMB
[    1.778035] pci 0000:00:02.0: [1234:1111] type 00 class 0x030000
[    1.799332] pci 0000:00:02.0: reg 0x10: [mem 0xfd000000-0xfdffffff pref]
[    1.809485] pci 0000:00:02.0: reg 0x18: [mem 0xfeb90000-0xfeb90fff]
[    1.823692] pci 0000:00:02.0: reg 0x30: [mem 0xfeb80000-0xfeb8ffff pref]
[    1.829729] pci 0000:00:02.0: Video device with shadowed ROM at [mem 0x000c0000-0x000dffff]
[    1.845173] pci 0000:00:03.0: [1af4:1000] type 00 class 0x020000
[    1.849252] pci 0000:00:03.0: reg 0x10: [io  0xc140-0xc15f]
[    1.853573] pci 0000:00:03.0: reg 0x14: [mem 0xfeb91000-0xfeb91fff]
[    1.861724] pci 0000:00:03.0: reg 0x20: [mem 0xfe000000-0xfe003fff 64bit pref]
[    1.867247] pci 0000:00:03.0: reg 0x30: [mem 0xfeb00000-0xfeb7ffff pref]
[    1.872737] pci 0000:00:04.0: [1af4:1009] type 00 class 0x000200
[    1.879322] pci 0000:00:04.0: reg 0x10: [io  0xc100-0xc13f]
[    1.883781] pci 0000:00:04.0: reg 0x14: [mem 0xfeb92000-0xfeb92fff]
[    1.891042] pci 0000:00:04.0: reg 0x20: [mem 0xfe004000-0xfe007fff 64bit pref]
[    1.901903] pci 0000:00:05.0: [1af4:1001] type 00 class 0x010000
[    1.907200] pci 0000:00:05.0: reg 0x10: [io  0xc000-0xc07f]
[    1.909108] pci 0000:00:05.0: reg 0x14: [mem 0xfeb93000-0xfeb93fff]
[    1.918687] pci 0000:00:05.0: reg 0x20: [mem 0xfe008000-0xfe00bfff 64bit pref]
[    1.929278] pci 0000:00:06.0: [1af4:1001] type 00 class 0x010000
[    1.934267] pci 0000:00:06.0: reg 0x10: [io  0xc080-0xc0ff]
[    1.938536] pci 0000:00:06.0: reg 0x14: [mem 0xfeb94000-0xfeb94fff]
[    1.945706] pci 0000:00:06.0: reg 0x20: [mem 0xfe00c000-0xfe00ffff 64bit pref]
[    1.958841] ACPI: PCI: Interrupt link LNKA configured for IRQ 10
[    1.962312] ACPI: PCI: Interrupt link LNKB configured for IRQ 10
[    1.965655] ACPI: PCI: Interrupt link LNKC configured for IRQ 11
[    1.968093] ACPI: PCI: Interrupt link LNKD configured for IRQ 11
[    1.971406] ACPI: PCI: Interrupt link LNKS configured for IRQ 9
[    1.978309] iommu: Default domain type: Translated
[    1.980921] iommu: DMA domain TLB invalidation policy: lazy mode
[    1.986562] SCSI subsystem initialized
[    1.988966] pps_core: LinuxPPS API ver. 1 registered
[    1.990884] pps_core: Software ver. 5.3.6 - Copyright 2005-2007 Rodolfo Giometti <giometti@linux.it>
[    1.997888] PTP clock support registered
[    2.000803] PCI: Using ACPI for IRQ routing
[    2.009469] hpet: 3 channels of 0 reserved for per-cpu timers
[    2.012585] clocksource: Switched to clocksource kvm-clock
[    2.025080] VFS: Disk quotas dquot_6.6.0
[    2.027346] VFS: Dquot-cache hash table entries: 512 (order 0, 4096 bytes)
[    2.031565] pnp: PnP ACPI init
[    2.034249] pnp: PnP ACPI: found 6 devices
[    2.050946] clocksource: acpi_pm: mask: 0xffffff max_cycles: 0xffffff, max_idle_ns: 2085701024 ns
[    2.056155] NET: Registered PF_INET protocol family
[    2.061735] IP idents hash table entries: 65536 (order: 7, 524288 bytes, linear)
[    2.067987] tcp_listen_portaddr_hash hash table entries: 2048 (order: 3, 32768 bytes, linear)
[    2.073923] Table-perturb hash table entries: 65536 (order: 6, 262144 bytes, linear)
[    2.079357] TCP established hash table entries: 32768 (order: 6, 262144 bytes, linear)
[    2.089754] TCP bind hash table entries: 32768 (order: 8, 1048576 bytes, linear)
[    2.093880] TCP: Hash tables configured (established 32768 bind 32768)
[    2.098802] UDP hash table entries: 2048 (order: 4, 65536 bytes, linear)
[    2.102750] UDP-Lite hash table entries: 2048 (order: 4, 65536 bytes, linear)
[    2.106993] NET: Registered PF_UNIX/PF_LOCAL protocol family
[    2.110164] NET: Registered PF_XDP protocol family
[    2.112849] pci_bus 0000:00: resource 4 [io  0x0000-0x0cf7 window]
[    2.116144] pci_bus 0000:00: resource 5 [io  0x0d00-0xffff window]
[    2.119484] pci_bus 0000:00: resource 6 [mem 0x000a0000-0x000bffff window]
[    2.123096] pci_bus 0000:00: resource 7 [mem 0xc0000000-0xfebfffff window]
[    2.126737] pci_bus 0000:00: resource 8 [mem 0x140000000-0x1bfffffff window]
[    2.130679] pci 0000:00:01.0: PIIX3: Enabling Passive Release
[    2.133857] pci 0000:00:00.0: Limiting direct PCI/PCI transfers
[    2.137426] PCI: CLS 0 bytes, default 64
[    2.139737] PCI-DMA: Using software bounce buffering for IO (SWIOTLB)
[    2.140408] Unpacking initramfs...
[    2.143143] software IO TLB: mapped [mem 0x00000000bbfd9000-0x00000000bffd9000] (64MB)
[    2.149538] clocksource: tsc: mask: 0xffffffffffffffff max_cycles: 0x285c3ee517e, max_idle_ns: 440795257231 ns
[    2.156100] Initialise system trusted keyrings
[    2.159459] workingset: timestamp_bits=46 max_order=20 bucket_order=0
[    2.162947] zbud: loaded
[    2.164753] Key type asymmetric registered
[    2.166977] Asymmetric key parser 'x509' registered
[    2.170089] Block layer SCSI generic (bsg) driver version 0.4 loaded (major 247)
[    2.174477] io scheduler mq-deadline registered
[    2.176876] io scheduler kyber registered
[    2.179155] io scheduler bfq registered
[    2.182635] ERST DBG: ERST support is disabled.
[    2.197479] ACPI: \_SB_.LNKC: Enabled at IRQ 11
[    2.217009] ACPI: \_SB_.LNKD: Enabled at IRQ 10
[    2.235348] ACPI: \_SB_.LNKA: Enabled at IRQ 10
[    2.253830] ACPI: \_SB_.LNKB: Enabled at IRQ 11
[    2.261233] Serial: 8250/16550 driver, 4 ports, IRQ sharing enabled
[    2.265496] 00:04: ttyS0 at I/O 0x3f8 (irq = 4, base_baud = 115200) is a 16550A
[    2.278905] VMware PVSCSI driver - version 1.0.7.0-k
[    2.286197] scsi host0: ata_piix
[    2.289302] scsi host1: ata_piix
[    2.291396] ata1: PATA max MWDMA2 cmd 0x1f0 ctl 0x3f6 bmdma 0xc160 irq 14
[    2.294957] ata2: PATA max MWDMA2 cmd 0x170 ctl 0x376 bmdma 0xc168 irq 15
[    2.299352] i8042: PNP: PS/2 Controller [PNP0303:KBD,PNP0f13:MOU] at 0x60,0x64 irq 1,12
[    2.309923] serio: i8042 KBD port at 0x60,0x64 irq 1
[    2.312809] serio: i8042 AUX port at 0x60,0x64 irq 12
[    2.316416] rtc_cmos 00:05: RTC can wake from S4
[    2.324283] rtc_cmos 00:05: registered as rtc0
[    2.327708] rtc_cmos 00:05: setting system clock to 2026-03-06T02:50:37 UTC (1772765437)
[    2.333224] rtc_cmos 00:05: alarms up to one day, y3k, 242 bytes nvram, hpet irqs
[    2.338087] intel_pstate: CPU model not supported
[    2.340969] gre: GRE over IPv4 demultiplexor driver
[    2.361309] Freeing initrd memory: 9096K
[    2.390197] input: AT Translated Set 2 keyboard as /devices/platform/i8042/serio0/input/input0
[    2.395595] Key type dns_resolver registered
[    2.398135] IPI shorthand broadcast: enabled
[    2.404631] sched_clock: Marking stable (2042167061, 358300876)->(2410036040, -9568103)
[    2.419839] registered taskstats version 1
[    2.422412] Loading compiled-in X.509 certificates
[    2.433396] Loaded X.509 cert 'alpinelinux.org: Alpine Linux kernel key: d76a695f66ad9cd28f5c22a8508f36e91f521f7a'
[    2.441884] Key type .fscrypt registered
[    2.444010] Key type fscrypt-provisioning registered
[    2.469792] ata2: found unknown device (class 0)
[    2.473197] ata2.00: ATAPI: QEMU DVD-ROM, 2.5+, max UDMA/100
[    2.478928] scsi 1:0:0:0: CD-ROM            QEMU     QEMU DVD-ROM     2.5+ PQ: 0 ANSI: 5
[    2.549591] Freeing unused kernel image (initmem) memory: 2640K
[    2.588420] Write protecting the kernel read-only data: 20480k
[    2.591305] Freeing unused kernel image (rodata/data gap) memory: 184K
[    2.593396] rodata_test: all tests were successful
[    2.594920] Run /init as init process
[    2.612958] Alpine Init 3.9.0-r0
Alpine Init 3.9.0-r0
[    2.615237] Loading boot drivers...
 * Loading boot drivers: [    2.647260] ACPI: bus type USB registered
[    2.648745] usbcore: registered new interface driver usbfs
[    2.650431] usbcore: registered new interface driver hub
[    2.652082] usbcore: registered new device driver usb
[    2.657958] usbcore: registered new interface driver usb-storage
[    2.836657] loop: module loaded
[    2.877413] ACPI: bus type drm_connector registered
[    2.922954] Loading boot drivers: ok.
ok.
[    2.926258] Mounting root...
 * Mounting root: [    2.954867] piix4_smbus 0000:00:01.3: SMBus Host Controller at 0x700, revision 0
[    2.980308] [drm] Found bochs VGA, ID 0xb0c5.
[    2.981725] [drm] Framebuffer size 16384 kB @ 0xfd000000, mmio @ 0xfeb90000.
[    2.990113] [drm] Found EDID data blob.
[    2.991769] [drm] Initialized bochs-drm 1.0.0 20130925 for 0000:00:02.0 on minor 0
[    3.027014] Console: switching to colour frame buffer device 128x48
[    3.030235] bochs-drm 0000:00:02.0: [drm] fb0: bochs-drmdrmfb frame buffer device
[    3.170975] sr 1:0:0:0: [sr0] scsi3-mmc drive: 4x/4x cd/rw xa/form2 tray
[    3.173052] cdrom: Uniform CD-ROM driver Revision: 3.20
[    3.275301] virtio_blk virtio2: 2/0/0 default/read/poll queues
[    3.280440] virtio_blk virtio2: [vda] 8388608 512-byte logical blocks (4.29 GB/4.00 GiB)
[    3.289430] virtio_blk virtio3: 2/0/0 default/read/poll queues
[    3.294198] virtio_blk virtio3: [vdb] 736 512-byte logical blocks (377 kB/368 KiB)
[    3.403091] block sr0: the capability attribute has been deprecated.
[    6.307384] EXT4-fs (vda): mounted filesystem 367ceb5a-a72a-4cc6-9140-e18812d3c81b ro with ordered data mode. Quota mode: none.
[    6.311322] Mounting root: ok.
ok.

   OpenRC 0.52.1 is starting up Linux 6.6.4-1-virt (x86_64)

 * /proc is already mounted
 * Mounting /run ... [ ok ]
 * /run/openrc: creating directory
 * /run/lock: creating directory
 * /run/lock: correcting owner
 * Caching service dependencies ... [ ok ]
 * Remounting devtmpfs on /dev ... [ ok ]
 * Mounting /dev/mqueue ... [ ok ]
 * Mounting security filesystem ... [ ok ]
 * Mounting debug filesystem ... [ ok ]
 * Mounting persistent storage (pstore) filesystem ... [ ok ]
 * Starting busybox mdev ... [ ok ]
 * Scanning hardware for mdev ... [ ok ]
 * Loading hardware drivers ... [ ok ]
 * Loading modules ... [ ok ]
 * Setting system clock using the hardware clock [UTC] ... [ ok ]
 * Checking local filesystems  .../: clean, 8723/65536 files, 158031/262144 blocks
 [ ok ]
 * Remounting root filesystem read/write ... [ ok ]
 * Remounting filesystems ... [ ok ]
 * Activating swap devices ... [ ok ]
 * Mounting local filesystems ... [ ok ]
 * Starting busybox acpid ... [ ok ]
 * Configuring kernel parameters ... [ ok ]
 * Migrating /var/lock to /run/lock ... [ ok ]
 * Creating user login records ... [ ok ]
 * Cleaning /tmp directory ... [ ok ]
Cloud-init v. 23.4 running 'init-local' at Fri, 06 Mar 2026 02:50:46 +0000. Up 10.77 seconds.
 [ ok ]
 * Setting hostname ... [ ok ]
 * Starting busybox syslog ... [ ok ]
 * Mounting cgroup filesystem ... [ ok ]
 * Starting networking ... *   lo ... [ ok ]
 *   eth0 ... [ ok ]
 * /var/log/docker.log: creating file
 * /var/log/docker.log: correcting owner
 * Starting Docker Daemon ... [ ok ]
 * Starting benchmark agent ...
[1A[2Ka257f20c716c: Loading layer  557.1kB/81.04MB[1B[1A[2Ka257f20c716c: Loading layer  5.571MB/81.04MB[1B[1A[2Ka257f20c716c: Loading layer  11.14MB/81.04MB[1B[1A[2Ka257f20c716c: Loading layer  16.71MB/81.04MB[1B[1A[2Ka257f20c716c: Loading layer  21.73MB/81.04MB[1B[1A[2Ka257f20c716c: Loading layer  25.07MB/81.04MB[1B[1A[2Ka257f20c716c: Loading layer  29.52MB/81.04MB[1B[1A[2Ka257f20c716c: Loading layer  35.09MB/81.04MB[1B[1A[2Ka257f20c716c: Loading layer  41.78MB/81.04MB[1B[1A[2Ka257f20c716c: Loading layer  47.91MB/81.04MB[1B[1A[2Ka257f20c716c: Loading layer  54.03MB/81.04MB[1B[1A[2Ka257f20c716c: Loading layer  60.72MB/81.04MB[1B[1A[2Ka257f20c716c: Loading layer  65.18MB/81.04MB[1B[1A[2Ka257f20c716c: Loading layer  66.85MB/81.04MB[1B[1A[2Ka257f20c716c: Loading layer  69.07MB/81.04MB[1B[1A[2Ka257f20c716c: Loading layer  73.53MB/81.04MB[1B[1A[2Ka257f20c716c: Loading layer   75.2MB/81.04MB[1B[1A[2Ka257f20c716c: Loading layer  75.76MB/81.04MB[1B[1A[2Ka257f20c716c: Loading layer  77.99MB/81.04MB[1B[1A[2Ka257f20c716c: Loading layer   79.1MB/81.04MB[1B[1A[2Ka257f20c716c: Loading layer  81.04MB/81.04MB[1B
[1A[2Kb0c20bcd44fe: Loading layer  65.54kB/4.123MB[1B[1A[2Kb0c20bcd44fe: Loading layer  1.769MB/4.123MB[1B[1A[2Kb0c20bcd44fe: Loading layer  4.123MB/4.123MB[1B[1A[2Kb0c20bcd44fe: Loading layer  4.123MB/4.123MB[1B
[1A[2K5184c31ad48f: Loading layer  458.8kB/43.85MB[1B[1A[2K5184c31ad48f: Loading layer  3.211MB/43.85MB[1B[1A[2K5184c31ad48f: Loading layer  9.175MB/43.85MB[1B[1A[2K5184c31ad48f: Loading layer  12.39MB/43.85MB[1B[1A[2K5184c31ad48f: Loading layer  16.97MB/43.85MB[1B[1A[2K5184c31ad48f: Loading layer  21.56MB/43.85MB[1B[1A[2K5184c31ad48f: Loading layer  25.69MB/43.85MB[1B[1A[2K5184c31ad48f: Loading layer  28.44MB/43.85MB[1B[1A[2K5184c31ad48f: Loading layer  32.11MB/43.85MB[1B[1A[2K5184c31ad48f: Loading layer  34.41MB/43.85MB[1B[1A[2K5184c31ad48f: Loading layer  36.24MB/43.85MB[1B[1A[2K5184c31ad48f: Loading layer  38.54MB/43.85MB[1B[1A[2K5184c31ad48f: Loading layer  41.75MB/43.85MB[1B[1A[2K5184c31ad48f: Loading layer  43.85MB/43.85MB[1B
[1A[2Kfa1d322086e6: Loading layer   5.12kB/5.12kB[1B[1A[2Kfa1d322086e6: Loading layer   5.12kB/5.12kB[1B
[1A[2Kbdf610394df6: Loading layer  22.02kB/22.02kB[1B[1A[2Kbdf610394df6: Loading layer  22.02kB/22.02kB[1B
[1A[2Keb067feb5b8d: Loading layer  9.728kB/9.728kB[1B[1A[2Keb067feb5b8d: Loading layer  9.728kB/9.728kB[1BLoaded image: bench-worker:latest
 [ ok ]
 * Starting chronyd ... [ ok ]
 * Starting cloud-init-hotplugd ... [ ok ]
Cloud-init v. 23.4 running 'init' at Fri, 06 Mar 2026 02:51:09 +0000. Up 33.25 seconds.
ci-info: +++++++++++++++++++++++++++++++++++++++Net device info+++++++++++++++++++++++++++++++++++++++
ci-info: +---------+-------+----------------------------+---------------+--------+-------------------+
ci-info: |  Device |   Up  |          Address           |      Mask     | Scope  |     Hw-Address    |
ci-info: +---------+-------+----------------------------+---------------+--------+-------------------+
ci-info: | docker0 | False |         172.17.0.1         |  255.255.0.0  | global | 02:42:6a:aa:de:38 |
ci-info: |   eth0  |  True |         10.0.2.15          | 255.255.255.0 | global | 52:54:00:12:34:56 |
ci-info: |   eth0  |  True | fec0::5054:ff:fe12:3456/64 |       .       |  site  | 52:54:00:12:34:56 |
ci-info: |   eth0  |  True | fe80::5054:ff:fe12:3456/64 |       .       |  link  | 52:54:00:12:34:56 |
ci-info: |    lo   |  True |         127.0.0.1          |   255.0.0.0   |  host  |         .         |
ci-info: |    lo   |  True |          ::1/128           |       .       |  host  |         .         |
ci-info: +---------+-------+----------------------------+---------------+--------+-------------------+
ci-info: +++++++++++++++++++++++++++Route IPv4 info++++++++++++++++++++++++++++
ci-info: +-------+-------------+----------+---------------+-----------+-------+
ci-info: | Route | Destination | Gateway  |    Genmask    | Interface | Flags |
ci-info: +-------+-------------+----------+---------------+-----------+-------+
ci-info: |   0   |   0.0.0.0   | 10.0.2.2 |    0.0.0.0    |    eth0   |   UG  |
ci-info: |   1   |   10.0.2.0  | 0.0.0.0  | 255.255.255.0 |    eth0   |   U   |
ci-info: |   2   |  172.17.0.0 | 0.0.0.0  |  255.255.0.0  |  docker0  |   U   |
ci-info: +-------+-------------+----------+---------------+-----------+-------+
ci-info: +++++++++++++++++++Route IPv6 info+++++++++++++++++++
ci-info: +-------+-------------+---------+-----------+-------+
ci-info: | Route | Destination | Gateway | Interface | Flags |
ci-info: +-------+-------------+---------+-----------+-------+
ci-info: |   0   |  fe80::/64  |    ::   |    eth0   |   U   |
ci-info: |   1   |  fec0::/64  |    ::   |    eth0   |   Ue  |
ci-info: |   2   |     ::/0    | fe80::2 |    eth0   |  UGe  |
ci-info: |   4   |    local    |    ::   |    eth0   |   U   |
ci-info: |   5   |    local    |    ::   |    eth0   |   U   |
ci-info: |   6   |  multicast  |    ::   |    eth0   |   U   |
ci-info: +-------+-------------+---------+-----------+-------+
2026-03-06 02:51:09,090 - cloud_config.py[WARNING]: Failed at merging in cloud config part from part-001: empty cloud config
Generating public/private rsa key pair.
Your identification has been saved in /etc/ssh/ssh_host_rsa_key
Your public key has been saved in /etc/ssh/ssh_host_rsa_key.pub
The key fingerprint is:
SHA256:u5mM+RVkFgiddAgXAV68GqVWdIeYdYaa8oOqBAZDjFE root@agent-3
The key's randomart image is:
+---[RSA 3072]----+
|++E   +OBX=o+    |
|o.   . o@oo=     |
|o     .+ ++      |
|..    = ++       |
|..   . *S .      |
|..    o o. .     |
|  .  .  ...      |
| .  .  + =       |
|  ..  o.*        |
+----[SHA256]-----+
Generating public/private dsa key pair.
Your identification has been saved in /etc/ssh/ssh_host_dsa_key
Your public key has been saved in /etc/ssh/ssh_host_dsa_key.pub
The key fingerprint is:
SHA256:4jMEBttuic0bOm1PgFMXGKViTX9otoh79KvXxU5ZrxA root@agent-3
The key's randomart image is:
+---[DSA 1024]----+
|  . o+o          |
|   *.o o         |
|  + B * .        |
| . @ B o  E .    |
|  = @ + S. + .   |
|   B B .  *   .  |
|  + = *. + . .   |
|   + o.+. . .    |
|    .oo          |
+----[SHA256]-----+
Generating public/private ecdsa key pair.
Your identification has been saved in /etc/ssh/ssh_host_ecdsa_key
Your public key has been saved in /etc/ssh/ssh_host_ecdsa_key.pub
The key fingerprint is:
SHA256:k1I10qRR+JDcMB6zNjNIqk8YsSXUjM6ztHgOxFqNxO0 root@agent-3
The key's randomart image is:
+---[ECDSA 256]---+
| o+=. ..BO=      |
|  +=+o o=Xo.     |
|.+o+. . Xo       |
| oB+E  o =.      |
|o+o+. . S        |
|+ +o   . .       |
| +  .            |
|  .              |
|                 |
+----[SHA256]-----+
Generating public/private ed25519 key pair.
Your identification has been saved in /etc/ssh/ssh_host_ed25519_key
Your public key has been saved in /etc/ssh/ssh_host_ed25519_key.pub
The key fingerprint is:
SHA256:5OaYUhewYxITkajwgmBmWwmwC0t/QUqskokTOPWRBqk root@agent-3
The key's randomart image is:
+--[ED25519 256]--+
|+o==B*.          |
|*=+=*+ o         |
|@X+oo.+ o        |
|E=o  o.+ .       |
|+o . .. S        |
|    .. *         |
|    . o .        |
|     .           |
|                 |
+----[SHA256]-----+
 [ ok ]
Cloud-init v. 23.4 running 'modules:config' at Fri, 06 Mar 2026 02:51:09 +0000. Up 34.18 seconds.
 [ ok ]
Cloud-init v. 23.4 running 'modules:final' at Fri, 06 Mar 2026 02:51:10 +0000. Up 34.64 seconds.
ci-info: no authorized SSH keys fingerprints found for user alpine.
cloud-init: #############################################################
cloud-init: -----BEGIN SSH HOST KEY FINGERPRINTS-----
cloud-init: 1024 SHA256:4jMEBttuic0bOm1PgFMXGKViTX9otoh79KvXxU5ZrxA root@agent-3 (DSA)
cloud-init: 256 SHA256:k1I10qRR+JDcMB6zNjNIqk8YsSXUjM6ztHgOxFqNxO0 root@agent-3 (ECDSA)
cloud-init: 256 SHA256:5OaYUhewYxITkajwgmBmWwmwC0t/QUqskokTOPWRBqk root@agent-3 (ED25519)
cloud-init: 3072 SHA256:u5mM+RVkFgiddAgXAV68GqVWdIeYdYaa8oOqBAZDjFE root@agent-3 (RSA)
cloud-init: -----END SSH HOST KEY FINGERPRINTS-----
cloud-init: #############################################################
-----BEGIN SSH HOST KEY KEYS-----
ecdsa-sha2-nistp256 AAAAE2VjZHNhLXNoYTItbmlzdHAyNTYAAAAIbmlzdHAyNTYAAABBBOvjVGWSkwF1i9VeW8HATUsEyzbR6o9HzaHeF6UXPClOhbX94bViNJjQIpkodezVDXt+cSoxDj4DfJbJNXtwQZ8= root@agent-3
ssh-ed25519 AAAAC3NzaC1lZDI1NTE5AAAAIKtnhNnT0FkXNoB/7pJ3FiQCMKgZOYmyqsKlcfvcoYrc root@agent-3
ssh-rsa AAAAB3NzaC1yc2EAAAADAQABAAABgQCkbrpFlL7NLivyoLeU3pWKkcjCsIyZv6/c4EH605m0i7ojfmOJm9Dj7YrM5uBCSC8LFHf8+WhURfEjz5V5dKxSfGLAw8ZXWPnM+/CCTozSF3yHTBxLvru81N5FF2kZictR+y0+AP5qrft587wqg1y/Ln+5PktZlMIpGLh4LeJNaKtQawlyZNk36jIXKcgufvtXSllhlZk8FYjMCQvlCyBNLgRhVZILX+vjThBF8is6ki4aHdXntSjNMcZF/176/lI6bZnEfUF5ZxoZ9gXzhghnWBqQNhiSmdyWZQfS5MyUf7TB6GfmITI4ZecbCoKCXyiOjqvUMXYWLV4xj7px3Y4LeIiLEoiD937mUmHQwtIcVl0Dow7Z25rTi+wQTkHaA8eD97FLTXTjeuSLgrelo4fbLAcJTqsWXwQPJ3YZbFkJN92YnY35uPmSmdF6kPsy9U4jxjpasJ4Rtpxq1eqKT6O0+5ufM3pvw/ZbuTdQbCJHhIqIIg8h2r/7CWBHp+wYZic= root@agent-3
-----END SSH HOST KEY KEYS-----
Cloud-init v. 23.4 finished at Fri, 06 Mar 2026 02:51:10 +0000. Datasource DataSourceNoCloud [seed=/dev/vdb][dsmode=net].  Up 34.77 seconds
 [ ok ]

Welcome to Alpine Linux 3.19
Kernel 6.6.4-1-virt on an x86_64 (/dev/ttyS0)

agent-3 login: 