c[?7l[2J[0mSeaBIOS (version 1.15.0-1)


iPXE (https://ipxe.org) 00:03.0 CA00 PCI2.10 PnP PMM+BFF8B380+BFECB380 CA00
Press Ctrl-B to configure iPXE (PCI 00:03.0)...                                                                               


Booting from Hard Disk...

SYSLINUX 6.04 EDD 6.04-pre1 Copyright (C) 1994-2015 H. Peter Anvin et al

SYSLINUX 6.04 6.04-pre1 Copyright (C) 1994-2015 H. Peter Anvin et al
[2Je%@)0(B[0;37;40m[?25l[2J[23;16HAlpine will be booted automatically in [0;1m1[0m seconds[23;16H[0;37;40mAlpine will be booted a.utomatically in [0;1;37;40m1[0;37;40m seconds.[23;16H                                                 [23;16H[0;37;40m                                                  [?25h[24;1H[0m 
Loading vmlinuz-virt...Loading vmlinuz-virt...  ook
k
Loading initramfs-virt..Loading initramfs-virt....ookk

c[?7l[2J[    0.000000] Linux version 6.6.4-1-virt (buildozer@build-3-19-x86_64) (gcc (Alpine 13.2.1_git20231014) 13.2.1 20231014, GNU ld (GNU Binutils) 2.41) #2-Alpine SMP PREEMPT_DYNAMIC Tue, 05 Dec 2023 20:25:50 +0000
[    0.000000] Command line: BOOT_IMAGE=vmlinuz-virt root=LABEL=/ modules=sd-mod,usb-storage,ext4 console=ttyS0,115200n8 initrd=initramfs-virt
[    0.000000] BIOS-provided physical RAM map:
[    0.000000] BIOS-e820: [mem 0x0000000000000000-0x000000000009fbff] usable
[    0.000000] BIOS-e820: [mem 0x000000000009fc00-0x000000000009ffff] reserved
[    0.000000] BIOS-e820: [mem 0x00000000000f0000-0x00000000000fffff] reserved
[    0.000000] BIOS-e820: [mem 0x0000000000100000-0x00000000bffd9fff] usable
[    0.000000] BIOS-e820: [mem 0x00000000bffda000-0x00000000bfffffff] reserved
[    0.000000] BIOS-e820: [mem 0x00000000feffc000-0x00000000feffffff] reserved
[    0.000000] BIOS-e820: [mem 0x00000000fffc0000-0x00000000ffffffff] reserved
[    0.000000] BIOS-e820: [mem 0x0000000100000000-0x000000013fffffff] usable
[    0.000000] NX (Execute Disable) protection: active
[    0.000000] APIC: Static calls initialized
[    0.000000] SMBIOS 2.8 present.
[    0.000000] DMI: QEMU Standard PC (i440FX + PIIX, 1996), BIOS 1.15.0-1 04/01/2014
[    0.000000] Hypervisor detected: KVM
[    0.000000] kvm-clock: Using msrs 4b564d01 and 4b564d00
[    0.000001] kvm-clock: using sched offset of 2415041304 cycles
[    0.000003] clocksource: kvm-clock: mask: 0xffffffffffffffff max_cycles: 0x1cd42e4dffb, max_idle_ns: 881590591483 ns
[    0.000006] tsc: Detected 2799.998 MHz processor
[    0.000884] last_pfn = 0x140000 max_arch_pfn = 0x400000000
[    0.001263] MTRR map: 4 entries (3 fixed + 1 variable; max 19), built from 8 variable MTRRs
[    0.001278] x86/PAT: Configuration [0-7]: WB  WC  UC- UC  WB  WP  UC- WT  
[    0.001769] last_pfn = 0xbffda max_arch_pfn = 0x400000000
[    0.001997] RAMDISK: [mem 0x7f71e000-0x7fffffff]
[    0.001999] ACPI: Early table checksum verification disabled
[    0.002004] ACPI: RSDP 0x00000000000F59A0 000014 (v00 BOCHS )
[    0.002009] ACPI: RSDT 0x00000000BFFE1975 000034 (v01 BOCHS  BXPC     00000001 BXPC 00000001)
[    0.002015] ACPI: FACP 0x00000000BFFE1821 000074 (v01 BOCHS  BXPC     00000001 BXPC 00000001)
[    0.002047] ACPI: DSDT 0x00000000BFFE0040 0017E1 (v01 BOCHS  BXPC     00000001 BXPC 00000001)
[    0.002052] ACPI: FACS 0x00000000BFFE0000 000040
[    0.002055] ACPI: APIC 0x00000000BFFE1895 000080 (v01 BOCHS  BXPC     00000001 BXPC 00000001)
[    0.002058] ACPI: HPET 0x00000000BFFE1915 000038 (v01 BOCHS  BXPC     00000001 BXPC 00000001)
[    0.002060] ACPI: WAET 0x00000000BFFE194D 000028 (v01 BOCHS  BXPC     00000001 BXPC 00000001)
[    0.002063] ACPI: Reserving FACP table memory at [mem 0xbffe1821-0xbffe1894]
[    0.002064] ACPI: Reserving DSDT table memory at [mem 0xbffe0040-0xbffe1820]
[    0.002065] ACPI: Reserving FACS table memory at [mem 0xbffe0000-0xbffe003f]
[    0.002066] ACPI: Reserving APIC table memory at [mem 0xbffe1895-0xbffe1914]
[    0.002066] ACPI: Reserving HPET table memory at [mem 0xbffe1915-0xbffe194c]
[    0.002067] ACPI: Reserving WAET table memory at [mem 0xbffe194d-0xbffe1974]
[    0.002510] Zone ranges:
[    0.002512]   DMA      [mem 0x0000000000001000-0x0000000000ffffff]
[    0.002514]   DMA32    [mem 0x0000000001000000-0x00000000ffffffff]
[    0.002515]   Normal   [mem 0x0000000100000000-0x000000013fffffff]
[    0.002517] Movable zone start for each node
[    0.002517] Early memory node ranges
[    0.002518]   node   0: [mem 0x0000000000001000-0x000000000009efff]
[    0.002519]   node   0: [mem 0x0000000000100000-0x00000000bffd9fff]
[    0.002520]   node   0: [mem 0x0000000100000000-0x000000013fffffff]
[    0.002521] Initmem setup node 0 [mem 0x0000000000001000-0x000000013fffffff]
[    0.002619] On node 0, zone DMA: 1 pages in unavailable ranges
[    0.003859] On node 0, zone DMA: 97 pages in unavailable ranges
[    0.345881] On node 0, zone Normal: 38 pages in unavailable ranges
[    0.349076] ACPI: PM-Timer IO Port: 0x608
[    0.349115] ACPI: LAPIC_NMI (acpi_id[0xff] dfl dfl lint[0x1])
[    0.349284] IOAPIC[0]: apic_id 0, version 17, address 0xfec00000, GSI 0-23
[    0.349288] ACPI: INT_SRC_OVR (bus 0 bus_irq 0 global_irq 2 dfl dfl)
[    0.349290] ACPI: INT_SRC_OVR (bus 0 bus_irq 5 global_irq 5 high level)
[    0.349292] ACPI: INT_SRC_OVR (bus 0 bus_irq 9 global_irq 9 high level)
[    0.349293] ACPI: INT_SRC_OVR (bus 0 bus_irq 10 global_irq 10 high level)
[    0.349295] ACPI: INT_SRC_OVR (bus 0 bus_irq 11 global_irq 11 high level)
[    0.349299] ACPI: Using ACPI (MADT) for SMP configuration information
[    0.349300] ACPI: HPET id: 0x8086a201 base: 0xfed00000
[    0.349330] smpboot: Allowing 2 CPUs, 0 hotplug CPUs
[    0.349384] kvm-guest: APIC: eoi() replaced with kvm_guest_apic_eoi_write()
[    0.349439] [mem 0xc0000000-0xfeffbfff] available for PCI devices
[    0.349440] Booting paravirtualized kernel on KVM
[    0.349442] clocksource: refined-jiffies: mask: 0xffffffff max_cycles: 0xffffffff, max_idle_ns: 19112604462750000 ns
[    0.352999] setup_percpu: NR_CPUS:256 nr_cpumask_bits:2 nr_cpu_ids:2 nr_node_ids:1
[    0.363407] percpu: Embedded 57 pages/cpu s195048 r8192 d30232 u1048576
[    0.363521] kvm-guest: PV spinlocks disabled, no host support
[    0.363523] Kernel command line: BOOT_IMAGE=vmlinuz-virt root=LABEL=/ modules=sd-mod,usb-storage,ext4 console=ttyS0,115200n8 initrd=initramfs-virt
[    0.363577] Unknown kernel command line parameters "BOOT_IMAGE=vmlinuz-virt modules=sd-mod,usb-storage,ext4", will be passed to user space.
[    0.384587] Dentry cache hash table entries: 524288 (order: 10, 4194304 bytes, linear)
[    0.394972] Inode-cache hash table entries: 262144 (order: 9, 2097152 bytes, linear)
[    0.395180] Built 1 zonelists, mobility grouping on.  Total pages: 1031898
[    0.407149] mem auto-init: stack:all(zero), heap alloc:on, heap free:off
[    0.407157] software IO TLB: area num 2.
[    0.790648] Memory: 4012160K/4193760K available (12288K kernel code, 1744K rwdata, 8008K rodata, 2640K init, 2300K bss, 181340K reserved, 0K cma-reserved)
[    0.796496] SLUB: HWalign=64, Order=0-3, MinObjects=0, CPUs=2, Nodes=1
[    0.796680] Kernel/User page tables isolation: enabled
[    0.799188] Dynamic Preempt: none
[    0.799379] rcu: Preemptible hierarchical RCU implementation.
[    0.799380] rcu: 	RCU restricting CPUs from NR_CPUS=256 to nr_cpu_ids=2.
[    0.799382] 	Trampoline variant of Tasks RCU enabled.
[    0.799382] 	Tracing variant of Tasks RCU enabled.
[    0.799383] rcu: RCU calculated value of scheduler-enlistment delay is 10 jiffies.
[    0.799384] rcu: Adjusting geometry for rcu_fanout_leaf=16, nr_cpu_ids=2
[    0.804004] NR_IRQS: 16640, nr_irqs: 440, preallocated irqs: 16
[    0.804535] rcu: srcu_init: Setting srcu_struct sizes based on contention.
[    0.804711] kfence: initialized - using 2097152 bytes for 255 objects at 0x(____ptrval____)-0x(____ptrval____)
[    0.829924] Console: colour VGA+ 80x25
[    0.830088] printk: console [ttyS0] enabled
[    1.161913] ACPI: Core revision 20230628
[    1.164720] clocksource: hpet: mask: 0xffffffff max_cycles: 0xffffffff, max_idle_ns: 19112604467 ns
[    1.170194] APIC: Switch to symmetric I/O mode setup
[    1.174510] x2apic enabled
[    1.177457] APIC: Switched APIC routing to: physical x2apic
[    1.186857] ..TIMER: vector=0x30 apic1=0 pin1=2 apic2=-1 pin2=-1
[    1.190117] clocksource: tsc-early: mask: 0xffffffffffffffff max_cycles: 0x285c3ee517e, max_idle_ns: 440795257231 ns
[    1.195543] Calibrating delay loop (skipped) preset value.. 5599.99 BogoMIPS (lpj=27999980)
[    1.206363] Last level iTLB entries: 4KB 0, 2MB 0, 4MB 0
[    1.209374] Last level dTLB entries: 4KB 0, 2MB 0, 4MB 0, 1GB 0
[    1.212459] Spectre V1 : Mitigation: usercopy/swapgs barriers and __user pointer sanitization
[    1.215544] Spectre V2 : Mitigation: Retpolines
[    1.217940] Spectre V2 : Spectre v2 / SpectreRSB mitigation: Filling RSB on context switch
[    1.222228] Spectre V2 : Spectre v2 / SpectreRSB : Filling RSB on VMEXIT
[    1.225542] Speculative Store Bypass: Vulnerable
[    1.227963] MDS: Vulnerable: Clear CPU buffers attempted, no microcode
[    1.231379] MMIO Stale Data: Unknown: No mitigations
[    1.235544] x86/fpu: x87 FPU will use FXSAVE
[    1.251233] Freeing SMP alternatives memory: 32K
[    1.253701] pid_max: default: 32768 minimum: 301
[    1.256007] LSM: initializing lsm=capability,landlock,lockdown,integrity
[    1.260282] landlock: Up and running.
[    1.262712] Mount-cache hash table entries: 8192 (order: 4, 65536 bytes, linear)
[    1.265855] Mountpoint-cache hash table entries: 8192 (order: 4, 65536 bytes, linear)
[    1.394248] smpboot: CPU0: Intel QEMU Virtual CPU version 2.5+ (family: 0xf, model: 0x6b, stepping: 0x1)
[    1.395538] RCU Tasks: Setting shift to 1 and lim to 1 rcu_task_cb_adjust=1.
[    1.395656] RCU Tasks Trace: Setting shift to 1 and lim to 1 rcu_task_cb_adjust=1.
[    1.399948] Performance Events: unsupported Netburst CPU model 107 no PMU driver, software events only.
[    1.405717] signal: max sigframe size: 1440
[    1.408302] rcu: Hierarchical SRCU implementation.
[    1.410836] rcu: 	Max phase no-delay instances is 1000.
[    1.414457] NMI watchdog: Perf NMI watchdog permanently disabled
[    1.415791] smp: Bringing up secondary CPUs ...
[    1.419344] smpboot: x86: Booting SMP configuration:
[    1.421965] .... node  #0, CPUs:      #1
[    1.447541] smp: Brought up 1 node, 2 CPUs
[    1.450059] smpboot: Max logical packages: 1
[    1.455545] ----------------
[    1.457096] | NMI testsuite:
[    1.458656] --------------------
[    1.460385]   remote IPI:  ok  |
[    1.462143]    local IPI:  ok  |
[    1.463894] --------------------
[    1.465546] Good, all   2 testcases passed! |
[    1.467927] ---------------------------------
[    1.470217] smpboot: Total of 2 processors activated (11199.99 BogoMIPS)
[    1.476055] devtmpfs: initialized
[    1.477411] x86/mm: Memory block size: 128MB
[    1.485656] clocksource: jiffies: mask: 0xffffffff max_cycles: 0xffffffff, max_idle_ns: 19112604462750000 ns
[    1.490912] futex hash table entries: 512 (order: 3, 32768 bytes, linear)
[    1.505754] NET: Registered PF_NETLINK/PF_ROUTE protocol family
[    1.509541] audit: initializing netlink subsys (disabled)
[    1.518474] audit: type=2000 audit(1772752216.641:1): state=initialized audit_enabled=0 res=1
[    1.518474] thermal_sys: Registered thermal governor 'step_wise'
[    1.520152] cpuidle: using governor ladder
[    1.527712] cpuidle: using governor menu
[    1.529862] acpiphp: ACPI Hot Plug PCI Controller Driver version: 0.5
[    1.530146] PCI: Using configuration type 1 for base access
[    1.535879] kprobes: kprobe jump-optimization is enabled. All kprobes are optimized if possible.
[    1.540928] HugeTLB: registered 2.00 MiB page size, pre-allocated 0 pages
[    1.545541] HugeTLB: 28 KiB vmemmap can be freed for a 2.00 MiB page
[    1.548921] ACPI: Added _OSI(Module Device)
[    1.555542] ACPI: Added _OSI(Processor Device)
[    1.557882] ACPI: Added _OSI(3.0 _SCP Extensions)
[    1.560337] ACPI: Added _OSI(Processor Aggregator Device)
[    1.563726] ACPI: 1 ACPI AML tables successfully acquired and loaded
[    1.567021] ACPI: _OSC evaluation for CPUs failed, trying _PDC
[    1.568688] ACPI: Interpreter enabled
[    1.570627] ACPI: PM: (supports S0 S3 S5)
[    1.575541] ACPI: Using IOAPIC for interrupt routing
[    1.578170] PCI: Using host bridge windows from ACPI; if necessary, use "pci=nocrs" and report a bug
[    1.582921] PCI: Using E820 reservations for host bridge windows
[    1.585688] ACPI: Enabled 2 GPEs in block 00 to 0F
[    1.591562] ACPI: PCI Root Bridge [PCI0] (domain 0000 [bus 00-ff])
[    1.595546] acpi PNP0A03:00: _OSC: OS supports [ASPM ClockPM Segments MSI HPX-Type3]
[    1.616921] acpi PNP0A03:00: _OSC: not requesting OS control; OS requires [ExtendedConfig ASPM ClockPM MSI]
[    1.624805] acpi PNP0A03:00: fail to add MMCONFIG information, can't access extended configuration space under this bridge
[    1.636723] acpiphp: Slot [3] registered
[    1.638992] acpiphp: Slot [4] registered
[    1.641113] acpiphp: Slot [5] registered
[    1.643248] acpiphp: Slot [6] registered
[    1.645420] acpiphp: Slot [7] registered
[    1.645592] acpiphp: Slot [8] registered
[    1.647944] acpiphp: Slot [9] registered
[    1.650290] acpiphp: Slot [10] registered
[    1.652656] acpiphp: Slot [11] registered
[    1.655590] acpiphp: Slot [12] registered
[    1.657862] acpiphp: Slot [13] registered
[    1.660135] acpiphp: Slot [14] registered
[    1.662396] acpiphp: Slot [15] registered
[    1.665600] acpiphp: Slot [16] registered
[    1.667823] acpiphp: Slot [17] registered
[    1.670120] acpiphp: Slot [18] registered
[    1.672796] acpiphp: Slot [19] registered
[    1.675596] acpiphp: Slot [20] registered
[    1.677987] acpiphp: Slot [21] registered
[    1.680167] acpiphp: Slot [22] registered
[    1.682427] acpiphp: Slot [23] registered
[    1.684548] acpiphp: Slot [24] registered
[    1.685591] acpiphp: Slot [25] registered
[    1.687744] acpiphp: Slot [26] registered
[    1.689934] acpiphp: Slot [27] registered
[    1.692087] acpiphp: Slot [28] registered
[    1.694243] acpiphp: Slot [29] registered
[    1.695588] acpiphp: Slot [30] registered
[    1.697728] acpiphp: Slot [31] registered
[    1.699919] PCI host bridge to bus 0000:00
[    1.702056] pci_bus 0000:00: root bus resource [io  0x0000-0x0cf7 window]
[    1.705627] pci_bus 0000:00: root bus resource [io  0x0d00-0xffff window]
[    1.709114] pci_bus 0000:00: root bus resource [mem 0x000a0000-0x000bffff window]
[    1.712981] pci_bus 0000:00: root bus resource [mem 0xc0000000-0xfebfffff window]
[    1.715541] pci_bus 0000:00: root bus resource [mem 0x140000000-0x1bfffffff window]
[    1.719498] pci_bus 0000:00: root bus resource [bus 00-ff]
[    1.725868] pci 0000:00:00.0: [8086:1237] type 00 class 0x060000
[    1.733304] pci 0000:00:01.0: [8086:7000] type 00 class 0x060100
[    1.738472] pci 0000:00:01.1: [8086:7010] type 00 class 0x010180
[    1.746210] pci 0000:00:01.1: reg 0x20: [io  0xc160-0xc16f]
[    1.750567] pci 0000:00:01.1: legacy IDE quirk: reg 0x10: [io  0x01f0-0x01f7]
[    1.754468] pci 0000:00:01.1: legacy IDE quirk: reg 0x14: [io  0x03f6]
[    1.755541] pci 0000:00:01.1: legacy IDE quirk: reg 0x18: [io  0x0170-0x0177]
[    1.759197] pci 0000:00:01.1: legacy IDE quirk: reg 0x1c: [io  0x0376]
[    1.765865] pci 0000:00:01.3: [8086:7113] type 00 class 0x068000
[    1.771410] pci 0000:00:01.3: quirk: [io  0x0600-0x063f] claimed by PIIX4 ACPI
[    1.775162] pci 0000:00:01.3: quirk: [io  0x0700-0x070f] claimed by PIIX4 SMB
[    1.776688] pci 0000:00:02.0: [1234:1111] type 00 class 0x030000
[    1.787069] pci 0000:00:02.0: reg 0x10: [mem 0xfd000000-0xfdffffff pref]
[    1.800333] pci 0000:00:02.0: reg 0x18: [mem 0xfeb90000-0xfeb90fff]
[    1.815982] pci 0000:00:02.0: reg 0x30: [mem 0xfeb80000-0xfeb8ffff pref]
[    1.821698] pci 0000:00:02.0: Video device with shadowed ROM at [mem 0x000c0000-0x000dffff]
[    1.831656] pci 0000:00:03.0: [1af4:1000] type 00 class 0x020000
[    1.836919] pci 0000:00:03.0: reg 0x10: [io  0xc140-0xc15f]
[    1.841126] pci 0000:00:03.0: reg 0x14: [mem 0xfeb91000-0xfeb91fff]
[    1.849084] pci 0000:00:03.0: reg 0x20: [mem 0xfe000000-0xfe003fff 64bit pref]
[    1.854550] pci 0000:00:03.0: reg 0x30: [mem 0xfeb00000-0xfeb7ffff pref]
[    1.861307] pci 0000:00:04.0: [1af4:1009] type 00 class 0x000200
[    1.866794] pci 0000:00:04.0: reg 0x10: [io  0xc100-0xc13f]
[    1.870857] pci 0000:00:04.0: reg 0x14: [mem 0xfeb92000-0xfeb92fff]
[    1.878623] pci 0000:00:04.0: reg 0x20: [mem 0xfe004000-0xfe007fff 64bit pref]
[    1.889050] pci 0000:00:05.0: [1af4:1001] type 00 class 0x010000
[    1.893651] pci 0000:00:05.0: reg 0x10: [io  0xc000-0xc07f]
[    1.896964] pci 0000:00:05.0: reg 0x14: [mem 0xfeb93000-0xfeb93fff]
[    1.903829] pci 0000:00:05.0: reg 0x20: [mem 0xfe008000-0xfe00bfff 64bit pref]
[    1.910634] pci 0000:00:06.0: [1af4:1001] type 00 class 0x010000
[    1.917270] pci 0000:00:06.0: reg 0x10: [io  0xc080-0xc0ff]
[    1.921358] pci 0000:00:06.0: reg 0x14: [mem 0xfeb94000-0xfeb94fff]
[    1.929628] pci 0000:00:06.0: reg 0x20: [mem 0xfe00c000-0xfe00ffff 64bit pref]
[    1.941354] ACPI: PCI: Interrupt link LNKA configured for IRQ 10
[    1.944718] ACPI: PCI: Interrupt link LNKB configured for IRQ 10
[    1.945814] ACPI: PCI: Interrupt link LNKC configured for IRQ 11
[    1.949175] ACPI: PCI: Interrupt link LNKD configured for IRQ 11
[    1.952393] ACPI: PCI: Interrupt link LNKS configured for IRQ 9
[    1.958475] iommu: Default domain type: Translated
[    1.961016] iommu: DMA domain TLB invalidation policy: lazy mode
[    1.967532] SCSI subsystem initialized
[    1.970020] pps_core: LinuxPPS API ver. 1 registered
[    1.970020] pps_core: Software ver. 5.3.6 - Copyright 2005-2007 Rodolfo Giometti <giometti@linux.it>
[    1.975572] PTP clock support registered
[    1.978649] PCI: Using ACPI for IRQ routing
[    1.987036] hpet: 3 channels of 0 reserved for per-cpu timers
[    1.990446] clocksource: Switched to clocksource kvm-clock
[    2.002422] VFS: Disk quotas dquot_6.6.0
[    2.004640] VFS: Dquot-cache hash table entries: 512 (order 0, 4096 bytes)
[    2.008814] pnp: PnP ACPI init
[    2.011466] pnp: PnP ACPI: found 6 devices
[    2.029839] clocksource: acpi_pm: mask: 0xffffff max_cycles: 0xffffff, max_idle_ns: 2085701024 ns
[    2.034909] NET: Registered PF_INET protocol family
[    2.040311] IP idents hash table entries: 65536 (order: 7, 524288 bytes, linear)
[    2.046725] tcp_listen_portaddr_hash hash table entries: 2048 (order: 3, 32768 bytes, linear)
[    2.052494] Table-perturb hash table entries: 65536 (order: 6, 262144 bytes, linear)
[    2.057762] TCP established hash table entries: 32768 (order: 6, 262144 bytes, linear)
[    2.067127] TCP bind hash table entries: 32768 (order: 8, 1048576 bytes, linear)
[    2.071202] TCP: Hash tables configured (established 32768 bind 32768)
[    2.076031] UDP hash table entries: 2048 (order: 4, 65536 bytes, linear)
[    2.079950] UDP-Lite hash table entries: 2048 (order: 4, 65536 bytes, linear)
[    2.084309] NET: Registered PF_UNIX/PF_LOCAL protocol family
[    2.087337] NET: Registered PF_XDP protocol family
[    2.089967] pci_bus 0000:00: resource 4 [io  0x0000-0x0cf7 window]
[    2.093220] pci_bus 0000:00: resource 5 [io  0x0d00-0xffff window]
[    2.096404] pci_bus 0000:00: resource 6 [mem 0x000a0000-0x000bffff window]
[    2.099994] pci_bus 0000:00: resource 7 [mem 0xc0000000-0xfebfffff window]
[    2.103622] pci_bus 0000:00: resource 8 [mem 0x140000000-0x1bfffffff window]
[    2.107377] pci 0000:00:01.0: PIIX3: Enabling Passive Release
[    2.110513] pci 0000:00:00.0: Limiting direct PCI/PCI transfers
[    2.114074] PCI: CLS 0 bytes, default 64
[    2.116277] PCI-DMA: Using software bounce buffering for IO (SWIOTLB)
[    2.116953] Unpacking initramfs...
[    2.119603] software IO TLB: mapped [mem 0x00000000bbfda000-0x00000000bffda000] (64MB)
[    2.125890] clocksource: tsc: mask: 0xffffffffffffffff max_cycles: 0x285c3ee517e, max_idle_ns: 440795257231 ns
[    2.132474] Initialise system trusted keyrings
[    2.135748] workingset: timestamp_bits=46 max_order=20 bucket_order=0
[    2.139328] zbud: loaded
[    2.141234] Key type asymmetric registered
[    2.143521] Asymmetric key parser 'x509' registered
[    2.146590] Block layer SCSI generic (bsg) driver version 0.4 loaded (major 247)
[    2.150925] io scheduler mq-deadline registered
[    2.153420] io scheduler kyber registered
[    2.155652] io scheduler bfq registered
[    2.158990] ERST DBG: ERST support is disabled.
[    2.173654] ACPI: \_SB_.LNKC: Enabled at IRQ 11
[    2.192609] ACPI: \_SB_.LNKD: Enabled at IRQ 10
[    2.210736] ACPI: \_SB_.LNKA: Enabled at IRQ 10
[    2.228943] ACPI: \_SB_.LNKB: Enabled at IRQ 11
[    2.235903] Serial: 8250/16550 driver, 4 ports, IRQ sharing enabled
[    2.240169] 00:04: ttyS0 at I/O 0x3f8 (irq = 4, base_baud = 115200) is a 16550A
[    2.249485] VMware PVSCSI driver - version 1.0.7.0-k
[    2.257177] scsi host0: ata_piix
[    2.260252] scsi host1: ata_piix
[    2.262225] ata1: PATA max MWDMA2 cmd 0x1f0 ctl 0x3f6 bmdma 0xc160 irq 14
[    2.265773] ata2: PATA max MWDMA2 cmd 0x170 ctl 0x376 bmdma 0xc168 irq 15
[    2.269932] i8042: PNP: PS/2 Controller [PNP0303:KBD,PNP0f13:MOU] at 0x60,0x64 irq 1,12
[    2.278354] serio: i8042 KBD port at 0x60,0x64 irq 1
[    2.281105] serio: i8042 AUX port at 0x60,0x64 irq 12
[    2.283883] rtc_cmos 00:05: RTC can wake from S4
[    2.290678] input: AT Translated Set 2 keyboard as /devices/platform/i8042/serio0/input/input0
[    2.296722] rtc_cmos 00:05: registered as rtc0
[    2.299417] rtc_cmos 00:05: setting system clock to 2026-03-05T23:10:17 UTC (1772752217)
[    2.304213] rtc_cmos 00:05: alarms up to one day, y3k, 242 bytes nvram, hpet irqs
[    2.308222] intel_pstate: CPU model not supported
[    2.311248] gre: GRE over IPv4 demultiplexor driver
[    2.334220] Freeing initrd memory: 9096K
[    2.359569] Key type dns_resolver registered
[    2.362133] IPI shorthand broadcast: enabled
[    2.369148] sched_clock: Marking stable (1990899025, 370983499)->(2385021807, -23139283)
[    2.384205] registered taskstats version 1
[    2.386802] Loading compiled-in X.509 certificates
[    2.397783] Loaded X.509 cert 'alpinelinux.org: Alpine Linux kernel key: d76a695f66ad9cd28f5c22a8508f36e91f521f7a'
[    2.406799] Key type .fscrypt registered
[    2.408901] Key type fscrypt-provisioning registered
[    2.441884] ata2: found unknown device (class 0)
[    2.445909] ata2.00: ATAPI: QEMU DVD-ROM, 2.5+, max UDMA/100
[    2.453619] scsi 1:0:0:0: CD-ROM            QEMU     QEMU DVD-ROM     2.5+ PQ: 0 ANSI: 5
[    2.522841] Freeing unused kernel image (initmem) memory: 2640K
[    2.571121] Write protecting the kernel read-only data: 20480k
[    2.574094] Freeing unused kernel image (rodata/data gap) memory: 184K
[    2.576136] rodata_test: all tests were successful
[    2.577638] Run /init as init process
[    2.592535] Alpine Init 3.9.0-r0
Alpine Init 3.9.[    2.593863] Loading boot drivers...
0-r0
 * Loading boot drivers: [    2.628956] ACPI: bus type USB registered
[    2.630300] usbcore: registered new interface driver usbfs
[    2.632096] usbcore: registered new interface driver hub
[    2.633755] usbcore: registered new device driver usb
[    2.639561] usbcore: registered new interface driver usb-storage
[    2.858703] loop: module loaded
[    2.898389] ACPI: bus type drm_connector registered
[    2.926361] Loading boot drivers: ok.
ok.
[    2.930123] Mounting root...
 * Mounting root: [    2.965513] piix4_smbus 0000:00:01.3: SMBus Host Controller at 0x700, revision 0
[    2.992219] [drm] Found bochs VGA, ID 0xb0c5.
[    2.993708] [drm] Framebuffer size 16384 kB @ 0xfd000000, mmio @ 0xfeb90000.
[    3.002396] [drm] Found EDID data blob.
[    3.003935] [drm] Initialized bochs-drm 1.0.0 20130925 for 0000:00:02.0 on minor 0
[    3.042648] Console: switching to colour frame buffer device 128x48
[    3.045537] bochs-drm 0000:00:02.0: [drm] fb0: bochs-drmdrmfb frame buffer device
[    3.243634] sr 1:0:0:0: [sr0] scsi3-mmc drive: 4x/4x cd/rw xa/form2 tray
[    3.245758] cdrom: Uniform CD-ROM driver Revision: 3.20
[    3.349501] virtio_blk virtio2: 2/0/0 default/read/poll queues
[    3.357373] virtio_blk virtio2: [vda] 8388608 512-byte logical blocks (4.29 GB/4.00 GiB)
[    3.364653] virtio_blk virtio3: 2/0/0 default/read/poll queues
[    3.370500] virtio_blk virtio3: [vdb] 736 512-byte logical blocks (377 kB/368 KiB)
[    3.473119] block sr0: the capability attribute has been deprecated.
[    6.438144] EXT4-fs (vda): mounted filesystem 367ceb5a-a72a-4cc6-9140-e18812d3c81b ro with ordered data mode. Quota mode: none.
[    6.441933] Mounting root: ok.
ok.

   OpenRC 0.52.1 is starting up Linux 6.6.4-1-virt (x86_64)

 * /proc is already mounted
 * Mounting /run ... [ ok ]
 * /run/openrc: creating directory
 * /run/lock: creating directory
 * /run/lock: correcting owner
 * Caching service dependencies ... [ ok ]
 * Remounting devtmpfs on /dev ... [ ok ]
 * Mounting /dev/mqueue ... [ ok ]
 * Mounting security filesystem ... [ ok ]
 * Mounting debug filesystem ... [ ok ]
 * Mounting persistent storage (pstore) filesystem ... [ ok ]
 * Starting busybox mdev ... [ ok ]
 * Scanning hardware for mdev ... [ ok ]
 * Loading hardware drivers ... [ ok ]
 * Loading modules ... [ ok ]
 * Setting system clock using the hardware clock [UTC] ... [ ok ]
 * Checking local filesystems  .../: clean, 8723/65536 files, 158030/262144 blocks
 [ ok ]
 * Remounting root filesystem read/write ... [ ok ]
 * Remounting filesystems ... [ ok ]
 * Activating swap devices ... [ ok ]
 * Mounting local filesystems ... [ ok ]
 * Starting busybox acpid ... [ ok ]
 * Configuring kernel parameters ... [ ok ]
 * Migrating /var/lock to /run/lock ... [ ok ]
 * Creating user login records ... [ ok ]
 * Cleaning /tmp directory ... [ ok ]
Cloud-init v. 23.4 running 'init-local' at Thu, 05 Mar 2026 23:10:26 +0000. Up 11.03 seconds.
 [ ok ]
 * Setting hostname ... [ ok ]
 * Starting busybox syslog ... [ ok ]
 * Mounting cgroup filesystem ... [ ok ]
 * Starting networking ... *   lo ... [ ok ]
 *   eth0 ... [ ok ]
 * /var/log/docker.log: creating file
 * /var/log/docker.log: correcting owner
 * Starting Docker Daemon ... [ ok ]
 * Starting benchmark agent ...
[1A[2Ka257f20c716c: Loading layer  557.1kB/81.04MB[1B[1A[2Ka257f20c716c: Loading layer  6.128MB/81.04MB[1B[1A[2Ka257f20c716c: Loading layer   11.7MB/81.04MB[1B[1A[2Ka257f20c716c: Loading layer  17.83MB/81.04MB[1B[1A[2Ka257f20c716c: Loading layer  22.84MB/81.04MB[1B[1A[2Ka257f20c716c: Loading layer  26.18MB/81.04MB[1B[1A[2Ka257f20c716c: Loading layer  30.08MB/81.04MB[1B[1A[2Ka257f20c716c: Loading layer  33.98MB/81.04MB[1B[1A[2Ka257f20c716c: Loading layer  40.11MB/81.04MB[1B[1A[2Ka257f20c716c: Loading layer  47.35MB/81.04MB[1B[1A[2Ka257f20c716c: Loading layer  53.48MB/81.04MB[1B[1A[2Ka257f20c716c: Loading layer   59.6MB/81.04MB[1B[1A[2Ka257f20c716c: Loading layer  64.62MB/81.04MB[1B[1A[2Ka257f20c716c: Loading layer  66.29MB/81.04MB[1B[1A[2Ka257f20c716c: Loading layer   67.4MB/81.04MB[1B[1A[2Ka257f20c716c: Loading layer  72.42MB/81.04MB[1B[1A[2Ka257f20c716c: Loading layer  74.65MB/81.04MB[1B[1A[2Ka257f20c716c: Loading layer  75.76MB/81.04MB[1B[1A[2Ka257f20c716c: Loading layer  77.99MB/81.04MB[1B[1A[2Ka257f20c716c: Loading layer   79.1MB/81.04MB[1B[1A[2Ka257f20c716c: Loading layer  81.04MB/81.04MB[1B
[1A[2Kb0c20bcd44fe: Loading layer  65.54kB/4.123MB[1B[1A[2Kb0c20bcd44fe: Loading layer  2.032MB/4.123MB[1B[1A[2Kb0c20bcd44fe: Loading layer  4.123MB/4.123MB[1B[1A[2Kb0c20bcd44fe: Loading layer  4.123MB/4.123MB[1B
[1A[2K5184c31ad48f: Loading layer  458.8kB/43.85MB[1B[1A[2K5184c31ad48f: Loading layer   3.67MB/43.85MB[1B[1A[2K5184c31ad48f: Loading layer  9.175MB/43.85MB[1B[1A[2K5184c31ad48f: Loading layer  12.39MB/43.85MB[1B[1A[2K5184c31ad48f: Loading layer  17.89MB/43.85MB[1B[1A[2K5184c31ad48f: Loading layer   23.4MB/43.85MB[1B[1A[2K5184c31ad48f: Loading layer  27.07MB/43.85MB[1B[1A[2K5184c31ad48f: Loading layer  29.82MB/43.85MB[1B[1A[2K5184c31ad48f: Loading layer  33.49MB/43.85MB[1B[1A[2K5184c31ad48f: Loading layer  35.78MB/43.85MB[1B[1A[2K5184c31ad48f: Loading layer  38.54MB/43.85MB[1B[1A[2K5184c31ad48f: Loading layer  42.21MB/43.85MB[1B[1A[2K5184c31ad48f: Loading layer  43.85MB/43.85MB[1B
[1A[2Kfa1d322086e6: Loading layer   5.12kB/5.12kB[1B[1A[2Kfa1d322086e6: Loading layer   5.12kB/5.12kB[1B
[1A[2Kbdf610394df6: Loading layer  22.02kB/22.02kB[1B[1A[2Kbdf610394df6: Loading layer  22.02kB/22.02kB[1B
[1A[2Keb067feb5b8d: Loading layer  9.728kB/9.728kB[1B[1A[2Keb067feb5b8d: Loading layer  9.728kB/9.728kB[1BLoaded image: bench-worker:latest
 [ ok ]
 * Starting chronyd ... [ ok ]
 * Starting cloud-init-hotplugd ... [ ok ]
Cloud-init v. 23.4 running 'init' at Thu, 05 Mar 2026 23:10:48 +0000. Up 32.99 seconds.
ci-info: +++++++++++++++++++++++++++++++++++++++Net device info+++++++++++++++++++++++++++++++++++++++
ci-info: +---------+-------+----------------------------+---------------+--------+-------------------+
ci-info: |  Device |   Up  |          Address           |      Mask     | Scope  |     Hw-Address    |
ci-info: +---------+-------+----------------------------+---------------+--------+-------------------+
ci-info: | docker0 | False |         172.17.0.1         |  255.255.0.0  | global | 02:42:a0:ad:f4:ec |
ci-info: |   eth0  |  True |         10.0.2.15          | 255.255.255.0 | global | 52:54:00:12:34:56 |
ci-info: |   eth0  |  True | fec0::5054:ff:fe12:3456/64 |       .       |  site  | 52:54:00:12:34:56 |
ci-info: |   eth0  |  True | fe80::5054:ff:fe12:3456/64 |       .       |  link  | 52:54:00:12:34:56 |
ci-info: |    lo   |  True |         127.0.0.1          |   255.0.0.0   |  host  |         .         |
ci-info: |    lo   |  True |          ::1/128           |       .       |  host  |         .         |
ci-info: +---------+-------+----------------------------+---------------+--------+-------------------+
ci-info: +++++++++++++++++++++++++++Route IPv4 info++++++++++++++++++++++++++++
ci-info: +-------+-------------+----------+---------------+-----------+-------+
ci-info: | Route | Destination | Gateway  |    Genmask    | Interface | Flags |
ci-info: +-------+-------------+----------+---------------+-----------+-------+
ci-info: |   0   |   0.0.0.0   | 10.0.2.2 |    0.0.0.0    |    eth0   |   UG  |
ci-info: |   1   |   10.0.2.0  | 0.0.0.0  | 255.255.255.0 |    eth0   |   U   |
ci-info: |   2   |  172.17.0.0 | 0.0.0.0  |  255.255.0.0  |  docker0  |   U   |
ci-info: +-------+-------------+----------+---------------+-----------+-------+
ci-info: +++++++++++++++++++Route IPv6 info+++++++++++++++++++
ci-info: +-------+-------------+---------+-----------+-------+
ci-info: | Route | Destination | Gateway | Interface | Flags |
ci-info: +-------+-------------+---------+-----------+-------+
ci-info: |   0   |  fe80::/64  |    ::   |    eth0   |   U   |
ci-info: |   1   |  fec0::/64  |    ::   |    eth0   |   Ue  |
ci-info: |   2   |     ::/0    | fe80::2 |    eth0   |  UGe  |
ci-info: |   4   |    local    |    ::   |    eth0   |   U   |
ci-info: |   5   |    local    |    ::   |    eth0   |   U   |
ci-info: |   6   |  multicast  |    ::   |    eth0   |   U   |
ci-info: +-------+-------------+---------+-----------+-------+
2026-03-05 23:10:48,827 - cloud_config.py[WARNING]: Failed at merging in cloud config part from part-001: empty cloud config
Generating public/private rsa key pair.
Your identification has been saved in /etc/ssh/ssh_host_rsa_key
Your public key has been saved in /etc/ssh/ssh_host_rsa_key.pub
The key fingerprint is:
SHA256:ArvM/Mh7SGQXjOQStwaPeX780DCy7Q82mRkH6ZFcKFk root@agent-3
The key's randomart image is:
+---[RSA 3072]----+
|  o.o=E..        |
|   O+o++         |
|  + O.O.         |
|   =oO.*         |
|   o+.O S        |
|   +.+ X         |
|   .=.O .        |
|   ..+.+         |
|    +o. .        |
+----[SHA256]-----+
Generating public/private dsa key pair.
Your identification has been saved in /etc/ssh/ssh_host_dsa_key
Your public key has been saved in /etc/ssh/ssh_host_dsa_key.pub
The key fingerprint is:
SHA256:hNc45DbSIFH9UGyC7nWX4QmFczgJUqxwGJGW0gG4898 root@agent-3
The key's randomart image is:
+---[DSA 1024]----+
| ..o*X+=++.=.    |
|. . B.oB=oX o    |
| . o +o.X=.* +   |
|o     o=.oo =    |
| o   . .S. .     |
|  .   .          |
|   . .           |
|    . E          |
|                 |
+----[SHA256]-----+
Generating public/private ecdsa key pair.
Your identification has been saved in /etc/ssh/ssh_host_ecdsa_key
Your public key has been saved in /etc/ssh/ssh_host_ecdsa_key.pub
The key fingerprint is:
SHA256:tNBgFxFFq6wfp35QxcMZy3b8pfhhQd6VW0NyzvC5MWI root@agent-3
The key's randomart image is:
+---[ECDSA 256]---+
|      o =*oo.=ooo|
|     . +   o*=B++|
|      . o ..+E=B*|
|       + o...o.==|
|        S.  . +..|
|       ..    o . |
|      . ...   .  |
|       . +.      |
|       .+.       |
+----[SHA256]-----+
Generating public/private ed25519 key pair.
Your identification has been saved in /etc/ssh/ssh_host_ed25519_key
Your public key has been saved in /etc/ssh/ssh_host_ed25519_key.pub
The key fingerprint is:
SHA256:0QpmR5yKi4AxHBeCkf27+59R45STdB0f9QBpyXRcY1w root@agent-3
The key's randomart image is:
+--[ED25519 256]--+
|+*.o.  ... oo===E|
|=.+    .o.  =oo=+|
|.o . .+.o o.. . o|
|o   oo.o + +     |
| . . o  S B      |
|  . o    + o     |
|     .  . .      |
|    .    o       |
|    .o..o        |
+----[SHA256]- [ ok ]
----+
Cloud-init v. 23.4 running 'modules:config' at Thu, 05 Mar 2026 23:10:49 +0000. Up 33.85 seconds.
 [ ok ]
Cloud-init v. 23.4 running 'modules:final' at Thu, 05 Mar 2026 23:10:50 +0000. Up 34.44 seconds.
ci-info: no authorized SSH keys fingerprints found for user alpine.
cloud-init: #############################################################
cloud-init: -----BEGIN SSH HOST KEY FINGERPRINTS-----
cloud-init: 1024 SHA256:hNc45DbSIFH9UGyC7nWX4QmFczgJUqxwGJGW0gG4898 root@agent-3 (DSA)
cloud-init: 256 SHA256:tNBgFxFFq6wfp35QxcMZy3b8pfhhQd6VW0NyzvC5MWI root@agent-3 (ECDSA)
cloud-init: 256 SHA256:0QpmR5yKi4AxHBeCkf27+59R45STdB0f9QBpyXRcY1w root@agent-3 (ED25519)
cloud-init: 3072 SHA256:ArvM/Mh7SGQXjOQStwaPeX780DCy7Q82mRkH6ZFcKFk root@agent-3 (RSA)
cloud-init: -----END SSH HOST KEY FINGERPRINTS-----
cloud-init: #############################################################
-----BEGIN SSH HOST KEY KEYS-----
ecdsa-sha2-nistp256 AAAAE2VjZHNhLXNoYTItbmlzdHAyNTYAAAAIbmlzdHAyNTYAAABBBMjdryHLUMV5c1y6eHMOI0P1EDj4z2y9GMuwYw6eXTbOAQgvC/IxOcr1eaY72CvnFp8+q5TO6YINJJ16U69q4Wg= root@agent-3
ssh-ed25519 AAAAC3NzaC1lZDI1NTE5AAAAIDEJ7b0TSPkUjun/xJulvHJVXjZTMyCp0WI9gDQrxmvW root@agent-3
ssh-rsa AAAAB3NzaC1yc2EAAAADAQABAAABgQCMruPNMDyezJheMgo9U6pPAXIOtyDlO2+aGRX95ToQVseIIeUJVH0+0T3vu0uJI0DN6OYwr7LFzObmNYZBDLJxZBmo7w8qQUfS4Qwx9p3+RgPe3FTB8syfinhhZSYTw5bS7SPnuNTb4gW5vLPcg0ZkeyhNS/Yh/QEDV782VTS9JGaB04hPpMDml13yapw1v8dhQJKFNAnRnaxkh0/HcFIF7QTxEInPYxPwEjb+FlTMmqxFjrNTW40TcumIcqxVKAmBR7QiJlRPT0kz1bgqXmnPPnAii0oRBMw5VAnI+izuMfxYxzQCarN+4AskNtww+zJyNm9Iz+b3nELKcFkVqcSq0icUAeyFc4dHNQLY1lzlIHlKrlUp+gNkQsGlpMxhOhrqJTF/cGM6Pmv+Oj9oHW6ccCKW1ZDRG6ZNx1oU4EilVoshtQ87hpIy13TY0O0P8WFqeqLMrocq6gJbUWAOgkJVtySjbliAQ8PtKYssO74/zJLuD/mPRQ8NO3y2EcsZBY8= root@agent-3
-----END SSH HOST KEY KEYS-----
Cloud-init v. 23.4 finished at Thu, 05 Mar 2026 23:10:50 +0000. Datasource DataSourceNoCloud [seed=/dev/vdb][dsmode=net].  Up 34.62 seconds
 [ ok ]

Welcome to Alpine Linux 3.19
Kernel 6.6.4-1-virt on an x86_64 (/dev/ttyS0)

agent-3 login: 